
> natacare-project-management@0.0.0 test
> vitest --run


[1m[46m RUN [49m[22m [36mv3.2.4 [39m[90mC:/Users/latie/Documents/GitHub/NataCarePM[39m

[90mstdout[2m | src/__tests__/api/aiResourceService.simple.test.ts
[22m[39m[FIREBASE CONFIG] App initialized!
[FIREBASE] Using SDK v12.5.0 Γ£à

[90mstdout[2m | src/tests/mlModels.test.ts
[22m[39m[FIREBASE CONFIG] App initialized!
[FIREBASE] Using SDK v12.5.0 Γ£à

[90mstdout[2m | src/__tests__/intelligentDocumentSystem.integration.test.ts
[22m[39m[FIREBASE CONFIG] App initialized!
[FIREBASE] Using SDK v12.5.0 Γ£à

[90mstdout[2m | src/__tests__/api/aiResourceService.comprehensive.test.ts
[22m[39m[FIREBASE CONFIG] App initialized!
[FIREBASE] Using SDK v12.5.0 Γ£à

[90mstdout[2m | src/__tests__/unit/enhancedTaskService.test.ts[2m > [22m[2mEnhancedTaskService[2m > [22m[2maddTaskDependency[2m > [22m[2mshould add a task dependency successfully
[22m[39mΓ£à Task dependency created: new-doc-id

[90mstdout[2m | src/__tests__/unit/enhancedTaskService.test.ts[2m > [22m[2mEnhancedTaskService[2m > [22m[2mremoveTaskDependency[2m > [22m[2mshould remove a task dependency successfully
[22m[39mΓ£à Task dependency removed: dependency-1

[90mstdout[2m | src/__tests__/unit/enhancedTaskService.test.ts[2m > [22m[2mEnhancedTaskService[2m > [22m[2mcalculateCriticalPath[2m > [22m[2mshould calculate critical path successfully
[22m[39mΓ£à Critical path calculated for project test-project-id

[90mstdout[2m | src/__tests__/unit/enhancedTaskService.test.ts[2m > [22m[2mEnhancedTaskService[2m > [22m[2mcalculateCriticalPath[2m > [22m[2mshould handle tasks with no dependencies
[22m[39mΓ£à Critical path calculated for project test-project-id

[90mstdout[2m | src/__tests__/unit/enhancedTaskService.test.ts[2m > [22m[2mEnhancedTaskService[2m > [22m[2mallocateResource[2m > [22m[2mshould allocate resource to task successfully
[22m[39mΓ£à Resource allocated: new-doc-id

[90mstdout[2m | src/__tests__/unit/enhancedTaskService.test.ts[2m > [22m[2mEnhancedTaskService[2m > [22m[2mupdateTaskSchedule[2m > [22m[2mshould update task schedule successfully
[22m[39mΓ£à Task schedule updated: task-1

 [32mΓ£ô[39m src/__tests__/unit/enhancedTaskService.test.ts[2m > [22mEnhancedTaskService[2m > [22maddTaskDependency[2m > [22mshould add a task dependency successfully[32m 3[2mms[22m[39m
 [31m├ù[39m src/__tests__/unit/enhancedTaskService.test.ts[2m > [22mEnhancedTaskService[2m > [22maddTaskDependency[2m > [22mshould throw error when predecessor task not found[32m 5[2mms[22m[39m
[31m   ΓåÆ Cannot read properties of undefined (reading 'indexOf')[39m
 [31m├ù[39m src/__tests__/unit/enhancedTaskService.test.ts[2m > [22mEnhancedTaskService[2m > [22maddTaskDependency[2m > [22mshould throw error when successor task not found[32m 1[2mms[22m[39m
[31m   ΓåÆ Cannot read properties of undefined (reading 'indexOf')[39m
 [32mΓ£ô[39m src/__tests__/unit/enhancedTaskService.test.ts[2m > [22mEnhancedTaskService[2m > [22mremoveTaskDependency[2m > [22mshould remove a task dependency successfully[32m 1[2mms[22m[39m
 [31m├ù[39m src/__tests__/unit/enhancedTaskService.test.ts[2m > [22mEnhancedTaskService[2m > [22mremoveTaskDependency[2m > [22mshould throw error when dependency not found[32m 1[2mms[22m[39m
[31m   ΓåÆ Cannot read properties of undefined (reading 'indexOf')[39m
 [32mΓ£ô[39m src/__tests__/unit/enhancedTaskService.test.ts[2m > [22mEnhancedTaskService[2m > [22mgetTaskDependencies[2m > [22mshould get task dependencies successfully[32m 0[2mms[22m[39m
 [32mΓ£ô[39m src/__tests__/unit/enhancedTaskService.test.ts[2m > [22mEnhancedTaskService[2m > [22mcalculateCriticalPath[2m > [22mshould calculate critical path successfully[32m 3[2mms[22m[39m
 [32mΓ£ô[39m src/__tests__/unit/enhancedTaskService.test.ts[2m > [22mEnhancedTaskService[2m > [22mcalculateCriticalPath[2m > [22mshould handle tasks with no dependencies[32m 1[2mms[22m[39m
 [32mΓ£ô[39m src/__tests__/unit/enhancedTaskService.test.ts[2m > [22mEnhancedTaskService[2m > [22mallocateResource[2m > [22mshould allocate resource to task successfully[32m 3[2mms[22m[39m
 [31m├ù[39m src/__tests__/unit/enhancedTaskService.test.ts[2m > [22mEnhancedTaskService[2m > [22mallocateResource[2m > [22mshould throw error when task not found[32m 1[2mms[22m[39m
[31m   ΓåÆ Cannot read properties of undefined (reading 'indexOf')[39m
 [31m├ù[39m src/__tests__/unit/enhancedTaskService.test.ts[2m > [22mEnhancedTaskService[2m > [22mallocateResource[2m > [22mshould throw error when start date is after end date[32m 1[2mms[22m[39m
[31m   ΓåÆ Cannot read properties of undefined (reading 'indexOf')[39m
 [32mΓ£ô[39m src/__tests__/unit/enhancedTaskService.test.ts[2m > [22mEnhancedTaskService[2m > [22mgetTaskResourceAllocations[2m > [22mshould get resource allocations for task successfully[32m 0[2mms[22m[39m
 [32mΓ£ô[39m src/__tests__/unit/enhancedTaskService.test.ts[2m > [22mEnhancedTaskService[2m > [22mupdateTaskSchedule[2m > [22mshould update task schedule successfully[32m 0[2mms[22m[39m
 [31m├ù[39m src/__tests__/unit/enhancedTaskService.test.ts[2m > [22mEnhancedTaskService[2m > [22mupdateTaskSchedule[2m > [22mshould throw error when task not found[32m 0[2mms[22m[39m
[31m   ΓåÆ Cannot read properties of undefined (reading 'indexOf')[39m
[90mstdout[2m | src/__tests__/authContext.test.tsx
[22m[39m[FIREBASE CONFIG] App initialized!
[FIREBASE] Using SDK v12.5.0 Γ£à

[90mstdout[2m | src/__tests__/enhanced-error-boundary.test.tsx
[22m[39m[FIREBASE CONFIG] App initialized!
[FIREBASE] Using SDK v12.5.0 Γ£à

[90mstdout[2m | src/__tests__/ui/sessionTimeoutWarning.integration.test.tsx
[22m[39m[FIREBASE CONFIG] App initialized!
[FIREBASE] Using SDK v12.5.0 Γ£à

[90mstdout[2m | src/__tests__/security/enhancedSecurity.test.ts
[22m[39m[FIREBASE CONFIG] App initialized!
[FIREBASE] Using SDK v12.5.0 Γ£à

node.exe : [90mstderr[2m | src/api/__tests__/goodsReceiptService.test.ts[2m > 
[22m[2mGoodsReceiptService[2m > [22m[2mcompleteGoodsReceipt[2m > [22m[2mshould complete 
approved GR
At line:1 char:1
+ & "C:\Program Files\nodejs/node.exe" "C:\Program Files\nodejs/node_mo ...
+ ~~~~~~~~~~~~~~~~~~~~~~~~~~~~~~~~~~~~~~~~~~~~~~~~~~~~~~~~~~~~~~~~~~~~~
    + CategoryInfo          : NotSpecified: ([90mstderr[2m...ete approved GR:String) [], Remo 
   teException
    + FullyQualifiedErrorId : NativeCommandError
 
[22m[39mError getting transactions by reference: TypeError: Cannot read properties of 
undefined (reading 'docs')
    at getTransactionsByReference [90m(C:\Users\latie\Documents\GitHub\NataCarePM\[39msrc\api\
inventoryTransactionService.ts:987:21[90m)[39m
    at updateWBSFromGR [90m(C:\Users\latie\Documents\GitHub\NataCarePM\[39msrc\api\goodsReceip
tService.ts:827:26[90m)[39m
    at Module.completeGoodsReceipt [90m(C:\Users\latie\Documents\GitHub\NataCarePM\[39msrc\api
\goodsReceiptService.ts:684:5[90m)[39m
    at [90mC:\Users\latie\Documents\GitHub\NataCarePM\[39msrc\api\__tests__\goodsReceiptServic
e.test.ts:326:7
    at [90mfile:///C:/Users/latie/Documents/GitHub/NataCarePM/[39mnode_modules/[4m@vitest/run
ner[24m/dist/chunk-hooks.js:752:20

 [32mΓ£ô[39m src/api/__tests__/goodsReceiptService.test.ts[2m > [22mGoodsReceiptService[2m > [22mcreateGoodsReceipt[2m > [22mshould create goods receipt with valid data[32m 2[2mms[22m[39m
 [32mΓ£ô[39m src/api/__tests__/goodsReceiptService.test.ts[2m > [22mGoodsReceiptService[2m > [22mcreateGoodsReceipt[2m > [22mshould reject GR creation if PO not found[32m 2[2mms[22m[39m
 [32mΓ£ô[39m src/api/__tests__/goodsReceiptService.test.ts[2m > [22mGoodsReceiptService[2m > [22mcreateGoodsReceipt[2m > [22mshould generate sequential GR numbers[32m 1[2mms[22m[39m
 [32mΓ£ô[39m src/api/__tests__/goodsReceiptService.test.ts[2m > [22mGoodsReceiptService[2m > [22mgetGoodsReceiptById[2m > [22mshould return GR when found[32m 1[2mms[22m[39m
 [32mΓ£ô[39m src/api/__tests__/goodsReceiptService.test.ts[2m > [22mGoodsReceiptService[2m > [22mgetGoodsReceiptById[2m > [22mshould return null when GR not found[32m 0[2mms[22m[39m
 [32mΓ£ô[39m src/api/__tests__/goodsReceiptService.test.ts[2m > [22mGoodsReceiptService[2m > [22mupdateGoodsReceipt[2m > [22mshould update GR with valid data[32m 1[2mms[22m[39m
 [32mΓ£ô[39m src/api/__tests__/goodsReceiptService.test.ts[2m > [22mGoodsReceiptService[2m > [22mupdateGoodsReceipt[2m > [22mshould reject update of non-draft GR[32m 0[2mms[22m[39m
 [32mΓ£ô[39m src/api/__tests__/goodsReceiptService.test.ts[2m > [22mGoodsReceiptService[2m > [22msubmitGoodsReceipt[2m > [22mshould submit draft GR[32m 2[2mms[22m[39m
 [32mΓ£ô[39m src/api/__tests__/goodsReceiptService.test.ts[2m > [22mGoodsReceiptService[2m > [22msubmitGoodsReceipt[2m > [22mshould reject submit of non-draft GR[32m 1[2mms[22m[39m
 [32mΓ£ô[39m src/api/__tests__/goodsReceiptService.test.ts[2m > [22mGoodsReceiptService[2m > [22mcompleteGoodsReceipt[2m > [22mshould complete approved GR[32m 82[2mms[22m[39m
 [32mΓ£ô[39m src/api/__tests__/goodsReceiptService.test.ts[2m > [22mGoodsReceiptService[2m > [22mcompleteGoodsReceipt[2m > [22mshould reject complete of non-approved GR[32m 1[2mms[22m[39m
 [32mΓ£ô[39m src/api/__tests__/goodsReceiptService.test.ts[2m > [22mGoodsReceiptService[2m > [22mcompleteGoodsReceipt[2m > [22mshould reject complete of submitted GR[32m 1[2mms[22m[39m
 [32mΓ£ô[39m src/api/__tests__/goodsReceiptService.test.ts[2m > [22mGoodsReceiptService[2m > [22mvalidateGoodsReceipt[2m > [22mshould validate valid GR[32m 1[2mms[22m[39m
 [32mΓ£ô[39m src/api/__tests__/goodsReceiptService.test.ts[2m > [22mGoodsReceiptService[2m > [22mvalidateGoodsReceipt[2m > [22mshould detect missing required fields[32m 0[2mms[22m[39m
 [32mΓ£ô[39m src/api/__tests__/goodsReceiptService.test.ts[2m > [22mGoodsReceiptService[2m > [22mvalidateGoodsReceipt[2m > [22mshould detect empty items array[32m 0[2mms[22m[39m
 [32mΓ£ô[39m src/api/__tests__/goodsReceiptService.test.ts[2m > [22mGoodsReceiptService[2m > [22mvalidateGoodsReceipt[2m > [22mshould detect negative quantities[32m 1[2mms[22m[39m
 [32mΓ£ô[39m src/api/__tests__/goodsReceiptService.test.ts[2m > [22mGoodsReceiptService[2m > [22mdeleteGoodsReceipt[2m > [22mshould delete draft GR[32m 1[2mms[22m[39m
 [32mΓ£ô[39m src/api/__tests__/goodsReceiptService.test.ts[2m > [22mGoodsReceiptService[2m > [22mdeleteGoodsReceipt[2m > [22mshould reject delete of non-draft GR[32m 1[2mms[22m[39m
 [32mΓ£ô[39m src/api/__tests__/goodsReceiptService.test.ts[2m > [22mGoodsReceiptService[2m > [22mdeleteGoodsReceipt[2m > [22mshould reject delete of nonexistent GR[32m 1[2mms[22m[39m
 [32mΓ£ô[39m src/api/__tests__/goodsReceiptService.test.ts[2m > [22mGoodsReceiptService[2m > [22mEdge Cases[2m > [22mshould handle network errors gracefully[32m 0[2mms[22m[39m
[90mstderr[2m | src/api/__tests__/goodsReceiptService.test.ts[2m > 
[22m[2mGoodsReceiptService[2m > [22m[2mStatus Workflow[2m > [22m[2mshould follow 
correct status progression
[22m[39mError getting transactions by reference: TypeError: Cannot read properties of 
undefined (reading 'map')
    at getTransactionsByReference [90m(C:\Users\latie\Documents\GitHub\NataCarePM\[39msrc\api\
inventoryTransactionService.ts:987:26[90m)[39m
    at updateWBSFromGR [90m(C:\Users\latie\Documents\GitHub\NataCarePM\[39msrc\api\goodsReceip
tService.ts:827:26[90m)[39m
    at Module.completeGoodsReceipt [90m(C:\Users\latie\Documents\GitHub\NataCarePM\[39msrc\api
\goodsReceiptService.ts:684:5[90m)[39m
    at [90mC:\Users\latie\Documents\GitHub\NataCarePM\[39msrc\api\__tests__\goodsReceiptServic
e.test.ts:726:7
    at [90mfile:///C:/Users/latie/Documents/GitHub/NataCarePM/[39mnode_modules/[4m@vitest/run
ner[24m/dist/chunk-hooks.js:752:20

 [32mΓ£ô[39m src/api/__tests__/goodsReceiptService.test.ts[2m > [22mGoodsReceiptService[2m > [22mEdge Cases[2m > [22mshould handle concurrent GR creation[32m 2[2mms[22m[39m
 [32mΓ£ô[39m src/api/__tests__/goodsReceiptService.test.ts[2m > [22mGoodsReceiptService[2m > [22mStatus Workflow[2m > [22mshould follow correct status progression[32m 2[2mms[22m[39m
 [32mΓ£ô[39m src/api/__tests__/authService.test.ts[2m > [22mauthService[2m > [22mLogin Operations[2m > [22mshould login with valid credentials[32m 40[2mms[22m[39m
 [32mΓ£ô[39m src/api/__tests__/authService.test.ts[2m > [22mauthService[2m > [22mLogin Operations[2m > [22mshould reject invalid credentials[32m 3[2mms[22m[39m
 [32mΓ£ô[39m src/api/__tests__/authService.test.ts[2m > [22mauthService[2m > [22mLogin Operations[2m > [22mshould create session on successful login[32m 1[2mms[22m[39m
 [32mΓ£ô[39m src/api/__tests__/authService.test.ts[2m > [22mauthService[2m > [22mLogin Operations[2m > [22mshould log authentication activity on login[32m 1[2mms[22m[39m
 [32mΓ£ô[39m src/api/__tests__/authService.test.ts[2m > [22mauthService[2m > [22mLogin Operations[2m > [22mshould handle network errors during login[32m 1[2mms[22m[39m
 [32mΓ£ô[39m src/api/__tests__/authService.test.ts[2m > [22mauthService[2m > [22mLogin Operations[2m > [22mshould validate email format before login[32m 1[2mms[22m[39m
 [32mΓ£ô[39m src/api/__tests__/authService.test.ts[2m > [22mauthService[2m > [22mLogout Operations[2m > [22mshould logout successfully[32m 1[2mms[22m[39m
 [32mΓ£ô[39m src/api/__tests__/authService.test.ts[2m > [22mauthService[2m > [22mLogout Operations[2m > [22mshould invalidate all user sessions on logout[32m 1[2mms[22m[39m
 [32mΓ£ô[39m src/api/__tests__/authService.test.ts[2m > [22mauthService[2m > [22mLogout Operations[2m > [22mshould log logout activity[32m 1[2mms[22m[39m
 [32mΓ£ô[39m src/api/__tests__/authService.test.ts[2m > [22mauthService[2m > [22mLogout Operations[2m > [22mshould handle logout when no user logged in[32m 1[2mms[22m[39m
 [32mΓ£ô[39m src/api/__tests__/authService.test.ts[2m > [22mauthService[2m > [22mToken Management[2m > [22mshould refresh access token[32m 1[2mms[22m[39m
 [32mΓ£ô[39m src/api/__tests__/authService.test.ts[2m > [22mauthService[2m > [22mToken Management[2m > [22mshould throw error if no user logged in for token refresh[32m 1[2mms[22m[39m
 [32mΓ£ô[39m src/api/__tests__/authService.test.ts[2m > [22mauthService[2m > [22mToken Management[2m > [22mshould log token refresh activity[32m 1[2mms[22m[39m
 [32mΓ£ô[39m src/api/__tests__/authService.test.ts[2m > [22mauthService[2m > [22mToken Management[2m > [22mshould handle token refresh failure[32m 1[2mms[22m[39m
 [32mΓ£ô[39m src/api/__tests__/authService.test.ts[2m > [22mauthService[2m > [22mPassword Change[2m > [22mshould change password with valid request[32m 1[2mms[22m[39m
 [32mΓ£ô[39m src/api/__tests__/authService.test.ts[2m > [22mauthService[2m > [22mPassword Change[2m > [22mshould reject weak passwords[32m 1[2mms[22m[39m
 [32mΓ£ô[39m src/api/__tests__/authService.test.ts[2m > [22mauthService[2m > [22mPassword Change[2m > [22mshould reject incorrect current password[32m 1[2mms[22m[39m
 [32mΓ£ô[39m src/api/__tests__/authService.test.ts[2m > [22mauthService[2m > [22mPassword Change[2m > [22mshould enforce password history (prevent reuse)[32m 1[2mms[22m[39m
 [32mΓ£ô[39m src/api/__tests__/authService.test.ts[2m > [22mauthService[2m > [22mPassword Change[2m > [22mshould handle permission denied errors[32m 1[2mms[22m[39m
 [32mΓ£ô[39m src/api/__tests__/authService.test.ts[2m > [22mauthService[2m > [22mSession Management[2m > [22mshould validate active session[32m 1[2mms[22m[39m
 [32mΓ£ô[39m src/api/__tests__/authService.test.ts[2m > [22mauthService[2m > [22mSession Management[2m > [22mshould reject expired session[32m 1[2mms[22m[39m
 [32mΓ£ô[39m src/api/__tests__/authService.test.ts[2m > [22mauthService[2m > [22mSession Management[2m > [22mshould reject inactive session[32m 1[2mms[22m[39m
 [32mΓ£ô[39m src/api/__tests__/authService.test.ts[2m > [22mauthService[2m > [22mSession Management[2m > [22mshould reject non-existent session[32m 1[2mms[22m[39m
 [32mΓ£ô[39m src/api/__tests__/authService.test.ts[2m > [22mauthService[2m > [22mSession Management[2m > [22mshould validate current session via authService[32m 1[2mms[22m[39m
 [32mΓ£ô[39m src/api/__tests__/authService.test.ts[2m > [22mauthService[2m > [22mSession Management[2m > [22mshould return false if no session ID in storage[32m 0[2mms[22m[39m
 [32mΓ£ô[39m src/api/__tests__/authService.test.ts[2m > [22mauthService[2m > [22mRBAC Permissions[2m > [22mshould get user permissions by role[32m 1[2mms[22m[39m
 [32mΓ£ô[39m src/api/__tests__/authService.test.ts[2m > [22mauthService[2m > [22mRBAC Permissions[2m > [22mshould return empty permissions for invalid user[32m 1[2mms[22m[39m
 [32mΓ£ô[39m src/api/__tests__/authService.test.ts[2m > [22mauthService[2m > [22mRBAC Permissions[2m > [22mshould return empty permissions for unknown role[32m 1[2mms[22m[39m
 [32mΓ£ô[39m src/api/__tests__/authService.test.ts[2m > [22mauthService[2m > [22mRBAC Permissions[2m > [22mshould get user role[32m 1[2mms[22m[39m
 [32mΓ£ô[39m src/api/__tests__/authService.test.ts[2m > [22mauthService[2m > [22mRBAC Permissions[2m > [22mshould return null for user without role[32m 1[2mms[22m[39m
 [32mΓ£ô[39m src/api/__tests__/authService.test.ts[2m > [22mauthService[2m > [22mRBAC Permissions[2m > [22mshould differentiate permissions by role[32m 1[2mms[22m[39m
 [32mΓ£ô[39m src/api/__tests__/authService.test.ts[2m > [22mauthService[2m > [22mgetCurrentUser[2m > [22mshould return current user if logged in[32m 1[2mms[22m[39m
 [32mΓ£ô[39m src/api/__tests__/authService.test.ts[2m > [22mauthService[2m > [22mgetCurrentUser[2m > [22mshould return null if no user logged in[32m 0[2mms[22m[39m
 [32mΓ£ô[39m src/api/__tests__/authService.test.ts[2m > [22mauthService[2m > [22mEdge Cases[2m > [22mshould handle concurrent login attempts[32m 1[2mms[22m[39m
 [32mΓ£ô[39m src/api/__tests__/authService.test.ts[2m > [22mauthService[2m > [22mEdge Cases[2m > [22mshould handle very long passwords[32m 1[2mms[22m[39m
 [32mΓ£ô[39m src/api/__tests__/authService.test.ts[2m > [22mauthService[2m > [22mEdge Cases[2m > [22mshould handle special characters in email[32m 1[2mms[22m[39m
 [32mΓ£ô[39m src/api/__tests__/authService.test.ts[2m > [22mauthService[2m > [22mEdge Cases[2m > [22mshould handle Firestore write failures gracefully[32m 1[2mms[22m[39m
 [32mΓ£ô[39m src/api/__tests__/authService.test.ts[2m > [22mauthService[2m > [22mEdge Cases[2m > [22mshould handle null timestamp gracefully[32m 1[2mms[22m[39m
[90mstdout[2m | src/__tests__/ui/forgotPasswordView.flow.test.tsx
[22m[39m[FIREBASE CONFIG] App initialized!
[FIREBASE] Using SDK v12.5.0 Γ£à

 [32mΓ£ô[39m src/api/__tests__/vendorService.test.ts[2m > [22mvendorService[2m > [22mVendor Code Generation[2m > [22mshould generate unique vendor code in VEN-YYYYMMDD-XXX format[32m 2[2mms[22m[39m
 [32mΓ£ô[39m src/api/__tests__/vendorService.test.ts[2m > [22mvendorService[2m > [22mVendor Code Generation[2m > [22mshould increment sequence number for subsequent vendors on same day[32m 1[2mms[22m[39m
 [32mΓ£ô[39m src/api/__tests__/vendorService.test.ts[2m > [22mvendorService[2m > [22mcreateVendor[2m > [22mshould create vendor with all required fields and default performance metrics[32m 4[2mms[22m[39m
 [32mΓ£ô[39m src/api/__tests__/vendorService.test.ts[2m > [22mvendorService[2m > [22mcreateVendor[2m > [22mshould handle vendor creation with minimal required fields[32m 1[2mms[22m[39m
 [32mΓ£ô[39m src/api/__tests__/vendorService.test.ts[2m > [22mvendorService[2m > [22mgetVendorById[2m > [22mshould return vendor when found[32m 1[2mms[22m[39m
 [32mΓ£ô[39m src/api/__tests__/vendorService.test.ts[2m > [22mvendorService[2m > [22mgetVendorById[2m > [22mshould return null when vendor not found[32m 0[2mms[22m[39m
 [32mΓ£ô[39m src/api/__tests__/vendorService.test.ts[2m > [22mvendorService[2m > [22mgetVendors[2m > [22mshould return all vendors with filters[32m 0[2mms[22m[39m
 [32mΓ£ô[39m src/api/__tests__/vendorService.test.ts[2m > [22mvendorService[2m > [22mgetVendors[2m > [22mshould filter vendors by status[32m 0[2mms[22m[39m
 [32mΓ£ô[39m src/api/__tests__/vendorService.test.ts[2m > [22mvendorService[2m > [22mgetVendors[2m > [22mshould filter vendors by performance score[32m 0[2mms[22m[39m
 [32mΓ£ô[39m src/api/__tests__/vendorService.test.ts[2m > [22mvendorService[2m > [22mupdateVendor[2m > [22mshould update vendor and log audit trail[32m 2[2mms[22m[39m
 [32mΓ£ô[39m src/api/__tests__/vendorService.test.ts[2m > [22mvendorService[2m > [22mdeleteVendor[2m > [22mshould soft delete vendor by setting status to inactive[32m 1[2mms[22m[39m
 [32mΓ£ô[39m src/api/__tests__/vendorService.test.ts[2m > [22mvendorService[2m > [22mdeleteVendor[2m > [22mshould throw error when deleting vendor with active POs[32m 1[2mms[22m[39m
 [32mΓ£ô[39m src/api/__tests__/vendorService.test.ts[2m > [22mvendorService[2m > [22mapproveVendor[2m > [22mshould approve vendor and change status to active[32m 1[2mms[22m[39m
 [32mΓ£ô[39m src/api/__tests__/vendorService.test.ts[2m > [22mvendorService[2m > [22mVendor Contact Management[2m > [22mshould add new contact to vendor[32m 1[2mms[22m[39m
 [32mΓ£ô[39m src/api/__tests__/vendorService.test.ts[2m > [22mvendorService[2m > [22mVendor Contact Management[2m > [22mshould update existing contact[32m 1[2mms[22m[39m
 [32mΓ£ô[39m src/api/__tests__/vendorService.test.ts[2m > [22mvendorService[2m > [22mVendor Contact Management[2m > [22mshould remove contact from vendor[32m 5[2mms[22m[39m
 [32mΓ£ô[39m src/api/__tests__/vendorService.test.ts[2m > [22mvendorService[2m > [22maddVendorBankAccount[2m > [22mshould add bank account to vendor[32m 1[2mms[22m[39m
 [32mΓ£ô[39m src/api/__tests__/vendorService.test.ts[2m > [22mvendorService[2m > [22mupdateVendorPerformance[2m > [22mshould update performance metrics and recalculate scores[32m 1[2mms[22m[39m
 [32mΓ£ô[39m src/api/__tests__/vendorService.test.ts[2m > [22mvendorService[2m > [22mupdateVendorPerformance[2m > [22mshould set high risk level for poor performance[32m 0[2mms[22m[39m
 [32mΓ£ô[39m src/api/__tests__/vendorService.test.ts[2m > [22mvendorService[2m > [22mcreateVendorEvaluation[2m > [22mshould create evaluation and update vendor rating[32m 1[2mms[22m[39m
 [32mΓ£ô[39m src/api/__tests__/vendorService.test.ts[2m > [22mvendorService[2m > [22mcreateVendorEvaluation[2m > [22mshould assign excellent rating for high scores[32m 0[2mms[22m[39m
 [32mΓ£ô[39m src/api/__tests__/vendorService.test.ts[2m > [22mvendorService[2m > [22mgetVendorEvaluations[2m > [22mshould return all evaluations for vendor[32m 0[2mms[22m[39m
 [32mΓ£ô[39m src/api/__tests__/vendorService.test.ts[2m > [22mvendorService[2m > [22mblacklistVendor[2m > [22mshould blacklist vendor and update status[32m 1[2mms[22m[39m
 [32mΓ£ô[39m src/api/__tests__/vendorService.test.ts[2m > [22mvendorService[2m > [22mremoveFromBlacklist[2m > [22mshould remove vendor from blacklist and restore active status[32m 1[2mms[22m[39m
 [32mΓ£ô[39m src/api/__tests__/vendorService.test.ts[2m > [22mvendorService[2m > [22mgetVendorSummary[2m > [22mshould return comprehensive vendor statistics[32m 1[2mms[22m[39m
 [32mΓ£ô[39m src/api/__tests__/vendorService.test.ts[2m > [22mvendorService[2m > [22msearchVendors[2m > [22mshould search vendors by name, code, or tax ID[32m 0[2mms[22m[39m
 [32mΓ£ô[39m src/api/__tests__/vendorService.test.ts[2m > [22mvendorService[2m > [22msearchVendors[2m > [22mshould be case-insensitive[32m 0[2mms[22m[39m
 [32mΓ£ô[39m src/api/__tests__/vendorService.test.ts[2m > [22mvendorService[2m > [22mgetVendorPurchaseOrders[2m > [22mshould return all POs for vendor across all projects[32m 0[2mms[22m[39m
 [32mΓ£ô[39m src/api/__tests__/vendorService.test.ts[2m > [22mvendorService[2m > [22mgetVendorPurchaseOrders[2m > [22mshould filter POs by status[32m 0[2mms[22m[39m
 [32mΓ£ô[39m src/api/__tests__/vendorService.test.ts[2m > [22mvendorService[2m > [22mgetVendorStatistics[2m > [22mshould calculate vendor PO statistics[32m 0[2mms[22m[39m
 [32mΓ£ô[39m src/api/__tests__/vendorService.test.ts[2m > [22mvendorService[2m > [22mlinkPOToVendor[2m > [22mshould link existing PO to vendor[32m 0[2mms[22m[39m
 [32mΓ£ô[39m src/api/__tests__/vendorService.test.ts[2m > [22mvendorService[2m > [22mlinkPOToVendor[2m > [22mshould throw error when PO not found[32m 0[2mms[22m[39m
 [32mΓ£ô[39m src/api/__tests__/vendorService.test.ts[2m > [22mvendorService[2m > [22mError Handling[2m > [22mshould handle network errors gracefully in createVendor[32m 0[2mms[22m[39m
 [32mΓ£ô[39m src/api/__tests__/vendorService.test.ts[2m > [22mvendorService[2m > [22mError Handling[2m > [22mshould throw error when vendor not found in updateVendorContact[32m 0[2mms[22m[39m
 [32mΓ£ô[39m src/api/__tests__/materialRequestService.test.ts[2m > [22mmaterialRequestService[2m > [22mcreateMaterialRequest[2m > [22mshould create material request with generated MR number[32m 3[2mms[22m[39m
 [32mΓ£ô[39m src/api/__tests__/materialRequestService.test.ts[2m > [22mmaterialRequestService[2m > [22mcreateMaterialRequest[2m > [22mshould check inventory stock for each item[32m 1[2mms[22m[39m
 [32mΓ£ô[39m src/api/__tests__/materialRequestService.test.ts[2m > [22mmaterialRequestService[2m > [22mcreateMaterialRequest[2m > [22mshould handle missing material code gracefully[32m 0[2mms[22m[39m
 [32mΓ£ô[39m src/api/__tests__/materialRequestService.test.ts[2m > [22mmaterialRequestService[2m > [22mcreateMaterialRequest[2m > [22mshould calculate total estimated cost[32m 2[2mms[22m[39m
 [32mΓ£ô[39m src/api/__tests__/materialRequestService.test.ts[2m > [22mmaterialRequestService[2m > [22mgetMaterialRequestById[2m > [22mshould return MR when found[32m 1[2mms[22m[39m
 [32mΓ£ô[39m src/api/__tests__/materialRequestService.test.ts[2m > [22mmaterialRequestService[2m > [22mgetMaterialRequestById[2m > [22mshould return null when MR not found[32m 0[2mms[22m[39m
 [32mΓ£ô[39m src/api/__tests__/materialRequestService.test.ts[2m > [22mmaterialRequestService[2m > [22mgetMaterialRequestById[2m > [22mshould handle errors gracefully[32m 1[2mms[22m[39m
 [32mΓ£ô[39m src/api/__tests__/materialRequestService.test.ts[2m > [22mmaterialRequestService[2m > [22mgetMaterialRequests[2m > [22mshould return all MRs for a project[32m 1[2mms[22m[39m
 [32mΓ£ô[39m src/api/__tests__/materialRequestService.test.ts[2m > [22mmaterialRequestService[2m > [22mgetMaterialRequests[2m > [22mshould filter by status when provided[32m 0[2mms[22m[39m
 [32mΓ£ô[39m src/api/__tests__/materialRequestService.test.ts[2m > [22mmaterialRequestService[2m > [22mupdateMaterialRequest[2m > [22mshould update MR successfully[32m 1[2mms[22m[39m
 [32mΓ£ô[39m src/api/__tests__/materialRequestService.test.ts[2m > [22mmaterialRequestService[2m > [22mupdateMaterialRequest[2m > [22mshould handle update errors[32m 0[2mms[22m[39m
 [32mΓ£ô[39m src/api/__tests__/materialRequestService.test.ts[2m > [22mmaterialRequestService[2m > [22msubmitMaterialRequest[2m > [22mshould change status from draft to pending_approval[32m 0[2mms[22m[39m
 [32mΓ£ô[39m src/api/__tests__/materialRequestService.test.ts[2m > [22mmaterialRequestService[2m > [22msubmitMaterialRequest[2m > [22mshould reject submission if MR not found[32m 0[2mms[22m[39m
 [32mΓ£ô[39m src/api/__tests__/materialRequestService.test.ts[2m > [22mmaterialRequestService[2m > [22mapproveMaterialRequest[2m > [22mshould approve MR and update status[32m 0[2mms[22m[39m
 [32mΓ£ô[39m src/api/__tests__/materialRequestService.test.ts[2m > [22mmaterialRequestService[2m > [22mapproveMaterialRequest[2m > [22mshould reject MR when approved is false[32m 0[2mms[22m[39m
 [32mΓ£ô[39m src/api/__tests__/materialRequestService.test.ts[2m > [22mmaterialRequestService[2m > [22mapproveMaterialRequest[2m > [22mshould handle multi-level approval flow[32m 0[2mms[22m[39m
 [32mΓ£ô[39m src/api/__tests__/materialRequestService.test.ts[2m > [22mmaterialRequestService[2m > [22mconvertMRtoPO[2m > [22mshould convert approved MR to PO[32m 1[2mms[22m[39m
 [32mΓ£ô[39m src/api/__tests__/materialRequestService.test.ts[2m > [22mmaterialRequestService[2m > [22mconvertMRtoPO[2m > [22mshould reject conversion if MR not approved[32m 0[2mms[22m[39m
 [32mΓ£ô[39m src/api/__tests__/materialRequestService.test.ts[2m > [22mmaterialRequestService[2m > [22mconvertMRtoPO[2m > [22mshould handle missing vendor gracefully[32m 1[2mms[22m[39m
 [32mΓ£ô[39m src/api/__tests__/materialRequestService.test.ts[2m > [22mmaterialRequestService[2m > [22mdeleteMaterialRequest[2m > [22mshould delete MR successfully[32m 0[2mms[22m[39m
 [32mΓ£ô[39m src/api/__tests__/materialRequestService.test.ts[2m > [22mmaterialRequestService[2m > [22mdeleteMaterialRequest[2m > [22mshould handle delete errors[32m 0[2mms[22m[39m
 [32mΓ£ô[39m src/api/__tests__/materialRequestService.test.ts[2m > [22mmaterialRequestService[2m > [22mvalidateMaterialRequest[2m > [22mshould validate complete MR data[32m 0[2mms[22m[39m
 [32mΓ£ô[39m src/api/__tests__/materialRequestService.test.ts[2m > [22mmaterialRequestService[2m > [22mvalidateMaterialRequest[2m > [22mshould reject MR without project ID[32m 0[2mms[22m[39m
 [32mΓ£ô[39m src/api/__tests__/materialRequestService.test.ts[2m > [22mmaterialRequestService[2m > [22mvalidateMaterialRequest[2m > [22mshould reject MR with empty items[32m 0[2mms[22m[39m
 [32mΓ£ô[39m src/api/__tests__/materialRequestService.test.ts[2m > [22mmaterialRequestService[2m > [22mEdge Cases[2m > [22mshould handle concurrent approvals gracefully[32m 0[2mms[22m[39m
 [32mΓ£ô[39m src/api/__tests__/materialRequestService.test.ts[2m > [22mmaterialRequestService[2m > [22mEdge Cases[2m > [22mshould handle very large quantities[32m 0[2mms[22m[39m
 [32mΓ£ô[39m src/api/__tests__/materialRequestService.test.ts[2m > [22mmaterialRequestService[2m > [22mEdge Cases[2m > [22mshould handle special characters in material names[32m 0[2mms[22m[39m
 [32mΓ£ô[39m src/api/__tests__/materialRequestService.test.ts[2m > [22mmaterialRequestService[2m > [22mEdge Cases[2m > [22mshould handle null/undefined values gracefully[32m 0[2mms[22m[39m
[90mstderr[2m | src/api/__tests__/taskService.test.ts[2m > [22m[2mtaskService[2m > 
[22m[2mEdge Cases[2m > [22m[2mshould handle network errors gracefully
[22m[39mΓÜá∩╕Å logError attempt 1/3 failed: TypeError: Cannot read properties of undefined 
(reading 'id')
    at operation [90m(C:\Users\latie\Documents\GitHub\NataCarePM\[39msrc\api\monitoringService
.ts:458:54[90m)[39m
    at MonitoringService.executeWithRetry [90m(C:\Users\latie\Documents\GitHub\NataCarePM\[39m
src\api\monitoringService.ts:585:9[90m)[39m
    at MonitoringService.logError [90m(C:\Users\latie\Documents\GitHub\NataCarePM\[39msrc\api\
monitoringService.ts:462:7[90m)[39m

 [32mΓ£ô[39m src/api/__tests__/taskService.test.ts[2m > [22mtaskService[2m > [22mgetTasksByProject[2m > [22mshould return all tasks for a project[32m 6[2mms[22m[39m
 [32mΓ£ô[39m src/api/__tests__/taskService.test.ts[2m > [22mtaskService[2m > [22mgetTasksByProject[2m > [22mshould validate project ID[32m 3[2mms[22m[39m
 [32mΓ£ô[39m src/api/__tests__/taskService.test.ts[2m > [22mtaskService[2m > [22mgetTasksByProject[2m > [22mshould return empty array when no tasks[32m 0[2mms[22m[39m
 [32mΓ£ô[39m src/api/__tests__/taskService.test.ts[2m > [22mtaskService[2m > [22mgetTaskById[2m > [22mshould return task when found[32m 0[2mms[22m[39m
 [32mΓ£ô[39m src/api/__tests__/taskService.test.ts[2m > [22mtaskService[2m > [22mgetTaskById[2m > [22mshould return error when task not found[32m 0[2mms[22m[39m
 [32mΓ£ô[39m src/api/__tests__/taskService.test.ts[2m > [22mtaskService[2m > [22mgetTaskById[2m > [22mshould validate project ID and task ID[32m 1[2mms[22m[39m
 [32mΓ£ô[39m src/api/__tests__/taskService.test.ts[2m > [22mtaskService[2m > [22mfilterTasks[2m > [22mshould filter tasks by status[32m 1[2mms[22m[39m
 [32mΓ£ô[39m src/api/__tests__/taskService.test.ts[2m > [22mtaskService[2m > [22mfilterTasks[2m > [22mshould filter tasks by priority[32m 0[2mms[22m[39m
 [32mΓ£ô[39m src/api/__tests__/taskService.test.ts[2m > [22mtaskService[2m > [22mfilterTasks[2m > [22mshould filter tasks by assignedTo[32m 0[2mms[22m[39m
 [32mΓ£ô[39m src/api/__tests__/taskService.test.ts[2m > [22mtaskService[2m > [22mfilterTasks[2m > [22mshould search tasks by title[32m 0[2mms[22m[39m
 [32mΓ£ô[39m src/api/__tests__/taskService.test.ts[2m > [22mtaskService[2m > [22mfilterTasks[2m > [22mshould search tasks by description[32m 0[2mms[22m[39m
 [32mΓ£ô[39m src/api/__tests__/taskService.test.ts[2m > [22mtaskService[2m > [22mcreateTask[2m > [22mshould create task successfully[32m 1[2mms[22m[39m
 [32mΓ£ô[39m src/api/__tests__/taskService.test.ts[2m > [22mtaskService[2m > [22mcreateTask[2m > [22mshould validate title length[32m 0[2mms[22m[39m
 [32mΓ£ô[39m src/api/__tests__/taskService.test.ts[2m > [22mtaskService[2m > [22mcreateTask[2m > [22mshould validate title maximum length[32m 1[2mms[22m[39m
 [32mΓ£ô[39m src/api/__tests__/taskService.test.ts[2m > [22mtaskService[2m > [22mcreateTask[2m > [22mshould validate project ID[32m 0[2mms[22m[39m
 [32mΓ£ô[39m src/api/__tests__/taskService.test.ts[2m > [22mtaskService[2m > [22mupdateTask[2m > [22mshould update task successfully[32m 0[2mms[22m[39m
 [32mΓ£ô[39m src/api/__tests__/taskService.test.ts[2m > [22mtaskService[2m > [22mupdateTask[2m > [22mshould validate updated title length[32m 0[2mms[22m[39m
 [32mΓ£ô[39m src/api/__tests__/taskService.test.ts[2m > [22mtaskService[2m > [22mupdateTask[2m > [22mshould allow partial updates[32m 0[2mms[22m[39m
 [32mΓ£ô[39m src/api/__tests__/taskService.test.ts[2m > [22mtaskService[2m > [22mdeleteTask[2m > [22mshould delete task successfully[32m 0[2mms[22m[39m
 [32mΓ£ô[39m src/api/__tests__/taskService.test.ts[2m > [22mtaskService[2m > [22mdeleteTask[2m > [22mshould return error when task not found[32m 0[2mms[22m[39m
 [32mΓ£ô[39m src/api/__tests__/taskService.test.ts[2m > [22mtaskService[2m > [22maddSubtask[2m > [22mshould add subtask to task[32m 0[2mms[22m[39m
 [32mΓ£ô[39m src/api/__tests__/taskService.test.ts[2m > [22mtaskService[2m > [22maddSubtask[2m > [22mshould return error when task not found[32m 1[2mms[22m[39m
 [32mΓ£ô[39m src/api/__tests__/taskService.test.ts[2m > [22mtaskService[2m > [22mupdateSubtask[2m > [22mshould update subtask successfully[32m 1[2mms[22m[39m
 [32mΓ£ô[39m src/api/__tests__/taskService.test.ts[2m > [22mtaskService[2m > [22mupdateSubtask[2m > [22mshould return error when task not found[32m 0[2mms[22m[39m
 [32mΓ£ô[39m src/api/__tests__/taskService.test.ts[2m > [22mtaskService[2m > [22mdeleteSubtask[2m > [22mshould delete subtask successfully[32m 1[2mms[22m[39m
 [32mΓ£ô[39m src/api/__tests__/taskService.test.ts[2m > [22mtaskService[2m > [22mstreamTaskComments[2m > [22mshould setup comment stream[32m 0[2mms[22m[39m
 [32mΓ£ô[39m src/api/__tests__/taskService.test.ts[2m > [22mtaskService[2m > [22mstreamTaskComments[2m > [22mshould handle stream errors[32m 1[2mms[22m[39m
 [32mΓ£ô[39m src/api/__tests__/taskService.test.ts[2m > [22mtaskService[2m > [22maddTaskComment[2m > [22mshould add comment successfully[32m 0[2mms[22m[39m
 [32mΓ£ô[39m src/api/__tests__/taskService.test.ts[2m > [22mtaskService[2m > [22mdeleteTaskComment[2m > [22mshould delete comment successfully[32m 0[2mms[22m[39m
 [32mΓ£ô[39m src/api/__tests__/taskService.test.ts[2m > [22mtaskService[2m > [22mrecalculateTaskProgress[2m > [22mshould calculate progress based on completed subtasks[32m 1[2mms[22m[39m
 [32mΓ£ô[39m src/api/__tests__/taskService.test.ts[2m > [22mtaskService[2m > [22mrecalculateTaskProgress[2m > [22mshould set progress based on status when no subtasks[32m 0[2mms[22m[39m
 [32mΓ£ô[39m src/api/__tests__/taskService.test.ts[2m > [22mtaskService[2m > [22mrecalculateTaskProgress[2m > [22mshould set 50% for in-progress tasks without subtasks[32m 0[2mms[22m[39m
 [32mΓ£ô[39m src/api/__tests__/taskService.test.ts[2m > [22mtaskService[2m > [22mrecalculateTaskProgress[2m > [22mshould handle task not found gracefully[32m 0[2mms[22m[39m
 [32mΓ£ô[39m src/api/__tests__/taskService.test.ts[2m > [22mtaskService[2m > [22mEdge Cases[2m > [22mshould handle network errors gracefully[32m 4[2mms[22m[39m
 [32mΓ£ô[39m src/api/__tests__/taskService.test.ts[2m > [22mtaskService[2m > [22mEdge Cases[2m > [22mshould handle audit log failures silently[32m 0[2mms[22m[39m
 [32mΓ£ô[39m src/api/__tests__/taskService.test.ts[2m > [22mtaskService[2m > [22mEdge Cases[2m > [22mshould handle empty search query[32m 0[2mms[22m[39m
 [32mΓ£ô[39m src/api/__tests__/taskService.test.ts[2m > [22mtaskService[2m > [22mEdge Cases[2m > [22mshould handle case-insensitive search[32m 0[2mms[22m[39m
 [32mΓ£ô[39m src/api/__tests__/taskService.test.ts[2m > [22mtaskService[2m > [22mstreamTasksByProject[2m > [22mshould setup task stream[32m 0[2mms[22m[39m
 [32mΓ£ô[39m src/api/__tests__/taskService.test.ts[2m > [22mtaskService[2m > [22mstreamTasksByProject[2m > [22mshould call callback with tasks[32m 0[2mms[22m[39m
 [32mΓ£ô[39m src/api/__tests__/taskService.test.ts[2m > [22mtaskService[2m > [22mstreamTasksByProject[2m > [22mshould handle stream errors[32m 0[2mms[22m[39m
 [32mΓ£ô[39m src/api/__tests__/taskService.test.ts[2m > [22mtaskService[2m > [22mstreamTasksByProject[2m > [22mshould handle invalid project ID in stream[32m 0[2mms[22m[39m
 [32mΓ£ô[39m src/api/__tests__/inventoryService.test.ts[2m > [22minventoryService[2m > [22mgenerateMaterialCode[2m > [22mshould generate material code in MAT-YYYYMMDD-XXX format[32m 2[2mms[22m[39m
 [32mΓ£ô[39m src/api/__tests__/inventoryService.test.ts[2m > [22minventoryService[2m > [22mgenerateMaterialCode[2m > [22mshould increment sequence number for existing materials[32m 1[2mms[22m[39m
 [32mΓ£ô[39m src/api/__tests__/inventoryService.test.ts[2m > [22minventoryService[2m > [22mgenerateMaterialCode[2m > [22mshould handle missing docs gracefully[32m 0[2mms[22m[39m
 [32mΓ£ô[39m src/api/__tests__/inventoryService.test.ts[2m > [22minventoryService[2m > [22mgenerateTransactionCode[2m > [22mshould generate transaction code with type prefix[32m 0[2mms[22m[39m
 [32mΓ£ô[39m src/api/__tests__/inventoryService.test.ts[2m > [22minventoryService[2m > [22mgenerateTransactionCode[2m > [22mshould support different transaction types[32m 0[2mms[22m[39m
 [32mΓ£ô[39m src/api/__tests__/inventoryService.test.ts[2m > [22minventoryService[2m > [22mgenerateStockCountNumber[2m > [22mshould generate stock count number in SC-YYYYMMDD-XXX format[32m 0[2mms[22m[39m
 [32mΓ£ô[39m src/api/__tests__/inventoryService.test.ts[2m > [22minventoryService[2m > [22mcreateMaterial[2m > [22mshould create material with generated code[32m 1[2mms[22m[39m
 [32mΓ£ô[39m src/api/__tests__/inventoryService.test.ts[2m > [22minventoryService[2m > [22mcreateMaterial[2m > [22mshould validate required fields[32m 2[2mms[22m[39m
 [32mΓ£ô[39m src/api/__tests__/inventoryService.test.ts[2m > [22minventoryService[2m > [22mgetMaterials[2m > [22mshould return all materials[32m 1[2mms[22m[39m
 [32mΓ£ô[39m src/api/__tests__/inventoryService.test.ts[2m > [22minventoryService[2m > [22mgetMaterials[2m > [22mshould filter by category when provided[32m 0[2mms[22m[39m
 [32mΓ£ô[39m src/api/__tests__/inventoryService.test.ts[2m > [22minventoryService[2m > [22mgetMaterialById[2m > [22mshould return material when found[32m 0[2mms[22m[39m
 [32mΓ£ô[39m src/api/__tests__/inventoryService.test.ts[2m > [22minventoryService[2m > [22mgetMaterialById[2m > [22mshould return null when material not found[32m 0[2mms[22m[39m
 [32mΓ£ô[39m src/api/__tests__/inventoryService.test.ts[2m > [22minventoryService[2m > [22mupdateMaterial[2m > [22mshould update material successfully[32m 0[2mms[22m[39m
 [32mΓ£ô[39m src/api/__tests__/inventoryService.test.ts[2m > [22minventoryService[2m > [22mupdateMaterial[2m > [22mshould reject update of non-existent material[32m 0[2mms[22m[39m
 [32mΓ£ô[39m src/api/__tests__/inventoryService.test.ts[2m > [22minventoryService[2m > [22mdeleteMaterial[2m > [22mshould delete material with zero stock[32m 0[2mms[22m[39m
 [32mΓ£ô[39m src/api/__tests__/inventoryService.test.ts[2m > [22minventoryService[2m > [22mdeleteMaterial[2m > [22mshould reject deletion of material with stock[32m 0[2mms[22m[39m
 [32mΓ£ô[39m src/api/__tests__/inventoryService.test.ts[2m > [22minventoryService[2m > [22mcheckStockAvailability[2m > [22mshould return available when stock sufficient[32m 0[2mms[22m[39m
 [32mΓ£ô[39m src/api/__tests__/inventoryService.test.ts[2m > [22minventoryService[2m > [22mcheckStockAvailability[2m > [22mshould return not available when stock insufficient[32m 0[2mms[22m[39m
 [32mΓ£ô[39m src/api/__tests__/inventoryService.test.ts[2m > [22minventoryService[2m > [22mcreateTransaction[2m > [22mshould create IN transaction[32m 1[2mms[22m[39m
 [32mΓ£ô[39m src/api/__tests__/inventoryService.test.ts[2m > [22minventoryService[2m > [22mcreateTransaction[2m > [22mshould create OUT transaction[32m 0[2mms[22m[39m
 [32mΓ£ô[39m src/api/__tests__/inventoryService.test.ts[2m > [22minventoryService[2m > [22mcreateTransaction[2m > [22mshould validate quantity for OUT transaction[32m 0[2mms[22m[39m
 [32mΓ£ô[39m src/api/__tests__/inventoryService.test.ts[2m > [22minventoryService[2m > [22mcompleteTransaction[2m > [22mshould complete transaction and update stock[32m 1[2mms[22m[39m
 [32mΓ£ô[39m src/api/__tests__/inventoryService.test.ts[2m > [22minventoryService[2m > [22mcompleteTransaction[2m > [22mshould reject completion of already completed transaction[32m 1[2mms[22m[39m
 [32mΓ£ô[39m src/api/__tests__/inventoryService.test.ts[2m > [22minventoryService[2m > [22mapproveTransaction[2m > [22mshould approve pending transaction[32m 0[2mms[22m[39m
 [32mΓ£ô[39m src/api/__tests__/inventoryService.test.ts[2m > [22minventoryService[2m > [22mapproveTransaction[2m > [22mshould reject approval of completed transaction[32m 0[2mms[22m[39m
 [32mΓ£ô[39m src/api/__tests__/inventoryService.test.ts[2m > [22minventoryService[2m > [22mgetTransactions[2m > [22mshould return all transactions[32m 0[2mms[22m[39m
 [32mΓ£ô[39m src/api/__tests__/inventoryService.test.ts[2m > [22minventoryService[2m > [22mgetTransactions[2m > [22mshould filter by transaction type[32m 0[2mms[22m[39m
 [32mΓ£ô[39m src/api/__tests__/inventoryService.test.ts[2m > [22minventoryService[2m > [22mcreateStockCount[2m > [22mshould create stock count with generated number[32m 1[2mms[22m[39m
 [32mΓ£ô[39m src/api/__tests__/inventoryService.test.ts[2m > [22minventoryService[2m > [22mstartStockCount[2m > [22mshould start planned stock count[32m 0[2mms[22m[39m
 [32mΓ£ô[39m src/api/__tests__/inventoryService.test.ts[2m > [22minventoryService[2m > [22mstartStockCount[2m > [22mshould reject starting already started count[32m 0[2mms[22m[39m
 [32mΓ£ô[39m src/api/__tests__/inventoryService.test.ts[2m > [22minventoryService[2m > [22mupdateStockCountItem[2m > [22mshould update counted quantity[32m 0[2mms[22m[39m
 [32mΓ£ô[39m src/api/__tests__/inventoryService.test.ts[2m > [22minventoryService[2m > [22mcompleteStockCount[2m > [22mshould complete stock count with all items counted[32m 0[2mms[22m[39m
 [32mΓ£ô[39m src/api/__tests__/inventoryService.test.ts[2m > [22minventoryService[2m > [22mcompleteStockCount[2m > [22mshould reject completion with uncounted items[32m 0[2mms[22m[39m
 [32mΓ£ô[39m src/api/__tests__/inventoryService.test.ts[2m > [22minventoryService[2m > [22mapproveStockCount[2m > [22mshould approve completed stock count and create adjustments[32m 0[2mms[22m[39m
 [32mΓ£ô[39m src/api/__tests__/inventoryService.test.ts[2m > [22minventoryService[2m > [22mgetStockCounts[2m > [22mshould return all stock counts[32m 0[2mms[22m[39m
 [32mΓ£ô[39m src/api/__tests__/inventoryService.test.ts[2m > [22minventoryService[2m > [22mgetStockAlerts[2m > [22mshould return unresolved alerts by default[32m 0[2mms[22m[39m
 [32mΓ£ô[39m src/api/__tests__/inventoryService.test.ts[2m > [22minventoryService[2m > [22mgetStockAlerts[2m > [22mshould return resolved alerts when requested[32m 0[2mms[22m[39m
 [32mΓ£ô[39m src/api/__tests__/inventoryService.test.ts[2m > [22minventoryService[2m > [22macknowledgeStockAlert[2m > [22mshould acknowledge alert[32m 0[2mms[22m[39m
 [32mΓ£ô[39m src/api/__tests__/inventoryService.test.ts[2m > [22minventoryService[2m > [22mresolveStockAlert[2m > [22mshould resolve alert with resolution notes[32m 0[2mms[22m[39m
 [32mΓ£ô[39m src/api/__tests__/inventoryService.test.ts[2m > [22minventoryService[2m > [22mcreateWarehouse[2m > [22mshould create warehouse with generated code[32m 0[2mms[22m[39m
 [32mΓ£ô[39m src/api/__tests__/inventoryService.test.ts[2m > [22minventoryService[2m > [22mgetWarehouses[2m > [22mshould return active warehouses[32m 0[2mms[22m[39m
 [32mΓ£ô[39m src/api/__tests__/inventoryService.test.ts[2m > [22minventoryService[2m > [22maddWarehouseLocation[2m > [22mshould add location to warehouse[32m 1[2mms[22m[39m
 [32mΓ£ô[39m src/api/__tests__/inventoryService.test.ts[2m > [22minventoryService[2m > [22maddWarehouseLocation[2m > [22mshould reject adding location to non-existent warehouse[32m 0[2mms[22m[39m
 [32mΓ£ô[39m src/api/__tests__/inventoryService.test.ts[2m > [22minventoryService[2m > [22mgetInventorySummary[2m > [22mshould return comprehensive inventory summary[32m 1[2mms[22m[39m
 [32mΓ£ô[39m src/api/__tests__/inventoryService.test.ts[2m > [22minventoryService[2m > [22mEdge Cases[2m > [22mshould handle network errors gracefully[32m 0[2mms[22m[39m
 [32mΓ£ô[39m src/api/__tests__/inventoryService.test.ts[2m > [22minventoryService[2m > [22mEdge Cases[2m > [22mshould handle concurrent transactions[32m 1[2mms[22m[39m
 [32mΓ£ô[39m src/api/__tests__/inventoryService.test.ts[2m > [22minventoryService[2m > [22mEdge Cases[2m > [22mshould handle very large quantities[32m 0[2mms[22m[39m
 [32mΓ£ô[39m src/api/__tests__/inventoryService.test.ts[2m > [22minventoryService[2m > [22mEdge Cases[2m > [22mshould handle special characters in material names[32m 0[2mms[22m[39m
 [32mΓ£ô[39m src/api/__tests__/inventoryService.test.ts[2m > [22minventoryService[2m > [22mEdge Cases[2m > [22mshould handle null/undefined gracefully in filters[32m 2[2mms[22m[39m
[90mstdout[2m | src/api/__tests__/projectService.test.ts[2m > [22m[2mprojectService - Retrieval Operations[2m > [22m[2mgetWorkspaces[2m > [22m[2mshould fetch workspaces with projects successfully
[22m[39m[NataCarePM] [INFO] projectService:getWorkspaces Fetching workspaces

[90mstdout[2m | src/api/__tests__/projectService.test.ts[2m > [22m[2mprojectService - Retrieval Operations[2m > [22m[2mgetWorkspaces[2m > [22m[2mshould fetch workspaces with projects successfully
[22m[39m[NataCarePM] [INFO] projectService:getWorkspaces Workspaces fetched successfully { count: [33m1[39m, projectCount: [33m3[39m }

[90mstdout[2m | src/api/__tests__/projectService.test.ts[2m > [22m[2mprojectService - Retrieval Operations[2m > [22m[2mgetWorkspaces[2m > [22m[2mshould fetch workspaces with projects successfully
[22m[39m[NataCarePM] projectService:getWorkspaces: 1.611ms

 [32mΓ£ô[39m src/api/__tests__/projectService.test.ts[2m > [22mprojectService - Retrieval Operations[2m > [22mgetWorkspaces[2m > [22mshould fetch workspaces with projects successfully[33m 418[2mms[22m[39m
[90mstdout[2m | src/api/__tests__/projectService.test.ts[2m > [22m[2mprojectService - Retrieval Operations[2m > [22m[2mgetWorkspaces[2m > [22m[2mshould handle empty projects collection
[22m[39m[NataCarePM] [INFO] projectService:getWorkspaces Fetching workspaces

[90mstdout[2m | src/api/__tests__/projectService.test.ts[2m > [22m[2mprojectService - Retrieval Operations[2m > [22m[2mgetWorkspaces[2m > [22m[2mshould handle empty projects collection
[22m[39m[NataCarePM] [INFO] projectService:getWorkspaces Workspaces fetched successfully { count: [33m1[39m, projectCount: [33m0[39m }

[90mstdout[2m | src/api/__tests__/projectService.test.ts[2m > [22m[2mprojectService - Retrieval Operations[2m > [22m[2mgetWorkspaces[2m > [22m[2mshould handle empty projects collection
[22m[39m[NataCarePM] projectService:getWorkspaces: 0.343ms

[90mstdout[2m | src/api/__tests__/projectService.test.ts[2m > [22m[2mprojectService - Retrieval Operations[2m > [22m[2mgetWorkspaces[2m > [22m[2mshould handle Firestore errors gracefully
[22m[39m[NataCarePM] [INFO] projectService:getWorkspaces Fetching workspaces

 [32mΓ£ô[39m src/__tests__/unit/taskService.test.ts[2m > [22mTaskService[2m > [22mcreateTask[2m > [22mshould create a task with all required fields[32m 2[2mms[22m[39m
 [32mΓ£ô[39m src/__tests__/unit/taskService.test.ts[2m > [22mTaskService[2m > [22mcreateTask[2m > [22mshould create task with dependencies[32m 2[2mms[22m[39m
 [32mΓ£ô[39m src/__tests__/unit/taskService.test.ts[2m > [22mTaskService[2m > [22mcreateTask[2m > [22mshould create task with subtasks[32m 0[2mms[22m[39m
 [32mΓ£ô[39m src/__tests__/unit/taskService.test.ts[2m > [22mTaskService[2m > [22mbatch creation[2m > [22mshould create multiple tasks[32m 0[2mms[22m[39m
 [32mΓ£ô[39m src/__tests__/unit/taskService.test.ts[2m > [22mTaskService[2m > [22mbatch creation[2m > [22mshould create tasks for specific project[32m 0[2mms[22m[39m
 [32mΓ£ô[39m src/__tests__/unit/taskService.test.ts[2m > [22mTaskService[2m > [22mbatch creation[2m > [22mshould vary task status[32m 0[2mms[22m[39m
 [32mΓ£ô[39m src/__tests__/unit/taskService.test.ts[2m > [22mTaskService[2m > [22mtask validation[2m > [22mshould have valid date format[32m 0[2mms[22m[39m
 [32mΓ£ô[39m src/__tests__/unit/taskService.test.ts[2m > [22mTaskService[2m > [22mtask validation[2m > [22mshould have valid progress value[32m 0[2mms[22m[39m
 [32mΓ£ô[39m src/__tests__/unit/taskService.test.ts[2m > [22mTaskService[2m > [22mtask validation[2m > [22mshould have valid priority[32m 0[2mms[22m[39m
[90mstderr[2m | src/api/__tests__/rabAhspService.test.ts[2m > [22m[2mRabAhspService[2m > 
[22m[2mcreateRabItem[2m > [22m[2mshould reject invalid project ID
[22m[39mΓÜá∩╕Å logError attempt 1/3 failed: Error: [vitest] No "serverTimestamp" export is 
defined on the "firebase/firestore" mock. Did you forget to return it from "vi.mock"?
If you need to partially mock a module, you can use "importOriginal" helper inside:

    at VitestMocker.createError [90m(file:///C:/Users/latie/Documents/GitHub/NataCarePM/[39mno
de_modules/[4mvitest[24m/dist/chunks/execute.B7h3T_Hc.js:284:17[90m)[39m
    at Object.get [90m(file:///C:/Users/latie/Documents/GitHub/NataCarePM/[39mnode_modules/[4
mvitest[24m/dist/chunks/execute.B7h3T_Hc.js:330:16[90m)[39m
    at operation [90m(C:\Users\latie\Documents\GitHub\NataCarePM\[39msrc\api\monitoringService
.ts:453:22[90m)[39m
    at MonitoringService.executeWithRetry [90m(C:\Users\latie\Documents\GitHub\NataCarePM\[39m
src\api\monitoringService.ts:585:15[90m)[39m
    at MonitoringService.logError [90m(C:\Users\latie\Documents\GitHub\NataCarePM\[39msrc\api\
monitoringService.ts:462:18[90m)[39m
    at wrapError [90m(C:\Users\latie\Documents\GitHub\NataCarePM\[39msrc\utils\responseWrapper
.ts:148:21[90m)[39m
    at safeAsync [90m(C:\Users\latie\Documents\GitHub\NataCarePM\[39msrc\utils\responseWrapper
.ts:211:12[90m)[39m
    at RabAhspService.createRabItem 
[90m(C:\Users\latie\Documents\GitHub\NataCarePM\[39msrc\api\rabAhspService.ts:77:12[90m)[39m
    at [90mC:\Users\latie\Documents\GitHub\NataCarePM\[39msrc\api\__tests__\rabAhspService.tes
t.ts:77:22
    at [90mfile:///C:/Users/latie/Documents/GitHub/NataCarePM/[39mnode_modules/[4m@vitest/run
ner[24m/dist/chunk-hooks.js:752:20 {
  codeFrame: [32m'vi\x1B[33m.\x1B[39m\x1B[34mmock\x1B[39m(\x1B[35mimport\x1B[39m(\x1B[32m"fireb
ase/firestore"\x1B[39m)\x1B[33m,\x1B[39m \x1B[35masync\x1B[39m (importOriginal) 
\x1B[33m=>\x1B[39m {\n'[39m +
    [32m'  \x1B[35mconst\x1B[39m actual \x1B[33m=\x1B[39m \x1B[35mawait\x1B[39m 
\x1B[34mimportOriginal\x1B[39m()\n'[39m +
    [32m'  \x1B[35mreturn\x1B[39m {\n'[39m +
    [32m'    \x1B[33m...\x1B[39mactual\x1B[33m,\x1B[39m\n'[39m +
    [32m'    \x1B[90m// your mocked methods\x1B[39m\n'[39m +
    [32m'  }\n'[39m +
    [32m'})'[39m
}

[90mstderr[2m | src/api/__tests__/rabAhspService.test.ts[2m > [22m[2mRabAhspService[2m > 
[22m[2mcreateRabItem[2m > [22m[2mshould reject empty description
[22m[39mΓÜá∩╕Å logError attempt 1/3 failed: Error: [vitest] No "serverTimestamp" export is 
defined on the "firebase/firestore" mock. Did you forget to return it from "vi.mock"?
If you need to partially mock a module, you can use "importOriginal" helper inside:

    at VitestMocker.createError [90m(file:///C:/Users/latie/Documents/GitHub/NataCarePM/[39mno
de_modules/[4mvitest[24m/dist/chunks/execute.B7h3T_Hc.js:284:17[90m)[39m
    at Object.get [90m(file:///C:/Users/latie/Documents/GitHub/NataCarePM/[39mnode_modules/[4
mvitest[24m/dist/chunks/execute.B7h3T_Hc.js:330:16[90m)[39m
    at operation [90m(C:\Users\latie\Documents\GitHub\NataCarePM\[39msrc\api\monitoringService
.ts:453:22[90m)[39m
    at MonitoringService.executeWithRetry [90m(C:\Users\latie\Documents\GitHub\NataCarePM\[39m
src\api\monitoringService.ts:585:15[90m)[39m
    at MonitoringService.logError [90m(C:\Users\latie\Documents\GitHub\NataCarePM\[39msrc\api\
monitoringService.ts:462:18[90m)[39m
    at wrapError [90m(C:\Users\latie\Documents\GitHub\NataCarePM\[39msrc\utils\responseWrapper
.ts:148:21[90m)[39m
    at safeAsync [90m(C:\Users\latie\Documents\GitHub\NataCarePM\[39msrc\utils\responseWrapper
.ts:211:12[90m)[39m
    at RabAhspService.createRabItem 
[90m(C:\Users\latie\Documents\GitHub\NataCarePM\[39msrc\api\rabAhspService.ts:77:12[90m)[39m
    at [90mC:\Users\latie\Documents\GitHub\NataCarePM\[39msrc\api\__tests__\rabAhspService.tes
t.ts:86:22
    at [90mfile:///C:/Users/latie/Documents/GitHub/NataCarePM/[39mnode_modules/[4m@vitest/run
ner[24m/dist/chunk-hooks.js:752:20 {
  codeFrame: [32m'vi\x1B[33m.\x1B[39m\x1B[34mmock\x1B[39m(\x1B[35mimport\x1B[39m(\x1B[32m"fireb
ase/firestore"\x1B[39m)\x1B[33m,\x1B[39m \x1B[35masync\x1B[39m (importOriginal) 
\x1B[33m=>\x1B[39m {\n'[39m +
    [32m'  \x1B[35mconst\x1B[39m actual \x1B[33m=\x1B[39m \x1B[35mawait\x1B[39m 
\x1B[34mimportOriginal\x1B[39m()\n'[39m +
    [32m'  \x1B[35mreturn\x1B[39m {\n'[39m +
    [32m'    \x1B[33m...\x1B[39mactual\x1B[33m,\x1B[39m\n'[39m +
    [32m'    \x1B[90m// your mocked methods\x1B[39m\n'[39m +
    [32m'  }\n'[39m +
    [32m'})'[39m
}

[90mstderr[2m | src/api/__tests__/rabAhspService.test.ts[2m > [22m[2mRabAhspService[2m > 
[22m[2mcreateRabItem[2m > [22m[2mshould reject negative volume
[22m[39mΓÜá∩╕Å logError attempt 1/3 failed: Error: [vitest] No "serverTimestamp" export is 
defined on the "firebase/firestore" mock. Did you forget to return it from "vi.mock"?
If you need to partially mock a module, you can use "importOriginal" helper inside:

    at VitestMocker.createError [90m(file:///C:/Users/latie/Documents/GitHub/NataCarePM/[39mno
de_modules/[4mvitest[24m/dist/chunks/execute.B7h3T_Hc.js:284:17[90m)[39m
    at Object.get [90m(file:///C:/Users/latie/Documents/GitHub/NataCarePM/[39mnode_modules/[4
mvitest[24m/dist/chunks/execute.B7h3T_Hc.js:330:16[90m)[39m
    at operation [90m(C:\Users\latie\Documents\GitHub\NataCarePM\[39msrc\api\monitoringService
.ts:453:22[90m)[39m
    at MonitoringService.executeWithRetry [90m(C:\Users\latie\Documents\GitHub\NataCarePM\[39m
src\api\monitoringService.ts:585:15[90m)[39m
    at MonitoringService.logError [90m(C:\Users\latie\Documents\GitHub\NataCarePM\[39msrc\api\
monitoringService.ts:462:18[90m)[39m
    at wrapError [90m(C:\Users\latie\Documents\GitHub\NataCarePM\[39msrc\utils\responseWrapper
.ts:148:21[90m)[39m
    at safeAsync [90m(C:\Users\latie\Documents\GitHub\NataCarePM\[39msrc\utils\responseWrapper
.ts:211:12[90m)[39m
    at RabAhspService.createRabItem 
[90m(C:\Users\latie\Documents\GitHub\NataCarePM\[39msrc\api\rabAhspService.ts:77:12[90m)[39m
    at [90mC:\Users\latie\Documents\GitHub\NataCarePM\[39msrc\api\__tests__\rabAhspService.tes
t.ts:95:22
    at [90mfile:///C:/Users/latie/Documents/GitHub/NataCarePM/[39mnode_modules/[4m@vitest/run
ner[24m/dist/chunk-hooks.js:752:20 {
  codeFrame: [32m'vi\x1B[33m.\x1B[39m\x1B[34mmock\x1B[39m(\x1B[35mimport\x1B[39m(\x1B[32m"fireb
ase/firestore"\x1B[39m)\x1B[33m,\x1B[39m \x1B[35masync\x1B[39m (importOriginal) 
\x1B[33m=>\x1B[39m {\n'[39m +
    [32m'  \x1B[35mconst\x1B[39m actual \x1B[33m=\x1B[39m \x1B[35mawait\x1B[39m 
\x1B[34mimportOriginal\x1B[39m()\n'[39m +
    [32m'  \x1B[35mreturn\x1B[39m {\n'[39m +
    [32m'    \x1B[33m...\x1B[39mactual\x1B[33m,\x1B[39m\n'[39m +
    [32m'    \x1B[90m// your mocked methods\x1B[39m\n'[39m +
    [32m'  }\n'[39m +
    [32m'})'[39m
}

[90mstderr[2m | src/api/__tests__/projectService.test.ts[2m > [22m[2mprojectService - 
Retrieval Operations[2m > [22m[2mgetWorkspaces[2m > [22m[2mshould handle Firestore errors 
gracefully
[22m[39mΓÜá∩╕Å logError attempt 1/3 failed: TypeError: Cannot read properties of undefined 
(reading 'id')
    at operation [90m(C:\Users\latie\Documents\GitHub\NataCarePM\[39msrc\api\monitoringService
.ts:458:54[90m)[39m
    at MonitoringService.executeWithRetry [90m(C:\Users\latie\Documents\GitHub\NataCarePM\[39m
src\api\monitoringService.ts:585:9[90m)[39m
    at MonitoringService.logError [90m(C:\Users\latie\Documents\GitHub\NataCarePM\[39msrc\api\
monitoringService.ts:462:7[90m)[39m

[90mstdout[2m | src/api/__tests__/projectService.test.ts[2m > [22m[2mprojectService - Retrieval Operations[2m > [22m[2mgetWorkspaces[2m > [22m[2mshould handle Firestore errors gracefully
[22m[39m[NataCarePM] projectService:getWorkspaces: 2.195ms

[90mstderr[2m | src/api/__tests__/rabAhspService.test.ts[2m > [22m[2mRabAhspService[2m > 
[22m[2mcreateRabItem[2m > [22m[2mshould reject zero volume
[22m[39mΓÜá∩╕Å logError attempt 1/3 failed: Error: [vitest] No "serverTimestamp" export is 
defined on the "firebase/firestore" mock. Did you forget to return it from "vi.mock"?
If you need to partially mock a module, you can use "importOriginal" helper inside:

    at VitestMocker.createError [90m(file:///C:/Users/latie/Documents/GitHub/NataCarePM/[39mno
de_modules/[4mvitest[24m/dist/chunks/execute.B7h3T_Hc.js:284:17[90m)[39m
    at Object.get [90m(file:///C:/Users/latie/Documents/GitHub/NataCarePM/[39mnode_modules/[4
mvitest[24m/dist/chunks/execute.B7h3T_Hc.js:330:16[90m)[39m
    at operation [90m(C:\Users\latie\Documents\GitHub\NataCarePM\[39msrc\api\monitoringService
.ts:453:22[90m)[39m
    at MonitoringService.executeWithRetry [90m(C:\Users\latie\Documents\GitHub\NataCarePM\[39m
src\api\monitoringService.ts:585:15[90m)[39m
    at MonitoringService.logError [90m(C:\Users\latie\Documents\GitHub\NataCarePM\[39msrc\api\
monitoringService.ts:462:18[90m)[39m
    at wrapError [90m(C:\Users\latie\Documents\GitHub\NataCarePM\[39msrc\utils\responseWrapper
.ts:148:21[90m)[39m
    at safeAsync [90m(C:\Users\latie\Documents\GitHub\NataCarePM\[39msrc\utils\responseWrapper
.ts:211:12[90m)[39m
    at RabAhspService.createRabItem 
[90m(C:\Users\latie\Documents\GitHub\NataCarePM\[39msrc\api\rabAhspService.ts:77:12[90m)[39m
    at [90mC:\Users\latie\Documents\GitHub\NataCarePM\[39msrc\api\__tests__\rabAhspService.tes
t.ts:104:22
    at [90mfile:///C:/Users/latie/Documents/GitHub/NataCarePM/[39mnode_modules/[4m@vitest/run
ner[24m/dist/chunk-hooks.js:752:20 {
  codeFrame: [32m'vi\x1B[33m.\x1B[39m\x1B[34mmock\x1B[39m(\x1B[35mimport\x1B[39m(\x1B[32m"fireb
ase/firestore"\x1B[39m)\x1B[33m,\x1B[39m \x1B[35masync\x1B[39m (importOriginal) 
\x1B[33m=>\x1B[39m {\n'[39m +
    [32m'  \x1B[35mconst\x1B[39m actual \x1B[33m=\x1B[39m \x1B[35mawait\x1B[39m 
\x1B[34mimportOriginal\x1B[39m()\n'[39m +
    [32m'  \x1B[35mreturn\x1B[39m {\n'[39m +
    [32m'    \x1B[33m...\x1B[39mactual\x1B[33m,\x1B[39m\n'[39m +
    [32m'    \x1B[90m// your mocked methods\x1B[39m\n'[39m +
    [32m'  }\n'[39m +
    [32m'})'[39m
}

[90mstdout[2m | src/api/__tests__/projectService.test.ts[2m > [22m[2mprojectService - Retrieval Operations[2m > [22m[2mgetProjectById[2m > [22m[2mshould retrieve project by valid ID
[22m[39m[NataCarePM] [INFO] projectService:getProjectById Fetching project { projectId: [32m'proj-valid-123'[39m }

[90mstdout[2m | src/api/__tests__/projectService.test.ts[2m > [22m[2mprojectService - Retrieval Operations[2m > [22m[2mgetProjectById[2m > [22m[2mshould retrieve project by valid ID
[22m[39m[NataCarePM] [INFO] projectService:getProjectById Fetching project { projectId: [32m'proj-valid-123'[39m }

[90mstdout[2m | src/api/__tests__/projectService.test.ts[2m > [22m[2mprojectService - Retrieval Operations[2m > [22m[2mgetProjectById[2m > [22m[2mshould retrieve project by valid ID
[22m[39m[NataCarePM] [INFO] projectService:getProjectById Project fetched successfully {
  projectId: [32m'proj-valid-123'[39m,
  projectName: [32m'Test Construction Project'[39m
}

[90mstdout[2m | src/api/__tests__/projectService.test.ts[2m > [22m[2mprojectService - Retrieval Operations[2m > [22m[2mgetProjectById[2m > [22m[2mshould retrieve project by valid ID
[22m[39m[NataCarePM] projectService:getProjectById: 1.088ms

[90mstderr[2m | src/api/__tests__/rabAhspService.test.ts[2m > [22m[2mRabAhspService[2m > 
[22m[2mcreateRabItem[2m > [22m[2mshould reject negative unit price
[22m[39mΓÜá∩╕Å logError attempt 1/3 failed: Error: [vitest] No "serverTimestamp" export is 
defined on the "firebase/firestore" mock. Did you forget to return it from "vi.mock"?
If you need to partially mock a module, you can use "importOriginal" helper inside:

    at VitestMocker.createError [90m(file:///C:/Users/latie/Documents/GitHub/NataCarePM/[39mno
de_modules/[4mvitest[24m/dist/chunks/execute.B7h3T_Hc.js:284:17[90m)[39m
    at Object.get [90m(file:///C:/Users/latie/Documents/GitHub/NataCarePM/[39mnode_modules/[4
mvitest[24m/dist/chunks/execute.B7h3T_Hc.js:330:16[90m)[39m
    at operation [90m(C:\Users\latie\Documents\GitHub\NataCarePM\[39msrc\api\monitoringService
.ts:453:22[90m)[39m
    at MonitoringService.executeWithRetry [90m(C:\Users\latie\Documents\GitHub\NataCarePM\[39m
src\api\monitoringService.ts:585:15[90m)[39m
    at MonitoringService.logError [90m(C:\Users\latie\Documents\GitHub\NataCarePM\[39msrc\api\
monitoringService.ts:462:18[90m)[39m
    at wrapError [90m(C:\Users\latie\Documents\GitHub\NataCarePM\[39msrc\utils\responseWrapper
.ts:148:21[90m)[39m
    at safeAsync [90m(C:\Users\latie\Documents\GitHub\NataCarePM\[39msrc\utils\responseWrapper
.ts:211:12[90m)[39m
    at RabAhspService.createRabItem 
[90m(C:\Users\latie\Documents\GitHub\NataCarePM\[39msrc\api\rabAhspService.ts:77:12[90m)[39m
    at [90mC:\Users\latie\Documents\GitHub\NataCarePM\[39msrc\api\__tests__\rabAhspService.tes
t.ts:112:22
    at [90mfile:///C:/Users/latie/Documents/GitHub/NataCarePM/[39mnode_modules/[4m@vitest/run
ner[24m/dist/chunk-hooks.js:752:20 {
  codeFrame: [32m'vi\x1B[33m.\x1B[39m\x1B[34mmock\x1B[39m(\x1B[35mimport\x1B[39m(\x1B[32m"fireb
ase/firestore"\x1B[39m)\x1B[33m,\x1B[39m \x1B[35masync\x1B[39m (importOriginal) 
\x1B[33m=>\x1B[39m {\n'[39m +
    [32m'  \x1B[35mconst\x1B[39m actual \x1B[33m=\x1B[39m \x1B[35mawait\x1B[39m 
\x1B[34mimportOriginal\x1B[39m()\n'[39m +
    [32m'  \x1B[35mreturn\x1B[39m {\n'[39m +
    [32m'    \x1B[33m...\x1B[39mactual\x1B[33m,\x1B[39m\n'[39m +
    [32m'    \x1B[90m// your mocked methods\x1B[39m\n'[39m +
    [32m'  }\n'[39m +
    [32m'})'[39m
}

[90mstdout[2m | src/api/__tests__/projectService.test.ts[2m > [22m[2mprojectService - Retrieval Operations[2m > [22m[2mgetProjectById[2m > [22m[2mshould reject invalid project ID format
[22m[39m[NataCarePM] [INFO] projectService:getProjectById Fetching project { projectId: [32m''[39m }

[90mstderr[2m | src/api/__tests__/projectService.test.ts[2m > [22m[2mprojectService - 
Retrieval Operations[2m > [22m[2mgetProjectById[2m > [22m[2mshould reject invalid project 
ID format
[22m[39m[NataCarePM] [WARN] getProjectById Invalid project ID {
  projectId: [32m''[39m,
  errors: [ [32m'Project ID is required and must be a string'[39m ]
}

[90mstdout[2m | src/api/__tests__/projectService.test.ts[2m > [22m[2mprojectService - Retrieval Operations[2m > [22m[2mgetProjectById[2m > [22m[2mshould reject invalid project ID format
[22m[39m[NataCarePM] projectService:getProjectById: 0.542ms

[90mstdout[2m | src/api/__tests__/projectService.test.ts[2m > [22m[2mprojectService - Retrieval Operations[2m > [22m[2mgetProjectById[2m > [22m[2mshould reject invalid project ID format
[22m[39m[NataCarePM] [INFO] projectService:getProjectById Fetching project { projectId: [32m'  '[39m }

[90mstderr[2m | src/api/__tests__/projectService.test.ts[2m > [22m[2mprojectService - 
Retrieval Operations[2m > [22m[2mgetProjectById[2m > [22m[2mshould reject invalid project 
ID format
[22m[39m[NataCarePM] [WARN] getProjectById Invalid project ID {
  projectId: [32m'  '[39m,
  errors: [
    [32m'Project ID contains invalid characters (only alphanumeric, dash, underscore 
allowed)'[39m
  ]
[90mstdout[2m | src/api/__tests__/projectService.test.ts[2m > [22m[2mprojectService - Retrieval Operations[2m > [22m[2mgetProjectById[2m > [22m[2mshould reject invalid project ID format
}
[22m[39m[NataCarePM] projectService:getProjectById: 0.416ms


[90mstdout[2m | src/api/__tests__/projectService.test.ts[2m > [22m[2mprojectService - Retrieval Operations[2m > [22m[2mgetProjectById[2m > [22m[2mshould reject invalid project ID format
[22m[39m[NataCarePM] [INFO] projectService:getProjectById Fetching project { projectId: [32m'id with spaces'[39m }

[90mstderr[2m | src/api/__tests__/projectService.test.ts[2m > [22m[2mprojectService - 
Retrieval Operations[2m > [22m[2mgetProjectById[2m > [22m[2mshould reject invalid project 
ID format
[22m[39m[NataCarePM] [WARN] getProjectById Invalid project ID {
  projectId: [32m'id with spaces'[39m,
  errors: [
    [32m'Project ID contains invalid characters (only alphanumeric, dash, underscore 
allowed)'[39m
  ]
}

[90mstdout[2m | src/api/__tests__/projectService.test.ts[2m > [22m[2mprojectService - Retrieval Operations[2m > [22m[2mgetProjectById[2m > [22m[2mshould reject invalid project ID format
[22m[39m[NataCarePM] projectService:getProjectById: 0.279ms

[90mstdout[2m | src/api/__tests__/projectService.test.ts[2m > [22m[2mprojectService - Retrieval Operations[2m > [22m[2mgetProjectById[2m > [22m[2mshould reject invalid project ID format
[22m[39m[NataCarePM] [INFO] projectService:getProjectById Fetching project { projectId: [32m'id@special!'[39m }

[90mstderr[2m | src/api/__tests__/projectService.test.ts[2m > [22m[2mprojectService - 
Retrieval Operations[2m > [22m[2mgetProjectById[2m > [22m[2mshould reject invalid project 
ID format
[22m[39m[NataCarePM] [WARN] getProjectById Invalid project ID {
  projectId: [32m'id@special!'[39m,
  errors: [
    [32m'Project ID contains invalid characters (only alphanumeric, dash, underscore 
allowed)'[39m
  ]
}

[90mstdout[2m | src/api/__tests__/projectService.test.ts[2m > [22m[2mprojectService - Retrieval Operations[2m > [22m[2mgetProjectById[2m > [22m[2mshould reject invalid project ID format
[22m[39m[NataCarePM] projectService:getProjectById: 0.246ms

[90mstdout[2m | src/api/__tests__/projectService.test.ts[2m > [22m[2mprojectService - Retrieval Operations[2m > [22m[2mgetProjectById[2m > [22m[2mshould handle non-existent project
[22m[39m[NataCarePM] [INFO] projectService:getProjectById Fetching project { projectId: [32m'non-existent-project-id'[39m }

[90mstdout[2m | src/api/__tests__/projectService.test.ts[2m > [22m[2mprojectService - Retrieval Operations[2m > [22m[2mgetProjectById[2m > [22m[2mshould handle non-existent project
[22m[39m[NataCarePM] [INFO] projectService:getProjectById Fetching project { projectId: [32m'non-existent-project-id'[39m }

[90mstdout[2m | src/api/__tests__/projectService.test.ts[2m > [22m[2mprojectService - Retrieval Operations[2m > [22m[2mgetProjectById[2m > [22m[2mshould handle non-existent project
[22m[39m[NataCarePM] projectService:getProjectById: 0.289ms

[90mstdout[2m | src/api/__tests__/projectService.test.ts[2m > [22m[2mprojectService - Retrieval Operations[2m > [22m[2mgetProjectById[2m > [22m[2mshould retry on transient Firestore errors
[22m[39m[NataCarePM] [INFO] projectService:getProjectById Fetching project { projectId: [32m'proj-retry-123'[39m }

[90mstderr[2m | src/api/__tests__/rabAhspService.test.ts[2m > [22m[2mRabAhspService[2m > 
[22m[2mcreateRabItem[2m > [22m[2mshould reject invalid AHSP ID
[22m[39mΓÜá∩╕Å logError attempt 1/3 failed: Error: [vitest] No "serverTimestamp" export is 
defined on the "firebase/firestore" mock. Did you forget to return it from "vi.mock"?
If you need to partially mock a module, you can use "importOriginal" helper inside:

    at VitestMocker.createError [90m(file:///C:/Users/latie/Documents/GitHub/NataCarePM/[39mno
de_modules/[4mvitest[24m/dist/chunks/execute.B7h3T_Hc.js:284:17[90m)[39m
    at Object.get [90m(file:///C:/Users/latie/Documents/GitHub/NataCarePM/[39mnode_modules/[4
mvitest[24m/dist/chunks/execute.B7h3T_Hc.js:330:16[90m)[39m
    at operation [90m(C:\Users\latie\Documents\GitHub\NataCarePM\[39msrc\api\monitoringService
.ts:453:22[90m)[39m
    at MonitoringService.executeWithRetry [90m(C:\Users\latie\Documents\GitHub\NataCarePM\[39m
src\api\monitoringService.ts:585:15[90m)[39m
    at MonitoringService.logError [90m(C:\Users\latie\Documents\GitHub\NataCarePM\[39msrc\api\
monitoringService.ts:462:18[90m)[39m
    at wrapError [90m(C:\Users\latie\Documents\GitHub\NataCarePM\[39msrc\utils\responseWrapper
.ts:148:21[90m)[39m
    at safeAsync [90m(C:\Users\latie\Documents\GitHub\NataCarePM\[39msrc\utils\responseWrapper
.ts:211:12[90m)[39m
    at RabAhspService.createRabItem 
[90m(C:\Users\latie\Documents\GitHub\NataCarePM\[39msrc\api\rabAhspService.ts:77:12[90m)[39m
    at [90mC:\Users\latie\Documents\GitHub\NataCarePM\[39msrc\api\__tests__\rabAhspService.tes
t.ts:121:22
    at [90mfile:///C:/Users/latie/Documents/GitHub/NataCarePM/[39mnode_modules/[4m@vitest/run
ner[24m/dist/chunk-hooks.js:752:20 {
  codeFrame: [32m'vi\x1B[33m.\x1B[39m\x1B[34mmock\x1B[39m(\x1B[35mimport\x1B[39m(\x1B[32m"fireb
ase/firestore"\x1B[39m)\x1B[33m,\x1B[39m \x1B[35masync\x1B[39m (importOriginal) 
\x1B[33m=>\x1B[39m {\n'[39m +
    [32m'  \x1B[35mconst\x1B[39m actual \x1B[33m=\x1B[39m \x1B[35mawait\x1B[39m 
\x1B[34mimportOriginal\x1B[39m()\n'[39m +
    [32m'  \x1B[35mreturn\x1B[39m {\n'[39m +
    [32m'    \x1B[33m...\x1B[39mactual\x1B[33m,\x1B[39m\n'[39m +
    [32m'    \x1B[90m// your mocked methods\x1B[39m\n'[39m +
    [32m'  }\n'[39m +
    [32m'})'[39m
}

[90mstdout[2m | src/api/__tests__/projectService.test.ts[2m > [22m[2mprojectService - Retrieval Operations[2m > [22m[2mgetProjectById[2m > [22m[2mshould retry on transient Firestore errors
[22m[39m[NataCarePM] [INFO] projectService:getProjectById Fetching project { projectId: [32m'proj-retry-123'[39m }

[90mstdout[2m | src/api/__tests__/projectService.test.ts[2m > [22m[2mprojectService - Retrieval Operations[2m > [22m[2mgetProjectById[2m > [22m[2mshould retry on transient Firestore errors
[22m[39m[NataCarePM] [INFO] projectService:getProjectById Project fetched successfully {
  projectId: [32m'proj-retry-123'[39m,
  projectName: [32m'Test Construction Project'[39m
}

[90mstdout[2m | src/api/__tests__/projectService.test.ts[2m > [22m[2mprojectService - Retrieval Operations[2m > [22m[2mgetProjectById[2m > [22m[2mshould retry on transient Firestore errors
[22m[39m[NataCarePM] projectService:getProjectById: 0.392ms

[90mstderr[2m | src/api/__tests__/rabAhspService.test.ts[2m > [22m[2mRabAhspService[2m > 
[22m[2mgetRabItemById[2m > [22m[2mshould return error when RAB item not found
[22m[39mΓÜá∩╕Å logError attempt 1/3 failed: Error: [vitest] No "serverTimestamp" export is 
defined on the "firebase/firestore" mock. Did you forget to return it from "vi.mock"?
If you need to partially mock a module, you can use "importOriginal" helper inside:

    at VitestMocker.createError [90m(file:///C:/Users/latie/Documents/GitHub/NataCarePM/[39mno
de_modules/[4mvitest[24m/dist/chunks/execute.B7h3T_Hc.js:284:17[90m)[39m
    at Object.get [90m(file:///C:/Users/latie/Documents/GitHub/NataCarePM/[39mnode_modules/[4
mvitest[24m/dist/chunks/execute.B7h3T_Hc.js:330:16[90m)[39m
    at operation [90m(C:\Users\latie\Documents\GitHub\NataCarePM\[39msrc\api\monitoringService
.ts:453:22[90m)[39m
    at MonitoringService.executeWithRetry [90m(C:\Users\latie\Documents\GitHub\NataCarePM\[39m
src\api\monitoringService.ts:585:15[90m)[39m
    at MonitoringService.logError [90m(C:\Users\latie\Documents\GitHub\NataCarePM\[39msrc\api\
monitoringService.ts:462:18[90m)[39m
    at wrapError [90m(C:\Users\latie\Documents\GitHub\NataCarePM\[39msrc\utils\responseWrapper
.ts:148:21[90m)[39m
    at safeAsync [90m(C:\Users\latie\Documents\GitHub\NataCarePM\[39msrc\utils\responseWrapper
.ts:211:12[90m)[39m
    at RabAhspService.getRabItemById [90m(C:\Users\latie\Documents\GitHub\NataCarePM\[39msrc\a
pi\rabAhspService.ts:144:12[90m)[39m
    at [90mC:\Users\latie\Documents\GitHub\NataCarePM\[39msrc\api\__tests__\rabAhspService.tes
t.ts:164:22
    at [90mfile:///C:/Users/latie/Documents/GitHub/NataCarePM/[39mnode_modules/[4m@vitest/run
ner[24m/dist/chunk-hooks.js:752:20 {
  codeFrame: [32m'vi\x1B[33m.\x1B[39m\x1B[34mmock\x1B[39m(\x1B[35mimport\x1B[39m(\x1B[32m"fireb
ase/firestore"\x1B[39m)\x1B[33m,\x1B[39m \x1B[35masync\x1B[39m (importOriginal) 
\x1B[33m=>\x1B[39m {\n'[39m +
    [32m'  \x1B[35mconst\x1B[39m actual \x1B[33m=\x1B[39m \x1B[35mawait\x1B[39m 
\x1B[34mimportOriginal\x1B[39m()\n'[39m +
    [32m'  \x1B[35mreturn\x1B[39m {\n'[39m +
    [32m'    \x1B[33m...\x1B[39mactual\x1B[33m,\x1B[39m\n'[39m +
    [32m'    \x1B[90m// your mocked methods\x1B[39m\n'[39m +
    [32m'  }\n'[39m +
    [32m'})'[39m
}
[90mstdout[2m | src/api/__tests__/projectService.test.ts[2m > [22m[2mprojectService - Retrieval Operations[2m > [22m[2mgetUserById[2m > [22m[2mshould retrieve user by valid ID
[22m[39m[NataCarePM] [INFO] projectService:getUserById Fetching user { userId: [32m'user-valid-456'[39m }

[90mstdout[2m | src/api/__tests__/projectService.test.ts[2m > [22m[2mprojectService - Retrieval Operations[2m > [22m[2mgetUserById[2m > [22m[2mshould retrieve user by valid ID
[22m[39m[NataCarePM] [INFO] projectService:getUserById User fetched successfully { userId: [32m'user-valid-456'[39m, userName: [32m'Test User'[39m }

[90mstdout[2m | src/api/__tests__/projectService.test.ts[2m > [22m[2mprojectService - Retrieval Operations[2m > [22m[2mgetUserById[2m > [22m[2mshould retrieve user by valid ID
[22m[39m[NataCarePM] projectService:getUserById: 0.417ms


[90mstderr[2m | src/api/__tests__/projectService.test.ts[2m > [22m[2mprojectService - 
Retrieval Operations[2m > [22m[2mgetUserById[2m > [22m[2mshould reject invalid user ID 
format
[22m[39m[NataCarePM] [WARN] getUserById Invalid user ID { userId: [32m''[39m }

[90mstderr[2m | src/api/__tests__/rabAhspService.test.ts[2m > [22m[2mRabAhspService[2m > 
[22m[2mgetRabItemById[2m > [22m[2mshould reject invalid RAB item ID
[22m[39mΓÜá∩╕Å logError attempt 1/3 failed: Error: [vitest] No "serverTimestamp" export is 
defined on the "firebase/firestore" mock. Did you forget to return it from "vi.mock"?
If you need to partially mock a module, you can use "importOriginal" helper inside:

    at VitestMocker.createError [90m(file:///C:/Users/latie/Documents/GitHub/NataCarePM/[39mno
de_modules/[4mvitest[24m/dist/chunks/execute.B7h3T_Hc.js:284:17[90m)[39m
    at Object.get [90m(file:///C:/Users/latie/Documents/GitHub/NataCarePM/[39mnode_modules/[4
mvitest[24m/dist/chunks/execute.B7h3T_Hc.js:330:16[90m)[39m
    at operation [90m(C:\Users\latie\Documents\GitHub\NataCarePM\[39msrc\api\monitoringService
.ts:453:22[90m)[39m
    at MonitoringService.executeWithRetry [90m(C:\Users\latie\Documents\GitHub\NataCarePM\[39m
src\api\monitoringService.ts:585:15[90m)[39m
    at MonitoringService.logError [90m(C:\Users\latie\Documents\GitHub\NataCarePM\[39msrc\api\
monitoringService.ts:462:18[90m)[39m
    at wrapError [90m(C:\Users\latie\Documents\GitHub\NataCarePM\[39msrc\utils\responseWrapper
.ts:148:21[90m)[39m
    at safeAsync [90m(C:\Users\latie\Documents\GitHub\NataCarePM\[39msrc\utils\responseWrapper
.ts:211:12[90m)[39m
    at RabAhspService.getRabItemById [90m(C:\Users\latie\Documents\GitHub\NataCarePM\[39msrc\a
pi\rabAhspService.ts:144:12[90m)[39m
    at [90mC:\Users\latie\Documents\GitHub\NataCarePM\[39msrc\api\__tests__\rabAhspService.tes
t.ts:171:22
    at [90mfile:///C:/Users/latie/Documents/GitHub/NataCarePM/[39mnode_modules/[4m@vitest/run
ner[24m/dist/chunk-hooks.js:752:20 {
  codeFrame: [32m'vi\x1B[33m.\x1B[39m\x1B[34mmock\x1B[39m(\x1B[35mimport\x1B[39m(\x1B[32m"fireb
ase/firestore"\x1B[39m)\x1B[33m,\x1B[39m \x1B[35masync\x1B[39m (importOriginal) 
\x1B[33m=>\x1B[39m {\n'[39m +
    [32m'  \x1B[35mconst\x1B[39m actual \x1B[33m=\x1B[39m \x1B[35mawait\x1B[39m 
\x1B[34mimportOriginal\x1B[39m()\n'[39m +
    [32m'  \x1B[35mreturn\x1B[39m {\n'[39m +
    [32m'    \x1B[33m...\x1B[39mactual\x1B[33m,\x1B[39m\n'[39m +
    [32m'    \x1B[90m// your mocked methods\x1B[39m\n'[39m +
    [32m'  }\n'[39m +
    [32m'})'[39m
}

[90mstdout[2m | src/api/__tests__/projectService.test.ts[2m > [22m[2mprojectService - Retrieval Operations[2m > [22m[2mgetUserById[2m > [22m[2mshould reject invalid user ID format
[22m[39m[NataCarePM] projectService:getUserById: 0.329ms

[90mstdout[2m | src/api/__tests__/projectService.test.ts[2m > [22m[2mprojectService - Retrieval Operations[2m > [22m[2mgetUserById[2m > [22m[2mshould handle non-existent user
[22m[39m[NataCarePM] [INFO] projectService:getUserById Fetching user { userId: [32m'non-existent-user-id'[39m }

[90mstdout[2m | src/api/__tests__/projectService.test.ts[2m > [22m[2mprojectService - Retrieval Operations[2m > [22m[2mgetUserById[2m > [22m[2mshould handle non-existent user
[22m[39m[NataCarePM] projectService:getUserById: 0.269ms

[90mstdout[2m | src/api/__tests__/projectService.test.ts[2m > [22m[2mprojectService - Retrieval Operations[2m > [22m[2mgetAhspData[2m > [22m[2mshould retrieve AHSP master data
[22m[39m[NataCarePM] [INFO] projectService:getAhspData Fetching AHSP data

[90mstdout[2m | src/api/__tests__/projectService.test.ts[2m > [22m[2mprojectService - Retrieval Operations[2m > [22m[2mgetAhspData[2m > [22m[2mshould retrieve AHSP master data
[22m[39m[NataCarePM] [INFO] projectService:getAhspData AHSP data fetched successfully

[90mstderr[2m | src/api/__tests__/rabAhspService.test.ts[2m > [22m[2mRabAhspService[2m > 
[22m[2mgetRabItemById[2m > [22m[2mshould reject non-integer RAB item ID
[22m[39mΓÜá∩╕Å logError attempt 1/3 failed: Error: [vitest] No "serverTimestamp" export is 
defined on the "firebase/firestore" mock. Did you forget to return it from "vi.mock"?
If you need to partially mock a module, you can use "importOriginal" helper inside:

    at VitestMocker.createError [90m(file:///C:/Users/latie/Documents/GitHub/NataCarePM/[39mno
de_modules/[4mvitest[24m/dist/chunks/execute.B7h3T_Hc.js:284:17[90m)[39m
    at Object.get [90m(file:///C:/Users/latie/Documents/GitHub/NataCarePM/[39mnode_modules/[4
mvitest[24m/dist/chunks/execute.B7h3T_Hc.js:330:16[90m)[39m
    at operation [90m(C:\Users\latie\Documents\GitHub\NataCarePM\[39msrc\api\monitoringService
.ts:453:22[90m)[39m
    at MonitoringService.executeWithRetry [90m(C:\Users\latie\Documents\GitHub\NataCarePM\[39m
src\api\monitoringService.ts:585:15[90m)[39m
    at MonitoringService.logError [90m(C:\Users\latie\Documents\GitHub\NataCarePM\[39msrc\api\
monitoringService.ts:462:18[90m)[39m
    at wrapError [90m(C:\Users\latie\Documents\GitHub\NataCarePM\[39msrc\utils\responseWrapper
.ts:148:21[90m)[39m
    at safeAsync [90m(C:\Users\latie\Documents\GitHub\NataCarePM\[39msrc\utils\responseWrapper
.ts:211:12[90m)[39m
    at RabAhspService.getRabItemById [90m(C:\Users\latie\Documents\GitHub\NataCarePM\[39msrc\a
pi\rabAhspService.ts:144:12[90m)[39m
    at [90mC:\Users\latie\Documents\GitHub\NataCarePM\[39msrc\api\__tests__\rabAhspService.tes
t.ts:179:22
    at [90mfile:///C:/Users/latie/Documents/GitHub/NataCarePM/[39mnode_modules/[4m@vitest/run
ner[24m/dist/chunk-hooks.js:752:20 {
  codeFrame: [32m'vi\x1B[33m.\x1B[39m\x1B[34mmock\x1B[39m(\x1B[35mimport\x1B[39m(\x1B[32m"fireb
ase/firestore"\x1B[39m)\x1B[33m,\x1B[39m \x1B[35masync\x1B[39m (importOriginal) 
\x1B[33m=>\x1B[39m {\n'[39m +
    [32m'  \x1B[35mconst\x1B[39m actual \x1B[33m=\x1B[39m \x1B[35mawait\x1B[39m 
\x1B[34mimportOriginal\x1B[39m()\n'[39m +
    [32m'  \x1B[35mreturn\x1B[39m {\n'[39m +
[90mstdout[2m | src/api/__tests__/projectService.test.ts[2m > [22m[2mprojectService - Retrieval Operations[2m > [22m[2mgetAhspData[2m > [22m[2mshould retrieve AHSP master data
[22m[39m[NataCarePM] projectService:getAhspData: 0.19ms
    [32m'    \x1B[33m...\x1B[39mactual\x1B[33m,\x1B[39m\n'[39m +
    [32m'    \x1B[90m// your mocked methods\x1B[39m\n'[39m +
    [32m'  }\n'[39m +
    [32m'})'[39m
}


[90mstdout[2m | src/api/__tests__/projectService.test.ts[2m > [22m[2mprojectService - Retrieval Operations[2m > [22m[2mgetAhspData[2m > [22m[2mshould handle missing AHSP document
[22m[39m[NataCarePM] [INFO] projectService:getAhspData Fetching AHSP data

[90mstdout[2m | src/api/__tests__/projectService.test.ts[2m > [22m[2mprojectService - Retrieval Operations[2m > [22m[2mgetAhspData[2m > [22m[2mshould handle missing AHSP document
[22m[39m[NataCarePM] projectService:getAhspData: 0.273ms

[90mstdout[2m | src/api/__tests__/projectService.test.ts[2m > [22m[2mprojectService - Retrieval Operations[2m > [22m[2mgetWorkers[2m > [22m[2mshould fetch all workers
[22m[39m[NataCarePM] [INFO] projectService:getWorkers Fetching workers

[90mstdout[2m | src/api/__tests__/projectService.test.ts[2m > [22m[2mprojectService - Retrieval Operations[2m > [22m[2mgetWorkers[2m > [22m[2mshould fetch all workers
[22m[39m[NataCarePM] [INFO] projectService:getWorkers Workers fetched successfully { count: [33m3[39m }

[90mstdout[2m | src/api/__tests__/projectService.test.ts[2m > [22m[2mprojectService - Retrieval Operations[2m > [22m[2mgetWorkers[2m > [22m[2mshould fetch all workers
[22m[39m[NataCarePM] projectService:getWorkers: 0.217ms

[90mstderr[2m | src/api/__tests__/rabAhspService.test.ts[2m > [22m[2mRabAhspService[2m > 
[22m[2mupdateRabItem[2m > [22m[2mshould reject update with negative volume
[22m[39mΓÜá∩╕Å logError attempt 1/3 failed: Error: [vitest] No "serverTimestamp" export is 
defined on the "firebase/firestore" mock. Did you forget to return it from "vi.mock"?
If you need to partially mock a module, you can use "importOriginal" helper inside:

    at VitestMocker.createError [90m(file:///C:/Users/latie/Documents/GitHub/NataCarePM/[39mno
de_modules/[4mvitest[24m/dist/chunks/execute.B7h3T_Hc.js:284:17[90m)[39m
    at Object.get [90m(file:///C:/Users/latie/Documents/GitHub/NataCarePM/[39mnode_modules/[4
mvitest[24m/dist/chunks/execute.B7h3T_Hc.js:330:16[90m)[39m
    at operation [90m(C:\Users\latie\Documents\GitHub\NataCarePM\[39msrc\api\monitoringService
.ts:453:22[90m)[39m
    at MonitoringService.executeWithRetry [90m(C:\Users\latie\Documents\GitHub\NataCarePM\[39m
src\api\monitoringService.ts:585:15[90m)[39m
    at MonitoringService.logError [90m(C:\Users\latie\Documents\GitHub\NataCarePM\[39msrc\api\
monitoringService.ts:462:18[90m)[39m
    at wrapError [90m(C:\Users\latie\Documents\GitHub\NataCarePM\[39msrc\utils\responseWrapper
.ts:148:21[90m)[39m
    at safeAsync [90m(C:\Users\latie\Documents\GitHub\NataCarePM\[39msrc\utils\responseWrapper
.ts:211:12[90m)[39m
    at RabAhspService.updateRabItem [90m(C:\Users\latie\Documents\GitHub\NataCarePM\[39msrc\ap
i\rabAhspService.ts:201:12[90m)[39m
    at [90mC:\Users\latie\Documents\GitHub\NataCarePM\[39msrc\api\__tests__\rabAhspService.tes
t.ts:212:22
    at [90mfile:///C:/Users/latie/Documents/GitHub/NataCarePM/[39mnode_modules/[4m@vitest/run
ner[24m/dist/chunk-hooks.js:752:20 {
  codeFrame: [32m'vi\x1B[33m.\x1B[39m\x1B[34mmock\x1B[39m(\x1B[35mimport\x1B[39m(\x1B[32m"fireb
ase/firestore"\x1B[39m)\x1B[33m,\x1B[39m \x1B[35masync\x1B[39m (importOriginal) 
\x1B[33m=>\x1B[39m {\n'[39m +
    [32m'  \x1B[35mconst\x1B[39m actual \x1B[33m=\x1B[39m \x1B[35mawait\x1B[39m 
\x1B[34mimportOriginal\x1B[39m()\n'[39m +
    [32m'  \x1B[35mreturn\x1B[39m {\n'[39m +
    [32m'    \x1B[33m...\x1B[39mactual\x1B[33m,\x1B[39m\n'[39m +
    [32m'    \x1B[90m// your mocked methods\x1B[39m\n'[39m +
    [32m'  }\n'[39m +
    [32m'})'[39m
}

[90mstdout[2m | src/api/__tests__/projectService.test.ts[2m > [22m[2mprojectService - Retrieval Operations[2m > [22m[2mgetWorkers[2m > [22m[2mshould return empty array when no workers exist
[22m[39m[NataCarePM] [INFO] projectService:getWorkers Fetching workers

[90mstdout[2m | src/api/__tests__/projectService.test.ts[2m > [22m[2mprojectService - Retrieval Operations[2m > [22m[2mgetWorkers[2m > [22m[2mshould return empty array when no workers exist
[22m[39m[NataCarePM] [INFO] projectService:getWorkers Workers fetched successfully { count: [33m0[39m }

[90mstdout[2m | src/api/__tests__/projectService.test.ts[2m > [22m[2mprojectService - Retrieval Operations[2m > [22m[2mgetWorkers[2m > [22m[2mshould return empty array when no workers exist
[22m[39m[NataCarePM] projectService:getWorkers: 0.128ms

[90mstderr[2m | src/api/__tests__/rabAhspService.test.ts[2m > [22m[2mRabAhspService[2m > 
[22m[2mupdateRabItem[2m > [22m[2mshould reject update with negative price
[22m[39mΓÜá∩╕Å logError attempt 1/3 failed: Error: [vitest] No "serverTimestamp" export is 
defined on the "firebase/firestore" mock. Did you forget to return it from "vi.mock"?
If you need to partially mock a module, you can use "importOriginal" helper inside:

    at VitestMocker.createError [90m(file:///C:/Users/latie/Documents/GitHub/NataCarePM/[39mno
de_modules/[4mvitest[24m/dist/chunks/execute.B7h3T_Hc.js:284:17[90m)[39m
    at Object.get [90m(file:///C:/Users/latie/Documents/GitHub/NataCarePM/[39mnode_modules/[4
mvitest[24m/dist/chunks/execute.B7h3T_Hc.js:330:16[90m)[39m
    at operation [90m(C:\Users\latie\Documents\GitHub\NataCarePM\[39msrc\api\monitoringService
.ts:453:22[90m)[39m
    at MonitoringService.executeWithRetry [90m(C:\Users\latie\Documents\GitHub\NataCarePM\[39m
src\api\monitoringService.ts:585:15[90m)[39m
    at MonitoringService.logError [90m(C:\Users\latie\Documents\GitHub\NataCarePM\[39msrc\api\
monitoringService.ts:462:18[90m)[39m
    at wrapError [90m(C:\Users\latie\Documents\GitHub\NataCarePM\[39msrc\utils\responseWrapper
.ts:148:21[90m)[39m
    at safeAsync [90m(C:\Users\latie\Documents\GitHub\NataCarePM\[39msrc\utils\responseWrapper
.ts:211:12[90m)[39m
    at RabAhspService.updateRabItem [90m(C:\Users\latie\Documents\GitHub\NataCarePM\[39msrc\ap
i\rabAhspService.ts:201:12[90m)[39m
    at [90mC:\Users\latie\Documents\GitHub\NataCarePM\[39msrc\api\__tests__\rabAhspService.tes
t.ts:220:22
    at [90mfile:///C:/Users/latie/Documents/GitHub/NataCarePM/[39mnode_modules/[4m@vitest/run
ner[24m/dist/chunk-hooks.js:752:20 {
  codeFrame: [32m'vi\x1B[33m.\x1B[39m\x1B[34mmock\x1B[39m(\x1B[35mimport\x1B[39m(\x1B[32m"fireb
ase/firestore"\x1B[39m)\x1B[33m,\x1B[39m \x1B[35masync\x1B[39m (importOriginal) 
\x1B[33m=>\x1B[39m {\n'[39m +
    [32m'  \x1B[35mconst\x1B[39m actual \x1B[33m=\x1B[39m \x1B[35mawait\x1B[39m 
\x1B[34mimportOriginal\x1B[39m()\n'[39m +
    [32m'  \x1B[35mreturn\x1B[39m {\n'[39m +
    [32m'    \x1B[33m...\x1B[39mactual\x1B[33m,\x1B[39m\n'[39m +
    [32m'    \x1B[90m// your mocked methods\x1B[39m\n'[39m +
    [32m'  }\n'[39m +
    [32m'})'[39m
}

[90mstdout[2m | src/api/__tests__/projectService.test.ts[2m > [22m[2mprojectService - Retrieval Operations[2m > [22m[2mgetUsers[2m > [22m[2mshould fetch all users
[22m[39m[NataCarePM] [INFO] projectService:getUsers Fetching users

[90mstdout[2m | src/api/__tests__/projectService.test.ts[2m > [22m[2mprojectService - Retrieval Operations[2m > [22m[2mgetUsers[2m > [22m[2mshould fetch all users
[22m[39m[NataCarePM] [INFO] projectService:getUsers Users fetched successfully { count: [33m3[39m }

[90mstdout[2m | src/api/__tests__/projectService.test.ts[2m > [22m[2mprojectService - Retrieval Operations[2m > [22m[2mgetUsers[2m > [22m[2mshould fetch all users
[22m[39m[NataCarePM] projectService:getUsers: 0.181ms

[90mstdout[2m | src/api/__tests__/projectService.test.ts[2m > [22m[2mprojectService - Retrieval Operations[2m > [22m[2mgetUsers[2m > [22m[2mshould handle large user collections efficiently
[22m[39m[NataCarePM] [INFO] projectService:getUsers Fetching users

[90mstdout[2m | src/api/__tests__/projectService.test.ts[2m > [22m[2mprojectService - Retrieval Operations[2m > [22m[2mgetUsers[2m > [22m[2mshould handle large user collections efficiently
[22m[39m[NataCarePM] [INFO] projectService:getUsers Users fetched successfully { count: [33m100[39m }

[90mstdout[2m | src/api/__tests__/projectService.test.ts[2m > [22m[2mprojectService - Retrieval Operations[2m > [22m[2mgetUsers[2m > [22m[2mshould handle large user collections efficiently
[22m[39m[NataCarePM] projectService:getUsers: 0.161ms

[90mstdout[2m | src/api/__tests__/projectService.test.ts[2m > [22m[2mprojectService - Creation Operations[2m > [22m[2maddAuditLog[2m > [22m[2mshould create audit log entry successfully
[22m[39m[NataCarePM] [INFO] projectService:addAuditLog Adding audit log {
  projectId: [32m'proj-123'[39m,
  userId: [32m'user-123'[39m,
  action: [32m'Created purchase order PO-001'[39m
}

[90mstdout[2m | src/api/__tests__/projectService.test.ts[2m > [22m[2mprojectService - Creation Operations[2m > [22m[2maddAuditLog[2m > [22m[2mshould create audit log entry successfully
[22m[39m[NataCarePM] [INFO] UserActivity AUDIT_LOG projectService {
  userId: [32m'user-123'[39m,
  projectId: [32m'proj-123'[39m,
  action: [32m'Created purchase order PO-001'[39m
}
[NataCarePM] [INFO] projectService:addAuditLog Audit log added {
  projectId: [32m'proj-123'[39m,
  logId: [32m'audit-log-123'[39m,
  action: [32m'Created purchase order PO-001'[39m
}

[90mstdout[2m | src/api/__tests__/projectService.test.ts[2m > [22m[2mprojectService - Creation Operations[2m > [22m[2maddAuditLog[2m > [22m[2mshould create audit log entry successfully
[22m[39m[NataCarePM] projectService:addAuditLog: 0.344ms

[90mstdout[2m | src/api/__tests__/projectService.test.ts[2m > [22m[2mprojectService - Creation Operations[2m > [22m[2maddAuditLog[2m > [22m[2mshould validate project ID before creating log
[22m[39m[NataCarePM] projectService:addAuditLog: 0.305ms

[90mstderr[2m | src/api/__tests__/rabAhspService.test.ts[2m > [22m[2mRabAhspService[2m > 
[22m[2mdeleteRabItem[2m > [22m[2mshould return error when deleting non-existent item
[22m[39mΓÜá∩╕Å logError attempt 1/3 failed: Error: [vitest] No "serverTimestamp" export is 
defined on the "firebase/firestore" mock. Did you forget to return it from "vi.mock"?
If you need to partially mock a module, you can use "importOriginal" helper inside:

    at VitestMocker.createError [90m(file:///C:/Users/latie/Documents/GitHub/NataCarePM/[39mno
de_modules/[4mvitest[24m/dist/chunks/execute.B7h3T_Hc.js:284:17[90m)[39m
    at Object.get [90m(file:///C:/Users/latie/Documents/GitHub/NataCarePM/[39mnode_modules/[4
mvitest[24m/dist/chunks/execute.B7h3T_Hc.js:330:16[90m)[39m
    at operation [90m(C:\Users\latie\Documents\GitHub\NataCarePM\[39msrc\api\monitoringService
.ts:453:22[90m)[39m
    at MonitoringService.executeWithRetry [90m(C:\Users\latie\Documents\GitHub\NataCarePM\[39m
src\api\monitoringService.ts:585:15[90m)[39m
    at MonitoringService.logError [90m(C:\Users\latie\Documents\GitHub\NataCarePM\[39msrc\api\
monitoringService.ts:462:18[90m)[39m
    at wrapError [90m(C:\Users\latie\Documents\GitHub\NataCarePM\[39msrc\utils\responseWrapper
.ts:148:21[90m)[39m
    at safeAsync [90m(C:\Users\latie\Documents\GitHub\NataCarePM\[39msrc\utils\responseWrapper
.ts:211:12[90m)[39m
    at RabAhspService.deleteRabItem [90m(C:\Users\latie\Documents\GitHub\NataCarePM\[39msrc\ap
i\rabAhspService.ts:233:12[90m)[39m
    at [90mC:\Users\latie\Documents\GitHub\NataCarePM\[39msrc\api\__tests__\rabAhspService.tes
t.ts:252:22
    at [90mfile:///C:/Users/latie/Documents/GitHub/NataCarePM/[39mnode_modules/[4m@vitest/run
ner[24m/dist/chunk-hooks.js:752:20 {
  codeFrame: [32m'vi\x1B[33m.\x1B[39m\x1B[34mmock\x1B[39m(\x1B[35mimport\x1B[39m(\x1B[32m"fireb
ase/firestore"\x1B[39m)\x1B[33m,\x1B[39m \x1B[35masync\x1B[39m (importOriginal) 
\x1B[33m=>\x1B[39m {\n'[39m +
    [32m'  \x1B[35mconst\x1B[39m actual \x1B[33m=\x1B[39m \x1B[35mawait\x1B[39m 
\x1B[34mimportOriginal\x1B[39m()\n'[39m +
    [32m'  \x1B[35mreturn\x1B[39m {\n'[39m +
    [32m'    \x1B[33m...\x1B[39mactual\x1B[33m,\x1B[39m\n'[39m +
    [32m'    \x1B[90m// your mocked methods\x1B[39m\n'[39m +
    [32m'  }\n'[39m +
    [32m'})'[39m
}

[90mstderr[2m | src/api/__tests__/projectService.test.ts[2m > [22m[2mprojectService - 
Creation Operations[2m > [22m[2maddAuditLog[2m > [22m[2mshould validate project ID before 
creating log
[22m[39m[NataCarePM] [WARN] addAuditLog Invalid project ID {
  projectId: [32m''[39m,
  errors: [ [32m'Project ID is required and must be a string'[39m ]
}

[90mstderr[2m | src/api/__tests__/rabAhspService.test.ts[2m > [22m[2mRabAhspService[2m > 
[22m[2mAHSP Operations[2m > [22m[2mgetAhspData[2m > [22m[2mshould return error when 
AHSP not found
[22m[39mΓÜá∩╕Å logError attempt 1/3 failed: Error: [vitest] No "serverTimestamp" export is 
defined on the "firebase/firestore" mock. Did you forget to return it from "vi.mock"?
If you need to partially mock a module, you can use "importOriginal" helper inside:

    at VitestMocker.createError [90m(file:///C:/Users/latie/Documents/GitHub/NataCarePM/[39mno
de_modules/[4mvitest[24m/dist/chunks/execute.B7h3T_Hc.js:284:17[90m)[39m
    at Object.get [90m(file:///C:/Users/latie/Documents/GitHub/NataCarePM/[39mnode_modules/[4
mvitest[24m/dist/chunks/execute.B7h3T_Hc.js:330:16[90m)[39m
    at operation [90m(C:\Users\latie\Documents\GitHub\NataCarePM\[39msrc\api\monitoringService
.ts:453:22[90m)[39m
    at MonitoringService.executeWithRetry [90m(C:\Users\latie\Documents\GitHub\NataCarePM\[39m
src\api\monitoringService.ts:585:15[90m)[39m
    at MonitoringService.logError [90m(C:\Users\latie\Documents\GitHub\NataCarePM\[39msrc\api\
monitoringService.ts:462:18[90m)[39m
    at wrapError [90m(C:\Users\latie\Documents\GitHub\NataCarePM\[39msrc\utils\responseWrapper
.ts:148:21[90m)[39m
    at safeAsync [90m(C:\Users\latie\Documents\GitHub\NataCarePM\[39msrc\utils\responseWrapper
.ts:211:12[90m)[39m
    at RabAhspService.getAhspData [90m(C:\Users\latie\Documents\GitHub\NataCarePM\[39msrc\api\
rabAhspService.ts:255:12[90m)[39m
    at [90mC:\Users\latie\Documents\GitHub\NataCarePM\[39msrc\api\__tests__\rabAhspService.tes
t.ts:342:24
    at [90mfile:///C:/Users/latie/Documents/GitHub/NataCarePM/[39mnode_modules/[4m@vitest/run
ner[24m/dist/chunk-hooks.js:752:20 {
  codeFrame: [32m'vi\x1B[33m.\x1B[39m\x1B[34mmock\x1B[39m(\x1B[35mimport\x1B[39m(\x1B[32m"fireb
ase/firestore"\x1B[39m)\x1B[33m,\x1B[39m \x1B[35masync\x1B[39m (importOriginal) 
\x1B[33m=>\x1B[39m {\n'[39m +
    [32m'  \x1B[35mconst\x1B[39m actual \x1B[33m=\x1B[39m \x1B[35mawait\x1B[39m 
\x1B[34mimportOriginal\x1B[39m()\n'[39m +
    [32m'  \x1B[35mreturn\x1B[39m {\n'[39m +
    [32m'    \x1B[33m...\x1B[39mactual\x1B[33m,\x1B[39m\n'[39m +
    [32m'    \x1B[90m// your mocked methods\x1B[39m\n'[39m +
    [32m'  }\n'[39m +
    [32m'})'[39m
}

[90mstdout[2m | src/api/__tests__/projectService.test.ts[2m > [22m[2mprojectService - Creation Operations[2m > [22m[2maddAuditLog[2m > [22m[2mshould reject empty action description
[22m[39m[NataCarePM] projectService:addAuditLog: 0.14ms

[90mstdout[2m | src/api/__tests__/projectService.test.ts[2m > [22m[2mprojectService - Creation Operations[2m > [22m[2maddAuditLog[2m > [22m[2mshould include timestamp and user details
[22m[39m[NataCarePM] [INFO] projectService:addAuditLog Adding audit log {
  projectId: [32m'proj-123'[39m,
  userId: [32m'user-123'[39m,
  action: [32m'Updated project status'[39m
}

[90mstdout[2m | src/api/__tests__/projectService.test.ts[2m > [22m[2mprojectService - Creation Operations[2m > [22m[2maddAuditLog[2m > [22m[2mshould include timestamp and user details
[22m[39m[NataCarePM] [INFO] UserActivity AUDIT_LOG projectService {
  userId: [32m'user-123'[39m,
  projectId: [32m'proj-123'[39m,
  action: [32m'Updated project status'[39m
}
[NataCarePM] [INFO] projectService:addAuditLog Audit log added {
  projectId: [32m'proj-123'[39m,
  logId: [32m'audit-log-456'[39m,
  action: [32m'Updated project status'[39m
}

[90mstdout[2m | src/api/__tests__/projectService.test.ts[2m > [22m[2mprojectService - Creation Operations[2m > [22m[2maddAuditLog[2m > [22m[2mshould include timestamp and user details
[22m[39m[NataCarePM] projectService:addAuditLog: 0.191ms

[90mstdout[2m | src/api/__tests__/projectService.test.ts[2m > [22m[2mprojectService - Creation Operations[2m > [22m[2maddDailyReport[2m > [22m[2mshould create daily report with valid data
[22m[39m[NataCarePM] [INFO] projectService:addDailyReport Adding daily report { projectId: [32m'proj-123'[39m, date: [32m'2024-01-15'[39m, userId: [32m'user-123'[39m }

[90mstdout[2m | src/api/__tests__/projectService.test.ts[2m > [22m[2mprojectService - Creation Operations[2m > [22m[2maddDailyReport[2m > [22m[2mshould create daily report with valid data
[22m[39m[NataCarePM] [INFO] projectService:addAuditLog Adding audit log {
  projectId: [32m'proj-123'[39m,
  userId: [32m'user-123'[39m,
  action: [32m'Menambahkan laporan harian untuk tanggal 2024-01-15.'[39m
}

[90mstdout[2m | src/api/__tests__/projectService.test.ts[2m > [22m[2mprojectService - Creation Operations[2m > [22m[2maddDailyReport[2m > [22m[2mshould create daily report with valid data
[22m[39m[NataCarePM] [INFO] UserActivity AUDIT_LOG projectService {
  userId: [32m'user-123'[39m,
  projectId: [32m'proj-123'[39m,
  action: [32m'Menambahkan laporan harian untuk tanggal 2024-01-15.'[39m
}
[NataCarePM] [INFO] projectService:addAuditLog Audit log added {
  projectId: [32m'proj-123'[39m,
  logId: [32m'report-123'[39m,
  action: [32m'Menambahkan laporan harian untuk tanggal 2024-01-15.'[39m
}

[90mstdout[2m | src/api/__tests__/projectService.test.ts[2m > [22m[2mprojectService - Creation Operations[2m > [22m[2maddDailyReport[2m > [22m[2mshould create daily report with valid data
[22m[39m[NataCarePM] projectService:addAuditLog: 0.096ms

[90mstdout[2m | src/api/__tests__/projectService.test.ts[2m > [22m[2mprojectService - Creation Operations[2m > [22m[2maddDailyReport[2m > [22m[2mshould create daily report with valid data
[22m[39m[NataCarePM] [INFO] UserActivity CREATE_DAILY_REPORT projectService {
  userId: [32m'user-123'[39m,
  projectId: [32m'proj-123'[39m,
  reportId: [32m'report-123'[39m,
  date: [32m'2024-01-15'[39m
}
[NataCarePM] [INFO] projectService:addDailyReport Daily report added { projectId: [32m'proj-123'[39m, reportId: [32m'report-123'[39m, date: [32m'2024-01-15'[39m }

[90mstdout[2m | src/api/__tests__/projectService.test.ts[2m > [22m[2mprojectService - Creation Operations[2m > [22m[2maddDailyReport[2m > [22m[2mshould create daily report with valid data
[22m[39m[NataCarePM] projectService:addDailyReport: 0.359ms

[90mstdout[2m | src/api/__tests__/projectService.test.ts[2m > [22m[2mprojectService - Creation Operations[2m > [22m[2maddDailyReport[2m > [22m[2mshould validate report date format
[22m[39m[NataCarePM] projectService:addDailyReport: 0.155ms

[90mstdout[2m | src/api/__tests__/projectService.test.ts[2m > [22m[2mprojectService - Creation Operations[2m > [22m[2maddDailyReport[2m > [22m[2mshould add audit log after report creation
[22m[39m[NataCarePM] [INFO] projectService:addDailyReport Adding daily report { projectId: [32m'proj-123'[39m, date: [32m'2024-01-15'[39m, userId: [32m'user-123'[39m }

[90mstdout[2m | src/api/__tests__/projectService.test.ts[2m > [22m[2mprojectService - Creation Operations[2m > [22m[2maddDailyReport[2m > [22m[2mshould add audit log after report creation
[22m[39m[NataCarePM] [INFO] projectService:addAuditLog Adding audit log {
  projectId: [32m'proj-123'[39m,
  userId: [32m'user-123'[39m,
  action: [32m'Menambahkan laporan harian untuk tanggal 2024-01-15.'[39m
}

[90mstdout[2m | src/api/__tests__/projectService.test.ts[2m > [22m[2mprojectService - Creation Operations[2m > [22m[2maddDailyReport[2m > [22m[2mshould add audit log after report creation
[22m[39m[NataCarePM] [INFO] UserActivity AUDIT_LOG projectService {
  userId: [32m'user-123'[39m,
  projectId: [32m'proj-123'[39m,
  action: [32m'Menambahkan laporan harian untuk tanggal 2024-01-15.'[39m
}
[NataCarePM] [INFO] projectService:addAuditLog Audit log added {
  projectId: [32m'proj-123'[39m,
  logId: [32m'doc-2'[39m,
  action: [32m'Menambahkan laporan harian untuk tanggal 2024-01-15.'[39m
}

[90mstdout[2m | src/api/__tests__/projectService.test.ts[2m > [22m[2mprojectService - Creation Operations[2m > [22m[2maddDailyReport[2m > [22m[2mshould add audit log after report creation
[22m[39m[NataCarePM] projectService:addAuditLog: 0.102ms

[90mstdout[2m | src/api/__tests__/projectService.test.ts[2m > [22m[2mprojectService - Creation Operations[2m > [22m[2maddDailyReport[2m > [22m[2mshould add audit log after report creation
[22m[39m[NataCarePM] [INFO] UserActivity CREATE_DAILY_REPORT projectService {
  userId: [32m'user-123'[39m,
  projectId: [32m'proj-123'[39m,
  reportId: [32m'doc-1'[39m,
  date: [32m'2024-01-15'[39m
}
[NataCarePM] [INFO] projectService:addDailyReport Daily report added { projectId: [32m'proj-123'[39m, reportId: [32m'doc-1'[39m, date: [32m'2024-01-15'[39m }

[90mstdout[2m | src/api/__tests__/projectService.test.ts[2m > [22m[2mprojectService - Creation Operations[2m > [22m[2maddDailyReport[2m > [22m[2mshould add audit log after report creation
[22m[39m[NataCarePM] projectService:addDailyReport: 0.304ms

[90mstdout[2m | src/api/__tests__/projectService.test.ts[2m > [22m[2mprojectService - Creation Operations[2m > [22m[2maddPurchaseOrder[2m > [22m[2mshould create purchase order with valid items
[22m[39m[NataCarePM] [INFO] projectService:addPurchaseOrder Adding purchase order {
  projectId: [32m'proj-123'[39m,
  prNumber: [32m'PR-2024-001'[39m,
  itemCount: [33m1[39m,
  userId: [32m'user-123'[39m
}

[90mstdout[2m | src/api/__tests__/projectService.test.ts[2m > [22m[2mprojectService - Creation Operations[2m > [22m[2maddPurchaseOrder[2m > [22m[2mshould create purchase order with valid items
[22m[39m[NataCarePM] [INFO] projectService:addAuditLog Adding audit log {
  projectId: [32m'proj-123'[39m,
  userId: [32m'user-123'[39m,
  action: [32m'Membuat Purchase Order baru: PR-2024-001.'[39m
}

[90mstdout[2m | src/api/__tests__/projectService.test.ts[2m > [22m[2mprojectService - Creation Operations[2m > [22m[2maddPurchaseOrder[2m > [22m[2mshould create purchase order with valid items
[22m[39m[NataCarePM] [INFO] UserActivity AUDIT_LOG projectService {
  userId: [32m'user-123'[39m,
  projectId: [32m'proj-123'[39m,
  action: [32m'Membuat Purchase Order baru: PR-2024-001.'[39m
}
[NataCarePM] [INFO] projectService:addAuditLog Audit log added {
  projectId: [32m'proj-123'[39m,
  logId: [32m'po-123'[39m,
  action: [32m'Membuat Purchase Order baru: PR-2024-001.'[39m
}

[90mstdout[2m | src/api/__tests__/projectService.test.ts[2m > [22m[2mprojectService - Creation Operations[2m > [22m[2maddPurchaseOrder[2m > [22m[2mshould create purchase order with valid items
[22m[39m[NataCarePM] projectService:addAuditLog: 0.115ms

[90mstdout[2m | src/api/__tests__/projectService.test.ts[2m > [22m[2mprojectService - Creation Operations[2m > [22m[2maddPurchaseOrder[2m > [22m[2mshould create purchase order with valid items
[22m[39m[NataCarePM] [INFO] UserActivity CREATE_PURCHASE_ORDER projectService {
  userId: [32m'user-123'[39m,
  projectId: [32m'proj-123'[39m,
  poId: [32m'po-123'[39m,
  prNumber: [32m'PR-2024-001'[39m,
  itemCount: [33m1[39m
}
[NataCarePM] [INFO] projectService:addPurchaseOrder Purchase order added { projectId: [32m'proj-123'[39m, poId: [32m'po-123'[39m, prNumber: [32m'PR-2024-001'[39m }

[90mstdout[2m | src/api/__tests__/projectService.test.ts[2m > [22m[2mprojectService - Creation Operations[2m > [22m[2maddPurchaseOrder[2m > [22m[2mshould create purchase order with valid items
[22m[39m[NataCarePM] projectService:addPurchaseOrder: 0.403ms

[90mstdout[2m | src/api/__tests__/projectService.test.ts[2m > [22m[2mprojectService - Creation Operations[2m > [22m[2maddPurchaseOrder[2m > [22m[2mshould validate PR number format
[22m[39m[NataCarePM] projectService:addPurchaseOrder: 0.151ms

[90mstdout[2m | src/api/__tests__/projectService.test.ts[2m > [22m[2mprojectService - Creation Operations[2m > [22m[2maddPurchaseOrder[2m > [22m[2mshould reject empty items array
[22m[39m[NataCarePM] projectService:addPurchaseOrder: 0.126ms

[90mstdout[2m | src/api/__tests__/projectService.test.ts[2m > [22m[2mprojectService - Creation Operations[2m > [22m[2maddPurchaseOrder[2m > [22m[2mshould set default status to "Menunggu Persetujuan"
[22m[39m[NataCarePM] [INFO] projectService:addPurchaseOrder Adding purchase order {
  projectId: [32m'proj-123'[39m,
  prNumber: [32m'PR-2024-003'[39m,
  itemCount: [33m1[39m,
  userId: [32m'user-123'[39m
}

[90mstdout[2m | src/api/__tests__/projectService.test.ts[2m > [22m[2mprojectService - Creation Operations[2m > [22m[2maddPurchaseOrder[2m > [22m[2mshould set default status to "Menunggu Persetujuan"
[22m[39m[NataCarePM] [INFO] projectService:addAuditLog Adding audit log {
  projectId: [32m'proj-123'[39m,
  userId: [32m'user-123'[39m,
  action: [32m'Membuat Purchase Order baru: PR-2024-003.'[39m
}

[90mstdout[2m | src/api/__tests__/projectService.test.ts[2m > [22m[2mprojectService - Creation Operations[2m > [22m[2maddPurchaseOrder[2m > [22m[2mshould set default status to "Menunggu Persetujuan"
[22m[39m[NataCarePM] [INFO] UserActivity AUDIT_LOG projectService {
  userId: [32m'user-123'[39m,
  projectId: [32m'proj-123'[39m,
  action: [32m'Membuat Purchase Order baru: PR-2024-003.'[39m
}
[NataCarePM] [INFO] projectService:addAuditLog Audit log added {
  projectId: [32m'proj-123'[39m,
  logId: [32m'po-456'[39m,
  action: [32m'Membuat Purchase Order baru: PR-2024-003.'[39m
}

[90mstdout[2m | src/api/__tests__/projectService.test.ts[2m > [22m[2mprojectService - Creation Operations[2m > [22m[2maddPurchaseOrder[2m > [22m[2mshould set default status to "Menunggu Persetujuan"
[22m[39m[NataCarePM] projectService:addAuditLog: 0.286ms

[90mstdout[2m | src/api/__tests__/projectService.test.ts[2m > [22m[2mprojectService - Creation Operations[2m > [22m[2maddPurchaseOrder[2m > [22m[2mshould set default status to "Menunggu Persetujuan"
[22m[39m[NataCarePM] [INFO] UserActivity CREATE_PURCHASE_ORDER projectService {
  userId: [32m'user-123'[39m,
  projectId: [32m'proj-123'[39m,
  poId: [32m'po-456'[39m,
  prNumber: [32m'PR-2024-003'[39m,
  itemCount: [33m1[39m
}
[NataCarePM] [INFO] projectService:addPurchaseOrder Purchase order added { projectId: [32m'proj-123'[39m, poId: [32m'po-456'[39m, prNumber: [32m'PR-2024-003'[39m }

[90mstdout[2m | src/api/__tests__/projectService.test.ts[2m > [22m[2mprojectService - Creation Operations[2m > [22m[2maddPurchaseOrder[2m > [22m[2mshould set default status to "Menunggu Persetujuan"
[22m[39m[NataCarePM] projectService:addPurchaseOrder: 0.722ms

[90mstdout[2m | src/api/__tests__/projectService.test.ts[2m > [22m[2mprojectService - Creation Operations[2m > [22m[2maddDocument[2m > [22m[2mshould upload document file and save metadata
[22m[39m[NataCarePM] [INFO] projectService:addDocument Uploading document {
  projectId: [32m'proj-123'[39m,
  fileName: [32m'blueprint.pdf'[39m,
  fileSize: [33m13[39m,
  userId: [32m'user-123'[39m
}

[90mstdout[2m | src/api/__tests__/projectService.test.ts[2m > [22m[2mprojectService - Creation Operations[2m > [22m[2maddDocument[2m > [22m[2mshould upload document file and save metadata
[22m[39m[NataCarePM] [INFO] projectService:addDocument File uploaded, saving metadata {
  projectId: [32m'proj-123'[39m,
  fileName: [32m'blueprint.pdf'[39m,
  url: [32m'https://storage.example.com/doc.pdf'[39m
}

[90mstdout[2m | src/api/__tests__/projectService.test.ts[2m > [22m[2mprojectService - Creation Operations[2m > [22m[2maddDocument[2m > [22m[2mshould upload document file and save metadata
[22m[39m[NataCarePM] [INFO] projectService:addAuditLog Adding audit log {
  projectId: [32m'proj-123'[39m,
  userId: [32m'user-123'[39m,
  action: [32m'Mengunggah dokumen baru: Project Blueprint.'[39m
}

[90mstdout[2m | src/api/__tests__/projectService.test.ts[2m > [22m[2mprojectService - Creation Operations[2m > [22m[2maddDocument[2m > [22m[2mshould upload document file and save metadata
[22m[39m[NataCarePM] [INFO] UserActivity AUDIT_LOG projectService {
  userId: [32m'user-123'[39m,
  projectId: [32m'proj-123'[39m,
  action: [32m'Mengunggah dokumen baru: Project Blueprint.'[39m
}
[NataCarePM] [INFO] projectService:addAuditLog Audit log added {
  projectId: [32m'proj-123'[39m,
  logId: [32m'doc-123'[39m,
  action: [32m'Mengunggah dokumen baru: Project Blueprint.'[39m
}

[90mstdout[2m | src/api/__tests__/projectService.test.ts[2m > [22m[2mprojectService - Creation Operations[2m > [22m[2maddDocument[2m > [22m[2mshould upload document file and save metadata
[22m[39m[NataCarePM] projectService:addAuditLog: 0.216ms

[90mstdout[2m | src/api/__tests__/projectService.test.ts[2m > [22m[2mprojectService - Creation Operations[2m > [22m[2maddDocument[2m > [22m[2mshould upload document file and save metadata
[22m[39m[NataCarePM] [INFO] UserActivity UPLOAD_DOCUMENT projectService {
  userId: [32m'user-123'[39m,
  projectId: [32m'proj-123'[39m,
  documentId: [32m'doc-123'[39m,
  fileName: [32m'blueprint.pdf'[39m,
  fileSize: [33m13[39m
}
[NataCarePM] [INFO] projectService:addDocument Document uploaded successfully {
  projectId: [32m'proj-123'[39m,
  documentId: [32m'doc-123'[39m,
  fileName: [32m'blueprint.pdf'[39m
}

[90mstdout[2m | src/api/__tests__/projectService.test.ts[2m > [22m[2mprojectService - Creation Operations[2m > [22m[2maddDocument[2m > [22m[2mshould upload document file and save metadata
[22m[39m[NataCarePM] projectService:addDocument: 1.351ms

[90mstderr[2m | src/api/__tests__/rabAhspService.test.ts[2m > [22m[2mRabAhspService[2m > 
[22m[2mAHSP Operations[2m > [22m[2mgetAhspData[2m > [22m[2mshould reject invalid AHSP 
ID format
[22m[39mΓÜá∩╕Å logError attempt 1/3 failed: Error: [vitest] No "serverTimestamp" export is 
defined on the "firebase/firestore" mock. Did you forget to return it from "vi.mock"?
If you need to partially mock a module, you can use "importOriginal" helper inside:

    at VitestMocker.createError [90m(file:///C:/Users/latie/Documents/GitHub/NataCarePM/[39mno
de_modules/[4mvitest[24m/dist/chunks/execute.B7h3T_Hc.js:284:17[90m)[39m
    at Object.get [90m(file:///C:/Users/latie/Documents/GitHub/NataCarePM/[39mnode_modules/[4
mvitest[24m/dist/chunks/execute.B7h3T_Hc.js:330:16[90m)[39m
    at operation [90m(C:\Users\latie\Documents\GitHub\NataCarePM\[39msrc\api\monitoringService
.ts:453:22[90m)[39m
    at MonitoringService.executeWithRetry [90m(C:\Users\latie\Documents\GitHub\NataCarePM\[39m
src\api\monitoringService.ts:585:15[90m)[39m
    at MonitoringService.logError [90m(C:\Users\latie\Documents\GitHub\NataCarePM\[39msrc\api\
monitoringService.ts:462:18[90m)[39m
    at wrapError [90m(C:\Users\latie\Documents\GitHub\NataCarePM\[39msrc\utils\responseWrapper
.ts:148:21[90m)[39m
    at safeAsync [90m(C:\Users\latie\Documents\GitHub\NataCarePM\[39msrc\utils\responseWrapper
.ts:211:12[90m)[39m
    at RabAhspService.getAhspData [90m(C:\Users\latie\Documents\GitHub\NataCarePM\[39msrc\api\
rabAhspService.ts:255:12[90m)[39m
    at [90mC:\Users\latie\Documents\GitHub\NataCarePM\[39msrc\api\__tests__\rabAhspService.tes
t.ts:349:24
    at [90mfile:///C:/Users/latie/Documents/GitHub/NataCarePM/[39mnode_modules/[4m@vitest/run
ner[24m/dist/chunk-hooks.js:752:20 {
  codeFrame: [32m'vi\x1B[33m.\x1B[39m\x1B[34mmock\x1B[39m(\x1B[35mimport\x1B[39m(\x1B[32m"fireb
ase/firestore"\x1B[39m)\x1B[33m,\x1B[39m \x1B[35masync\x1B[39m (importOriginal) 
\x1B[33m=>\x1B[39m {\n'[39m +
    [32m'  \x1B[35mconst\x1B[39m actual \x1B[33m=\x1B[39m \x1B[35mawait\x1B[39m 
\x1B[34mimportOriginal\x1B[39m()\n'[39m +
    [32m'  \x1B[35mreturn\x1B[39m {\n'[39m +
    [32m'    \x1B[33m...\x1B[39mactual\x1B[33m,\x1B[39m\n'[39m +
    [32m'    \x1B[90m// your mocked methods\x1B[39m\n'[39m +
    [32m'  }\n'[39m +
    [32m'})'[39m
}

[90mstderr[2m | src/api/__tests__/rabAhspService.test.ts[2m > [22m[2mRabAhspService[2m > 
[22m[2mAHSP Operations[2m > [22m[2mupsertAhspData[2m > [22m[2mshould update existing 
AHSP data
[22m[39mΓÜá∩╕Å logError attempt 1/3 failed: Error: [vitest] No "serverTimestamp" export is 
defined on the "firebase/firestore" mock. Did you forget to return it from "vi.mock"?
If you need to partially mock a module, you can use "importOriginal" helper inside:

    at VitestMocker.createError [90m(file:///C:/Users/latie/Documents/GitHub/NataCarePM/[39mno
de_modules/[4mvitest[24m/dist/chunks/execute.B7h3T_Hc.js:284:17[90m)[39m
    at Object.get [90m(file:///C:/Users/latie/Documents/GitHub/NataCarePM/[39mnode_modules/[4
mvitest[24m/dist/chunks/execute.B7h3T_Hc.js:330:16[90m)[39m
    at operation [90m(C:\Users\latie\Documents\GitHub\NataCarePM\[39msrc\api\monitoringService
.ts:453:22[90m)[39m
    at MonitoringService.executeWithRetry [90m(C:\Users\latie\Documents\GitHub\NataCarePM\[39m
src\api\monitoringService.ts:585:15[90m)[39m
    at MonitoringService.logError [90m(C:\Users\latie\Documents\GitHub\NataCarePM\[39msrc\api\
monitoringService.ts:462:18[90m)[39m
    at wrapError [90m(C:\Users\latie\Documents\GitHub\NataCarePM\[39msrc\utils\responseWrapper
.ts:148:21[90m)[39m
    at safeAsync [90m(C:\Users\latie\Documents\GitHub\NataCarePM\[39msrc\utils\responseWrapper
.ts:211:12[90m)[39m
    at RabAhspService.getAhspData [90m(C:\Users\latie\Documents\GitHub\NataCarePM\[39msrc\api\
rabAhspService.ts:255:12[90m)[39m
    at [90mC:\Users\latie\Documents\GitHub\NataCarePM\[39msrc\api\rabAhspService.ts:312:31
    at safeAsync [90m(C:\Users\latie\Documents\GitHub\NataCarePM\[39msrc\utils\responseWrapper
.ts:201:18[90m)[39m {
  codeFrame: [32m'vi\x1B[33m.\x1B[39m\x1B[34mmock\x1B[39m(\x1B[35mimport\x1B[39m(\x1B[32m"fireb
ase/firestore"\x1B[39m)\x1B[33m,\x1B[39m \x1B[35masync\x1B[39m (importOriginal) 
\x1B[33m=>\x1B[39m {\n'[39m +
    [32m'  \x1B[35mconst\x1B[39m actual \x1B[33m=\x1B[39m \x1B[35mawait\x1B[39m 
\x1B[34mimportOriginal\x1B[39m()\n'[39m +
    [32m'  \x1B[35mreturn\x1B[39m {\n'[39m +
    [32m'    \x1B[33m...\x1B[39mactual\x1B[33m,\x1B[39m\n'[39m +
    [32m'    \x1B[90m// your mocked methods\x1B[39m\n'[39m +
    [32m'  }\n'[39m +
    [32m'})'[39m
}

[90mstderr[2m | src/api/__tests__/rabAhspService.test.ts[2m > [22m[2mRabAhspService[2m > 
[22m[2mAHSP Operations[2m > [22m[2mupsertAhspData[2m > [22m[2mshould reject invalid 
AHSP ID
[22m[39mΓÜá∩╕Å logError attempt 1/3 failed: Error: [vitest] No "serverTimestamp" export is 
defined on the "firebase/firestore" mock. Did you forget to return it from "vi.mock"?
If you need to partially mock a module, you can use "importOriginal" helper inside:

    at VitestMocker.createError [90m(file:///C:/Users/latie/Documents/GitHub/NataCarePM/[39mno
de_modules/[4mvitest[24m/dist/chunks/execute.B7h3T_Hc.js:284:17[90m)[39m
    at Object.get [90m(file:///C:/Users/latie/Documents/GitHub/NataCarePM/[39mnode_modules/[4
mvitest[24m/dist/chunks/execute.B7h3T_Hc.js:330:16[90m)[39m
    at operation [90m(C:\Users\latie\Documents\GitHub\NataCarePM\[39msrc\api\monitoringService
.ts:453:22[90m)[39m
    at MonitoringService.executeWithRetry [90m(C:\Users\latie\Documents\GitHub\NataCarePM\[39m
src\api\monitoringService.ts:585:15[90m)[39m
    at MonitoringService.logError [90m(C:\Users\latie\Documents\GitHub\NataCarePM\[39msrc\api\
monitoringService.ts:462:18[90m)[39m
    at wrapError [90m(C:\Users\latie\Documents\GitHub\NataCarePM\[39msrc\utils\responseWrapper
.ts:148:21[90m)[39m
    at safeAsync [90m(C:\Users\latie\Documents\GitHub\NataCarePM\[39msrc\utils\responseWrapper
.ts:211:12[90m)[39m
    at RabAhspService.upsertAhspData [90m(C:\Users\latie\Documents\GitHub\NataCarePM\[39msrc\a
pi\rabAhspService.ts:303:12[90m)[39m
    at [90mC:\Users\latie\Documents\GitHub\NataCarePM\[39msrc\api\__tests__\rabAhspService.tes
t.ts:399:24
    at [90mfile:///C:/Users/latie/Documents/GitHub/NataCarePM/[39mnode_modules/[4m@vitest/run
ner[24m/dist/chunk-hooks.js:752:20 {
  codeFrame: [32m'vi\x1B[33m.\x1B[39m\x1B[34mmock\x1B[39m(\x1B[35mimport\x1B[39m(\x1B[32m"fireb
ase/firestore"\x1B[39m)\x1B[33m,\x1B[39m \x1B[35masync\x1B[39m (importOriginal) 
\x1B[33m=>\x1B[39m {\n'[39m +
    [32m'  \x1B[35mconst\x1B[39m actual \x1B[33m=\x1B[39m \x1B[35mawait\x1B[39m 
\x1B[34mimportOriginal\x1B[39m()\n'[39m +
    [32m'  \x1B[35mreturn\x1B[39m {\n'[39m +
    [32m'    \x1B[33m...\x1B[39mactual\x1B[33m,\x1B[39m\n'[39m +
    [32m'    \x1B[90m// your mocked methods\x1B[39m\n'[39m +
    [32m'  }\n'[39m +
    [32m'})'[39m
}

[90mstderr[2m | src/api/__tests__/rabAhspService.test.ts[2m > [22m[2mRabAhspService[2m > 
[22m[2mEdge Cases[2m > [22m[2mshould handle Firestore connection errors gracefully
[22m[39mΓÜá∩╕Å Operation failed (attempt 1/3), retrying in 1276.743325276459ms: Network error
Error logging performance metric: Error: [vitest] No "serverTimestamp" export is defined on the 
"firebase/firestore" mock. Did you forget to return it from "vi.mock"?
If you need to partially mock a module, you can use "importOriginal" helper inside:

    at VitestMocker.createError [90m(file:///C:/Users/latie/Documents/GitHub/NataCarePM/[39mno
de_modules/[4mvitest[24m/dist/chunks/execute.B7h3T_Hc.js:284:17[90m)[39m
    at Object.get [90m(file:///C:/Users/latie/Documents/GitHub/NataCarePM/[39mnode_modules/[4
mvitest[24m/dist/chunks/execute.B7h3T_Hc.js:330:16[90m)[39m
    at MonitoringService.logPerformanceMetric [90m(C:\Users\latie\Documents\GitHub\NataCarePM\
[39msrc\api\monitoringService.ts:883:20[90m)[39m
    at withRetry [90m(C:\Users\latie\Documents\GitHub\NataCarePM\[39msrc\utils\retryWrapper.ts
:194:25[90m)[39m
    at [90mC:\Users\latie\Documents\GitHub\NataCarePM\[39msrc\api\rabAhspService.ts:181:24
    at safeAsync [90m(C:\Users\latie\Documents\GitHub\NataCarePM\[39msrc\utils\responseWrapper
.ts:201:18[90m)[39m
    at RabAhspService.getRabItemsByProject [90m(C:\Users\latie\Documents\GitHub\NataCarePM\[39
msrc\api\rabAhspService.ts:168:12[90m)[39m
    at [90mC:\Users\latie\Documents\GitHub\NataCarePM\[39msrc\api\__tests__\rabAhspService.tes
t.ts:413:22
    at [90mfile:///C:/Users/latie/Documents/GitHub/NataCarePM/[39mnode_modules/[4m@vitest/run
ner[24m/dist/chunk-hooks.js:752:20 {
  codeFrame: [32m'vi\x1B[33m.\x1B[39m\x1B[34mmock\x1B[39m(\x1B[35mimport\x1B[39m(\x1B[32m"fireb
ase/firestore"\x1B[39m)\x1B[33m,\x1B[39m \x1B[35masync\x1B[39m (importOriginal) 
\x1B[33m=>\x1B[39m {\n'[39m +
    [32m'  \x1B[35mconst\x1B[39m actual \x1B[33m=\x1B[39m \x1B[35mawait\x1B[39m 
\x1B[34mimportOriginal\x1B[39m()\n'[39m +
    [32m'  \x1B[35mreturn\x1B[39m {\n'[39m +
    [32m'    \x1B[33m...\x1B[39mactual\x1B[33m,\x1B[39m\n'[39m +
    [32m'    \x1B[90m// your mocked methods\x1B[39m\n'[39m +
    [32m'  }\n'[39m +
    [32m'})'[39m
}

 [32mΓ£ô[39m src/api/__tests__/accountsReceivableService.test.ts[2m > [22maccountsReceivableService[2m > [22mAR Number Generation[2m > [22mshould generate first AR number for current year[32m 2[2mms[22m[39m
 [32mΓ£ô[39m src/api/__tests__/accountsReceivableService.test.ts[2m > [22maccountsReceivableService[2m > [22mAR Number Generation[2m > [22mshould generate next AR number in sequence[32m 1[2mms[22m[39m
 [32mΓ£ô[39m src/api/__tests__/accountsReceivableService.test.ts[2m > [22maccountsReceivableService[2m > [22mAging Calculation[2m > [22mshould calculate aging bracket 0-30 days[32m 0[2mms[22m[39m
 [32mΓ£ô[39m src/api/__tests__/accountsReceivableService.test.ts[2m > [22maccountsReceivableService[2m > [22mAging Calculation[2m > [22mshould calculate aging bracket 90+ days[32m 0[2mms[22m[39m
 [32mΓ£ô[39m src/api/__tests__/accountsReceivableService.test.ts[2m > [22maccountsReceivableService[2m > [22mcreateAccountsReceivable[2m > [22mshould create AR with all fields correctly populated[32m 2[2mms[22m[39m
 [32mΓ£ô[39m src/api/__tests__/accountsReceivableService.test.ts[2m > [22maccountsReceivableService[2m > [22mcreateAccountsReceivable[2m > [22mshould enrich line items with default revenue accounts[32m 1[2mms[22m[39m
 [32mΓ£ô[39m src/api/__tests__/accountsReceivableService.test.ts[2m > [22maccountsReceivableService[2m > [22mcreateAccountsReceivable[2m > [22mshould reject AR without invoice number[32m 1[2mms[22m[39m
 [32mΓ£ô[39m src/api/__tests__/accountsReceivableService.test.ts[2m > [22maccountsReceivableService[2m > [22mcreateAccountsReceivable[2m > [22mshould reject AR without customer ID[32m 0[2mms[22m[39m
 [32mΓ£ô[39m src/api/__tests__/accountsReceivableService.test.ts[2m > [22maccountsReceivableService[2m > [22mcreateAccountsReceivable[2m > [22mshould reject AR without line items[32m 0[2mms[22m[39m
 [32mΓ£ô[39m src/api/__tests__/accountsReceivableService.test.ts[2m > [22maccountsReceivableService[2m > [22mgetAccountsReceivable[2m > [22mshould get AR by ID successfully[32m 1[2mms[22m[39m
 [32mΓ£ô[39m src/api/__tests__/accountsReceivableService.test.ts[2m > [22maccountsReceivableService[2m > [22mgetAccountsReceivable[2m > [22mshould return null for non-existent AR[32m 0[2mms[22m[39m
 [32mΓ£ô[39m src/api/__tests__/accountsReceivableService.test.ts[2m > [22maccountsReceivableService[2m > [22mgetAllAccountsReceivable[2m > [22mshould get all AR sorted by invoice date[32m 1[2mms[22m[39m
 [32mΓ£ô[39m src/api/__tests__/accountsReceivableService.test.ts[2m > [22maccountsReceivableService[2m > [22mgetAllAccountsReceivable[2m > [22mshould return empty array on error[32m 0[2mms[22m[39m
 [32mΓ£ô[39m src/api/__tests__/accountsReceivableService.test.ts[2m > [22maccountsReceivableService[2m > [22mgetAccountsReceivableByStatus[2m > [22mshould get AR filtered by status[32m 5[2mms[22m[39m
 [32mΓ£ô[39m src/api/__tests__/accountsReceivableService.test.ts[2m > [22maccountsReceivableService[2m > [22mgetAccountsReceivableByCustomer[2m > [22mshould get AR for specific customer[32m 1[2mms[22m[39m
 [32mΓ£ô[39m src/api/__tests__/accountsReceivableService.test.ts[2m > [22maccountsReceivableService[2m > [22mrecordPayment[2m > [22mshould record full payment successfully[32m 1[2mms[22m[39m
 [32mΓ£ô[39m src/api/__tests__/accountsReceivableService.test.ts[2m > [22maccountsReceivableService[2m > [22mrecordPayment[2m > [22mshould record partial payment[32m 1[2mms[22m[39m
 [32mΓ£ô[39m src/api/__tests__/accountsReceivableService.test.ts[2m > [22maccountsReceivableService[2m > [22mrecordPayment[2m > [22mshould prevent payment exceeding amount due[32m 0[2mms[22m[39m
 [32mΓ£ô[39m src/api/__tests__/accountsReceivableService.test.ts[2m > [22maccountsReceivableService[2m > [22mrecordPayment[2m > [22mshould prevent payment on paid AR[32m 0[2mms[22m[39m
 [32mΓ£ô[39m src/api/__tests__/accountsReceivableService.test.ts[2m > [22maccountsReceivableService[2m > [22maddCollectionNote[2m > [22mshould add collection note successfully[32m 1[2mms[22m[39m
 [32mΓ£ô[39m src/api/__tests__/accountsReceivableService.test.ts[2m > [22maccountsReceivableService[2m > [22maddCollectionNote[2m > [22mshould throw error for non-existent AR[32m 0[2mms[22m[39m
 [32mΓ£ô[39m src/api/__tests__/accountsReceivableService.test.ts[2m > [22maccountsReceivableService[2m > [22mmarkOverdueInvoices[2m > [22mshould mark overdue invoices[32m 1[2mms[22m[39m
 [32mΓ£ô[39m src/api/__tests__/accountsReceivableService.test.ts[2m > [22maccountsReceivableService[2m > [22mmarkOverdueInvoices[2m > [22mshould return 0 when no overdue invoices[32m 0[2mms[22m[39m
 [32mΓ£ô[39m src/api/__tests__/accountsReceivableService.test.ts[2m > [22maccountsReceivableService[2m > [22mgenerateAgingReport[2m > [22mshould generate aging report with correct brackets[32m 1[2mms[22m[39m
 [32mΓ£ô[39m src/api/__tests__/accountsReceivableService.test.ts[2m > [22maccountsReceivableService[2m > [22mgenerateAgingReport[2m > [22mshould calculate percentages correctly[32m 0[2mms[22m[39m
 [32mΓ£ô[39m src/api/__tests__/chartOfAccountsService.test.ts[2m > [22mchartOfAccountsService[2m > [22mAccount Number Generation[2m > [22mshould generate first account number for asset type[32m 2[2mms[22m[39m
 [32mΓ£ô[39m src/api/__tests__/chartOfAccountsService.test.ts[2m > [22mchartOfAccountsService[2m > [22mAccount Number Generation[2m > [22mshould generate next account number based on last account[32m 0[2mms[22m[39m
 [32mΓ£ô[39m src/api/__tests__/chartOfAccountsService.test.ts[2m > [22mchartOfAccountsService[2m > [22mAccount Number Generation[2m > [22mshould use different ranges for different account types[32m 0[2mms[22m[39m
 [32mΓ£ô[39m src/api/__tests__/chartOfAccountsService.test.ts[2m > [22mchartOfAccountsService[2m > [22mcreateAccount[2m > [22mshould create account successfully with all fields[32m 2[2mms[22m[39m
 [32mΓ£ô[39m src/api/__tests__/chartOfAccountsService.test.ts[2m > [22mchartOfAccountsService[2m > [22mcreateAccount[2m > [22mshould create sub-account with parent reference[32m 1[2mms[22m[39m
 [32mΓ£ô[39m src/api/__tests__/chartOfAccountsService.test.ts[2m > [22mchartOfAccountsService[2m > [22mcreateAccount[2m > [22mshould reject invalid account name[32m 1[2mms[22m[39m
 [32mΓ£ô[39m src/api/__tests__/chartOfAccountsService.test.ts[2m > [22mchartOfAccountsService[2m > [22mcreateAccount[2m > [22mshould reject duplicate account number[32m 0[2mms[22m[39m
 [32mΓ£ô[39m src/api/__tests__/chartOfAccountsService.test.ts[2m > [22mchartOfAccountsService[2m > [22mgetAccount[2m > [22mshould get account by ID successfully[32m 4[2mms[22m[39m
 [32mΓ£ô[39m src/api/__tests__/chartOfAccountsService.test.ts[2m > [22mchartOfAccountsService[2m > [22mgetAccount[2m > [22mshould return null for non-existent account[32m 0[2mms[22m[39m
 [32mΓ£ô[39m src/api/__tests__/chartOfAccountsService.test.ts[2m > [22mchartOfAccountsService[2m > [22mgetAccountByNumber[2m > [22mshould get account by account number[32m 0[2mms[22m[39m
 [32mΓ£ô[39m src/api/__tests__/chartOfAccountsService.test.ts[2m > [22mchartOfAccountsService[2m > [22mgetAccountByNumber[2m > [22mshould return null when account number not found[32m 0[2mms[22m[39m
 [32mΓ£ô[39m src/api/__tests__/chartOfAccountsService.test.ts[2m > [22mchartOfAccountsService[2m > [22mgetAllAccounts[2m > [22mshould get all accounts sorted by account number[32m 1[2mms[22m[39m
 [32mΓ£ô[39m src/api/__tests__/chartOfAccountsService.test.ts[2m > [22mchartOfAccountsService[2m > [22mgetAllAccounts[2m > [22mshould return empty array on error[32m 1[2mms[22m[39m
 [32mΓ£ô[39m src/api/__tests__/chartOfAccountsService.test.ts[2m > [22mchartOfAccountsService[2m > [22mgetAccountsByType[2m > [22mshould get accounts filtered by type[32m 1[2mms[22m[39m
 [32mΓ£ô[39m src/api/__tests__/chartOfAccountsService.test.ts[2m > [22mchartOfAccountsService[2m > [22mgetAccountsByType[2m > [22mshould return empty array when no accounts of type exist[32m 0[2mms[22m[39m
 [32mΓ£ô[39m src/api/__tests__/chartOfAccountsService.test.ts[2m > [22mchartOfAccountsService[2m > [22mgetAccountHierarchy[2m > [22mshould build account tree with parent-child relationships[32m 0[2mms[22m[39m
 [32mΓ£ô[39m src/api/__tests__/chartOfAccountsService.test.ts[2m > [22mchartOfAccountsService[2m > [22mgetAccountHierarchy[2m > [22mshould handle multiple root accounts[32m 0[2mms[22m[39m
 [32mΓ£ô[39m src/api/__tests__/chartOfAccountsService.test.ts[2m > [22mchartOfAccountsService[2m > [22mupdateAccount[2m > [22mshould update account successfully[32m 0[2mms[22m[39m
 [32mΓ£ô[39m src/api/__tests__/chartOfAccountsService.test.ts[2m > [22mchartOfAccountsService[2m > [22mupdateAccount[2m > [22mshould throw error for non-existent account[32m 0[2mms[22m[39m
 [32mΓ£ô[39m src/api/__tests__/chartOfAccountsService.test.ts[2m > [22mchartOfAccountsService[2m > [22mupdateAccount[2m > [22mshould prevent updating system accounts[32m 0[2mms[22m[39m
 [32mΓ£ô[39m src/api/__tests__/chartOfAccountsService.test.ts[2m > [22mchartOfAccountsService[2m > [22mdeleteAccount[2m > [22mshould soft delete account (archive)[32m 0[2mms[22m[39m
 [32mΓ£ô[39m src/api/__tests__/chartOfAccountsService.test.ts[2m > [22mchartOfAccountsService[2m > [22mdeleteAccount[2m > [22mshould prevent deleting system accounts[32m 0[2mms[22m[39m
 [32mΓ£ô[39m src/api/__tests__/chartOfAccountsService.test.ts[2m > [22mchartOfAccountsService[2m > [22mdeleteAccount[2m > [22mshould prevent deleting accounts with non-zero balance[32m 0[2mms[22m[39m
 [32mΓ£ô[39m src/api/__tests__/chartOfAccountsService.test.ts[2m > [22mchartOfAccountsService[2m > [22mdeleteAccount[2m > [22mshould prevent deleting control accounts with children[32m 0[2mms[22m[39m
 [32mΓ£ô[39m src/api/__tests__/chartOfAccountsService.test.ts[2m > [22mchartOfAccountsService[2m > [22mdeleteAccount[2m > [22mshould return false for non-existent account[32m 0[2mms[22m[39m
 [32mΓ£ô[39m src/api/__tests__/chartOfAccountsService.test.ts[2m > [22mchartOfAccountsService[2m > [22mgetAccountBalance[2m > [22mshould get account balance successfully[32m 0[2mms[22m[39m
 [32mΓ£ô[39m src/api/__tests__/chartOfAccountsService.test.ts[2m > [22mchartOfAccountsService[2m > [22mgetAccountBalance[2m > [22mshould return null for non-existent balance[32m 0[2mms[22m[39m
 [32mΓ£ô[39m src/api/__tests__/chartOfAccountsService.test.ts[2m > [22mchartOfAccountsService[2m > [22mupdateAccountBalance[2m > [22mshould update debit balance correctly for asset account[32m 0[2mms[22m[39m
 [32mΓ£ô[39m src/api/__tests__/chartOfAccountsService.test.ts[2m > [22mchartOfAccountsService[2m > [22mupdateAccountBalance[2m > [22mshould update credit balance correctly for liability account[32m 0[2mms[22m[39m
 [32mΓ£ô[39m src/api/__tests__/chartOfAccountsService.test.ts[2m > [22mchartOfAccountsService[2m > [22mupdateAccountBalance[2m > [22mshould throw error for non-existent account[32m 0[2mms[22m[39m
 [32mΓ£ô[39m src/api/__tests__/chartOfAccountsService.test.ts[2m > [22mchartOfAccountsService[2m > [22msearchAccounts[2m > [22mshould search accounts by account number[32m 0[2mms[22m[39m
 [32mΓ£ô[39m src/api/__tests__/chartOfAccountsService.test.ts[2m > [22mchartOfAccountsService[2m > [22msearchAccounts[2m > [22mshould search accounts by name[32m 0[2mms[22m[39m
 [32mΓ£ô[39m src/api/__tests__/chartOfAccountsService.test.ts[2m > [22mchartOfAccountsService[2m > [22msearchAccounts[2m > [22mshould search accounts by description[32m 0[2mms[22m[39m
 [32mΓ£ô[39m src/api/__tests__/chartOfAccountsService.test.ts[2m > [22mchartOfAccountsService[2m > [22msearchAccounts[2m > [22mshould return empty array when no matches found[32m 0[2mms[22m[39m
 [32mΓ£ô[39m src/api/__tests__/chartOfAccountsService.test.ts[2m > [22mchartOfAccountsService[2m > [22msearchAccounts[2m > [22mshould be case-insensitive[32m 0[2mms[22m[39m
 [32mΓ£ô[39m src/api/__tests__/chartOfAccountsService.test.ts[2m > [22mchartOfAccountsService[2m > [22mError Handling[2m > [22mshould handle Firestore errors gracefully[32m 0[2mms[22m[39m
 [32mΓ£ô[39m src/api/__tests__/chartOfAccountsService.test.ts[2m > [22mchartOfAccountsService[2m > [22mError Handling[2m > [22mshould handle invalid account type in generation[32m 0[2mms[22m[39m
 [32mΓ£ô[39m src/api/__tests__/rabAhspService.test.ts[2m > [22mRabAhspService[2m > [22mcreateRabItem[2m > [22mshould create RAB item with valid data[32m 3[2mms[22m[39m
 [32mΓ£ô[39m src/api/__tests__/rabAhspService.test.ts[2m > [22mRabAhspService[2m > [22mcreateRabItem[2m > [22mshould reject invalid project ID[32m 8[2mms[22m[39m
 [32mΓ£ô[39m src/api/__tests__/rabAhspService.test.ts[2m > [22mRabAhspService[2m > [22mcreateRabItem[2m > [22mshould reject empty description[32m 2[2mms[22m[39m
 [32mΓ£ô[39m src/api/__tests__/rabAhspService.test.ts[2m > [22mRabAhspService[2m > [22mcreateRabItem[2m > [22mshould reject negative volume[32m 2[2mms[22m[39m
 [32mΓ£ô[39m src/api/__tests__/rabAhspService.test.ts[2m > [22mRabAhspService[2m > [22mcreateRabItem[2m > [22mshould reject zero volume[32m 3[2mms[22m[39m
 [32mΓ£ô[39m src/api/__tests__/rabAhspService.test.ts[2m > [22mRabAhspService[2m > [22mcreateRabItem[2m > [22mshould reject negative unit price[32m 2[2mms[22m[39m
 [32mΓ£ô[39m src/api/__tests__/rabAhspService.test.ts[2m > [22mRabAhspService[2m > [22mcreateRabItem[2m > [22mshould reject invalid AHSP ID[32m 1[2mms[22m[39m
 [32mΓ£ô[39m src/api/__tests__/rabAhspService.test.ts[2m > [22mRabAhspService[2m > [22mgetRabItemById[2m > [22mshould return RAB item when found[32m 2[2mms[22m[39m
 [32mΓ£ô[39m src/api/__tests__/rabAhspService.test.ts[2m > [22mRabAhspService[2m > [22mgetRabItemById[2m > [22mshould return error when RAB item not found[32m 1[2mms[22m[39m
 [32mΓ£ô[39m src/api/__tests__/rabAhspService.test.ts[2m > [22mRabAhspService[2m > [22mgetRabItemById[2m > [22mshould reject invalid RAB item ID[32m 1[2mms[22m[39m
 [32mΓ£ô[39m src/api/__tests__/rabAhspService.test.ts[2m > [22mRabAhspService[2m > [22mgetRabItemById[2m > [22mshould reject non-integer RAB item ID[32m 1[2mms[22m[39m
 [32mΓ£ô[39m src/api/__tests__/rabAhspService.test.ts[2m > [22mRabAhspService[2m > [22mupdateRabItem[2m > [22mshould update RAB item with valid data[32m 1[2mms[22m[39m
 [32mΓ£ô[39m src/api/__tests__/rabAhspService.test.ts[2m > [22mRabAhspService[2m > [22mupdateRabItem[2m > [22mshould reject update with negative volume[32m 1[2mms[22m[39m
 [32mΓ£ô[39m src/api/__tests__/rabAhspService.test.ts[2m > [22mRabAhspService[2m > [22mupdateRabItem[2m > [22mshould reject update with negative price[32m 1[2mms[22m[39m
 [32mΓ£ô[39m src/api/__tests__/rabAhspService.test.ts[2m > [22mRabAhspService[2m > [22mdeleteRabItem[2m > [22mshould delete RAB item successfully[32m 1[2mms[22m[39m
 [32mΓ£ô[39m src/api/__tests__/rabAhspService.test.ts[2m > [22mRabAhspService[2m > [22mdeleteRabItem[2m > [22mshould return error when deleting non-existent item[32m 1[2mms[22m[39m
 [32mΓ£ô[39m src/api/__tests__/rabAhspService.test.ts[2m > [22mRabAhspService[2m > [22mgetRabItemsByProject[2m > [22mshould return all RAB items for a project[32m 1[2mms[22m[39m
 [32mΓ£ô[39m src/api/__tests__/rabAhspService.test.ts[2m > [22mRabAhspService[2m > [22mgetRabItemsByProject[2m > [22mshould return empty array for project with no items[32m 0[2mms[22m[39m
 [32mΓ£ô[39m src/api/__tests__/rabAhspService.test.ts[2m > [22mRabAhspService[2m > [22mAHSP Operations[2m > [22mgetAhspData[2m > [22mshould return AHSP data when found[32m 1[2mms[22m[39m
 [32mΓ£ô[39m src/api/__tests__/rabAhspService.test.ts[2m > [22mRabAhspService[2m > [22mAHSP Operations[2m > [22mgetAhspData[2m > [22mshould return error when AHSP not found[32m 1[2mms[22m[39m
 [32mΓ£ô[39m src/api/__tests__/rabAhspService.test.ts[2m > [22mRabAhspService[2m > [22mAHSP Operations[2m > [22mgetAhspData[2m > [22mshould reject invalid AHSP ID format[32m 1[2mms[22m[39m
 [32mΓ£ô[39m src/api/__tests__/rabAhspService.test.ts[2m > [22mRabAhspService[2m > [22mAHSP Operations[2m > [22mgetAllAhspData[2m > [22mshould return all AHSP data[32m 1[2mms[22m[39m
 [32mΓ£ô[39m src/api/__tests__/rabAhspService.test.ts[2m > [22mRabAhspService[2m > [22mAHSP Operations[2m > [22mgetAllAhspData[2m > [22mshould return empty array when no AHSP data exists[32m 0[2mms[22m[39m
 [32mΓ£ô[39m src/api/__tests__/rabAhspService.test.ts[2m > [22mRabAhspService[2m > [22mAHSP Operations[2m > [22mupsertAhspData[2m > [22mshould update existing AHSP data[32m 1[2mms[22m[39m
 [32mΓ£ô[39m src/api/__tests__/rabAhspService.test.ts[2m > [22mRabAhspService[2m > [22mAHSP Operations[2m > [22mupsertAhspData[2m > [22mshould reject invalid AHSP ID[32m 1[2mms[22m[39m
[90mstdout[2m | taskService.test.ts
[22m[39m[FIREBASE CONFIG] App initialized!
[FIREBASE] Using SDK v12.5.0 Γ£à
[FIREBASE CONFIG] Firestore initialized with v12 persistence API!
[FIREBASE] Γ£à Offline persistence ENABLED with multi-tab support
[FIREBASE] Γ£à ALL INITIALIZED SUCCESSFULLY!
[Firebase] Project ID: mock-project
[Firebase] Auth Domain: mock-project.firebaseapp.com

 [32mΓ£ô[39m src/api/__tests__/accountsPayableService.test.ts[2m > [22maccountsPayableService[2m > [22mAP Number Generation[2m > [22mshould generate first AP number for current year[32m 2[2mms[22m[39m
 [32mΓ£ô[39m src/api/__tests__/accountsPayableService.test.ts[2m > [22maccountsPayableService[2m > [22mAP Number Generation[2m > [22mshould generate next AP number in sequence[32m 0[2mms[22m[39m
 [32mΓ£ô[39m src/api/__tests__/accountsPayableService.test.ts[2m > [22maccountsPayableService[2m > [22mAging Calculation[2m > [22mshould calculate aging bracket 0-30 days[32m 0[2mms[22m[39m
 [32mΓ£ô[39m src/api/__tests__/accountsPayableService.test.ts[2m > [22maccountsPayableService[2m > [22mAging Calculation[2m > [22mshould calculate aging bracket 31-60 days[32m 0[2mms[22m[39m
 [32mΓ£ô[39m src/api/__tests__/accountsPayableService.test.ts[2m > [22maccountsPayableService[2m > [22mAging Calculation[2m > [22mshould calculate aging bracket 90+ days[32m 0[2mms[22m[39m
 [32mΓ£ô[39m src/api/__tests__/accountsPayableService.test.ts[2m > [22maccountsPayableService[2m > [22mcreateAccountsPayable[2m > [22mshould create AP with all fields correctly populated[32m 2[2mms[22m[39m
 [32mΓ£ô[39m src/api/__tests__/accountsPayableService.test.ts[2m > [22maccountsPayableService[2m > [22mcreateAccountsPayable[2m > [22mshould set requiresApproval for amounts > 10M[32m 1[2mms[22m[39m
 [32mΓ£ô[39m src/api/__tests__/accountsPayableService.test.ts[2m > [22maccountsPayableService[2m > [22mcreateAccountsPayable[2m > [22mshould enrich line items with default values[32m 0[2mms[22m[39m
 [32mΓ£ô[39m src/api/__tests__/accountsPayableService.test.ts[2m > [22maccountsPayableService[2m > [22mcreateAccountsPayable[2m > [22mshould reject AP without invoice number[32m 1[2mms[22m[39m
 [32mΓ£ô[39m src/api/__tests__/accountsPayableService.test.ts[2m > [22maccountsPayableService[2m > [22mcreateAccountsPayable[2m > [22mshould reject AP without vendor ID[32m 0[2mms[22m[39m
 [32mΓ£ô[39m src/api/__tests__/accountsPayableService.test.ts[2m > [22maccountsPayableService[2m > [22mcreateAccountsPayable[2m > [22mshould reject AP without line items[32m 0[2mms[22m[39m
 [32mΓ£ô[39m src/api/__tests__/accountsPayableService.test.ts[2m > [22maccountsPayableService[2m > [22mgetAccountsPayable[2m > [22mshould get AP by ID successfully[32m 1[2mms[22m[39m
 [32mΓ£ô[39m src/api/__tests__/accountsPayableService.test.ts[2m > [22maccountsPayableService[2m > [22mgetAccountsPayable[2m > [22mshould return null for non-existent AP[32m 0[2mms[22m[39m
 [32mΓ£ô[39m src/api/__tests__/accountsPayableService.test.ts[2m > [22maccountsPayableService[2m > [22mgetAllAccountsPayable[2m > [22mshould get all AP sorted by invoice date[32m 0[2mms[22m[39m
 [32mΓ£ô[39m src/api/__tests__/accountsPayableService.test.ts[2m > [22maccountsPayableService[2m > [22mgetAllAccountsPayable[2m > [22mshould return empty array on error[32m 0[2mms[22m[39m
 [32mΓ£ô[39m src/api/__tests__/accountsPayableService.test.ts[2m > [22maccountsPayableService[2m > [22mgetAccountsPayableByStatus[2m > [22mshould get AP filtered by status[32m 0[2mms[22m[39m
 [32mΓ£ô[39m src/api/__tests__/accountsPayableService.test.ts[2m > [22maccountsPayableService[2m > [22mgetAccountsPayableByVendor[2m > [22mshould get AP for specific vendor[32m 1[2mms[22m[39m
 [32mΓ£ô[39m src/api/__tests__/accountsPayableService.test.ts[2m > [22maccountsPayableService[2m > [22mapproveAccountsPayable[2m > [22mshould approve pending AP successfully[32m 1[2mms[22m[39m
 [32mΓ£ô[39m src/api/__tests__/accountsPayableService.test.ts[2m > [22maccountsPayableService[2m > [22mapproveAccountsPayable[2m > [22mshould throw error for non-existent AP[32m 0[2mms[22m[39m
 [32mΓ£ô[39m src/api/__tests__/accountsPayableService.test.ts[2m > [22maccountsPayableService[2m > [22mapproveAccountsPayable[2m > [22mshould prevent approving non-pending AP[32m 0[2mms[22m[39m
 [32mΓ£ô[39m src/api/__tests__/accountsPayableService.test.ts[2m > [22maccountsPayableService[2m > [22mrecordPayment[2m > [22mshould record full payment successfully[32m 0[2mms[22m[39m
 [32mΓ£ô[39m src/api/__tests__/accountsPayableService.test.ts[2m > [22maccountsPayableService[2m > [22mrecordPayment[2m > [22mshould record partial payment[32m 1[2mms[22m[39m
 [32mΓ£ô[39m src/api/__tests__/accountsPayableService.test.ts[2m > [22maccountsPayableService[2m > [22mrecordPayment[2m > [22mshould prevent payment exceeding amount due[32m 0[2mms[22m[39m
 [32mΓ£ô[39m src/api/__tests__/accountsPayableService.test.ts[2m > [22maccountsPayableService[2m > [22mrecordPayment[2m > [22mshould prevent payment on paid AP[32m 0[2mms[22m[39m
 [32mΓ£ô[39m src/api/__tests__/accountsPayableService.test.ts[2m > [22maccountsPayableService[2m > [22mgenerateAgingReport[2m > [22mshould generate aging report with correct brackets[32m 1[2mms[22m[39m
 [32mΓ£ô[39m src/api/__tests__/accountsPayableService.test.ts[2m > [22maccountsPayableService[2m > [22mgenerateAgingReport[2m > [22mshould calculate percentages correctly[32m 0[2mms[22m[39m
 [32mΓ£ô[39m src/api/__tests__/accountsPayableService.test.ts[2m > [22maccountsPayableService[2m > [22mgenerateAgingReport[2m > [22mshould handle empty AP list[32m 0[2mms[22m[39m
 [32mΓ£ô[39m src/api/__tests__/accountsPayableService.test.ts[2m > [22maccountsPayableService[2m > [22mError Handling[2m > [22mshould handle Firestore errors gracefully in getAccountsPayable[32m 0[2mms[22m[39m
 [32mΓ£ô[39m src/api/__tests__/accountsPayableService.test.ts[2m > [22maccountsPayableService[2m > [22mError Handling[2m > [22mshould throw error for invalid payment on non-existent AP[32m 0[2mms[22m[39m
[90mstderr[2m | src/api/__tests__/accountsReceivableService.test.ts
[22m[39mFailed to initialize Twilio client: Error: accountSid must start with AC
    at Twilio.setAccountSid [90m(C:\Users\latie\Documents\GitHub\NataCarePM\[39mnode_modules\
[4mtwilio[24m\lib\base\BaseTwilio.js:83:23[90m)[39m
    at new Client [90m(C:\Users\latie\Documents\GitHub\NataCarePM\[39mnode_modules\[4mtwilio
[24m\lib\base\BaseTwilio.js:45:18[90m)[39m
    at new Twilio [90m(C:\Users\latie\Documents\GitHub\NataCarePM\[39mnode_modules\[4mtwilio
[24m\lib\rest\Twilio.js:33:9[90m)[39m
    at Proxy.TwilioSDK [90m(C:\Users\latie\Documents\GitHub\NataCarePM\[39mnode_modules\[4mtw
ilio[24m\lib\index.js:55:12[90m)[39m
    at TwilioSMSService.initializeClient [90m(C:\Users\latie\Documents\GitHub\NataCarePM\[39ms
rc\api\channels\smsChannel.ts:37:28[90m)[39m

 [32mΓ£ô[39m src/api/__tests__/accountsReceivableService.test.ts[2m > [22maccountsReceivableService[2m > [22msendPaymentReminder[2m > [22mshould send gentle reminder[32m 184[2mms[22m[39m
 [32mΓ£ô[39m src/api/__tests__/accountsReceivableService.test.ts[2m > [22maccountsReceivableService[2m > [22msendPaymentReminder[2m > [22mshould send firm reminder for overdue[32m 1[2mms[22m[39m
 [32mΓ£ô[39m src/api/__tests__/accountsReceivableService.test.ts[2m > [22maccountsReceivableService[2m > [22msendAutomatedReminders[2m > [22mshould send automated reminders based on aging[32m 2[2mms[22m[39m
 [32mΓ£ô[39m src/api/__tests__/accountsReceivableService.test.ts[2m > [22maccountsReceivableService[2m > [22msendAutomatedReminders[2m > [22mshould skip recently reminded invoices[32m 0[2mms[22m[39m
 [32mΓ£ô[39m src/api/__tests__/accountsReceivableService.test.ts[2m > [22maccountsReceivableService[2m > [22mError Handling[2m > [22mshould handle Firestore errors gracefully[32m 0[2mms[22m[39m
 [32mΓ£ô[39m src/api/__tests__/accountsReceivableService.test.ts[2m > [22maccountsReceivableService[2m > [22mError Handling[2m > [22mshould throw error for payment on non-existent AR[32m 0[2mms[22m[39m
[90mstdout[2m | taskService.test.ts[2m > [22m[2mtaskService[2m > [22m[2mshould create a new task and return its ID
[22m[39m[NataCarePM] [INFO] projectService:addAuditLog Adding audit log {
  projectId: [32m'proj-abc'[39m,
  userId: [32m'user-xyz'[39m,
  action: [32m'Membuat task baru: "New Task"'[39m
}

[90mstdout[2m | taskService.test.ts[2m > [22m[2mtaskService[2m > [22m[2mshould create a new task and return its ID
[22m[39m[NataCarePM] [INFO] UserActivity AUDIT_LOG projectService {
  userId: [32m'user-xyz'[39m,
  projectId: [32m'proj-abc'[39m,
  action: [32m'Membuat task baru: "New Task"'[39m
}
[NataCarePM] [INFO] projectService:addAuditLog Audit log added {
  projectId: [32m'proj-abc'[39m,
  logId: [32m'new-task-456'[39m,
  action: [32m'Membuat task baru: "New Task"'[39m
}

[90mstdout[2m | taskService.test.ts[2m > [22m[2mtaskService[2m > [22m[2mshould create a new task and return its ID
[22m[39m[NataCarePM] projectService:addAuditLog: 0.83ms

[90mstdout[2m | taskService.test.ts[2m > [22m[2mtaskService[2m > [22m[2mshould update an existing task
[22m[39m[NataCarePM] [INFO] projectService:addAuditLog Adding audit log {
  projectId: [32m'proj-abc'[39m,
  userId: [32m'user-xyz'[39m,
  action: [32m'Memperbarui task #task-123'[39m
}

[90mstdout[2m | taskService.test.ts[2m > [22m[2mtaskService[2m > [22m[2mshould update an existing task
[22m[39m[NataCarePM] [INFO] UserActivity AUDIT_LOG projectService {
  userId: [32m'user-xyz'[39m,
  projectId: [32m'proj-abc'[39m,
  action: [32m'Memperbarui task #task-123'[39m
}
[NataCarePM] [INFO] projectService:addAuditLog Audit log added {
  projectId: [32m'proj-abc'[39m,
  logId: [32m'new-task-456'[39m,
  action: [32m'Memperbarui task #task-123'[39m
}

[90mstdout[2m | taskService.test.ts[2m > [22m[2mtaskService[2m > [22m[2mshould update an existing task
[22m[39m[NataCarePM] projectService:addAuditLog: 0.274ms

[90mstderr[2m | taskService.test.ts[2m > [22m[2mtaskService[2m > [22m[2mshould return 
an error object when fetching tasks fails
[22m[39mΓ¥î Operation failed after 3 attempts: Error: Firestore permission denied
    at [90mC:\Users\latie\Documents\GitHub\NataCarePM\[39mtaskService.test.ts:109:58
    at [90mfile:///C:/Users/latie/Documents/GitHub/NataCarePM/[39mnode_modules/[4m@vitest/run
ner[24m/dist/chunk-hooks.js:155:11
    at [90mfile:///C:/Users/latie/Documents/GitHub/NataCarePM/[39mnode_modules/[4m@vitest/run
ner[24m/dist/chunk-hooks.js:752:26
    at [90mfile:///C:/Users/latie/Documents/GitHub/NataCarePM/[39mnode_modules/[4m@vitest/run
ner[24m/dist/chunk-hooks.js:1897:20
    at new Promise (<anonymous>)
    at runWithTimeout [90m(file:///C:/Users/latie/Documents/GitHub/NataCarePM/[39mnode_modules
/[4m@vitest/runner[24m/dist/chunk-hooks.js:1863:10[90m)[39m
    at runTest [90m(file:///C:/Users/latie/Documents/GitHub/NataCarePM/[39mnode_modules/[4m@v
itest/runner[24m/dist/chunk-hooks.js:1574:12[90m)[39m
    at runSuite [90m(file:///C:/Users/latie/Documents/GitHub/NataCarePM/[39mnode_modules/[4m@
vitest/runner[24m/dist/chunk-hooks.js:1729:8[90m)[39m
    at runSuite [90m(file:///C:/Users/latie/Documents/GitHub/NataCarePM/[39mnode_modules/[4m@
vitest/runner[24m/dist/chunk-hooks.js:1729:8[90m)[39m
    at runFiles [90m(file:///C:/Users/latie/Documents/GitHub/NataCarePM/[39mnode_modules/[4m@
vitest/runner[24m/dist/chunk-hooks.js:1787:3[90m)[39m

[90mstderr[2m | taskService.test.ts[2m > [22m[2mtaskService[2m > [22m[2mshould return 
an error object when fetching tasks fails
[22m[39m≡ƒÜ¿ CRITICAL ERROR: {
  message: [32m'[taskService.getTasksByProject] Firestore permission denied'[39m,
  stack: [32m'APIError: Firestore permission denied\n'[39m +
    [32m'    at wrapError (C:\\Users\\latie\\Documents\\GitHub\\NataCarePM\\src\\utils\\respons
eWrapper.ts:133:18)\n'[39m +
    [32m'    at safeAsync (C:\\Users\\latie\\Documents\\GitHub\\NataCarePM\\src\\utils\\respons
eWrapper.ts:211:12)\n'[39m +
    [32m'    at Object.getTasksByProject 
(C:\\Users\\latie\\Documents\\GitHub\\NataCarePM\\src\\api\\taskService.ts:45:10)\n'[39m +
    [32m'    at 
C:\\Users\\latie\\Documents\\GitHub\\NataCarePM\\taskService.test.ts:110:20\n'[39m +
    [32m'    at file:///C:/Users/latie/Documents/GitHub/NataCarePM/node_modules/@vitest/runner/
dist/chunk-hooks.js:752:20'[39m,
  severity: [32m'critical'[39m,
  component: [32m'taskService.getTasksByProject'[39m,
  action: [32m'operation'[39m,
  userId: [90mundefined[39m,
  userName: [90mundefined[39m,
  errorId: [32m''[39m,
  timestamp: [35m2025-11-13T11:33:55.901Z[39m,
  resolved: [33mfalse[39m,
  environment: [32m'development'[39m,
  url: [32m'http://localhost:3000/'[39m,
  userAgent: [32m'Mozilla/5.0 (X11; Win32 x64) AppleWebKit/537.36 (KHTML, like Gecko) 
HappyDOM/20.0.10'[39m
}

 [32mΓ£ô[39m taskService.test.ts[2m > [22mtaskService[2m > [22mshould fetch tasks for a given project ID[32m 3[2mms[22m[39m
 [32mΓ£ô[39m taskService.test.ts[2m > [22mtaskService[2m > [22mshould fetch a single task by its ID[32m 1[2mms[22m[39m
 [32mΓ£ô[39m taskService.test.ts[2m > [22mtaskService[2m > [22mshould create a new task and return its ID[32m 2[2mms[22m[39m
 [32mΓ£ô[39m taskService.test.ts[2m > [22mtaskService[2m > [22mshould update an existing task[32m 1[2mms[22m[39m
 [32mΓ£ô[39m taskService.test.ts[2m > [22mtaskService[2m > [22mshould return an error object when fetching tasks fails[32m 8[2mms[22m[39m
[90mstderr[2m | src/api/projectService.test.ts[2m > [22m[2mprojectService[2m > 
[22m[2mgetWorkspaces[2m > [22m[2mshould fetch workspaces successfully
[22m[39mΓÜá∩╕Å logError attempt 1/3 failed: TypeError: Cannot read properties of undefined 
(reading 'id')
    at operation [90m(C:\Users\latie\Documents\GitHub\NataCarePM\[39msrc\api\monitoringService
.ts:458:54[90m)[39m
    at MonitoringService.executeWithRetry [90m(C:\Users\latie\Documents\GitHub\NataCarePM\[39m
src\api\monitoringService.ts:585:9[90m)[39m
    at MonitoringService.logError [90m(C:\Users\latie\Documents\GitHub\NataCarePM\[39msrc\api\
monitoringService.ts:462:7[90m)[39m

[90mstderr[2m | src/api/projectService.test.ts[2m > [22m[2mprojectService[2m > 
[22m[2mgetWorkspaces[2m > [22m[2mshould handle errors when fetching workspaces
[22m[39mΓÜá∩╕Å logError attempt 1/3 failed: TypeError: Cannot read properties of undefined 
(reading 'id')
    at operation [90m(C:\Users\latie\Documents\GitHub\NataCarePM\[39msrc\api\monitoringService
.ts:458:54[90m)[39m
    at MonitoringService.executeWithRetry [90m(C:\Users\latie\Documents\GitHub\NataCarePM\[39m
src\api\monitoringService.ts:585:9[90m)[39m
    at MonitoringService.logError [90m(C:\Users\latie\Documents\GitHub\NataCarePM\[39msrc\api\
monitoringService.ts:462:7[90m)[39m

[90mstderr[2m | src/api/projectService.test.ts[2m > [22m[2mprojectService[2m > 
[22m[2mgetWorkspaces[2m > [22m[2mshould return empty array when no workspaces exist
[22m[39mΓÜá∩╕Å logError attempt 1/3 failed: TypeError: Cannot read properties of undefined 
(reading 'id')
    at operation [90m(C:\Users\latie\Documents\GitHub\NataCarePM\[39msrc\api\monitoringService
.ts:458:54[90m)[39m
    at MonitoringService.executeWithRetry [90m(C:\Users\latie\Documents\GitHub\NataCarePM\[39m
src\api\monitoringService.ts:585:9[90m)[39m
    at MonitoringService.logError [90m(C:\Users\latie\Documents\GitHub\NataCarePM\[39msrc\api\
monitoringService.ts:462:7[90m)[39m

[90mstderr[2m | src/api/projectService.test.ts[2m > [22m[2mprojectService[2m > 
[22m[2mgetProjectById[2m > [22m[2mshould fetch project by ID successfully
[22m[39mΓÜá∩╕Å logError attempt 1/3 failed: TypeError: Cannot read properties of undefined 
(reading 'id')
    at operation [90m(C:\Users\latie\Documents\GitHub\NataCarePM\[39msrc\api\monitoringService
.ts:458:54[90m)[39m
    at MonitoringService.executeWithRetry [90m(C:\Users\latie\Documents\GitHub\NataCarePM\[39m
src\api\monitoringService.ts:585:9[90m)[39m
    at MonitoringService.logError [90m(C:\Users\latie\Documents\GitHub\NataCarePM\[39msrc\api\
monitoringService.ts:462:7[90m)[39m

[90mstderr[2m | src/api/projectService.test.ts[2m > [22m[2mprojectService[2m > 
[22m[2mgetProjectById[2m > [22m[2mshould return error for non-existent project
[22m[39mΓÜá∩╕Å logError attempt 1/3 failed: TypeError: Cannot read properties of undefined 
(reading 'id')
    at operation [90m(C:\Users\latie\Documents\GitHub\NataCarePM\[39msrc\api\monitoringService
.ts:458:54[90m)[39m
    at MonitoringService.executeWithRetry [90m(C:\Users\latie\Documents\GitHub\NataCarePM\[39m
src\api\monitoringService.ts:585:9[90m)[39m
    at MonitoringService.logError [90m(C:\Users\latie\Documents\GitHub\NataCarePM\[39msrc\api\
monitoringService.ts:462:7[90m)[39m

[90mstderr[2m | src/api/projectService.test.ts[2m > [22m[2mprojectService[2m > 
[22m[2mgetProjectById[2m > [22m[2mshould handle Firebase errors gracefully
[22m[39mΓÜá∩╕Å logError attempt 1/3 failed: TypeError: Cannot read properties of undefined 
(reading 'id')
    at operation [90m(C:\Users\latie\Documents\GitHub\NataCarePM\[39msrc\api\monitoringService
.ts:458:54[90m)[39m
    at MonitoringService.executeWithRetry [90m(C:\Users\latie\Documents\GitHub\NataCarePM\[39m
src\api\monitoringService.ts:585:9[90m)[39m
    at MonitoringService.logError [90m(C:\Users\latie\Documents\GitHub\NataCarePM\[39msrc\api\
monitoringService.ts:462:7[90m)[39m

[90mstderr[2m | src/api/projectService.test.ts[2m > [22m[2mprojectService[2m > 
[22m[2maddDailyReport[2m > [22m[2mshould add daily report successfully
[22m[39m≡ƒÜ¿ CRITICAL ERROR: {
  message: [32m'[projectService.addDailyReport] __vite_ssr_import_4__.validators.isValidDate 
is not a function'[39m,
  stack: [32m'APIError: __vite_ssr_import_4__.validators.isValidDate is not a function\n'[39m 
+
    [32m'    at wrapError (C:\\Users\\latie\\Documents\\GitHub\\NataCarePM\\src\\utils\\respons
eWrapper.ts:133:18)\n'[39m +
    [32m'    at safeAsync (C:\\Users\\latie\\Documents\\GitHub\\NataCarePM\\src\\utils\\respons
eWrapper.ts:211:12)\n'[39m +
    [32m'    at Object.addDailyReport 
(C:\\Users\\latie\\Documents\\GitHub\\NataCarePM\\src\\api\\projectService.ts:573:20)\n'[39m +
    [32m'    at C:\\Users\\latie\\Documents\\GitHub\\NataCarePM\\src\\api\\projectService.test.
ts:294:22\n'[39m +
    [32m'    at file:///C:/Users/latie/Documents/GitHub/NataCarePM/node_modules/@vitest/runner/
dist/chunk-hooks.js:752:20'[39m,
  severity: [32m'critical'[39m,
  component: [32m'projectService.addDailyReport'[39m,
  action: [32m'operation'[39m,
  userId: [32m'user-123'[39m,
  userName: [32m'User user-123'[39m,
  errorId: [32m''[39m,
  timestamp: [35m2025-11-13T11:33:55.926Z[39m,
  resolved: [33mfalse[39m,
  environment: [32m'development'[39m,
  url: [32m'http://localhost:3000/'[39m,
  userAgent: [32m'Mozilla/5.0 (X11; Win32 x64) AppleWebKit/537.36 (KHTML, like Gecko) 
HappyDOM/20.0.10'[39m
}

[90mstderr[2m | src/api/projectService.test.ts[2m > [22m[2mprojectService[2m > 
[22m[2maddDailyReport[2m > [22m[2mshould handle Firebase errors during report creation
[22m[39mΓÜá∩╕Å logError attempt 1/3 failed: Error: Firestore error
    at 
[90mC:\Users\latie\Documents\GitHub\NataCarePM\[39msrc\api\projectService.test.ts:318:43
    at [90mfile:///C:/Users/latie/Documents/GitHub/NataCarePM/[39mnode_modules/[4m@vitest/run
ner[24m/dist/chunk-hooks.js:752:20

[90mstderr[2m | src/api/projectService.test.ts[2m > [22m[2mprojectService[2m > 
[22m[2maddPurchaseOrder[2m > [22m[2mshould add purchase order successfully
[22m[39m≡ƒÜ¿ CRITICAL ERROR: {
  message: [32m'[projectService.addPurchaseOrder] 
__vite_ssr_import_4__.validators.isValidString is not a function'[39m,
  stack: [32m'APIError: __vite_ssr_import_4__.validators.isValidString is not a 
function\n'[39m +
    [32m'    at wrapError (C:\\Users\\latie\\Documents\\GitHub\\NataCarePM\\src\\utils\\respons
eWrapper.ts:133:18)\n'[39m +
    [32m'    at safeAsync (C:\\Users\\latie\\Documents\\GitHub\\NataCarePM\\src\\utils\\respons
eWrapper.ts:211:12)\n'[39m +
    [32m'    at Object.addPurchaseOrder 
(C:\\Users\\latie\\Documents\\GitHub\\NataCarePM\\src\\api\\projectService.ts:643:20)\n'[39m +
    [32m'    at C:\\Users\\latie\\Documents\\GitHub\\NataCarePM\\src\\api\\projectService.test.
ts:363:22\n'[39m +
    [32m'    at file:///C:/Users/latie/Documents/GitHub/NataCarePM/node_modules/@vitest/runner/
dist/chunk-hooks.js:752:20'[39m,
  severity: [32m'critical'[39m,
  component: [32m'projectService.addPurchaseOrder'[39m,
  action: [32m'operation'[39m,
  userId: [32m'user-123'[39m,
  userName: [32m'User user-123'[39m,
  errorId: [32m''[39m,
  timestamp: [35m2025-11-13T11:33:55.930Z[39m,
  resolved: [33mfalse[39m,
  environment: [32m'development'[39m,
  url: [32m'http://localhost:3000/'[39m,
  userAgent: [32m'Mozilla/5.0 (X11; Win32 x64) AppleWebKit/537.36 (KHTML, like Gecko) 
HappyDOM/20.0.10'[39m
}

[90mstderr[2m | src/api/projectService.test.ts[2m > [22m[2mprojectService[2m > 
[22m[2mupdatePOStatus[2m > [22m[2mshould update PO status successfully
[22m[39mΓÜá∩╕Å logError attempt 1/3 failed: TypeError: Cannot read properties of undefined 
(reading 'id')
    at operation [90m(C:\Users\latie\Documents\GitHub\NataCarePM\[39msrc\api\monitoringService
.ts:458:54[90m)[39m
    at MonitoringService.executeWithRetry [90m(C:\Users\latie\Documents\GitHub\NataCarePM\[39m
src\api\monitoringService.ts:585:9[90m)[39m
    at MonitoringService.logError [90m(C:\Users\latie\Documents\GitHub\NataCarePM\[39msrc\api\
monitoringService.ts:462:7[90m)[39m

[90mstderr[2m | src/api/projectService.test.ts[2m > [22m[2mprojectService[2m > 
[22m[2mupdatePOStatus[2m > [22m[2mshould return error for non-existent PO
[22m[39mΓÜá∩╕Å logError attempt 1/3 failed: TypeError: Cannot read properties of undefined 
(reading 'id')
    at operation [90m(C:\Users\latie\Documents\GitHub\NataCarePM\[39msrc\api\monitoringService
.ts:458:54[90m)[39m
    at MonitoringService.executeWithRetry [90m(C:\Users\latie\Documents\GitHub\NataCarePM\[39m
src\api\monitoringService.ts:585:9[90m)[39m
    at MonitoringService.logError [90m(C:\Users\latie\Documents\GitHub\NataCarePM\[39msrc\api\
monitoringService.ts:462:7[90m)[39m

[90mstderr[2m | src/api/projectService.test.ts[2m > [22m[2mprojectService[2m > 
[22m[2mupdateAttendance[2m > [22m[2mshould update attendance records successfully
[22m[39mΓÜá∩╕Å logError attempt 1/3 failed: TypeError: Cannot read properties of undefined 
(reading 'id')
    at operation [90m(C:\Users\latie\Documents\GitHub\NataCarePM\[39msrc\api\monitoringService
.ts:458:54[90m)[39m
    at MonitoringService.executeWithRetry [90m(C:\Users\latie\Documents\GitHub\NataCarePM\[39m
src\api\monitoringService.ts:585:9[90m)[39m
    at MonitoringService.logError [90m(C:\Users\latie\Documents\GitHub\NataCarePM\[39msrc\api\
monitoringService.ts:462:7[90m)[39m

[90mstderr[2m | src/api/projectService.test.ts[2m > [22m[2mprojectService[2m > 
[22m[2mupdateAttendance[2m > [22m[2mshould handle batch write errors
[22m[39mΓÜá∩╕Å logError attempt 1/3 failed: TypeError: Cannot read properties of undefined 
(reading 'id')
    at operation [90m(C:\Users\latie\Documents\GitHub\NataCarePM\[39msrc\api\monitoringService
.ts:458:54[90m)[39m
    at MonitoringService.executeWithRetry [90m(C:\Users\latie\Documents\GitHub\NataCarePM\[39m
src\api\monitoringService.ts:585:9[90m)[39m
    at MonitoringService.logError [90m(C:\Users\latie\Documents\GitHub\NataCarePM\[39msrc\api\
monitoringService.ts:462:7[90m)[39m

[90mstderr[2m | src/api/projectService.test.ts[2m > [22m[2mprojectService[2m > 
[22m[2mmarkNotificationsAsRead[2m > [22m[2mshould mark notifications as read successfully
[22m[39mΓÜá∩╕Å logError attempt 1/3 failed: TypeError: Cannot read properties of undefined 
(reading 'id')
    at operation [90m(C:\Users\latie\Documents\GitHub\NataCarePM\[39msrc\api\monitoringService
.ts:458:54[90m)[39m
    at MonitoringService.executeWithRetry [90m(C:\Users\latie\Documents\GitHub\NataCarePM\[39m
src\api\monitoringService.ts:585:9[90m)[39m
    at MonitoringService.logError [90m(C:\Users\latie\Documents\GitHub\NataCarePM\[39msrc\api\
monitoringService.ts:462:7[90m)[39m

[90mstderr[2m | src/api/projectService.test.ts[2m > [22m[2mprojectService[2m > 
[22m[2mmarkNotificationsAsRead[2m > [22m[2mshould handle empty notification IDs array
[22m[39mΓÜá∩╕Å logError attempt 1/3 failed: TypeError: Cannot read properties of undefined 
(reading 'id')
    at operation [90m(C:\Users\latie\Documents\GitHub\NataCarePM\[39msrc\api\monitoringService
.ts:458:54[90m)[39m
    at MonitoringService.executeWithRetry [90m(C:\Users\latie\Documents\GitHub\NataCarePM\[39m
src\api\monitoringService.ts:585:9[90m)[39m
    at MonitoringService.logError [90m(C:\Users\latie\Documents\GitHub\NataCarePM\[39msrc\api\
monitoringService.ts:462:7[90m)[39m

[90mstderr[2m | src/api/projectService.test.ts[2m > [22m[2mprojectService[2m > 
[22m[2mmarkNotificationsAsRead[2m > [22m[2mshould handle batch update errors
[22m[39mΓÜá∩╕Å logError attempt 1/3 failed: TypeError: Cannot read properties of undefined 
(reading 'id')
    at operation [90m(C:\Users\latie\Documents\GitHub\NataCarePM\[39msrc\api\monitoringService
.ts:458:54[90m)[39m
    at MonitoringService.executeWithRetry [90m(C:\Users\latie\Documents\GitHub\NataCarePM\[39m
src\api\monitoringService.ts:585:9[90m)[39m
    at MonitoringService.logError [90m(C:\Users\latie\Documents\GitHub\NataCarePM\[39msrc\api\
monitoringService.ts:462:7[90m)[39m

[90mstderr[2m | src/api/projectService.test.ts[2m > [22m[2mprojectService[2m > 
[22m[2mError Handling[2m > [22m[2mshould handle network errors gracefully
[22m[39mΓÜá∩╕Å logError attempt 1/3 failed: TypeError: Cannot read properties of undefined 
(reading 'id')
    at operation [90m(C:\Users\latie\Documents\GitHub\NataCarePM\[39msrc\api\monitoringService
.ts:458:54[90m)[39m
    at MonitoringService.executeWithRetry [90m(C:\Users\latie\Documents\GitHub\NataCarePM\[39m
src\api\monitoringService.ts:585:9[90m)[39m
    at MonitoringService.logError [90m(C:\Users\latie\Documents\GitHub\NataCarePM\[39msrc\api\
monitoringService.ts:462:7[90m)[39m

[90mstderr[2m | src/api/projectService.test.ts[2m > [22m[2mprojectService[2m > 
[22m[2mError Handling[2m > [22m[2mshould provide meaningful error messages
[22m[39mΓÜá∩╕Å logError attempt 1/3 failed: TypeError: Cannot read properties of undefined 
(reading 'id')
    at operation [90m(C:\Users\latie\Documents\GitHub\NataCarePM\[39msrc\api\monitoringService
.ts:458:54[90m)[39m
    at MonitoringService.executeWithRetry [90m(C:\Users\latie\Documents\GitHub\NataCarePM\[39m
src\api\monitoringService.ts:585:9[90m)[39m
    at MonitoringService.logError [90m(C:\Users\latie\Documents\GitHub\NataCarePM\[39msrc\api\
monitoringService.ts:462:7[90m)[39m

[90mstderr[2m | src/api/projectService.test.ts[2m > [22m[2mprojectService[2m > 
[22m[2mError Handling[2m > [22m[2mshould log errors appropriately
[22m[39mΓÜá∩╕Å logError attempt 1/3 failed: TypeError: Cannot read properties of undefined 
(reading 'id')
    at operation [90m(C:\Users\latie\Documents\GitHub\NataCarePM\[39msrc\api\monitoringService
.ts:458:54[90m)[39m
    at MonitoringService.executeWithRetry [90m(C:\Users\latie\Documents\GitHub\NataCarePM\[39m
src\api\monitoringService.ts:585:9[90m)[39m
    at MonitoringService.logError [90m(C:\Users\latie\Documents\GitHub\NataCarePM\[39msrc\api\
monitoringService.ts:462:7[90m)[39m

 [31m├ù[39m src/api/projectService.test.ts[2m > [22mprojectService[2m > [22mgetWorkspaces[2m > [22mshould fetch workspaces successfully[32m 14[2mms[22m[39m
[31m   ΓåÆ expected false to be true // Object.is equality[39m
 [31m├ù[39m src/api/projectService.test.ts[2m > [22mprojectService[2m > [22mgetWorkspaces[2m > [22mshould handle errors when fetching workspaces[32m 4[2mms[22m[39m
[31m   ΓåÆ expected '[vitest] No "auth" export is defined ΓÇª' to contain 'workspace'[39m
 [31m├ù[39m src/api/projectService.test.ts[2m > [22mprojectService[2m > [22mgetWorkspaces[2m > [22mshould return empty array when no workspaces exist[32m 2[2mms[22m[39m
[31m   ΓåÆ expected false to be true // Object.is equality[39m
 [31m├ù[39m src/api/projectService.test.ts[2m > [22mprojectService[2m > [22mgetProjectById[2m > [22mshould fetch project by ID successfully[32m 2[2mms[22m[39m
[31m   ΓåÆ expected false to be true // Object.is equality[39m
 [31m├ù[39m src/api/projectService.test.ts[2m > [22mprojectService[2m > [22mgetProjectById[2m > [22mshould return error for non-existent project[32m 2[2mms[22m[39m
[31m   ΓåÆ expected 'INTERNAL_ERROR' to be 'NOT_FOUND' // Object.is equality[39m
 [32mΓ£ô[39m src/api/projectService.test.ts[2m > [22mprojectService[2m > [22mgetProjectById[2m > [22mshould validate project ID before fetching[32m 1[2mms[22m[39m
 [32mΓ£ô[39m src/api/projectService.test.ts[2m > [22mprojectService[2m > [22mgetProjectById[2m > [22mshould handle Firebase errors gracefully[32m 1[2mms[22m[39m
 [32mΓ£ô[39m src/api/projectService.test.ts[2m > [22mprojectService[2m > [22mgetUserById[2m > [22mshould fetch user by ID successfully[32m 1[2mms[22m[39m
 [32mΓ£ô[39m src/api/projectService.test.ts[2m > [22mprojectService[2m > [22mgetUserById[2m > [22mshould return error for invalid user ID[32m 0[2mms[22m[39m
 [32mΓ£ô[39m src/api/projectService.test.ts[2m > [22mprojectService[2m > [22mgetWorkers[2m > [22mshould fetch all workers successfully[32m 1[2mms[22m[39m
 [32mΓ£ô[39m src/api/projectService.test.ts[2m > [22mprojectService[2m > [22mgetWorkers[2m > [22mshould handle empty worker list[32m 0[2mms[22m[39m
 [31m├ù[39m src/api/projectService.test.ts[2m > [22mprojectService[2m > [22maddDailyReport[2m > [22mshould add daily report successfully[32m 2[2mms[22m[39m
[31m   ΓåÆ expected false to be true // Object.is equality[39m
 [32mΓ£ô[39m src/api/projectService.test.ts[2m > [22mprojectService[2m > [22maddDailyReport[2m > [22mshould validate project ID before adding report[32m 1[2mms[22m[39m
 [32mΓ£ô[39m src/api/projectService.test.ts[2m > [22mprojectService[2m > [22maddDailyReport[2m > [22mshould handle Firebase errors during report creation[32m 1[2mms[22m[39m
 [31m├ù[39m src/api/projectService.test.ts[2m > [22mprojectService[2m > [22maddPurchaseOrder[2m > [22mshould add purchase order successfully[32m 1[2mms[22m[39m
[31m   ΓåÆ expected false to be true // Object.is equality[39m
 [32mΓ£ô[39m src/api/projectService.test.ts[2m > [22mprojectService[2m > [22maddPurchaseOrder[2m > [22mshould validate PO data before creation[32m 1[2mms[22m[39m
 [31m├ù[39m src/api/projectService.test.ts[2m > [22mprojectService[2m > [22mupdatePOStatus[2m > [22mshould update PO status successfully[32m 1[2mms[22m[39m
[31m   ΓåÆ expected false to be true // Object.is equality[39m
 [31m├ù[39m src/api/projectService.test.ts[2m > [22mprojectService[2m > [22mupdatePOStatus[2m > [22mshould return error for non-existent PO[32m 1[2mms[22m[39m
[31m   ΓåÆ expected 'INTERNAL_ERROR' to be 'NOT_FOUND' // Object.is equality[39m
 [31m├ù[39m src/api/projectService.test.ts[2m > [22mprojectService[2m > [22mupdateAttendance[2m > [22mshould update attendance records successfully[32m 2[2mms[22m[39m
[31m   ΓåÆ expected false to be true // Object.is equality[39m
 [32mΓ£ô[39m src/api/projectService.test.ts[2m > [22mprojectService[2m > [22mupdateAttendance[2m > [22mshould validate project ID before updating attendance[32m 1[2mms[22m[39m
 [32mΓ£ô[39m src/api/projectService.test.ts[2m > [22mprojectService[2m > [22mupdateAttendance[2m > [22mshould handle batch write errors[32m 1[2mms[22m[39m
 [31m├ù[39m src/api/projectService.test.ts[2m > [22mprojectService[2m > [22mmarkNotificationsAsRead[2m > [22mshould mark notifications as read successfully[32m 1[2mms[22m[39m
[31m   ΓåÆ expected false to be true // Object.is equality[39m
 [31m├ù[39m src/api/projectService.test.ts[2m > [22mprojectService[2m > [22mmarkNotificationsAsRead[2m > [22mshould handle empty notification IDs array[32m 1[2mms[22m[39m
[31m   ΓåÆ expected 'validators.isVaΓÇª' to contain 'Validation failed'[39m
 [32mΓ£ô[39m src/api/projectService.test.ts[2m > [22mprojectService[2m > [22mmarkNotificationsAsRead[2m > [22mshould handle batch update errors[32m 2[2mms[22m[39m
 [31m├ù[39m src/api/projectService.test.ts[2m > [22mprojectService[2m > [22mstreamProjectById[2m > [22mshould setup project stream successfully[32m 36[2mms[22m[39m
[31m   ΓåÆ vi.mocked(...).mockReturnValue is not a function[39m
 [31m├ù[39m src/api/projectService.test.ts[2m > [22mprojectService[2m > [22mstreamProjectById[2m > [22mshould call error callback when project not found[32m 1[2mms[22m[39m
[31m   ΓåÆ vi.mocked(...).mockImplementation is not a function[39m
 [32mΓ£ô[39m src/api/projectService.test.ts[2m > [22mprojectService[2m > [22mError Handling[2m > [22mshould handle network errors gracefully[32m 2[2mms[22m[39m
 [31m├ù[39m src/api/projectService.test.ts[2m > [22mprojectService[2m > [22mError Handling[2m > [22mshould provide meaningful error messages[32m 2[2mms[22m[39m
[31m   ΓåÆ expected 'INTERNAL_ERROR' to be 'NOT_FOUND' // Object.is equality[39m
 [31m├ù[39m src/api/projectService.test.ts[2m > [22mprojectService[2m > [22mError Handling[2m > [22mshould log errors appropriately[32m 4[2mms[22m[39m
[31m   ΓåÆ expected "spy" to be called at least once[39m
 [32mΓ£ô[39m src/components/Card.test.tsx[2m > [22mCard Components[2m > [22mCard[2m > [22mshould render card container[32m 19[2mms[22m[39m
 [32mΓ£ô[39m src/components/Card.test.tsx[2m > [22mCard Components[2m > [22mCard[2m > [22mshould have default card styling classes[32m 3[2mms[22m[39m
 [32mΓ£ô[39m src/components/Card.test.tsx[2m > [22mCard Components[2m > [22mCard[2m > [22mshould apply custom className[32m 2[2mms[22m[39m
 [32mΓ£ô[39m src/components/Card.test.tsx[2m > [22mCard Components[2m > [22mCard[2m > [22mshould forward ref[32m 2[2mms[22m[39m
 [32mΓ£ô[39m src/components/Card.test.tsx[2m > [22mCard Components[2m > [22mCard[2m > [22mshould have hover effects[32m 2[2mms[22m[39m
 [32mΓ£ô[39m src/components/Card.test.tsx[2m > [22mCard Components[2m > [22mCard[2m > [22mshould have transition classes[32m 1[2mms[22m[39m
 [32mΓ£ô[39m src/components/Card.test.tsx[2m > [22mCard Components[2m > [22mCard[2m > [22mshould pass through HTML attributes[32m 2[2mms[22m[39m
 [32mΓ£ô[39m src/components/Card.test.tsx[2m > [22mCard Components[2m > [22mCard[2m > [22mshould handle click events[32m 44[2mms[22m[39m
 [32mΓ£ô[39m src/components/Card.test.tsx[2m > [22mCard Components[2m > [22mCardHeader[2m > [22mshould render card header[32m 1[2mms[22m[39m
 [32mΓ£ô[39m src/components/Card.test.tsx[2m > [22mCard Components[2m > [22mCardHeader[2m > [22mshould have header styling[32m 1[2mms[22m[39m
 [32mΓ£ô[39m src/components/Card.test.tsx[2m > [22mCard Components[2m > [22mCardHeader[2m > [22mshould apply custom className[32m 1[2mms[22m[39m
 [32mΓ£ô[39m src/components/Card.test.tsx[2m > [22mCard Components[2m > [22mCardHeader[2m > [22mshould forward ref[32m 1[2mms[22m[39m
 [32mΓ£ô[39m src/components/Card.test.tsx[2m > [22mCard Components[2m > [22mCardTitle[2m > [22mshould render as h3 element[32m 3[2mms[22m[39m
 [32mΓ£ô[39m src/components/Card.test.tsx[2m > [22mCard Components[2m > [22mCardTitle[2m > [22mshould have title styling[32m 2[2mms[22m[39m
 [32mΓ£ô[39m src/components/Card.test.tsx[2m > [22mCard Components[2m > [22mCardTitle[2m > [22mshould apply custom className[32m 1[2mms[22m[39m
 [32mΓ£ô[39m src/components/Card.test.tsx[2m > [22mCard Components[2m > [22mCardTitle[2m > [22mshould forward ref[32m 1[2mms[22m[39m
 [32mΓ£ô[39m src/components/Card.test.tsx[2m > [22mCard Components[2m > [22mCardDescription[2m > [22mshould render description text[32m 1[2mms[22m[39m
 [32mΓ£ô[39m src/components/Card.test.tsx[2m > [22mCard Components[2m > [22mCardDescription[2m > [22mshould render as paragraph element[32m 1[2mms[22m[39m
 [32mΓ£ô[39m src/components/Card.test.tsx[2m > [22mCard Components[2m > [22mCardDescription[2m > [22mshould have description styling[32m 1[2mms[22m[39m
 [32mΓ£ô[39m src/components/Card.test.tsx[2m > [22mCard Components[2m > [22mCardDescription[2m > [22mshould apply custom className[32m 1[2mms[22m[39m
 [32mΓ£ô[39m src/components/Card.test.tsx[2m > [22mCard Components[2m > [22mCardDescription[2m > [22mshould forward ref[32m 1[2mms[22m[39m
 [32mΓ£ô[39m src/components/Card.test.tsx[2m > [22mCard Components[2m > [22mCardContent[2m > [22mshould render card content[32m 1[2mms[22m[39m
 [32mΓ£ô[39m src/components/Card.test.tsx[2m > [22mCard Components[2m > [22mCardContent[2m > [22mshould have content styling[32m 1[2mms[22m[39m
 [32mΓ£ô[39m src/components/Card.test.tsx[2m > [22mCard Components[2m > [22mCardContent[2m > [22mshould apply custom className[32m 0[2mms[22m[39m
 [32mΓ£ô[39m src/components/Card.test.tsx[2m > [22mCard Components[2m > [22mCardContent[2m > [22mshould forward ref[32m 1[2mms[22m[39m
 [32mΓ£ô[39m src/components/Card.test.tsx[2m > [22mCard Components[2m > [22mCardContent[2m > [22mshould render nested elements[32m 2[2mms[22m[39m
 [32mΓ£ô[39m src/components/Card.test.tsx[2m > [22mCard Components[2m > [22mCardFooter[2m > [22mshould render card footer[32m 1[2mms[22m[39m
 [32mΓ£ô[39m src/components/Card.test.tsx[2m > [22mCard Components[2m > [22mCardFooter[2m > [22mshould have footer styling[32m 1[2mms[22m[39m
 [32mΓ£ô[39m src/components/Card.test.tsx[2m > [22mCard Components[2m > [22mCardFooter[2m > [22mshould apply custom className[32m 1[2mms[22m[39m
 [32mΓ£ô[39m src/components/Card.test.tsx[2m > [22mCard Components[2m > [22mCardFooter[2m > [22mshould forward ref[32m 1[2mms[22m[39m
 [32mΓ£ô[39m src/components/Button.test.tsx[2m > [22mButton Component[2m > [22mRendering[2m > [22mshould render button with text[32m 25[2mms[22m[39m
 [32mΓ£ô[39m src/components/Button.test.tsx[2m > [22mButton Component[2m > [22mRendering[2m > [22mshould render with custom className[32m 3[2mms[22m[39m
 [32mΓ£ô[39m src/components/Button.test.tsx[2m > [22mButton Component[2m > [22mRendering[2m > [22mshould forward ref to button element[32m 2[2mms[22m[39m
 [32mΓ£ô[39m src/components/Button.test.tsx[2m > [22mButton Component[2m > [22mVariants[2m > [22mshould render default variant[32m 2[2mms[22m[39m
 [32mΓ£ô[39m src/components/Button.test.tsx[2m > [22mButton Component[2m > [22mVariants[2m > [22mshould render primary variant[32m 2[2mms[22m[39m
 [32mΓ£ô[39m src/components/Button.test.tsx[2m > [22mButton Component[2m > [22mVariants[2m > [22mshould render destructive variant[32m 1[2mms[22m[39m
 [32mΓ£ô[39m src/components/Button.test.tsx[2m > [22mButton Component[2m > [22mVariants[2m > [22mshould render outline variant[32m 1[2mms[22m[39m
 [32mΓ£ô[39m src/components/Button.test.tsx[2m > [22mButton Component[2m > [22mVariants[2m > [22mshould render secondary variant[32m 1[2mms[22m[39m
 [32mΓ£ô[39m src/components/Button.test.tsx[2m > [22mButton Component[2m > [22mVariants[2m > [22mshould render ghost variant[32m 2[2mms[22m[39m
 [32mΓ£ô[39m src/components/Button.test.tsx[2m > [22mButton Component[2m > [22mVariants[2m > [22mshould render link variant[32m 2[2mms[22m[39m
 [32mΓ£ô[39m src/components/Button.test.tsx[2m > [22mButton Component[2m > [22mVariants[2m > [22mshould render gradient variant[32m 1[2mms[22m[39m
 [32mΓ£ô[39m src/components/Button.test.tsx[2m > [22mButton Component[2m > [22mSizes[2m > [22mshould render default size[32m 1[2mms[22m[39m
 [32mΓ£ô[39m src/components/Button.test.tsx[2m > [22mButton Component[2m > [22mSizes[2m > [22mshould render small size[32m 1[2mms[22m[39m
 [32mΓ£ô[39m src/components/Button.test.tsx[2m > [22mButton Component[2m > [22mSizes[2m > [22mshould render large size[32m 1[2mms[22m[39m
 [32mΓ£ô[39m src/components/Button.test.tsx[2m > [22mButton Component[2m > [22mSizes[2m > [22mshould render extra large size[32m 1[2mms[22m[39m
 [32mΓ£ô[39m src/components/Button.test.tsx[2m > [22mButton Component[2m > [22mSizes[2m > [22mshould render icon size[32m 1[2mms[22m[39m
 [32mΓ£ô[39m src/components/Button.test.tsx[2m > [22mButton Component[2m > [22mStates[2m > [22mshould be disabled when disabled prop is true[32m 2[2mms[22m[39m
 [32mΓ£ô[39m src/components/Button.test.tsx[2m > [22mButton Component[2m > [22mStates[2m > [22mshould show loading spinner when loading is true[32m 2[2mms[22m[39m
 [32mΓ£ô[39m src/components/Button.test.tsx[2m > [22mButton Component[2m > [22mStates[2m > [22mshould hide children text when loading[32m 1[2mms[22m[39m
 [32mΓ£ô[39m src/components/Button.test.tsx[2m > [22mButton Component[2m > [22mStates[2m > [22mshould be disabled when both loading and disabled are true[32m 1[2mms[22m[39m
 [32mΓ£ô[39m src/components/ButtonPro.test.tsx[2m > [22mButtonPro[2m > [22mBasic Rendering[2m > [22mshould render button with children[32m 25[2mms[22m[39m
 [32mΓ£ô[39m src/components/ButtonPro.test.tsx[2m > [22mButtonPro[2m > [22mBasic Rendering[2m > [22mshould apply custom className[32m 4[2mms[22m[39m
 [32mΓ£ô[39m src/components/ButtonPro.test.tsx[2m > [22mButtonPro[2m > [22mBasic Rendering[2m > [22mshould pass through HTML button attributes[32m 3[2mms[22m[39m
 [32mΓ£ô[39m src/components/ButtonPro.test.tsx[2m > [22mButtonPro[2m > [22mVariants[2m > [22mshould render primary variant by default[32m 2[2mms[22m[39m
 [32mΓ£ô[39m src/components/ButtonPro.test.tsx[2m > [22mButtonPro[2m > [22mVariants[2m > [22mshould render secondary variant[32m 2[2mms[22m[39m
 [32mΓ£ô[39m src/components/ButtonPro.test.tsx[2m > [22mButtonPro[2m > [22mVariants[2m > [22mshould render danger variant[32m 2[2mms[22m[39m
 [32mΓ£ô[39m src/components/ButtonPro.test.tsx[2m > [22mButtonPro[2m > [22mVariants[2m > [22mshould render ghost variant[32m 2[2mms[22m[39m
 [32mΓ£ô[39m src/components/ButtonPro.test.tsx[2m > [22mButtonPro[2m > [22mVariants[2m > [22mshould render outline variant[32m 2[2mms[22m[39m
 [32mΓ£ô[39m src/components/ButtonPro.test.tsx[2m > [22mButtonPro[2m > [22mSizes[2m > [22mshould render medium size by default[32m 2[2mms[22m[39m
 [32mΓ£ô[39m src/components/ButtonPro.test.tsx[2m > [22mButtonPro[2m > [22mSizes[2m > [22mshould render small size[32m 2[2mms[22m[39m
 [32mΓ£ô[39m src/components/ButtonPro.test.tsx[2m > [22mButtonPro[2m > [22mSizes[2m > [22mshould render large size[32m 2[2mms[22m[39m
 [32mΓ£ô[39m src/components/ButtonPro.test.tsx[2m > [22mButtonPro[2m > [22mIcons[2m > [22mshould render icon on the left by default[32m 5[2mms[22m[39m
 [32mΓ£ô[39m src/components/ButtonPro.test.tsx[2m > [22mButtonPro[2m > [22mIcons[2m > [22mshould render icon on the right when specified[32m 2[2mms[22m[39m
 [32mΓ£ô[39m src/components/ButtonPro.test.tsx[2m > [22mButtonPro[2m > [22mIcons[2m > [22mshould scale icon size with button size[32m 2[2mms[22m[39m
 [32mΓ£ô[39m src/components/ButtonPro.test.tsx[2m > [22mButtonPro[2m > [22mStates[2m > [22mshould be disabled when disabled prop is true[32m 2[2mms[22m[39m
 [32mΓ£ô[39m src/components/ButtonPro.test.tsx[2m > [22mButtonPro[2m > [22mStates[2m > [22mshould show loading state[32m 5[2mms[22m[39m
 [32mΓ£ô[39m src/components/ButtonPro.test.tsx[2m > [22mButtonPro[2m > [22mStates[2m > [22mshould show spinner when loading[32m 4[2mms[22m[39m
 [32mΓ£ô[39m src/components/ButtonPro.test.tsx[2m > [22mButtonPro[2m > [22mStates[2m > [22mshould not show icon when loading[32m 2[2mms[22m[39m
 [32mΓ£ô[39m src/components/ButtonPro.test.tsx[2m > [22mButtonPro[2m > [22mFull Width[2m > [22mshould not be full width by default[32m 2[2mms[22m[39m
 [32mΓ£ô[39m src/components/ButtonPro.test.tsx[2m > [22mButtonPro[2m > [22mFull Width[2m > [22mshould be full width when specified[32m 1[2mms[22m[39m
 [32mΓ£ô[39m src/components/Card.test.tsx[2m > [22mCard Components[2m > [22mComplete Card Composition[2m > [22mshould render complete card with all sections[32m 6[2mms[22m[39m
 [32mΓ£ô[39m src/components/Card.test.tsx[2m > [22mCard Components[2m > [22mComplete Card Composition[2m > [22mshould render card without header[32m 2[2mms[22m[39m
 [32mΓ£ô[39m src/components/Card.test.tsx[2m > [22mCard Components[2m > [22mComplete Card Composition[2m > [22mshould render card without footer[32m 2[2mms[22m[39m
 [32mΓ£ô[39m src/components/Card.test.tsx[2m > [22mCard Components[2m > [22mComplete Card Composition[2m > [22mshould handle interactive card[32m 46[2mms[22m[39m
 [32mΓ£ô[39m src/components/Card.test.tsx[2m > [22mCard Components[2m > [22mEdge Cases[2m > [22mshould handle empty card[32m 1[2mms[22m[39m
 [32mΓ£ô[39m src/components/Card.test.tsx[2m > [22mCard Components[2m > [22mEdge Cases[2m > [22mshould handle very long content[32m 1[2mms[22m[39m
 [32mΓ£ô[39m src/components/Card.test.tsx[2m > [22mCard Components[2m > [22mEdge Cases[2m > [22mshould handle multiple CardHeaders (edge case)[32m 1[2mms[22m[39m
 [32mΓ£ô[39m src/components/Card.test.tsx[2m > [22mCard Components[2m > [22mEdge Cases[2m > [22mshould handle nested cards (edge case)[32m 1[2mms[22m[39m
 [32mΓ£ô[39m src/components/Card.test.tsx[2m > [22mCard Components[2m > [22mMemoization[2m > [22mshould not re-render when parent updates with same props[32m 2[2mms[22m[39m
 [32mΓ£ô[39m src/components/CardPro.test.tsx[2m > [22mCardPro[2m > [22mBasic Rendering[2m > [22mshould render children correctly[32m 19[2mms[22m[39m
 [32mΓ£ô[39m src/components/CardPro.test.tsx[2m > [22mCardPro[2m > [22mBasic Rendering[2m > [22mshould apply custom className[32m 2[2mms[22m[39m
 [32mΓ£ô[39m src/components/CardPro.test.tsx[2m > [22mCardPro[2m > [22mVariants[2m > [22mshould render default variant with correct styles[32m 1[2mms[22m[39m
 [32mΓ£ô[39m src/components/CardPro.test.tsx[2m > [22mCardPro[2m > [22mVariants[2m > [22mshould render outlined variant[32m 1[2mms[22m[39m
 [32mΓ£ô[39m src/components/CardPro.test.tsx[2m > [22mCardPro[2m > [22mVariants[2m > [22mshould render elevated variant with shadow[32m 1[2mms[22m[39m
 [32mΓ£ô[39m src/components/CardPro.test.tsx[2m > [22mCardPro[2m > [22mVariants[2m > [22mshould render flat variant[32m 1[2mms[22m[39m
 [32mΓ£ô[39m src/components/CardPro.test.tsx[2m > [22mCardPro[2m > [22mPadding[2m > [22mshould apply no padding when padding="none"[32m 1[2mms[22m[39m
 [32mΓ£ô[39m src/components/CardPro.test.tsx[2m > [22mCardPro[2m > [22mPadding[2m > [22mshould apply small padding when padding="sm"[32m 1[2mms[22m[39m
 [32mΓ£ô[39m src/components/CardPro.test.tsx[2m > [22mCardPro[2m > [22mPadding[2m > [22mshould apply medium padding by default[32m 1[2mms[22m[39m
 [32mΓ£ô[39m src/components/CardPro.test.tsx[2m > [22mCardPro[2m > [22mPadding[2m > [22mshould apply large padding when padding="lg"[32m 1[2mms[22m[39m
 [32mΓ£ô[39m src/components/CardPro.test.tsx[2m > [22mCardPro[2m > [22mInteractivity[2m > [22mshould call onClick when clicked[32m 41[2mms[22m[39m
 [32mΓ£ô[39m src/components/CardPro.test.tsx[2m > [22mCardPro[2m > [22mInteractivity[2m > [22mshould apply hover styles when hoverable is true[32m 2[2mms[22m[39m
 [32mΓ£ô[39m src/components/CardPro.test.tsx[2m > [22mCardPro[2m > [22mInteractivity[2m > [22mshould apply hover styles when onClick is provided[32m 1[2mms[22m[39m
 [32mΓ£ô[39m src/components/CardPro.test.tsx[2m > [22mCardPro[2m > [22mInteractivity[2m > [22mshould not apply hover styles by default[32m 1[2mms[22m[39m
 [32mΓ£ô[39m src/components/CardPro.test.tsx[2m > [22mCardPro[2m > [22mCardProHeader[2m > [22mshould render header with children[32m 1[2mms[22m[39m
 [32mΓ£ô[39m src/components/CardPro.test.tsx[2m > [22mCardPro[2m > [22mCardProHeader[2m > [22mshould apply border and spacing styles[32m 1[2mms[22m[39m
 [32mΓ£ô[39m src/components/CardPro.test.tsx[2m > [22mCardPro[2m > [22mCardProHeader[2m > [22mshould accept custom className[32m 1[2mms[22m[39m
 [32mΓ£ô[39m src/components/CardPro.test.tsx[2m > [22mCardPro[2m > [22mCardProContent[2m > [22mshould render content with children[32m 1[2mms[22m[39m
 [32mΓ£ô[39m src/components/CardPro.test.tsx[2m > [22mCardPro[2m > [22mCardProContent[2m > [22mshould accept custom className[32m 1[2mms[22m[39m
 [32mΓ£ô[39m src/components/CardPro.test.tsx[2m > [22mCardPro[2m > [22mCardProFooter[2m > [22mshould render footer with children[32m 1[2mms[22m[39m
 [32mΓ£ô[39m src/components/CardPro.test.tsx[2m > [22mCardPro[2m > [22mCardProFooter[2m > [22mshould apply border and spacing styles[32m 1[2mms[22m[39m
 [32mΓ£ô[39m src/components/CardPro.test.tsx[2m > [22mCardPro[2m > [22mCardProFooter[2m > [22mshould accept custom className[32m 1[2mms[22m[39m
 [32mΓ£ô[39m src/components/CardPro.test.tsx[2m > [22mCardPro[2m > [22mCardProTitle[2m > [22mshould render title with correct styles[32m 3[2mms[22m[39m
 [32mΓ£ô[39m src/components/CardPro.test.tsx[2m > [22mCardPro[2m > [22mCardProTitle[2m > [22mshould accept custom className[32m 1[2mms[22m[39m
 [32mΓ£ô[39m src/components/CardPro.test.tsx[2m > [22mCardPro[2m > [22mCardProDescription[2m > [22mshould render description with correct styles[32m 1[2mms[22m[39m
 [32mΓ£ô[39m src/components/CardPro.test.tsx[2m > [22mCardPro[2m > [22mCardProDescription[2m > [22mshould accept custom className[32m 1[2mms[22m[39m
 [32mΓ£ô[39m src/components/CardPro.test.tsx[2m > [22mCardPro[2m > [22mComposition[2m > [22mshould render complete card with all sub-components[32m 3[2mms[22m[39m
 [32mΓ£ô[39m src/components/CardPro.test.tsx[2m > [22mCardPro[2m > [22mComposition[2m > [22mshould work with minimal composition[32m 1[2mms[22m[39m
 [32mΓ£ô[39m src/components/Button.test.tsx[2m > [22mButton Component[2m > [22mInteraction[2m > [22mshould call onClick handler when clicked[32m 46[2mms[22m[39m
 [32mΓ£ô[39m src/components/Button.test.tsx[2m > [22mButton Component[2m > [22mInteraction[2m > [22mshould not call onClick when disabled[32m 60[2mms[22m[39m
 [32mΓ£ô[39m src/components/ButtonPro.test.tsx[2m > [22mButtonPro[2m > [22mInteractions[2m > [22mshould call onClick when clicked[32m 42[2mms[22m[39m
 [32mΓ£ô[39m src/components/ButtonPro.test.tsx[2m > [22mButtonPro[2m > [22mInteractions[2m > [22mshould not call onClick when disabled[32m 61[2mms[22m[39m
 [32mΓ£ô[39m src/components/Button.test.tsx[2m > [22mButton Component[2m > [22mInteraction[2m > [22mshould not call onClick when loading[32m 46[2mms[22m[39m
 [32mΓ£ô[39m src/components/Button.test.tsx[2m > [22mButton Component[2m > [22mInteraction[2m > [22mshould handle keyboard interaction (Enter)[32m 45[2mms[22m[39m
 [32mΓ£ô[39m src/components/Button.test.tsx[2m > [22mButton Component[2m > [22mInteraction[2m > [22mshould handle keyboard interaction (Space)[32m 47[2mms[22m[39m
 [32mΓ£ô[39m src/components/Button.test.tsx[2m > [22mButton Component[2m > [22mHTML Attributes[2m > [22mshould pass through native button attributes[32m 2[2mms[22m[39m
 [32mΓ£ô[39m src/components/Button.test.tsx[2m > [22mButton Component[2m > [22mHTML Attributes[2m > [22mshould default to type="button" if not specified[32m 1[2mms[22m[39m
 [32mΓ£ô[39m src/components/Button.test.tsx[2m > [22mButton Component[2m > [22mHTML Attributes[2m > [22mshould support data attributes[32m 1[2mms[22m[39m
 [32mΓ£ô[39m src/components/Button.test.tsx[2m > [22mButton Component[2m > [22mAccessibility[2m > [22mshould have button role[32m 1[2mms[22m[39m
 [32mΓ£ô[39m src/components/ConfirmationDialog.test.tsx[2m > [22mConfirmationDialog[2m > [22mBasic Rendering[2m > [22mshould render when isOpen is true[32m 27[2mms[22m[39m
 [32mΓ£ô[39m src/components/ConfirmationDialog.test.tsx[2m > [22mConfirmationDialog[2m > [22mBasic Rendering[2m > [22mshould not render when isOpen is false[32m 1[2mms[22m[39m
 [32mΓ£ô[39m src/components/ConfirmationDialog.test.tsx[2m > [22mConfirmationDialog[2m > [22mBasic Rendering[2m > [22mshould render with custom title and description[32m 3[2mms[22m[39m
 [32mΓ£ô[39m src/components/ConfirmationDialog.test.tsx[2m > [22mConfirmationDialog[2m > [22mBasic Rendering[2m > [22mshould render both action buttons[32m 2[2mms[22m[39m
 [32mΓ£ô[39m src/components/ConfirmationDialog.test.tsx[2m > [22mConfirmationDialog[2m > [22mStructure & Styling[2m > [22mshould render with backdrop overlay[32m 3[2mms[22m[39m
 [32mΓ£ô[39m src/components/ConfirmationDialog.test.tsx[2m > [22mConfirmationDialog[2m > [22mStructure & Styling[2m > [22mshould render dialog with correct styling[32m 2[2mms[22m[39m
 [32mΓ£ô[39m src/components/ConfirmationDialog.test.tsx[2m > [22mConfirmationDialog[2m > [22mStructure & Styling[2m > [22mshould render title with correct styling[32m 2[2mms[22m[39m
 [32mΓ£ô[39m src/components/ConfirmationDialog.test.tsx[2m > [22mConfirmationDialog[2m > [22mStructure & Styling[2m > [22mshould render description with correct styling[32m 2[2mms[22m[39m
 [32mΓ£ô[39m src/components/ConfirmationDialog.test.tsx[2m > [22mConfirmationDialog[2m > [22mStructure & Styling[2m > [22mshould position buttons at the end[32m 1[2mms[22m[39m
 [32mΓ£ô[39m src/components/ButtonPro.test.tsx[2m > [22mButtonPro[2m > [22mInteractions[2m > [22mshould not call onClick when loading[32m 62[2mms[22m[39m
 [32mΓ£ô[39m src/components/ButtonPro.test.tsx[2m > [22mButtonPro[2m > [22mAccessibility[2m > [22mshould have focus ring styles[32m 2[2mms[22m[39m
 [32mΓ£ô[39m src/components/ButtonPro.test.tsx[2m > [22mButtonPro[2m > [22mAccessibility[2m > [22mshould be keyboard accessible[32m 44[2mms[22m[39m
 [32mΓ£ô[39m src/components/ButtonPro.test.tsx[2m > [22mButtonProGroup[2m > [22mOrientation[2m > [22mshould render horizontal by default[32m 1[2mms[22m[39m
 [32mΓ£ô[39m src/components/ButtonPro.test.tsx[2m > [22mButtonProGroup[2m > [22mOrientation[2m > [22mshould render vertical when specified[32m 1[2mms[22m[39m
 [32mΓ£ô[39m src/components/ButtonPro.test.tsx[2m > [22mButtonProGroup[2m > [22mRendering[2m > [22mshould render all children buttons[32m 4[2mms[22m[39m
 [32mΓ£ô[39m src/components/ButtonPro.test.tsx[2m > [22mButtonProGroup[2m > [22mRendering[2m > [22mshould apply custom className[32m 1[2mms[22m[39m
 [32mΓ£ô[39m src/components/ButtonPro.test.tsx[2m > [22mButtonProGroup[2m > [22mRendering[2m > [22mshould have gap between buttons[32m 1[2mms[22m[39m
 [32mΓ£ô[39m src/components/Button.test.tsx[2m > [22mButton Component[2m > [22mAccessibility[2m > [22mshould support aria-label for icon buttons[32m 2[2mms[22m[39m
 [32mΓ£ô[39m src/components/Button.test.tsx[2m > [22mButton Component[2m > [22mAccessibility[2m > [22mshould have focus-visible ring classes[32m 1[2mms[22m[39m
 [32mΓ£ô[39m src/components/Button.test.tsx[2m > [22mButton Component[2m > [22mAccessibility[2m > [22mshould be keyboard accessible[32m 22[2mms[22m[39m
 [32mΓ£ô[39m src/components/Button.test.tsx[2m > [22mButton Component[2m > [22mAccessibility[2m > [22mshould announce loading state to screen readers[32m 2[2mms[22m[39m
 [32mΓ£ô[39m src/components/Button.test.tsx[2m > [22mButton Component[2m > [22mVisual Effects[2m > [22mshould have hover effect overlay[32m 3[2mms[22m[39m
 [32mΓ£ô[39m src/components/Button.test.tsx[2m > [22mButton Component[2m > [22mVisual Effects[2m > [22mshould have transition classes for animations[32m 2[2mms[22m[39m
 [32mΓ£ô[39m src/components/Button.test.tsx[2m > [22mButton Component[2m > [22mVisual Effects[2m > [22mshould scale on hover[32m 1[2mms[22m[39m
 [32mΓ£ô[39m src/components/Button.test.tsx[2m > [22mButton Component[2m > [22mAsChild Prop[2m > [22mshould render as child element when asChild is true[32m 3[2mms[22m[39m
 [32mΓ£ô[39m src/components/Button.test.tsx[2m > [22mButton Component[2m > [22mAsChild Prop[2m > [22mshould merge classes when asChild is true[32m 1[2mms[22m[39m
 [32mΓ£ô[39m src/components/Button.test.tsx[2m > [22mButton Component[2m > [22mEdge Cases[2m > [22mshould handle empty children[32m 1[2mms[22m[39m
 [32mΓ£ô[39m src/components/Button.test.tsx[2m > [22mButton Component[2m > [22mEdge Cases[2m > [22mshould handle multiple children elements[32m 1[2mms[22m[39m
 [32mΓ£ô[39m src/components/Button.test.tsx[2m > [22mButton Component[2m > [22mEdge Cases[2m > [22mshould handle very long text[32m 1[2mms[22m[39m
 [32mΓ£ô[39m src/components/Button.test.tsx[2m > [22mButton Component[2m > [22mEdge Cases[2m > [22mshould combine multiple variants and sizes[32m 1[2mms[22m[39m
 [32mΓ£ô[39m src/components/FormFields.test.tsx[2m > [22mFormFields Components[2m > [22mFormField[2m > [22mshould render text input by default[32m 28[2mms[22m[39m
 [32mΓ£ô[39m src/components/FormFields.test.tsx[2m > [22mFormFields Components[2m > [22mFormField[2m > [22mshould render with different input types[32m 9[2mms[22m[39m
 [32mΓ£ô[39m src/components/FormFields.test.tsx[2m > [22mFormFields Components[2m > [22mFormField[2m > [22mshould display label[32m 3[2mms[22m[39m
 [32mΓ£ô[39m src/components/FormFields.test.tsx[2m > [22mFormFields Components[2m > [22mFormField[2m > [22mshould show required indicator[32m 3[2mms[22m[39m
 [32mΓ£ô[39m src/components/FormFields.test.tsx[2m > [22mFormFields Components[2m > [22mFormField[2m > [22mshould show placeholder[32m 2[2mms[22m[39m
 [32mΓ£ô[39m src/components/FormFields.test.tsx[2m > [22mFormFields Components[2m > [22mFormField[2m > [22mshould be disabled when disabled prop is true[32m 2[2mms[22m[39m
 [32mΓ£ô[39m src/components/FormFields.test.tsx[2m > [22mFormFields Components[2m > [22mFormField[2m > [22mshould display help text when no errors[32m 2[2mms[22m[39m
 [32mΓ£ô[39m src/components/FormFields.test.tsx[2m > [22mFormFields Components[2m > [22mFormField[2m > [22mshould display error message when field has error[32m 3[2mms[22m[39m
 [32mΓ£ô[39m src/components/FormFields.test.tsx[2m > [22mFormFields Components[2m > [22mFormField[2m > [22mshould apply error styling when field has error[32m 3[2mms[22m[39m
 [32mΓ£ô[39m src/components/FormFields.test.tsx[2m > [22mFormFields Components[2m > [22mFormField[2m > [22mshould set aria-invalid when field has error[32m 2[2mms[22m[39m
 [32mΓ£ô[39m src/components/FormFields.test.tsx[2m > [22mFormFields Components[2m > [22mFormField[2m > [22mshould link error message with aria-describedby[32m 2[2mms[22m[39m
 [32mΓ£ô[39m src/components/FormFields.test.tsx[2m > [22mFormFields Components[2m > [22mFormField[2m > [22mshould hide help text when error is present[32m 2[2mms[22m[39m
 [32mΓ£ô[39m src/components/FormFields.test.tsx[2m > [22mFormFields Components[2m > [22mTextareaField[2m > [22mshould render textarea element[32m 3[2mms[22m[39m
 [32mΓ£ô[39m src/components/FormFields.test.tsx[2m > [22mFormFields Components[2m > [22mTextareaField[2m > [22mshould display label[32m 2[2mms[22m[39m
 [32mΓ£ô[39m src/components/FormFields.test.tsx[2m > [22mFormFields Components[2m > [22mTextareaField[2m > [22mshould show required indicator[32m 2[2mms[22m[39m
 [32mΓ£ô[39m src/components/FormFields.test.tsx[2m > [22mFormFields Components[2m > [22mTextareaField[2m > [22mshould set rows attribute[32m 2[2mms[22m[39m
 [32mΓ£ô[39m src/components/FormFields.test.tsx[2m > [22mFormFields Components[2m > [22mTextareaField[2m > [22mshould have default rows of 4[32m 2[2mms[22m[39m
 [32mΓ£ô[39m src/components/FormFields.test.tsx[2m > [22mFormFields Components[2m > [22mTextareaField[2m > [22mshould display error message[32m 2[2mms[22m[39m
 [32mΓ£ô[39m src/components/FormFields.test.tsx[2m > [22mFormFields Components[2m > [22mTextareaField[2m > [22mshould apply error styling[32m 2[2mms[22m[39m
 [32mΓ£ô[39m src/components/FormFields.test.tsx[2m > [22mFormFields Components[2m > [22mTextareaField[2m > [22mshould display help text when no errors[32m 2[2mms[22m[39m
 [32mΓ£ô[39m src/components/FormFields.test.tsx[2m > [22mFormFields Components[2m > [22mSelectField[2m > [22mshould render select element[32m 5[2mms[22m[39m
 [32mΓ£ô[39m src/components/FormFields.test.tsx[2m > [22mFormFields Components[2m > [22mSelectField[2m > [22mshould display label[32m 3[2mms[22m[39m
 [32mΓ£ô[39m src/components/FormFields.test.tsx[2m > [22mFormFields Components[2m > [22mSelectField[2m > [22mshould show required indicator[32m 3[2mms[22m[39m
 [32mΓ£ô[39m src/components/FormFields.test.tsx[2m > [22mFormFields Components[2m > [22mSelectField[2m > [22mshould render all options[32m 4[2mms[22m[39m
 [32mΓ£ô[39m src/components/FormFields.test.tsx[2m > [22mFormFields Components[2m > [22mSelectField[2m > [22mshould render placeholder option when provided[32m 3[2mms[22m[39m
 [32mΓ£ô[39m src/components/FormFields.test.tsx[2m > [22mFormFields Components[2m > [22mSelectField[2m > [22mshould render options with correct values[32m 4[2mms[22m[39m
 [32mΓ£ô[39m src/components/FormFields.test.tsx[2m > [22mFormFields Components[2m > [22mSelectField[2m > [22mshould handle numeric option values[32m 3[2mms[22m[39m
 [32mΓ£ô[39m src/components/FormFields.test.tsx[2m > [22mFormFields Components[2m > [22mSelectField[2m > [22mshould display error message[32m 3[2mms[22m[39m
 [32mΓ£ô[39m src/components/FormFields.test.tsx[2m > [22mFormFields Components[2m > [22mSelectField[2m > [22mshould apply error styling[32m 3[2mms[22m[39m
 [32mΓ£ô[39m src/components/FormFields.test.tsx[2m > [22mFormFields Components[2m > [22mFormErrorSummary[2m > [22mshould not render when there are no errors[32m 1[2mms[22m[39m
 [32mΓ£ô[39m src/components/FormFields.test.tsx[2m > [22mFormFields Components[2m > [22mFormErrorSummary[2m > [22mshould render error summary with default title[32m 2[2mms[22m[39m
 [32mΓ£ô[39m src/components/FormFields.test.tsx[2m > [22mFormFields Components[2m > [22mFormErrorSummary[2m > [22mshould render custom title[32m 1[2mms[22m[39m
 [32mΓ£ô[39m src/components/FormFields.test.tsx[2m > [22mFormFields Components[2m > [22mFormErrorSummary[2m > [22mshould display all error messages[32m 2[2mms[22m[39m
 [32mΓ£ô[39m src/components/FormFields.test.tsx[2m > [22mFormFields Components[2m > [22mFormErrorSummary[2m > [22mshould render errors as list items[32m 19[2mms[22m[39m
 [32mΓ£ô[39m src/components/FormFields.test.tsx[2m > [22mFormFields Components[2m > [22mFormErrorSummary[2m > [22mshould apply appropriate styling classes[32m 3[2mms[22m[39m
 [32mΓ£ô[39m src/components/FormFields.test.tsx[2m > [22mFormFields Components[2m > [22mFormErrorSummary[2m > [22mshould filter out undefined/null errors[32m 2[2mms[22m[39m
 [32mΓ£ô[39m src/components/ConfirmationDialog.test.tsx[2m > [22mConfirmationDialog[2m > [22mInteractions[2m > [22mshould call onClose when cancel button is clicked[32m 61[2mms[22m[39m
 [32mΓ£ô[39m src/components/ConfirmationDialog.test.tsx[2m > [22mConfirmationDialog[2m > [22mInteractions[2m > [22mshould call onConfirm when confirm button is clicked[32m 62[2mms[22m[39m
 [32mΓ£ô[39m src/components/ConfirmationDialog.test.tsx[2m > [22mConfirmationDialog[2m > [22mInteractions[2m > [22mshould not call handlers when buttons are clicked on closed dialog[32m 2[2mms[22m[39m
 [32mΓ£ô[39m src/components/ConfirmationDialog.test.tsx[2m > [22mConfirmationDialog[2m > [22mButton Variants[2m > [22mshould render cancel button with outline variant[32m 8[2mms[22m[39m
 [32mΓ£ô[39m src/components/ConfirmationDialog.test.tsx[2m > [22mConfirmationDialog[2m > [22mButton Variants[2m > [22mshould render confirm button with primary variant and custom styling[32m 2[2mms[22m[39m
 [32mΓ£ô[39m src/components/ConfirmationDialog.test.tsx[2m > [22mConfirmationDialog[2m > [22mZ-Index & Overlay[2m > [22mshould render with high z-index to appear above other content[32m 1[2mms[22m[39m
 [32mΓ£ô[39m src/components/ConfirmationDialog.test.tsx[2m > [22mConfirmationDialog[2m > [22mZ-Index & Overlay[2m > [22mshould center dialog on screen[32m 1[2mms[22m[39m
 [32mΓ£ô[39m src/components/ConfirmationDialog.test.tsx[2m > [22mConfirmationDialog[2m > [22mEdge Cases[2m > [22mshould handle empty title[32m 4[2mms[22m[39m
 [32mΓ£ô[39m src/components/ConfirmationDialog.test.tsx[2m > [22mConfirmationDialog[2m > [22mEdge Cases[2m > [22mshould handle empty description[32m 2[2mms[22m[39m
 [32mΓ£ô[39m src/components/ConfirmationDialog.test.tsx[2m > [22mConfirmationDialog[2m > [22mEdge Cases[2m > [22mshould handle very long title[32m 1[2mms[22m[39m
 [32mΓ£ô[39m src/components/ConfirmationDialog.test.tsx[2m > [22mConfirmationDialog[2m > [22mEdge Cases[2m > [22mshould handle very long description[32m 2[2mms[22m[39m
 [32mΓ£ô[39m src/components/FormControls.test.tsx[2m > [22mInput[2m > [22mRendering[2m > [22mshould render input element[32m 24[2mms[22m[39m
 [32mΓ£ô[39m src/components/FormControls.test.tsx[2m > [22mInput[2m > [22mRendering[2m > [22mshould accept and render value[32m 3[2mms[22m[39m
 [32mΓ£ô[39m src/components/FormControls.test.tsx[2m > [22mInput[2m > [22mRendering[2m > [22mshould apply custom className[32m 9[2mms[22m[39m
 [32mΓ£ô[39m src/components/FormControls.test.tsx[2m > [22mInput[2m > [22mRendering[2m > [22mshould have default styling classes[32m 2[2mms[22m[39m
 [32mΓ£ô[39m src/components/FormControls.test.tsx[2m > [22mInput[2m > [22mTypes[2m > [22mshould support text type[32m 2[2mms[22m[39m
 [32mΓ£ô[39m src/components/FormControls.test.tsx[2m > [22mInput[2m > [22mTypes[2m > [22mshould support email type[32m 1[2mms[22m[39m
 [32mΓ£ô[39m src/components/FormControls.test.tsx[2m > [22mInput[2m > [22mTypes[2m > [22mshould support password type[32m 1[2mms[22m[39m
 [32mΓ£ô[39m src/components/FormControls.test.tsx[2m > [22mInput[2m > [22mTypes[2m > [22mshould support number type[32m 2[2mms[22m[39m
 [32mΓ£ô[39m src/components/FormControls.test.tsx[2m > [22mInput[2m > [22mStates[2m > [22mshould be disabled when disabled prop is true[32m 2[2mms[22m[39m
 [32mΓ£ô[39m src/components/FormControls.test.tsx[2m > [22mInput[2m > [22mStates[2m > [22mshould be readonly when readOnly prop is true[32m 2[2mms[22m[39m
 [32mΓ£ô[39m src/components/FormControls.test.tsx[2m > [22mInput[2m > [22mStates[2m > [22mshould show placeholder text[32m 1[2mms[22m[39m
[90mstderr[2m | src/api/__tests__/rabAhspService.test.ts[2m > [22m[2mRabAhspService[2m > 
[22m[2mEdge Cases[2m > [22m[2mshould handle Firestore connection errors gracefully
[22m[39mΓÜá∩╕Å logError attempt 2/3 failed: Error: [vitest] No "serverTimestamp" export is 
defined on the "firebase/firestore" mock. Did you forget to return it from "vi.mock"?
If you need to partially mock a module, you can use "importOriginal" helper inside:

    at VitestMocker.createError [90m(file:///C:/Users/latie/Documents/GitHub/NataCarePM/[39mno
de_modules/[4mvitest[24m/dist/chunks/execute.B7h3T_Hc.js:284:17[90m)[39m
    at Object.get [90m(file:///C:/Users/latie/Documents/GitHub/NataCarePM/[39mnode_modules/[4
mvitest[24m/dist/chunks/execute.B7h3T_Hc.js:330:16[90m)[39m
    at operation [90m(C:\Users\latie\Documents\GitHub\NataCarePM\[39msrc\api\monitoringService
.ts:453:22[90m)[39m
    at MonitoringService.executeWithRetry [90m(C:\Users\latie\Documents\GitHub\NataCarePM\[39m
src\api\monitoringService.ts:585:15[90m)[39m
[90m    at runNextTicks (node:internal/process/task_queues:65:5)[39m
[90m    at listOnTimeout (node:internal/timers:569:9)[39m
[90m    at processTimers (node:internal/timers:543:7)[39m
    at MonitoringService.logError [90m(C:\Users\latie\Documents\GitHub\NataCarePM\[39msrc\api\
monitoringService.ts:462:7[90m)[39m {
  codeFrame: [32m'vi\x1B[33m.\x1B[39m\x1B[34mmock\x1B[39m(\x1B[35mimport\x1B[39m(\x1B[32m"fireb
ase/firestore"\x1B[39m)\x1B[33m,\x1B[39m \x1B[35masync\x1B[39m (importOriginal) 
\x1B[33m=>\x1B[39m {\n'[39m +
    [32m'  \x1B[35mconst\x1B[39m actual \x1B[33m=\x1B[39m \x1B[35mawait\x1B[39m 
\x1B[34mimportOriginal\x1B[39m()\n'[39m +
    [32m'  \x1B[35mreturn\x1B[39m {\n'[39m +
    [32m'    \x1B[33m...\x1B[39mactual\x1B[33m,\x1B[39m\n'[39m +
    [32m'    \x1B[90m// your mocked methods\x1B[39m\n'[39m +
    [32m'  }\n'[39m +
    [32m'})'[39m
}

[90mstderr[2m | src/api/__tests__/rabAhspService.test.ts[2m > [22m[2mRabAhspService[2m > 
[22m[2mEdge Cases[2m > [22m[2mshould handle Firestore connection errors gracefully
[22m[39mΓÜá∩╕Å logError attempt 2/3 failed: Error: [vitest] No "serverTimestamp" export is 
defined on the "firebase/firestore" mock. Did you forget to return it from "vi.mock"?
If you need to partially mock a module, you can use "importOriginal" helper inside:

    at VitestMocker.createError [90m(file:///C:/Users/latie/Documents/GitHub/NataCarePM/[39mno
de_modules/[4mvitest[24m/dist/chunks/execute.B7h3T_Hc.js:284:17[90m)[39m
    at Object.get [90m(file:///C:/Users/latie/Documents/GitHub/NataCarePM/[39mnode_modules/[4
mvitest[24m/dist/chunks/execute.B7h3T_Hc.js:330:16[90m)[39m
    at operation [90m(C:\Users\latie\Documents\GitHub\NataCarePM\[39msrc\api\monitoringService
.ts:453:22[90m)[39m
    at MonitoringService.executeWithRetry [90m(C:\Users\latie\Documents\GitHub\NataCarePM\[39m
src\api\monitoringService.ts:585:15[90m)[39m
[90m    at runNextTicks (node:internal/process/task_queues:65:5)[39m
[90m    at listOnTimeout (node:internal/timers:569:9)[39m
[90m    at processTimers (node:internal/timers:543:7)[39m
    at MonitoringService.logError [90m(C:\Users\latie\Documents\GitHub\NataCarePM\[39msrc\api\
monitoringService.ts:462:7[90m)[39m {
  codeFrame: [32m'vi\x1B[33m.\x1B[39m\x1B[34mmock\x1B[39m(\x1B[35mimport\x1B[39m(\x1B[32m"fireb
ase/firestore"\x1B[39m)\x1B[33m,\x1B[39m \x1B[35masync\x1B[39m (importOriginal) 
\x1B[33m=>\x1B[39m {\n'[39m +
    [32m'  \x1B[35mconst\x1B[39m actual \x1B[33m=\x1B[39m \x1B[35mawait\x1B[39m 
\x1B[34mimportOriginal\x1B[39m()\n'[39m +
    [32m'  \x1B[35mreturn\x1B[39m {\n'[39m +
    [32m'    \x1B[33m...\x1B[39mactual\x1B[33m,\x1B[39m\n'[39m +
    [32m'    \x1B[90m// your mocked methods\x1B[39m\n'[39m +
    [32m'  }\n'[39m +
    [32m'})'[39m
}

[90mstderr[2m | src/api/__tests__/rabAhspService.test.ts[2m > [22m[2mRabAhspService[2m > 
[22m[2mEdge Cases[2m > [22m[2mshould handle Firestore connection errors gracefully
[22m[39mΓÜá∩╕Å logError attempt 2/3 failed: Error: [vitest] No "serverTimestamp" export is 
defined on the "firebase/firestore" mock. Did you forget to return it from "vi.mock"?
If you need to partially mock a module, you can use "importOriginal" helper inside:

    at VitestMocker.createError [90m(file:///C:/Users/latie/Documents/GitHub/NataCarePM/[39mno
de_modules/[4mvitest[24m/dist/chunks/execute.B7h3T_Hc.js:284:17[90m)[39m
    at Object.get [90m(file:///C:/Users/latie/Documents/GitHub/NataCarePM/[39mnode_modules/[4
mvitest[24m/dist/chunks/execute.B7h3T_Hc.js:330:16[90m)[39m
    at operation [90m(C:\Users\latie\Documents\GitHub\NataCarePM\[39msrc\api\monitoringService
.ts:453:22[90m)[39m
    at MonitoringService.executeWithRetry [90m(C:\Users\latie\Documents\GitHub\NataCarePM\[39m
src\api\monitoringService.ts:585:15[90m)[39m
[90m    at runNextTicks (node:internal/process/task_queues:65:5)[39m
[90m    at listOnTimeout (node:internal/timers:569:9)[39m
[90m    at processTimers (node:internal/timers:543:7)[39m
    at MonitoringService.logError [90m(C:\Users\latie\Documents\GitHub\NataCarePM\[39msrc\api\
monitoringService.ts:462:7[90m)[39m {
  codeFrame: [32m'vi\x1B[33m.\x1B[39m\x1B[34mmock\x1B[39m(\x1B[35mimport\x1B[39m(\x1B[32m"fireb
ase/firestore"\x1B[39m)\x1B[33m,\x1B[39m \x1B[35masync\x1B[39m (importOriginal) 
\x1B[33m=>\x1B[39m {\n'[39m +
    [32m'  \x1B[35mconst\x1B[39m actual \x1B[33m=\x1B[39m \x1B[35mawait\x1B[39m 
\x1B[34mimportOriginal\x1B[39m()\n'[39m +
    [32m'  \x1B[35mreturn\x1B[39m {\n'[39m +
    [32m'    \x1B[33m...\x1B[39mactual\x1B[33m,\x1B[39m\n'[39m +
    [32m'    \x1B[90m// your mocked methods\x1B[39m\n'[39m +
    [32m'  }\n'[39m +
    [32m'})'[39m
}

[90mstderr[2m | src/api/__tests__/rabAhspService.test.ts[2m > [22m[2mRabAhspService[2m > 
[22m[2mEdge Cases[2m > [22m[2mshould handle Firestore connection errors gracefully
[22m[39mΓÜá∩╕Å logError attempt 2/3 failed: Error: [vitest] No "serverTimestamp" export is 
defined on the "firebase/firestore" mock. Did you forget to return it from "vi.mock"?
If you need to partially mock a module, you can use "importOriginal" helper inside:

    at VitestMocker.createError [90m(file:///C:/Users/latie/Documents/GitHub/NataCarePM/[39mno
de_modules/[4mvitest[24m/dist/chunks/execute.B7h3T_Hc.js:284:17[90m)[39m
    at Object.get [90m(file:///C:/Users/latie/Documents/GitHub/NataCarePM/[39mnode_modules/[4
mvitest[24m/dist/chunks/execute.B7h3T_Hc.js:330:16[90m)[39m
    at operation [90m(C:\Users\latie\Documents\GitHub\NataCarePM\[39msrc\api\monitoringService
.ts:453:22[90m)[39m
    at MonitoringService.executeWithRetry [90m(C:\Users\latie\Documents\GitHub\NataCarePM\[39m
src\api\monitoringService.ts:585:15[90m)[39m
[90m    at runNextTicks (node:internal/process/task_queues:65:5)[39m
[90m    at listOnTimeout (node:internal/timers:569:9)[39m
[90m    at processTimers (node:internal/timers:543:7)[39m
    at MonitoringService.logError [90m(C:\Users\latie\Documents\GitHub\NataCarePM\[39msrc\api\
monitoringService.ts:462:7[90m)[39m {
  codeFrame: [32m'vi\x1B[33m.\x1B[39m\x1B[34mmock\x1B[39m(\x1B[35mimport\x1B[39m(\x1B[32m"fireb
ase/firestore"\x1B[39m)\x1B[33m,\x1B[39m \x1B[35masync\x1B[39m (importOriginal) 
\x1B[33m=>\x1B[39m {\n'[39m +
    [32m'  \x1B[35mconst\x1B[39m actual \x1B[33m=\x1B[39m \x1B[35mawait\x1B[39m 
\x1B[34mimportOriginal\x1B[39m()\n'[39m +
    [32m'  \x1B[35mreturn\x1B[39m {\n'[39m +
    [32m'    \x1B[33m...\x1B[39mactual\x1B[33m,\x1B[39m\n'[39m +
    [32m'    \x1B[90m// your mocked methods\x1B[39m\n'[39m +
    [32m'  }\n'[39m +
    [32m'})'[39m
}

[90mstderr[2m | src/api/__tests__/rabAhspService.test.ts[2m > [22m[2mRabAhspService[2m > 
[22m[2mEdge Cases[2m > [22m[2mshould handle Firestore connection errors gracefully
[22m[39mΓÜá∩╕Å logError attempt 2/3 failed: Error: [vitest] No "serverTimestamp" export is 
defined on the "firebase/firestore" mock. Did you forget to return it from "vi.mock"?
If you need to partially mock a module, you can use "importOriginal" helper inside:

    at VitestMocker.createError [90m(file:///C:/Users/latie/Documents/GitHub/NataCarePM/[39mno
de_modules/[4mvitest[24m/dist/chunks/execute.B7h3T_Hc.js:284:17[90m)[39m
    at Object.get [90m(file:///C:/Users/latie/Documents/GitHub/NataCarePM/[39mnode_modules/[4
mvitest[24m/dist/chunks/execute.B7h3T_Hc.js:330:16[90m)[39m
    at operation [90m(C:\Users\latie\Documents\GitHub\NataCarePM\[39msrc\api\monitoringService
.ts:453:22[90m)[39m
    at MonitoringService.executeWithRetry [90m(C:\Users\latie\Documents\GitHub\NataCarePM\[39m
src\api\monitoringService.ts:585:15[90m)[39m
[90m    at runNextTicks (node:internal/process/task_queues:65:5)[39m
[90m    at listOnTimeout (node:internal/timers:569:9)[39m
[90m    at processTimers (node:internal/timers:543:7)[39m
    at MonitoringService.logError [90m(C:\Users\latie\Documents\GitHub\NataCarePM\[39msrc\api\
monitoringService.ts:462:7[90m)[39m {
  codeFrame: [32m'vi\x1B[33m.\x1B[39m\x1B[34mmock\x1B[39m(\x1B[35mimport\x1B[39m(\x1B[32m"fireb
ase/firestore"\x1B[39m)\x1B[33m,\x1B[39m \x1B[35masync\x1B[39m (importOriginal) 
\x1B[33m=>\x1B[39m {\n'[39m +
    [32m'  \x1B[35mconst\x1B[39m actual \x1B[33m=\x1B[39m \x1B[35mawait\x1B[39m 
\x1B[34mimportOriginal\x1B[39m()\n'[39m +
    [32m'  \x1B[35mreturn\x1B[39m {\n'[39m +
    [32m'    \x1B[33m...\x1B[39mactual\x1B[33m,\x1B[39m\n'[39m +
    [32m'    \x1B[90m// your mocked methods\x1B[39m\n'[39m +
    [32m'  }\n'[39m +
    [32m'})'[39m
}

[90mstderr[2m | src/api/__tests__/rabAhspService.test.ts[2m > [22m[2mRabAhspService[2m > 
[22m[2mEdge Cases[2m > [22m[2mshould handle Firestore connection errors gracefully
[22m[39mΓÜá∩╕Å logError attempt 2/3 failed: Error: [vitest] No "serverTimestamp" export is 
defined on the "firebase/firestore" mock. Did you forget to return it from "vi.mock"?
If you need to partially mock a module, you can use "importOriginal" helper inside:

    at VitestMocker.createError [90m(file:///C:/Users/latie/Documents/GitHub/NataCarePM/[39mno
de_modules/[4mvitest[24m/dist/chunks/execute.B7h3T_Hc.js:284:17[90m)[39m
    at Object.get [90m(file:///C:/Users/latie/Documents/GitHub/NataCarePM/[39mnode_modules/[4
mvitest[24m/dist/chunks/execute.B7h3T_Hc.js:330:16[90m)[39m
    at operation [90m(C:\Users\latie\Documents\GitHub\NataCarePM\[39msrc\api\monitoringService
.ts:453:22[90m)[39m
    at MonitoringService.executeWithRetry [90m(C:\Users\latie\Documents\GitHub\NataCarePM\[39m
src\api\monitoringService.ts:585:15[90m)[39m
[90m    at runNextTicks (node:internal/process/task_queues:65:5)[39m
[90m    at listOnTimeout (node:internal/timers:569:9)[39m
[90m    at processTimers (node:internal/timers:543:7)[39m
    at MonitoringService.logError [90m(C:\Users\latie\Documents\GitHub\NataCarePM\[39msrc\api\
monitoringService.ts:462:7[90m)[39m {
  codeFrame: [32m'vi\x1B[33m.\x1B[39m\x1B[34mmock\x1B[39m(\x1B[35mimport\x1B[39m(\x1B[32m"fireb
ase/firestore"\x1B[39m)\x1B[33m,\x1B[39m \x1B[35masync\x1B[39m (importOriginal) 
\x1B[33m=>\x1B[39m {\n'[39m +
    [32m'  \x1B[35mconst\x1B[39m actual \x1B[33m=\x1B[39m \x1B[35mawait\x1B[39m 
\x1B[34mimportOriginal\x1B[39m()\n'[39m +
    [32m'  \x1B[35mreturn\x1B[39m {\n'[39m +
    [32m'    \x1B[33m...\x1B[39mactual\x1B[33m,\x1B[39m\n'[39m +
    [32m'    \x1B[90m// your mocked methods\x1B[39m\n'[39m +
    [32m'  }\n'[39m +
    [32m'})'[39m
}

[90mstderr[2m | src/api/__tests__/rabAhspService.test.ts[2m > [22m[2mRabAhspService[2m > 
[22m[2mEdge Cases[2m > [22m[2mshould handle Firestore connection errors gracefully
[22m[39mΓÜá∩╕Å logError attempt 2/3 failed: Error: [vitest] No "serverTimestamp" export is 
defined on the "firebase/firestore" mock. Did you forget to return it from "vi.mock"?
If you need to partially mock a module, you can use "importOriginal" helper inside:

    at VitestMocker.createError [90m(file:///C:/Users/latie/Documents/GitHub/NataCarePM/[39mno
de_modules/[4mvitest[24m/dist/chunks/execute.B7h3T_Hc.js:284:17[90m)[39m
    at Object.get [90m(file:///C:/Users/latie/Documents/GitHub/NataCarePM/[39mnode_modules/[4
mvitest[24m/dist/chunks/execute.B7h3T_Hc.js:330:16[90m)[39m
    at operation [90m(C:\Users\latie\Documents\GitHub\NataCarePM\[39msrc\api\monitoringService
.ts:453:22[90m)[39m
    at MonitoringService.executeWithRetry [90m(C:\Users\latie\Documents\GitHub\NataCarePM\[39m
src\api\monitoringService.ts:585:15[90m)[39m
    at MonitoringService.logError [90m(C:\Users\latie\Documents\GitHub\NataCarePM\[39msrc\api\
monitoringService.ts:462:7[90m)[39m {
  codeFrame: [32m'vi\x1B[33m.\x1B[39m\x1B[34mmock\x1B[39m(\x1B[35mimport\x1B[39m(\x1B[32m"fireb
ase/firestore"\x1B[39m)\x1B[33m,\x1B[39m \x1B[35masync\x1B[39m (importOriginal) 
\x1B[33m=>\x1B[39m {\n'[39m +
    [32m'  \x1B[35mconst\x1B[39m actual \x1B[33m=\x1B[39m \x1B[35mawait\x1B[39m 
\x1B[34mimportOriginal\x1B[39m()\n'[39m +
    [32m'  \x1B[35mreturn\x1B[39m {\n'[39m +
    [32m'    \x1B[33m...\x1B[39mactual\x1B[33m,\x1B[39m\n'[39m +
    [32m'    \x1B[90m// your mocked methods\x1B[39m\n'[39m +
    [32m'  }\n'[39m +
    [32m'})'[39m
}

[90mstderr[2m | src/api/__tests__/rabAhspService.test.ts[2m > [22m[2mRabAhspService[2m > 
[22m[2mEdge Cases[2m > [22m[2mshould handle Firestore connection errors gracefully
[22m[39mΓÜá∩╕Å logError attempt 2/3 failed: Error: [vitest] No "serverTimestamp" export is 
defined on the "firebase/firestore" mock. Did you forget to return it from "vi.mock"?
If you need to partially mock a module, you can use "importOriginal" helper inside:

    at VitestMocker.createError [90m(file:///C:/Users/latie/Documents/GitHub/NataCarePM/[39mno
de_modules/[4mvitest[24m/dist/chunks/execute.B7h3T_Hc.js:284:17[90m)[39m
    at Object.get [90m(file:///C:/Users/latie/Documents/GitHub/NataCarePM/[39mnode_modules/[4
mvitest[24m/dist/chunks/execute.B7h3T_Hc.js:330:16[90m)[39m
    at operation [90m(C:\Users\latie\Documents\GitHub\NataCarePM\[39msrc\api\monitoringService
.ts:453:22[90m)[39m
    at MonitoringService.executeWithRetry [90m(C:\Users\latie\Documents\GitHub\NataCarePM\[39m
src\api\monitoringService.ts:585:15[90m)[39m
[90m    at runNextTicks (node:internal/process/task_queues:65:5)[39m
[90m    at listOnTimeout (node:internal/timers:569:9)[39m
[90m    at processTimers (node:internal/timers:543:7)[39m
    at MonitoringService.logError [90m(C:\Users\latie\Documents\GitHub\NataCarePM\[39msrc\api\
monitoringService.ts:462:7[90m)[39m {
  codeFrame: [32m'vi\x1B[33m.\x1B[39m\x1B[34mmock\x1B[39m(\x1B[35mimport\x1B[39m(\x1B[32m"fireb
ase/firestore"\x1B[39m)\x1B[33m,\x1B[39m \x1B[35masync\x1B[39m (importOriginal) 
\x1B[33m=>\x1B[39m {\n'[39m +
    [32m'  \x1B[35mconst\x1B[39m actual \x1B[33m=\x1B[39m \x1B[35mawait\x1B[39m 
\x1B[34mimportOriginal\x1B[39m()\n'[39m +
    [32m'  \x1B[35mreturn\x1B[39m {\n'[39m +
    [32m'    \x1B[33m...\x1B[39mactual\x1B[33m,\x1B[39m\n'[39m +
    [32m'    \x1B[90m// your mocked methods\x1B[39m\n'[39m +
    [32m'  }\n'[39m +
    [32m'})'[39m
}

[90mstderr[2m | src/api/__tests__/rabAhspService.test.ts[2m > [22m[2mRabAhspService[2m > 
[22m[2mEdge Cases[2m > [22m[2mshould handle Firestore connection errors gracefully
[22m[39mΓÜá∩╕Å logError attempt 2/3 failed: Error: [vitest] No "serverTimestamp" export is 
defined on the "firebase/firestore" mock. Did you forget to return it from "vi.mock"?
If you need to partially mock a module, you can use "importOriginal" helper inside:

    at VitestMocker.createError [90m(file:///C:/Users/latie/Documents/GitHub/NataCarePM/[39mno
de_modules/[4mvitest[24m/dist/chunks/execute.B7h3T_Hc.js:284:17[90m)[39m
    at Object.get [90m(file:///C:/Users/latie/Documents/GitHub/NataCarePM/[39mnode_modules/[4
mvitest[24m/dist/chunks/execute.B7h3T_Hc.js:330:16[90m)[39m
    at operation [90m(C:\Users\latie\Documents\GitHub\NataCarePM\[39msrc\api\monitoringService
.ts:453:22[90m)[39m
    at MonitoringService.executeWithRetry [90m(C:\Users\latie\Documents\GitHub\NataCarePM\[39m
src\api\monitoringService.ts:585:15[90m)[39m
[90m    at runNextTicks (node:internal/process/task_queues:65:5)[39m
[90m    at listOnTimeout (node:internal/timers:569:9)[39m
[90m    at processTimers (node:internal/timers:543:7)[39m
    at MonitoringService.logError [90m(C:\Users\latie\Documents\GitHub\NataCarePM\[39msrc\api\
monitoringService.ts:462:7[90m)[39m {
  codeFrame: [32m'vi\x1B[33m.\x1B[39m\x1B[34mmock\x1B[39m(\x1B[35mimport\x1B[39m(\x1B[32m"fireb
ase/firestore"\x1B[39m)\x1B[33m,\x1B[39m \x1B[35masync\x1B[39m (importOriginal) 
\x1B[33m=>\x1B[39m {\n'[39m +
    [32m'  \x1B[35mconst\x1B[39m actual \x1B[33m=\x1B[39m \x1B[35mawait\x1B[39m 
\x1B[34mimportOriginal\x1B[39m()\n'[39m +
    [32m'  \x1B[35mreturn\x1B[39m {\n'[39m +
    [32m'    \x1B[33m...\x1B[39mactual\x1B[33m,\x1B[39m\n'[39m +
    [32m'    \x1B[90m// your mocked methods\x1B[39m\n'[39m +
    [32m'  }\n'[39m +
    [32m'})'[39m
}

[90mstderr[2m | src/api/__tests__/rabAhspService.test.ts[2m > [22m[2mRabAhspService[2m > 
[22m[2mEdge Cases[2m > [22m[2mshould handle Firestore connection errors gracefully
[22m[39mΓÜá∩╕Å logError attempt 2/3 failed: Error: [vitest] No "serverTimestamp" export is 
defined on the "firebase/firestore" mock. Did you forget to return it from "vi.mock"?
If you need to partially mock a module, you can use "importOriginal" helper inside:

    at VitestMocker.createError [90m(file:///C:/Users/latie/Documents/GitHub/NataCarePM/[39mno
de_modules/[4mvitest[24m/dist/chunks/execute.B7h3T_Hc.js:284:17[90m)[39m
    at Object.get [90m(file:///C:/Users/latie/Documents/GitHub/NataCarePM/[39mnode_modules/[4
mvitest[24m/dist/chunks/execute.B7h3T_Hc.js:330:16[90m)[39m
    at operation [90m(C:\Users\latie\Documents\GitHub\NataCarePM\[39msrc\api\monitoringService
.ts:453:22[90m)[39m
    at MonitoringService.executeWithRetry [90m(C:\Users\latie\Documents\GitHub\NataCarePM\[39m
src\api\monitoringService.ts:585:15[90m)[39m
[90m    at runNextTicks (node:internal/process/task_queues:65:5)[39m
[90m    at listOnTimeout (node:internal/timers:569:9)[39m
[90m    at processTimers (node:internal/timers:543:7)[39m
    at MonitoringService.logError [90m(C:\Users\latie\Documents\GitHub\NataCarePM\[39msrc\api\
monitoringService.ts:462:7[90m)[39m {
  codeFrame: [32m'vi\x1B[33m.\x1B[39m\x1B[34mmock\x1B[39m(\x1B[35mimport\x1B[39m(\x1B[32m"fireb
ase/firestore"\x1B[39m)\x1B[33m,\x1B[39m \x1B[35masync\x1B[39m (importOriginal) 
\x1B[33m=>\x1B[39m {\n'[39m +
    [32m'  \x1B[35mconst\x1B[39m actual \x1B[33m=\x1B[39m \x1B[35mawait\x1B[39m 
\x1B[34mimportOriginal\x1B[39m()\n'[39m +
    [32m'  \x1B[35mreturn\x1B[39m {\n'[39m +
    [32m'    \x1B[33m...\x1B[39mactual\x1B[33m,\x1B[39m\n'[39m +
    [32m'    \x1B[90m// your mocked methods\x1B[39m\n'[39m +
    [32m'  }\n'[39m +
    [32m'})'[39m
}

[90mstderr[2m | src/api/__tests__/rabAhspService.test.ts[2m > [22m[2mRabAhspService[2m > 
[22m[2mEdge Cases[2m > [22m[2mshould handle Firestore connection errors gracefully
[22m[39mΓÜá∩╕Å logError attempt 2/3 failed: Error: [vitest] No "serverTimestamp" export is 
defined on the "firebase/firestore" mock. Did you forget to return it from "vi.mock"?
If you need to partially mock a module, you can use "importOriginal" helper inside:

    at VitestMocker.createError [90m(file:///C:/Users/latie/Documents/GitHub/NataCarePM/[39mno
de_modules/[4mvitest[24m/dist/chunks/execute.B7h3T_Hc.js:284:17[90m)[39m
    at Object.get [90m(file:///C:/Users/latie/Documents/GitHub/NataCarePM/[39mnode_modules/[4
mvitest[24m/dist/chunks/execute.B7h3T_Hc.js:330:16[90m)[39m
    at operation [90m(C:\Users\latie\Documents\GitHub\NataCarePM\[39msrc\api\monitoringService
.ts:453:22[90m)[39m
    at MonitoringService.executeWithRetry [90m(C:\Users\latie\Documents\GitHub\NataCarePM\[39m
src\api\monitoringService.ts:585:15[90m)[39m
[90m    at runNextTicks (node:internal/process/task_queues:65:5)[39m
[90m    at listOnTimeout (node:internal/timers:569:9)[39m
[90m    at processTimers (node:internal/timers:543:7)[39m
    at MonitoringService.logError [90m(C:\Users\latie\Documents\GitHub\NataCarePM\[39msrc\api\
monitoringService.ts:462:7[90m)[39m {
  codeFrame: [32m'vi\x1B[33m.\x1B[39m\x1B[34mmock\x1B[39m(\x1B[35mimport\x1B[39m(\x1B[32m"fireb
ase/firestore"\x1B[39m)\x1B[33m,\x1B[39m \x1B[35masync\x1B[39m (importOriginal) 
\x1B[33m=>\x1B[39m {\n'[39m +
    [32m'  \x1B[35mconst\x1B[39m actual \x1B[33m=\x1B[39m \x1B[35mawait\x1B[39m 
\x1B[34mimportOriginal\x1B[39m()\n'[39m +
    [32m'  \x1B[35mreturn\x1B[39m {\n'[39m +
    [32m'    \x1B[33m...\x1B[39mactual\x1B[33m,\x1B[39m\n'[39m +
    [32m'    \x1B[90m// your mocked methods\x1B[39m\n'[39m +
    [32m'  }\n'[39m +
    [32m'})'[39m
}

[90mstderr[2m | src/api/__tests__/rabAhspService.test.ts[2m > [22m[2mRabAhspService[2m > 
[22m[2mEdge Cases[2m > [22m[2mshould handle Firestore connection errors gracefully
[22m[39mΓÜá∩╕Å logError attempt 2/3 failed: Error: [vitest] No "serverTimestamp" export is 
defined on the "firebase/firestore" mock. Did you forget to return it from "vi.mock"?
If you need to partially mock a module, you can use "importOriginal" helper inside:

    at VitestMocker.createError [90m(file:///C:/Users/latie/Documents/GitHub/NataCarePM/[39mno
de_modules/[4mvitest[24m/dist/chunks/execute.B7h3T_Hc.js:284:17[90m)[39m
    at Object.get [90m(file:///C:/Users/latie/Documents/GitHub/NataCarePM/[39mnode_modules/[4
mvitest[24m/dist/chunks/execute.B7h3T_Hc.js:330:16[90m)[39m
    at operation [90m(C:\Users\latie\Documents\GitHub\NataCarePM\[39msrc\api\monitoringService
.ts:453:22[90m)[39m
    at MonitoringService.executeWithRetry [90m(C:\Users\latie\Documents\GitHub\NataCarePM\[39m
src\api\monitoringService.ts:585:15[90m)[39m
[90m    at runNextTicks (node:internal/process/task_queues:65:5)[39m
[90m    at listOnTimeout (node:internal/timers:569:9)[39m
[90m    at processTimers (node:internal/timers:543:7)[39m
    at MonitoringService.logError [90m(C:\Users\latie\Documents\GitHub\NataCarePM\[39msrc\api\
monitoringService.ts:462:7[90m)[39m {
  codeFrame: [32m'vi\x1B[33m.\x1B[39m\x1B[34mmock\x1B[39m(\x1B[35mimport\x1B[39m(\x1B[32m"fireb
ase/firestore"\x1B[39m)\x1B[33m,\x1B[39m \x1B[35masync\x1B[39m (importOriginal) 
\x1B[33m=>\x1B[39m {\n'[39m +
    [32m'  \x1B[35mconst\x1B[39m actual \x1B[33m=\x1B[39m \x1B[35mawait\x1B[39m 
\x1B[34mimportOriginal\x1B[39m()\n'[39m +
    [32m'  \x1B[35mreturn\x1B[39m {\n'[39m +
    [32m'    \x1B[33m...\x1B[39mactual\x1B[33m,\x1B[39m\n'[39m +
    [32m'    \x1B[90m// your mocked methods\x1B[39m\n'[39m +
    [32m'  }\n'[39m +
    [32m'})'[39m
}

[90mstderr[2m | src/api/__tests__/rabAhspService.test.ts[2m > [22m[2mRabAhspService[2m > 
[22m[2mEdge Cases[2m > [22m[2mshould handle Firestore connection errors gracefully
[22m[39mΓÜá∩╕Å logError attempt 2/3 failed: Error: [vitest] No "serverTimestamp" export is 
defined on the "firebase/firestore" mock. Did you forget to return it from "vi.mock"?
If you need to partially mock a module, you can use "importOriginal" helper inside:

    at VitestMocker.createError [90m(file:///C:/Users/latie/Documents/GitHub/NataCarePM/[39mno
de_modules/[4mvitest[24m/dist/chunks/execute.B7h3T_Hc.js:284:17[90m)[39m
    at Object.get [90m(file:///C:/Users/latie/Documents/GitHub/NataCarePM/[39mnode_modules/[4
mvitest[24m/dist/chunks/execute.B7h3T_Hc.js:330:16[90m)[39m
    at operation [90m(C:\Users\latie\Documents\GitHub\NataCarePM\[39msrc\api\monitoringService
.ts:453:22[90m)[39m
    at MonitoringService.executeWithRetry [90m(C:\Users\latie\Documents\GitHub\NataCarePM\[39m
src\api\monitoringService.ts:585:15[90m)[39m
[90m    at runNextTicks (node:internal/process/task_queues:65:5)[39m
[90m    at listOnTimeout (node:internal/timers:569:9)[39m
[90m    at processTimers (node:internal/timers:543:7)[39m
    at MonitoringService.logError [90m(C:\Users\latie\Documents\GitHub\NataCarePM\[39msrc\api\
monitoringService.ts:462:7[90m)[39m {
  codeFrame: [32m'vi\x1B[33m.\x1B[39m\x1B[34mmock\x1B[39m(\x1B[35mimport\x1B[39m(\x1B[32m"fireb
ase/firestore"\x1B[39m)\x1B[33m,\x1B[39m \x1B[35masync\x1B[39m (importOriginal) 
\x1B[33m=>\x1B[39m {\n'[39m +
    [32m'  \x1B[35mconst\x1B[39m actual \x1B[33m=\x1B[39m \x1B[35mawait\x1B[39m 
\x1B[34mimportOriginal\x1B[39m()\n'[39m +
    [32m'  \x1B[35mreturn\x1B[39m {\n'[39m +
    [32m'    \x1B[33m...\x1B[39mactual\x1B[33m,\x1B[39m\n'[39m +
    [32m'    \x1B[90m// your mocked methods\x1B[39m\n'[39m +
    [32m'  }\n'[39m +
    [32m'})'[39m
}

[90mstderr[2m | src/api/__tests__/rabAhspService.test.ts[2m > [22m[2mRabAhspService[2m > 
[22m[2mEdge Cases[2m > [22m[2mshould handle Firestore connection errors gracefully
[22m[39mΓÜá∩╕Å logError attempt 2/3 failed: Error: [vitest] No "serverTimestamp" export is 
defined on the "firebase/firestore" mock. Did you forget to return it from "vi.mock"?
If you need to partially mock a module, you can use "importOriginal" helper inside:

    at VitestMocker.createError [90m(file:///C:/Users/latie/Documents/GitHub/NataCarePM/[39mno
de_modules/[4mvitest[24m/dist/chunks/execute.B7h3T_Hc.js:284:17[90m)[39m
    at Object.get [90m(file:///C:/Users/latie/Documents/GitHub/NataCarePM/[39mnode_modules/[4
mvitest[24m/dist/chunks/execute.B7h3T_Hc.js:330:16[90m)[39m
    at operation [90m(C:\Users\latie\Documents\GitHub\NataCarePM\[39msrc\api\monitoringService
.ts:453:22[90m)[39m
    at MonitoringService.executeWithRetry [90m(C:\Users\latie\Documents\GitHub\NataCarePM\[39m
src\api\monitoringService.ts:585:15[90m)[39m
[90m    at runNextTicks (node:internal/process/task_queues:65:5)[39m
[90m    at listOnTimeout (node:internal/timers:569:9)[39m
[90m    at processTimers (node:internal/timers:543:7)[39m
    at MonitoringService.logError [90m(C:\Users\latie\Documents\GitHub\NataCarePM\[39msrc\api\
monitoringService.ts:462:7[90m)[39m {
  codeFrame: [32m'vi\x1B[33m.\x1B[39m\x1B[34mmock\x1B[39m(\x1B[35mimport\x1B[39m(\x1B[32m"fireb
ase/firestore"\x1B[39m)\x1B[33m,\x1B[39m \x1B[35masync\x1B[39m (importOriginal) 
\x1B[33m=>\x1B[39m {\n'[39m +
    [32m'  \x1B[35mconst\x1B[39m actual \x1B[33m=\x1B[39m \x1B[35mawait\x1B[39m 
\x1B[34mimportOriginal\x1B[39m()\n'[39m +
    [32m'  \x1B[35mreturn\x1B[39m {\n'[39m +
    [32m'    \x1B[33m...\x1B[39mactual\x1B[33m,\x1B[39m\n'[39m +
    [32m'    \x1B[90m// your mocked methods\x1B[39m\n'[39m +
    [32m'  }\n'[39m +
    [32m'})'[39m
}

[90mstderr[2m | src/api/__tests__/rabAhspService.test.ts[2m > [22m[2mRabAhspService[2m > 
[22m[2mEdge Cases[2m > [22m[2mshould handle Firestore connection errors gracefully
[22m[39mΓÜá∩╕Å logError attempt 2/3 failed: Error: [vitest] No "serverTimestamp" export is 
defined on the "firebase/firestore" mock. Did you forget to return it from "vi.mock"?
If you need to partially mock a module, you can use "importOriginal" helper inside:

    at VitestMocker.createError [90m(file:///C:/Users/latie/Documents/GitHub/NataCarePM/[39mno
de_modules/[4mvitest[24m/dist/chunks/execute.B7h3T_Hc.js:284:17[90m)[39m
    at Object.get [90m(file:///C:/Users/latie/Documents/GitHub/NataCarePM/[39mnode_modules/[4
mvitest[24m/dist/chunks/execute.B7h3T_Hc.js:330:16[90m)[39m
    at operation [90m(C:\Users\latie\Documents\GitHub\NataCarePM\[39msrc\api\monitoringService
.ts:453:22[90m)[39m
    at MonitoringService.executeWithRetry [90m(C:\Users\latie\Documents\GitHub\NataCarePM\[39m
src\api\monitoringService.ts:585:15[90m)[39m
[90m    at runNextTicks (node:internal/process/task_queues:65:5)[39m
[90m    at listOnTimeout (node:internal/timers:569:9)[39m
[90m    at processTimers (node:internal/timers:543:7)[39m
    at MonitoringService.logError [90m(C:\Users\latie\Documents\GitHub\NataCarePM\[39msrc\api\
monitoringService.ts:462:7[90m)[39m {
  codeFrame: [32m'vi\x1B[33m.\x1B[39m\x1B[34mmock\x1B[39m(\x1B[35mimport\x1B[39m(\x1B[32m"fireb
ase/firestore"\x1B[39m)\x1B[33m,\x1B[39m \x1B[35masync\x1B[39m (importOriginal) 
\x1B[33m=>\x1B[39m {\n'[39m +
    [32m'  \x1B[35mconst\x1B[39m actual \x1B[33m=\x1B[39m \x1B[35mawait\x1B[39m 
\x1B[34mimportOriginal\x1B[39m()\n'[39m +
    [32m'  \x1B[35mreturn\x1B[39m {\n'[39m +
    [32m'    \x1B[33m...\x1B[39mactual\x1B[33m,\x1B[39m\n'[39m +
    [32m'    \x1B[90m// your mocked methods\x1B[39m\n'[39m +
    [32m'  }\n'[39m +
    [32m'})'[39m
}

[90mstderr[2m | src/api/__tests__/rabAhspService.test.ts[2m > [22m[2mRabAhspService[2m > 
[22m[2mEdge Cases[2m > [22m[2mshould handle Firestore connection errors gracefully
[22m[39mΓÜá∩╕Å logError attempt 2/3 failed: Error: [vitest] No "serverTimestamp" export is 
defined on the "firebase/firestore" mock. Did you forget to return it from "vi.mock"?
If you need to partially mock a module, you can use "importOriginal" helper inside:

    at VitestMocker.createError [90m(file:///C:/Users/latie/Documents/GitHub/NataCarePM/[39mno
de_modules/[4mvitest[24m/dist/chunks/execute.B7h3T_Hc.js:284:17[90m)[39m
    at Object.get [90m(file:///C:/Users/latie/Documents/GitHub/NataCarePM/[39mnode_modules/[4
mvitest[24m/dist/chunks/execute.B7h3T_Hc.js:330:16[90m)[39m
    at operation [90m(C:\Users\latie\Documents\GitHub\NataCarePM\[39msrc\api\monitoringService
.ts:453:22[90m)[39m
    at MonitoringService.executeWithRetry [90m(C:\Users\latie\Documents\GitHub\NataCarePM\[39m
src\api\monitoringService.ts:585:15[90m)[39m
    at MonitoringService.logError [90m(C:\Users\latie\Documents\GitHub\NataCarePM\[39msrc\api\
monitoringService.ts:462:7[90m)[39m {
  codeFrame: [32m'vi\x1B[33m.\x1B[39m\x1B[34mmock\x1B[39m(\x1B[35mimport\x1B[39m(\x1B[32m"fireb
ase/firestore"\x1B[39m)\x1B[33m,\x1B[39m \x1B[35masync\x1B[39m (importOriginal) 
\x1B[33m=>\x1B[39m {\n'[39m +
    [32m'  \x1B[35mconst\x1B[39m actual \x1B[33m=\x1B[39m \x1B[35mawait\x1B[39m 
\x1B[34mimportOriginal\x1B[39m()\n'[39m +
    [32m'  \x1B[35mreturn\x1B[39m {\n'[39m +
    [32m'    \x1B[33m...\x1B[39mactual\x1B[33m,\x1B[39m\n'[39m +
    [32m'    \x1B[90m// your mocked methods\x1B[39m\n'[39m +
    [32m'  }\n'[39m +
    [32m'})'[39m
}

 [32mΓ£ô[39m src/components/Progress.test.tsx[2m > [22mProgress Component[2m > [22mRendering[2m > [22mshould render progress bar[32m 18[2mms[22m[39m
 [32mΓ£ô[39m src/components/Progress.test.tsx[2m > [22mProgress Component[2m > [22mRendering[2m > [22mshould render with default structure[32m 2[2mms[22m[39m
 [32mΓ£ô[39m src/components/Progress.test.tsx[2m > [22mProgress Component[2m > [22mRendering[2m > [22mshould render inner progress indicator[32m 2[2mms[22m[39m
 [32mΓ£ô[39m src/components/Progress.test.tsx[2m > [22mProgress Component[2m > [22mRendering[2m > [22mshould have transition classes on indicator[32m 2[2mms[22m[39m
 [32mΓ£ô[39m src/components/Progress.test.tsx[2m > [22mProgress Component[2m > [22mValue Handling[2m > [22mshould render with 0% progress[32m 2[2mms[22m[39m
 [32mΓ£ô[39m src/components/Progress.test.tsx[2m > [22mProgress Component[2m > [22mValue Handling[2m > [22mshould render with 50% progress[32m 1[2mms[22m[39m
 [32mΓ£ô[39m src/components/Progress.test.tsx[2m > [22mProgress Component[2m > [22mValue Handling[2m > [22mshould render with 100% progress[32m 6[2mms[22m[39m
 [32mΓ£ô[39m src/components/Progress.test.tsx[2m > [22mProgress Component[2m > [22mValue Handling[2m > [22mshould render with 25% progress[32m 2[2mms[22m[39m
 [32mΓ£ô[39m src/components/Progress.test.tsx[2m > [22mProgress Component[2m > [22mValue Handling[2m > [22mshould render with 75% progress[32m 1[2mms[22m[39m
 [32mΓ£ô[39m src/components/Progress.test.tsx[2m > [22mProgress Component[2m > [22mValue Normalization[2m > [22mshould clamp negative values to 0[32m 1[2mms[22m[39m
 [32mΓ£ô[39m src/components/Progress.test.tsx[2m > [22mProgress Component[2m > [22mValue Normalization[2m > [22mshould clamp values above 100 to 100[32m 1[2mms[22m[39m
 [32mΓ£ô[39m src/components/Progress.test.tsx[2m > [22mProgress Component[2m > [22mValue Normalization[2m > [22mshould handle very large values[32m 1[2mms[22m[39m
 [32mΓ£ô[39m src/components/Progress.test.tsx[2m > [22mProgress Component[2m > [22mValue Normalization[2m > [22mshould handle very negative values[32m 1[2mms[22m[39m
 [32mΓ£ô[39m src/components/Progress.test.tsx[2m > [22mProgress Component[2m > [22mValue Normalization[2m > [22mshould handle decimal values[32m 1[2mms[22m[39m
 [32mΓ£ô[39m src/components/Progress.test.tsx[2m > [22mProgress Component[2m > [22mValue Normalization[2m > [22mshould handle zero explicitly[32m 1[2mms[22m[39m
 [32mΓ£ô[39m src/components/Progress.test.tsx[2m > [22mProgress Component[2m > [22mCustom ClassName[2m > [22mshould accept custom className[32m 1[2mms[22m[39m
 [32mΓ£ô[39m src/components/Progress.test.tsx[2m > [22mProgress Component[2m > [22mCustom ClassName[2m > [22mshould merge custom className with default classes[32m 1[2mms[22m[39m
 [32mΓ£ô[39m src/components/Progress.test.tsx[2m > [22mProgress Component[2m > [22mCustom ClassName[2m > [22mshould work without custom className[32m 1[2mms[22m[39m
 [32mΓ£ô[39m src/components/Progress.test.tsx[2m > [22mProgress Component[2m > [22mHTML Attributes[2m > [22mshould accept data attributes[32m 3[2mms[22m[39m
 [32mΓ£ô[39m src/components/Progress.test.tsx[2m > [22mProgress Component[2m > [22mHTML Attributes[2m > [22mshould accept aria attributes[32m 6[2mms[22m[39m
 [32mΓ£ô[39m src/components/Progress.test.tsx[2m > [22mProgress Component[2m > [22mHTML Attributes[2m > [22mshould accept id attribute[32m 2[2mms[22m[39m
 [32mΓ£ô[39m src/components/Progress.test.tsx[2m > [22mProgress Component[2m > [22mHTML Attributes[2m > [22mshould spread rest props[32m 1[2mms[22m[39m
 [32mΓ£ô[39m src/components/Progress.test.tsx[2m > [22mProgress Component[2m > [22mStyling[2m > [22mshould have background color on container[32m 1[2mms[22m[39m
 [32mΓ£ô[39m src/components/Progress.test.tsx[2m > [22mProgress Component[2m > [22mStyling[2m > [22mshould have persimmon color on indicator[32m 1[2mms[22m[39m
 [32mΓ£ô[39m src/components/Progress.test.tsx[2m > [22mProgress Component[2m > [22mStyling[2m > [22mshould have rounded-full class[32m 1[2mms[22m[39m
 [32mΓ£ô[39m src/components/Progress.test.tsx[2m > [22mProgress Component[2m > [22mStyling[2m > [22mshould have overflow-hidden class[32m 1[2mms[22m[39m
 [32mΓ£ô[39m src/components/Progress.test.tsx[2m > [22mProgress Component[2m > [22mStyling[2m > [22mshould have default height of h-2[32m 1[2mms[22m[39m
 [32mΓ£ô[39m src/components/Progress.test.tsx[2m > [22mProgress Component[2m > [22mStyling[2m > [22mshould have full width[32m 1[2mms[22m[39m
 [32mΓ£ô[39m src/components/Progress.test.tsx[2m > [22mProgress Component[2m > [22mDynamic Updates[2m > [22mshould update transform when value changes[32m 3[2mms[22m[39m
 [32mΓ£ô[39m src/components/Progress.test.tsx[2m > [22mProgress Component[2m > [22mDynamic Updates[2m > [22mshould handle rapid value changes[32m 3[2mms[22m[39m
 [32mΓ£ô[39m src/components/Progress.test.tsx[2m > [22mProgress Component[2m > [22mEdge Cases[2m > [22mshould handle undefined value as 0[32m 1[2mms[22m[39m
 [32mΓ£ô[39m src/components/Progress.test.tsx[2m > [22mProgress Component[2m > [22mEdge Cases[2m > [22mshould handle null value as 0[32m 1[2mms[22m[39m
 [32mΓ£ô[39m src/components/Progress.test.tsx[2m > [22mProgress Component[2m > [22mEdge Cases[2m > [22mshould handle NaN value as 0[32m 1[2mms[22m[39m
 [32mΓ£ô[39m src/components/Progress.test.tsx[2m > [22mProgress Component[2m > [22mEdge Cases[2m > [22mshould handle very small decimal values[32m 0[2mms[22m[39m
 [32mΓ£ô[39m src/components/Progress.test.tsx[2m > [22mProgress Component[2m > [22mEdge Cases[2m > [22mshould handle values close to 100[32m 0[2mms[22m[39m
 [32mΓ£ô[39m src/components/Progress.test.tsx[2m > [22mProgress Component[2m > [22mIntegration[2m > [22mshould work within a parent container[32m 1[2mms[22m[39m
 [32mΓ£ô[39m src/components/Progress.test.tsx[2m > [22mProgress Component[2m > [22mIntegration[2m > [22mshould work with label[32m 4[2mms[22m[39m
 [32mΓ£ô[39m src/components/Progress.test.tsx[2m > [22mProgress Component[2m > [22mIntegration[2m > [22mshould work with multiple progress bars[32m 2[2mms[22m[39m
 [32mΓ£ô[39m src/components/Progress.test.tsx[2m > [22mProgress Component[2m > [22mIntegration[2m > [22mshould work with percentage text[32m 1[2mms[22m[39m
 [32mΓ£ô[39m src/components/HamburgerButton.test.tsx[2m > [22mHamburgerButton Component[2m > [22mRendering[2m > [22mshould render hamburger button[32m 23[2mms[22m[39m
 [32mΓ£ô[39m src/components/HamburgerButton.test.tsx[2m > [22mHamburgerButton Component[2m > [22mRendering[2m > [22mshould have proper button classes[32m 4[2mms[22m[39m
 [32mΓ£ô[39m src/components/HamburgerButton.test.tsx[2m > [22mHamburgerButton Component[2m > [22mRendering[2m > [22mshould render hamburger icon[32m 2[2mms[22m[39m
 [32mΓ£ô[39m src/components/HamburgerButton.test.tsx[2m > [22mHamburgerButton Component[2m > [22mRendering[2m > [22mshould have sr-only text[32m 2[2mms[22m[39m
 [32mΓ£ô[39m src/components/HamburgerButton.test.tsx[2m > [22mHamburgerButton Component[2m > [22misOpen State[2m > [22mshould show "Open menu" aria-label when closed[32m 3[2mms[22m[39m
 [32mΓ£ô[39m src/components/HamburgerButton.test.tsx[2m > [22mHamburgerButton Component[2m > [22misOpen State[2m > [22mshould show "Close menu" aria-label when open[32m 2[2mms[22m[39m
 [32mΓ£ô[39m src/components/HamburgerButton.test.tsx[2m > [22mHamburgerButton Component[2m > [22misOpen State[2m > [22mshould apply "open" class to icon when isOpen is true[32m 1[2mms[22m[39m
 [32mΓ£ô[39m src/components/HamburgerButton.test.tsx[2m > [22mHamburgerButton Component[2m > [22misOpen State[2m > [22mshould not apply "open" class to icon when isOpen is false[32m 1[2mms[22m[39m
 [32mΓ£ô[39m src/components/HamburgerButton.test.tsx[2m > [22mHamburgerButton Component[2m > [22misOpen State[2m > [22mshould update sr-only text based on isOpen[32m 4[2mms[22m[39m
 [32mΓ£ô[39m src/components/HamburgerButton.test.tsx[2m > [22mHamburgerButton Component[2m > [22mAccessibility[2m > [22mshould have aria-expanded false when closed[32m 2[2mms[22m[39m
 [32mΓ£ô[39m src/components/HamburgerButton.test.tsx[2m > [22mHamburgerButton Component[2m > [22mAccessibility[2m > [22mshould have aria-expanded true when open[32m 2[2mms[22m[39m
 [32mΓ£ô[39m src/components/HamburgerButton.test.tsx[2m > [22mHamburgerButton Component[2m > [22mAccessibility[2m > [22mshould have aria-controls attribute[32m 1[2mms[22m[39m
 [32mΓ£ô[39m src/components/HamburgerButton.test.tsx[2m > [22mHamburgerButton Component[2m > [22mAccessibility[2m > [22mshould have sr-only span for screen readers[32m 1[2mms[22m[39m
 [32mΓ£ô[39m src/components/HamburgerButton.test.tsx[2m > [22mHamburgerButton Component[2m > [22mAccessibility[2m > [22mshould be keyboard accessible[32m 30[2mms[22m[39m
 [32mΓ£ô[39m src/components/HamburgerButton.test.tsx[2m > [22mHamburgerButton Component[2m > [22mAccessibility[2m > [22mshould be focusable with Tab key[32m 2[2mms[22m[39m
 [32mΓ£ô[39m src/components/ConfirmationDialog.test.tsx[2m > [22mConfirmationDialog[2m > [22mEdge Cases[2m > [22mshould handle multiple clicks on confirm button[32m 162[2mms[22m[39m
 [32mΓ£ô[39m src/components/ConfirmationDialog.test.tsx[2m > [22mConfirmationDialog[2m > [22mAccessibility[2m > [22mshould render title as h2 heading[32m 4[2mms[22m[39m
 [32mΓ£ô[39m src/components/ConfirmationDialog.test.tsx[2m > [22mConfirmationDialog[2m > [22mAccessibility[2m > [22mshould render buttons as clickable elements[32m 3[2mms[22m[39m
 [32mΓ£ô[39m src/components/ConfirmationDialog.test.tsx[2m > [22mConfirmationDialog[2m > [22mAccessibility[2m > [22mshould render description as paragraph[32m 1[2mms[22m[39m
 [32mΓ£ô[39m src/components/FormControls.test.tsx[2m > [22mInput[2m > [22mInteractions[2m > [22mshould call onChange when value changes[32m 106[2mms[22m[39m
 [31m├ù[39m src/components/CreateTaskModal.test.tsx[2m > [22mCreateTaskModal Component[2m > [22mRendering[2m > [22mshould render modal when isOpen is true[32m 43[2mms[22m[39m
[31m   ΓåÆ taskService.getTasksByProject is not a function[39m
[31m   ΓåÆ Should not already be working.[39m
 [31m├ù[39m src/components/CreateTaskModal.test.tsx[2m > [22mCreateTaskModal Component[2m > [22mRendering[2m > [22mshould not render modal when isOpen is false[32m 1[2mms[22m[39m
[31m   ΓåÆ Should not already be working.[39m
[31m   ΓåÆ Should not already be working.[39m
 [31m├ù[39m src/components/CreateTaskModal.test.tsx[2m > [22mCreateTaskModal Component[2m > [22mRendering[2m > [22mshould render all form fields[32m 1[2mms[22m[39m
[31m   ΓåÆ Should not already be working.[39m
[31m   ΓåÆ Should not already be working.[39m
 [31m├ù[39m src/components/CreateTaskModal.test.tsx[2m > [22mCreateTaskModal Component[2m > [22mRendering[2m > [22mshould render priority options[32m 1[2mms[22m[39m
[31m   ΓåÆ Should not already be working.[39m
[31m   ΓåÆ Should not already be working.[39m
 [31m├ù[39m src/components/CreateTaskModal.test.tsx[2m > [22mCreateTaskModal Component[2m > [22mRendering[2m > [22mshould render status options[32m 1[2mms[22m[39m
[31m   ΓåÆ Should not already be working.[39m
[31m   ΓåÆ Should not already be working.[39m
 [31m├ù[39m src/components/CreateTaskModal.test.tsx[2m > [22mCreateTaskModal Component[2m > [22mRendering[2m > [22mshould render team members list[32m 1[2mms[22m[39m
[31m   ΓåÆ Should not already be working.[39m
[31m   ΓåÆ Should not already be working.[39m
 [31m├ù[39m src/components/CreateTaskModal.test.tsx[2m > [22mCreateTaskModal Component[2m > [22mRendering[2m > [22mshould render RAB items dropdown[32m 1[2mms[22m[39m
[31m   ΓåÆ Should not already be working.[39m
[31m   ΓåÆ Should not already be working.[39m
 [31m├ù[39m src/components/CreateTaskModal.test.tsx[2m > [22mCreateTaskModal Component[2m > [22mRendering[2m > [22mshould render action buttons[32m 1[2mms[22m[39m
[31m   ΓåÆ Should not already be working.[39m
[31m   ΓåÆ Should not already be working.[39m
 [31m├ù[39m src/components/CreateTaskModal.test.tsx[2m > [22mCreateTaskModal Component[2m > [22mForm Input[2m > [22mshould update title field on input[32m 2[2mms[22m[39m
[31m   ΓåÆ Should not already be working.[39m
[31m   ΓåÆ Should not already be working.[39m
 [31m├ù[39m src/components/CreateTaskModal.test.tsx[2m > [22mCreateTaskModal Component[2m > [22mForm Input[2m > [22mshould update description field on input[32m 1[2mms[22m[39m
[31m   ΓåÆ Should not already be working.[39m
[31m   ΓåÆ Should not already be working.[39m
 [31m├ù[39m src/components/CreateTaskModal.test.tsx[2m > [22mCreateTaskModal Component[2m > [22mForm Input[2m > [22mshould show character count for description[32m 1[2mms[22m[39m
[31m   ΓåÆ Should not already be working.[39m
[31m   ΓåÆ Should not already be working.[39m
 [31m├ù[39m src/components/CreateTaskModal.test.tsx[2m > [22mCreateTaskModal Component[2m > [22mForm Input[2m > [22mshould update priority selection[32m 1[2mms[22m[39m
[31m   ΓåÆ Should not already be working.[39m
[31m   ΓåÆ Should not already be working.[39m
 [31m├ù[39m src/components/CreateTaskModal.test.tsx[2m > [22mCreateTaskModal Component[2m > [22mForm Input[2m > [22mshould update status selection[32m 1[2mms[22m[39m
[31m   ΓåÆ Should not already be working.[39m
[31m   ΓåÆ Should not already be working.[39m
 [31m├ù[39m src/components/CreateTaskModal.test.tsx[2m > [22mCreateTaskModal Component[2m > [22mForm Input[2m > [22mshould update due date[32m 1[2mms[22m[39m
[31m   ΓåÆ Should not already be working.[39m
[31m   ΓåÆ Should not already be working.[39m
 [31m├ù[39m src/components/CreateTaskModal.test.tsx[2m > [22mCreateTaskModal Component[2m > [22mAssignee Management[2m > [22mshould toggle assignee selection[32m 1[2mms[22m[39m
[31m   ΓåÆ Should not already be working.[39m
[31m   ΓåÆ Should not already be working.[39m
 [31m├ù[39m src/components/CreateTaskModal.test.tsx[2m > [22mCreateTaskModal Component[2m > [22mAssignee Management[2m > [22mshould update selected count[32m 1[2mms[22m[39m
[31m   ΓåÆ Should not already be working.[39m
[31m   ΓåÆ Should not already be working.[39m
 [31m├ù[39m src/components/CreateTaskModal.test.tsx[2m > [22mCreateTaskModal Component[2m > [22mAssignee Management[2m > [22mshould allow multiple assignees[32m 1[2mms[22m[39m
[31m   ΓåÆ Should not already be working.[39m
[31m   ΓåÆ Should not already be working.[39m
 [31m├ù[39m src/components/CreateTaskModal.test.tsx[2m > [22mCreateTaskModal Component[2m > [22mTag Management[2m > [22mshould add tag via button click[32m 1[2mms[22m[39m
[31m   ΓåÆ Should not already be working.[39m
[31m   ΓåÆ Should not already be working.[39m
 [31m├ù[39m src/components/CreateTaskModal.test.tsx[2m > [22mCreateTaskModal Component[2m > [22mTag Management[2m > [22mshould add tag via Enter key[32m 1[2mms[22m[39m
[31m   ΓåÆ Should not already be working.[39m
[31m   ΓåÆ Should not already be working.[39m
 [31m├ù[39m src/components/CreateTaskModal.test.tsx[2m > [22mCreateTaskModal Component[2m > [22mTag Management[2m > [22mshould not add duplicate tags[32m 1[2mms[22m[39m
[31m   ΓåÆ Should not already be working.[39m
[31m   ΓåÆ Should not already be working.[39m
 [31m├ù[39m src/components/CreateTaskModal.test.tsx[2m > [22mCreateTaskModal Component[2m > [22mTag Management[2m > [22mshould not add empty or whitespace-only tags[32m 1[2mms[22m[39m
[31m   ΓåÆ Should not already be working.[39m
[31m   ΓåÆ Should not already be working.[39m
 [31m├ù[39m src/components/CreateTaskModal.test.tsx[2m > [22mCreateTaskModal Component[2m > [22mTag Management[2m > [22mshould remove tag via X button[32m 1[2mms[22m[39m
[31m   ΓåÆ Should not already be working.[39m
[31m   ΓåÆ Should not already be working.[39m
 [31m├ù[39m src/components/CreateTaskModal.test.tsx[2m > [22mCreateTaskModal Component[2m > [22mTag Management[2m > [22mshould display all added tags[32m 1[2mms[22m[39m
[31m   ΓåÆ Should not already be working.[39m
[31m   ΓåÆ Should not already be working.[39m
 [31m├ù[39m src/components/CreateTaskModal.test.tsx[2m > [22mCreateTaskModal Component[2m > [22mRAB Item Selection[2m > [22mshould select RAB item from dropdown[32m 1[2mms[22m[39m
[31m   ΓåÆ Should not already be working.[39m
[31m   ΓåÆ Should not already be working.[39m
 [31m├ù[39m src/components/CreateTaskModal.test.tsx[2m > [22mCreateTaskModal Component[2m > [22mRAB Item Selection[2m > [22mshould clear RAB item selection[32m 1[2mms[22m[39m
[31m   ΓåÆ Should not already be working.[39m
[31m   ΓåÆ Should not already be working.[39m
 [31m├ù[39m src/components/CreateTaskModal.test.tsx[2m > [22mCreateTaskModal Component[2m > [22mForm Validation[2m > [22mshould show error when title is empty[32m 1[2mms[22m[39m
[31m   ΓåÆ Should not already be working.[39m
[31m   ΓåÆ Should not already be working.[39m
 [31m├ù[39m src/components/CreateTaskModal.test.tsx[2m > [22mCreateTaskModal Component[2m > [22mForm Validation[2m > [22mshould show error when description is empty[32m 1[2mms[22m[39m
[31m   ΓåÆ Should not already be working.[39m
[31m   ΓåÆ Should not already be working.[39m
 [31m├ù[39m src/components/CreateTaskModal.test.tsx[2m > [22mCreateTaskModal Component[2m > [22mForm Validation[2m > [22mshould clear errors when user starts typing[32m 1[2mms[22m[39m
[31m   ΓåÆ Should not already be working.[39m
[31m   ΓåÆ Should not already be working.[39m
 [31m├ù[39m src/components/CreateTaskModal.test.tsx[2m > [22mCreateTaskModal Component[2m > [22mForm Validation[2m > [22mshould validate minimum title length[32m 1[2mms[22m[39m
[31m   ΓåÆ Should not already be working.[39m
[31m   ΓåÆ Should not already be working.[39m
 [31m├ù[39m src/components/CreateTaskModal.test.tsx[2m > [22mCreateTaskModal Component[2m > [22mForm Validation[2m > [22mshould validate minimum description length[32m 1[2mms[22m[39m
[31m   ΓåÆ Should not already be working.[39m
[31m   ΓåÆ Should not already be working.[39m
 [31m├ù[39m src/components/CreateTaskModal.test.tsx[2m > [22mCreateTaskModal Component[2m > [22mForm Submission[2m > [22mshould submit form with valid data[32m 1[2mms[22m[39m
[31m   ΓåÆ Should not already be working.[39m
[31m   ΓåÆ Should not already be working.[39m
 [31m├ù[39m src/components/CreateTaskModal.test.tsx[2m > [22mCreateTaskModal Component[2m > [22mForm Submission[2m > [22mshould show success toast on successful submission[32m 1[2mms[22m[39m
[31m   ΓåÆ Should not already be working.[39m
[31m   ΓåÆ Should not already be working.[39m
 [31m├ù[39m src/components/CreateTaskModal.test.tsx[2m > [22mCreateTaskModal Component[2m > [22mForm Submission[2m > [22mshould call onTaskCreated callback[32m 1[2mms[22m[39m
[31m   ΓåÆ Should not already be working.[39m
[31m   ΓåÆ Should not already be working.[39m
 [31m├ù[39m src/components/CreateTaskModal.test.tsx[2m > [22mCreateTaskModal Component[2m > [22mForm Submission[2m > [22mshould close modal on successful submission[32m 1[2mms[22m[39m
[31m   ΓåÆ Should not already be working.[39m
[31m   ΓåÆ Should not already be working.[39m
 [31m├ù[39m src/components/CreateTaskModal.test.tsx[2m > [22mCreateTaskModal Component[2m > [22mForm Submission[2m > [22mshould show error toast on failed submission[32m 1[2mms[22m[39m
[31m   ΓåÆ Should not already be working.[39m
[31m   ΓåÆ Should not already be working.[39m
 [31m├ù[39m src/components/CreateTaskModal.test.tsx[2m > [22mCreateTaskModal Component[2m > [22mForm Submission[2m > [22mshould disable form during submission[32m 1[2mms[22m[39m
[31m   ΓåÆ Should not already be working.[39m
[31m   ΓåÆ Should not already be working.[39m
 [31m├ù[39m src/components/CreateTaskModal.test.tsx[2m > [22mCreateTaskModal Component[2m > [22mForm Submission[2m > [22mshould include tags in submission[32m 1[2mms[22m[39m
[31m   ΓåÆ Should not already be working.[39m
[31m   ΓåÆ Should not already be working.[39m
 [31m├ù[39m src/components/CreateTaskModal.test.tsx[2m > [22mCreateTaskModal Component[2m > [22mForm Submission[2m > [22mshould include RAB item in submission[32m 1[2mms[22m[39m
[31m   ΓåÆ Should not already be working.[39m
[31m   ΓåÆ Should not already be working.[39m
 [31m├ù[39m src/components/CreateTaskModal.test.tsx[2m > [22mCreateTaskModal Component[2m > [22mCancel & Reset[2m > [22mshould reset form on cancel[32m 1[2mms[22m[39m
[31m   ΓåÆ Should not already be working.[39m
[31m   ΓåÆ Should not already be working.[39m
 [31m├ù[39m src/components/CreateTaskModal.test.tsx[2m > [22mCreateTaskModal Component[2m > [22mCancel & Reset[2m > [22mshould clear all fields on cancel[32m 1[2mms[22m[39m
[31m   ΓåÆ Should not already be working.[39m
[31m   ΓåÆ Should not already be working.[39m
 [31m├ù[39m src/components/CreateTaskModal.test.tsx[2m > [22mCreateTaskModal Component[2m > [22mEdge Cases[2m > [22mshould handle missing project gracefully[32m 1[2mms[22m[39m
[31m   ΓåÆ Should not already be working.[39m
[31m   ΓåÆ Should not already be working.[39m
 [31m├ù[39m src/components/CreateTaskModal.test.tsx[2m > [22mCreateTaskModal Component[2m > [22mEdge Cases[2m > [22mshould handle missing user gracefully[32m 1[2mms[22m[39m
[31m   ΓåÆ Should not already be working.[39m
[31m   ΓåÆ Should not already be working.[39m
 [31m├ù[39m src/components/CreateTaskModal.test.tsx[2m > [22mCreateTaskModal Component[2m > [22mEdge Cases[2m > [22mshould handle project with no members[32m 1[2mms[22m[39m
[31m   ΓåÆ Should not already be working.[39m
[31m   ΓåÆ Should not already be working.[39m
 [31m├ù[39m src/components/CreateTaskModal.test.tsx[2m > [22mCreateTaskModal Component[2m > [22mEdge Cases[2m > [22mshould handle project with no RAB items[32m 1[2mms[22m[39m
[31m   ΓåÆ Should not already be working.[39m
[31m   ΓåÆ Should not already be working.[39m
 [31m├ù[39m src/components/CreateTaskModal.test.tsx[2m > [22mCreateTaskModal Component[2m > [22mEdge Cases[2m > [22mshould trim whitespace from inputs[32m 1[2mms[22m[39m
[31m   ΓåÆ Should not already be working.[39m
[31m   ΓåÆ Should not already be working.[39m
 [31m├ù[39m src/components/CreateTaskModal.test.tsx[2m > [22mCreateTaskModal Component[2m > [22mAccessibility[2m > [22mshould have accessible form labels[32m 1[2mms[22m[39m
[31m   ΓåÆ Should not already be working.[39m
[31m   ΓåÆ Should not already be working.[39m
 [31m├ù[39m src/components/CreateTaskModal.test.tsx[2m > [22mCreateTaskModal Component[2m > [22mAccessibility[2m > [22mshould have proper form structure[32m 1[2mms[22m[39m
[31m   ΓåÆ Should not already be working.[39m
[31m   ΓåÆ Should not already be working.[39m
 [31m├ù[39m src/components/CreateTaskModal.test.tsx[2m > [22mCreateTaskModal Component[2m > [22mAccessibility[2m > [22mshould display validation errors with proper attributes[32m 1[2mms[22m[39m
[31m   ΓåÆ Should not already be working.[39m
[31m   ΓåÆ Should not already be working.[39m
 [32mΓ£ô[39m src/schemas/authSchemas.test.ts[2m > [22mauthSchemas[2m > [22mloginSchema[2m > [22mshould validate correct login data[32m 3[2mms[22m[39m
 [32mΓ£ô[39m src/schemas/authSchemas.test.ts[2m > [22mauthSchemas[2m > [22mloginSchema[2m > [22mshould reject invalid email format[32m 2[2mms[22m[39m
 [32mΓ£ô[39m src/schemas/authSchemas.test.ts[2m > [22mauthSchemas[2m > [22mloginSchema[2m > [22mshould reject empty password[32m 0[2mms[22m[39m
 [32mΓ£ô[39m src/schemas/authSchemas.test.ts[2m > [22mauthSchemas[2m > [22mloginSchema[2m > [22mshould reject email with leading/trailing whitespace[32m 0[2mms[22m[39m
 [32mΓ£ô[39m src/schemas/authSchemas.test.ts[2m > [22mauthSchemas[2m > [22mloginSchema[2m > [22mshould set default rememberMe to false[32m 0[2mms[22m[39m
 [32mΓ£ô[39m src/schemas/authSchemas.test.ts[2m > [22mauthSchemas[2m > [22mregistrationSchema[2m > [22mshould validate correct registration data[32m 1[2mms[22m[39m
 [32mΓ£ô[39m src/schemas/authSchemas.test.ts[2m > [22mauthSchemas[2m > [22mregistrationSchema[2m > [22mshould reject password shorter than 12 characters[32m 0[2mms[22m[39m
 [32mΓ£ô[39m src/schemas/authSchemas.test.ts[2m > [22mauthSchemas[2m > [22mregistrationSchema[2m > [22mshould reject password without uppercase letter[32m 0[2mms[22m[39m
 [32mΓ£ô[39m src/schemas/authSchemas.test.ts[2m > [22mauthSchemas[2m > [22mregistrationSchema[2m > [22mshould reject password without number[32m 0[2mms[22m[39m
 [32mΓ£ô[39m src/schemas/authSchemas.test.ts[2m > [22mauthSchemas[2m > [22mregistrationSchema[2m > [22mshould reject password without special character[32m 0[2mms[22m[39m
 [32mΓ£ô[39m src/schemas/authSchemas.test.ts[2m > [22mauthSchemas[2m > [22mregistrationSchema[2m > [22mshould reject mismatched passwords[32m 0[2mms[22m[39m
 [32mΓ£ô[39m src/schemas/authSchemas.test.ts[2m > [22mauthSchemas[2m > [22mregistrationSchema[2m > [22mshould reject if terms not agreed[32m 0[2mms[22m[39m
 [32mΓ£ô[39m src/schemas/authSchemas.test.ts[2m > [22mauthSchemas[2m > [22mregistrationSchema[2m > [22mshould reject name shorter than 2 characters[32m 0[2mms[22m[39m
 [32mΓ£ô[39m src/schemas/authSchemas.test.ts[2m > [22mauthSchemas[2m > [22mregistrationSchema[2m > [22mshould trim whitespace from name[32m 0[2mms[22m[39m
 [32mΓ£ô[39m src/schemas/authSchemas.test.ts[2m > [22mauthSchemas[2m > [22mpasswordResetRequestSchema[2m > [22mshould validate correct email[32m 0[2mms[22m[39m
 [32mΓ£ô[39m src/schemas/authSchemas.test.ts[2m > [22mauthSchemas[2m > [22mpasswordResetRequestSchema[2m > [22mshould reject invalid email[32m 0[2mms[22m[39m
 [32mΓ£ô[39m src/schemas/authSchemas.test.ts[2m > [22mauthSchemas[2m > [22mpasswordResetRequestSchema[2m > [22mshould reject empty email[32m 0[2mms[22m[39m
 [32mΓ£ô[39m src/schemas/authSchemas.test.ts[2m > [22mauthSchemas[2m > [22mpasswordResetRequestSchema[2m > [22mshould reject email with leading/trailing whitespace[32m 0[2mms[22m[39m
 [32mΓ£ô[39m src/schemas/authSchemas.test.ts[2m > [22mauthSchemas[2m > [22mEdge Cases[2m > [22mshould reject extremely long email[32m 0[2mms[22m[39m
 [32mΓ£ô[39m src/schemas/authSchemas.test.ts[2m > [22mauthSchemas[2m > [22mEdge Cases[2m > [22mshould reject extremely long password[32m 0[2mms[22m[39m
 [32mΓ£ô[39m src/schemas/authSchemas.test.ts[2m > [22mauthSchemas[2m > [22mEdge Cases[2m > [22mshould handle ascii characters in name[32m 0[2mms[22m[39m
 [32mΓ£ô[39m src/components/Modal.test.tsx[2m > [22mModal Component[2m > [22mRendering[2m > [22mshould render modal when isOpen is true[32m 26[2mms[22m[39m
 [32mΓ£ô[39m src/components/Modal.test.tsx[2m > [22mModal Component[2m > [22mRendering[2m > [22mshould not render modal when isOpen is false[32m 2[2mms[22m[39m
 [32mΓ£ô[39m src/components/Modal.test.tsx[2m > [22mModal Component[2m > [22mRendering[2m > [22mshould render close button[32m 10[2mms[22m[39m
 [32mΓ£ô[39m src/components/Modal.test.tsx[2m > [22mModal Component[2m > [22mRendering[2m > [22mshould render title correctly[32m 2[2mms[22m[39m
 [32mΓ£ô[39m src/components/Modal.test.tsx[2m > [22mModal Component[2m > [22mRendering[2m > [22mshould render children content[32m 2[2mms[22m[39m
 [32mΓ£ô[39m src/components/Modal.test.tsx[2m > [22mModal Component[2m > [22mRendering[2m > [22mshould render backdrop element[32m 3[2mms[22m[39m
 [32mΓ£ô[39m src/components/Modal.test.tsx[2m > [22mModal Component[2m > [22mRendering[2m > [22mshould render animated indicator dot[32m 3[2mms[22m[39m
 [32mΓ£ô[39m src/components/Modal.test.tsx[2m > [22mModal Component[2m > [22mSize Variants[2m > [22mshould apply medium size class by default[32m 2[2mms[22m[39m
 [32mΓ£ô[39m src/components/Modal.test.tsx[2m > [22mModal Component[2m > [22mSize Variants[2m > [22mshould apply small size class when size is sm[32m 2[2mms[22m[39m
 [32mΓ£ô[39m src/components/Modal.test.tsx[2m > [22mModal Component[2m > [22mSize Variants[2m > [22mshould apply large size class when size is lg[32m 2[2mms[22m[39m
 [32mΓ£ô[39m src/components/Modal.test.tsx[2m > [22mModal Component[2m > [22mSize Variants[2m > [22mshould apply extra large size class when size is xl[32m 3[2mms[22m[39m
 [32mΓ£ô[39m src/components/Modal.test.tsx[2m > [22mModal Component[2m > [22mSize Variants[2m > [22mshould apply full size class when size is full[32m 2[2mms[22m[39m
 [32mΓ£ô[39m src/components/ProgressRing.test.tsx[2m > [22mProgressRing Component[2m > [22mRendering[2m > [22mshould render progress ring[32m 21[2mms[22m[39m
 [32mΓ£ô[39m src/components/ProgressRing.test.tsx[2m > [22mProgressRing Component[2m > [22mRendering[2m > [22mshould render with percentage text by default[32m 5[2mms[22m[39m
 [32mΓ£ô[39m src/components/ProgressRing.test.tsx[2m > [22mProgressRing Component[2m > [22mRendering[2m > [22mshould render two circles (background and progress)[32m 3[2mms[22m[39m
 [32mΓ£ô[39m src/components/ProgressRing.test.tsx[2m > [22mProgressRing Component[2m > [22mRendering[2m > [22mshould render with gradient definition[32m 2[2mms[22m[39m
 [32mΓ£ô[39m src/components/ProgressRing.test.tsx[2m > [22mProgressRing Component[2m > [22mRendering[2m > [22mshould have correct structure[32m 3[2mms[22m[39m
 [32mΓ£ô[39m src/components/ProgressRing.test.tsx[2m > [22mProgressRing Component[2m > [22mSize Variants[2m > [22mshould render small size[32m 2[2mms[22m[39m
 [32mΓ£ô[39m src/components/ProgressRing.test.tsx[2m > [22mProgressRing Component[2m > [22mSize Variants[2m > [22mshould render medium size by default[32m 2[2mms[22m[39m
 [32mΓ£ô[39m src/components/ProgressRing.test.tsx[2m > [22mProgressRing Component[2m > [22mSize Variants[2m > [22mshould render medium size explicitly[32m 2[2mms[22m[39m
 [32mΓ£ô[39m src/components/ProgressRing.test.tsx[2m > [22mProgressRing Component[2m > [22mSize Variants[2m > [22mshould render large size[32m 2[2mms[22m[39m
 [32mΓ£ô[39m src/components/ProgressRing.test.tsx[2m > [22mProgressRing Component[2m > [22mSize Variants[2m > [22mshould apply text-lg for small size[32m 2[2mms[22m[39m
 [32mΓ£ô[39m src/components/ProgressRing.test.tsx[2m > [22mProgressRing Component[2m > [22mSize Variants[2m > [22mshould apply text-2xl for medium size[32m 2[2mms[22m[39m
 [32mΓ£ô[39m src/components/ProgressRing.test.tsx[2m > [22mProgressRing Component[2m > [22mSize Variants[2m > [22mshould apply text-3xl for large size[32m 2[2mms[22m[39m
 [32mΓ£ô[39m src/components/ProgressRing.test.tsx[2m > [22mProgressRing Component[2m > [22mColor Variants[2m > [22mshould use primary gradient by default[32m 1[2mms[22m[39m
 [32mΓ£ô[39m src/components/ProgressRing.test.tsx[2m > [22mProgressRing Component[2m > [22mColor Variants[2m > [22mshould use success color[32m 1[2mms[22m[39m
 [32mΓ£ô[39m src/components/ProgressRing.test.tsx[2m > [22mProgressRing Component[2m > [22mColor Variants[2m > [22mshould use warning color[32m 1[2mms[22m[39m
 [32mΓ£ô[39m src/components/ProgressRing.test.tsx[2m > [22mProgressRing Component[2m > [22mColor Variants[2m > [22mshould use error color[32m 1[2mms[22m[39m
 [32mΓ£ô[39m src/components/ProgressRing.test.tsx[2m > [22mProgressRing Component[2m > [22mColor Variants[2m > [22mshould have background circle with same color for all variants[32m 1[2mms[22m[39m
 [32mΓ£ô[39m src/components/ProgressRing.test.tsx[2m > [22mProgressRing Component[2m > [22mProgress Values[2m > [22mshould display 0% progress[32m 2[2mms[22m[39m
 [32mΓ£ô[39m src/components/ProgressRing.test.tsx[2m > [22mProgressRing Component[2m > [22mProgress Values[2m > [22mshould display 50% progress[32m 2[2mms[22m[39m
 [32mΓ£ô[39m src/components/ProgressRing.test.tsx[2m > [22mProgressRing Component[2m > [22mProgress Values[2m > [22mshould display 100% progress[32m 2[2mms[22m[39m
 [32mΓ£ô[39m src/components/ProgressRing.test.tsx[2m > [22mProgressRing Component[2m > [22mProgress Values[2m > [22mshould round decimal progress values[32m 2[2mms[22m[39m
 [32mΓ£ô[39m src/components/ProgressRing.test.tsx[2m > [22mProgressRing Component[2m > [22mProgress Values[2m > [22mshould handle small decimal values[32m 1[2mms[22m[39m
 [32mΓ£ô[39m src/components/ProgressRing.test.tsx[2m > [22mProgressRing Component[2m > [22mProgress Values[2m > [22mshould handle large decimal values[32m 1[2mms[22m[39m
 [32mΓ£ô[39m src/components/ProgressRing.test.tsx[2m > [22mProgressRing Component[2m > [22mShow Percentage[2m > [22mshould show percentage by default[32m 1[2mms[22m[39m
 [32mΓ£ô[39m src/components/ProgressRing.test.tsx[2m > [22mProgressRing Component[2m > [22mShow Percentage[2m > [22mshould hide percentage when showPercentage is false[32m 1[2mms[22m[39m
 [32mΓ£ô[39m src/components/ProgressRing.test.tsx[2m > [22mProgressRing Component[2m > [22mShow Percentage[2m > [22mshould show children when showPercentage is true[32m 2[2mms[22m[39m
 [32mΓ£ô[39m src/components/ProgressRing.test.tsx[2m > [22mProgressRing Component[2m > [22mShow Percentage[2m > [22mshould show only children when showPercentage is false[32m 1[2mms[22m[39m
 [32mΓ£ô[39m src/components/ProgressRing.test.tsx[2m > [22mProgressRing Component[2m > [22mChildren Content[2m > [22mshould render children below percentage[32m 2[2mms[22m[39m
 [32mΓ£ô[39m src/components/ProgressRing.test.tsx[2m > [22mProgressRing Component[2m > [22mChildren Content[2m > [22mshould render without children[32m 1[2mms[22m[39m
 [32mΓ£ô[39m src/components/ProgressRing.test.tsx[2m > [22mProgressRing Component[2m > [22mChildren Content[2m > [22mshould render complex children[32m 2[2mms[22m[39m
 [32mΓ£ô[39m src/components/ProgressRing.test.tsx[2m > [22mProgressRing Component[2m > [22mChildren Content[2m > [22mshould apply proper styling to children when shown with percentage[32m 1[2mms[22m[39m
 [32mΓ£ô[39m src/components/ProgressRing.test.tsx[2m > [22mProgressRing Component[2m > [22mCustom ClassName[2m > [22mshould accept custom className[32m 1[2mms[22m[39m
 [32mΓ£ô[39m src/components/ProgressRing.test.tsx[2m > [22mProgressRing Component[2m > [22mCustom ClassName[2m > [22mshould merge custom className with default classes[32m 1[2mms[22m[39m
 [32mΓ£ô[39m src/components/ProgressRing.test.tsx[2m > [22mProgressRing Component[2m > [22mCustom ClassName[2m > [22mshould work without custom className[32m 1[2mms[22m[39m
 [32mΓ£ô[39m src/components/ProgressRing.test.tsx[2m > [22mProgressRing Component[2m > [22mStroke Width[2m > [22mshould use default stroke width[32m 1[2mms[22m[39m
 [32mΓ£ô[39m src/components/ProgressRing.test.tsx[2m > [22mProgressRing Component[2m > [22mStroke Width[2m > [22mshould accept custom stroke width[32m 2[2mms[22m[39m
 [32mΓ£ô[39m src/components/ProgressRing.test.tsx[2m > [22mProgressRing Component[2m > [22mStroke Width[2m > [22mshould accept thin stroke width[32m 2[2mms[22m[39m
 [32mΓ£ô[39m src/components/ProgressRing.test.tsx[2m > [22mProgressRing Component[2m > [22mSVG Structure[2m > [22mshould have rotated SVG[32m 1[2mms[22m[39m
 [32mΓ£ô[39m src/components/ProgressRing.test.tsx[2m > [22mProgressRing Component[2m > [22mSVG Structure[2m > [22mshould have correct viewBox[32m 1[2mms[22m[39m
 [32mΓ£ô[39m src/components/ProgressRing.test.tsx[2m > [22mProgressRing Component[2m > [22mSVG Structure[2m > [22mshould have transparent fill on circles[32m 2[2mms[22m[39m
 [32mΓ£ô[39m src/components/ProgressRing.test.tsx[2m > [22mProgressRing Component[2m > [22mSVG Structure[2m > [22mshould have rounded line caps on progress circle[32m 1[2mms[22m[39m
 [32mΓ£ô[39m src/components/ProgressRing.test.tsx[2m > [22mProgressRing Component[2m > [22mSVG Structure[2m > [22mshould have opacity on background circle[32m 2[2mms[22m[39m
 [32mΓ£ô[39m src/components/ProgressRing.test.tsx[2m > [22mProgressRing Component[2m > [22mSVG Structure[2m > [22mshould have transition on progress circle[32m 2[2mms[22m[39m
 [32mΓ£ô[39m src/components/ProgressRing.test.tsx[2m > [22mProgressRing Component[2m > [22mGradient Definition[2m > [22mshould have linear gradient defined[32m 1[2mms[22m[39m
 [32mΓ£ô[39m src/components/ProgressRing.test.tsx[2m > [22mProgressRing Component[2m > [22mGradient Definition[2m > [22mshould have gradient stops[32m 1[2mms[22m[39m
 [32mΓ£ô[39m src/components/ProgressRing.test.tsx[2m > [22mProgressRing Component[2m > [22mGradient Definition[2m > [22mshould have correct gradient colors[32m 2[2mms[22m[39m
 [32mΓ£ô[39m src/components/ProgressRing.test.tsx[2m > [22mProgressRing Component[2m > [22mCenter Content Positioning[2m > [22mshould have absolute positioned center content[32m 2[2mms[22m[39m
 [32mΓ£ô[39m src/components/ProgressRing.test.tsx[2m > [22mProgressRing Component[2m > [22mCenter Content Positioning[2m > [22mshould have gradient text on percentage[32m 2[2mms[22m[39m
 [32mΓ£ô[39m src/components/ProgressRing.test.tsx[2m > [22mProgressRing Component[2m > [22mCenter Content Positioning[2m > [22mshould have text-center class on percentage container[32m 1[2mms[22m[39m
 [32mΓ£ô[39m src/components/ProgressRing.test.tsx[2m > [22mProgressRing Component[2m > [22mDynamic Updates[2m > [22mshould update percentage when progress changes[32m 4[2mms[22m[39m
 [32mΓ£ô[39m src/components/ProgressRing.test.tsx[2m > [22mProgressRing Component[2m > [22mDynamic Updates[2m > [22mshould update circle stroke dash offset when progress changes[32m 2[2mms[22m[39m
 [32mΓ£ô[39m src/components/ProgressRing.test.tsx[2m > [22mProgressRing Component[2m > [22mEdge Cases[2m > [22mshould handle negative progress values[32m 1[2mms[22m[39m
 [32mΓ£ô[39m src/components/ProgressRing.test.tsx[2m > [22mProgressRing Component[2m > [22mEdge Cases[2m > [22mshould handle progress values over 100[32m 1[2mms[22m[39m
 [32mΓ£ô[39m src/components/ProgressRing.test.tsx[2m > [22mProgressRing Component[2m > [22mEdge Cases[2m > [22mshould handle progress value of 0[32m 1[2mms[22m[39m
 [32mΓ£ô[39m src/components/ProgressRing.test.tsx[2m > [22mProgressRing Component[2m > [22mEdge Cases[2m > [22mshould handle empty children[32m 2[2mms[22m[39m
 [32mΓ£ô[39m src/components/ProgressRing.test.tsx[2m > [22mProgressRing Component[2m > [22mIntegration[2m > [22mshould work with multiple progress rings[32m 4[2mms[22m[39m
 [32mΓ£ô[39m src/components/ProgressRing.test.tsx[2m > [22mProgressRing Component[2m > [22mIntegration[2m > [22mshould work with different colors[32m 4[2mms[22m[39m
 [32mΓ£ô[39m src/components/ProgressRing.test.tsx[2m > [22mProgressRing Component[2m > [22mIntegration[2m > [22mshould work within a card layout[32m 3[2mms[22m[39m
 [32mΓ£ô[39m src/components/GPSCapture.test.tsx[2m > [22mGPSCapture[2m > [22mBasic Rendering[2m > [22mshould render capture button[32m 31[2mms[22m[39m
 [32mΓ£ô[39m src/components/GPSCapture.test.tsx[2m > [22mGPSCapture[2m > [22mBasic Rendering[2m > [22mshould render with MapPin icon initially[32m 4[2mms[22m[39m
 [32mΓ£ô[39m src/components/GPSCapture.test.tsx[2m > [22mGPSCapture[2m > [22mBasic Rendering[2m > [22mshould not show error or location initially[32m 3[2mms[22m[39m
 [32mΓ£ô[39m src/components/GPSCapture.test.tsx[2m > [22mGPSCapture[2m > [22mBasic Rendering[2m > [22mshould render with full width button[32m 3[2mms[22m[39m
 [32mΓ£ô[39m src/components/GPSCapture.test.tsx[2m > [22mGPSCapture[2m > [22mGPS Capture - Success[2m > [22mshould capture location successfully[32m 31[2mms[22m[39m
 [32mΓ£ô[39m src/components/GPSCapture.test.tsx[2m > [22mGPSCapture[2m > [22mGPS Capture - Success[2m > [22mshould show loading state while capturing[32m 11[2mms[22m[39m
 [32mΓ£ô[39m src/components/GPSCapture.test.tsx[2m > [22mGPSCapture[2m > [22mGPS Capture - Success[2m > [22mshould display captured location coordinates[32m 10[2mms[22m[39m
 [32mΓ£ô[39m src/components/HamburgerButton.test.tsx[2m > [22mHamburgerButton Component[2m > [22mUser Interactions[2m > [22mshould call onClick when clicked[32m 59[2mms[22m[39m
 [32mΓ£ô[39m src/components/HamburgerButton.test.tsx[2m > [22mHamburgerButton Component[2m > [22mUser Interactions[2m > [22mshould not call onClick on initial render[32m 1[2mms[22m[39m
 [32mΓ£ô[39m src/components/Modal.test.tsx[2m > [22mModal Component[2m > [22mUser Interactions[2m > [22mshould call onClose when close button is clicked[32m 47[2mms[22m[39m
 [32mΓ£ô[39m src/components/Modal.test.tsx[2m > [22mModal Component[2m > [22mUser Interactions[2m > [22mshould call onClose when backdrop is clicked[32m 60[2mms[22m[39m
 [32mΓ£ô[39m src/components/Spinner.test.tsx[2m > [22mSpinner Component[2m > [22mRendering[2m > [22mshould render spinner element[32m 37[2mms[22m[39m
 [32mΓ£ô[39m src/components/Spinner.test.tsx[2m > [22mSpinner Component[2m > [22mRendering[2m > [22mshould have loading text for screen readers[32m 3[2mms[22m[39m
 [32mΓ£ô[39m src/components/Spinner.test.tsx[2m > [22mSpinner Component[2m > [22mRendering[2m > [22mshould have sr-only class on loading text[32m 2[2mms[22m[39m
 [32mΓ£ô[39m src/components/Spinner.test.tsx[2m > [22mSpinner Component[2m > [22mRendering[2m > [22mshould apply animate-spin class[32m 2[2mms[22m[39m
 [32mΓ£ô[39m src/components/Spinner.test.tsx[2m > [22mSpinner Component[2m > [22mRendering[2m > [22mshould apply rounded-full class for circular shape[32m 2[2mms[22m[39m
 [32mΓ£ô[39m src/components/Spinner.test.tsx[2m > [22mSpinner Component[2m > [22mRendering[2m > [22mshould apply border styles[32m 1[2mms[22m[39m
 [32mΓ£ô[39m src/components/Spinner.test.tsx[2m > [22mSpinner Component[2m > [22mRendering[2m > [22mshould apply persimmon border color[32m 1[2mms[22m[39m
 [32mΓ£ô[39m src/components/Spinner.test.tsx[2m > [22mSpinner Component[2m > [22mRendering[2m > [22mshould apply transparent top border[32m 2[2mms[22m[39m
 [32mΓ£ô[39m src/components/Spinner.test.tsx[2m > [22mSpinner Component[2m > [22mSize Variants[2m > [22mshould apply medium size by default[32m 1[2mms[22m[39m
 [32mΓ£ô[39m src/components/Spinner.test.tsx[2m > [22mSpinner Component[2m > [22mSize Variants[2m > [22mshould apply small size when size is sm[32m 2[2mms[22m[39m
 [32mΓ£ô[39m src/components/Spinner.test.tsx[2m > [22mSpinner Component[2m > [22mSize Variants[2m > [22mshould apply medium size when size is md[32m 1[2mms[22m[39m
 [32mΓ£ô[39m src/components/Spinner.test.tsx[2m > [22mSpinner Component[2m > [22mSize Variants[2m > [22mshould apply large size when size is lg[32m 3[2mms[22m[39m
 [32mΓ£ô[39m src/components/Spinner.test.tsx[2m > [22mSpinner Component[2m > [22mSize Variants[2m > [22mshould not have small size classes when md is used[32m 1[2mms[22m[39m
 [32mΓ£ô[39m src/components/Spinner.test.tsx[2m > [22mSpinner Component[2m > [22mSize Variants[2m > [22mshould not have large size classes when sm is used[32m 1[2mms[22m[39m
 [32mΓ£ô[39m src/components/Spinner.test.tsx[2m > [22mSpinner Component[2m > [22mAccessibility[2m > [22mshould have role="status" for ARIA[32m 2[2mms[22m[39m
 [32mΓ£ô[39m src/components/Spinner.test.tsx[2m > [22mSpinner Component[2m > [22mAccessibility[2m > [22mshould have screen reader only text[32m 1[2mms[22m[39m
 [32mΓ£ô[39m src/components/Spinner.test.tsx[2m > [22mSpinner Component[2m > [22mAccessibility[2m > [22mshould hide loading text visually but keep for screen readers[32m 1[2mms[22m[39m
 [32mΓ£ô[39m src/components/Spinner.test.tsx[2m > [22mSpinner Component[2m > [22mVisual Styling[2m > [22mshould have all required classes for spinning animation[32m 2[2mms[22m[39m
 [32mΓ£ô[39m src/components/Spinner.test.tsx[2m > [22mSpinner Component[2m > [22mVisual Styling[2m > [22mshould combine size classes with other styling classes[32m 1[2mms[22m[39m
 [32mΓ£ô[39m src/components/Spinner.test.tsx[2m > [22mSpinner Component[2m > [22mMultiple Instances[2m > [22mshould render multiple spinners with different sizes[32m 3[2mms[22m[39m
 [32mΓ£ô[39m src/components/Spinner.test.tsx[2m > [22mSpinner Component[2m > [22mMultiple Instances[2m > [22mshould render multiple spinners independently[32m 2[2mms[22m[39m
 [32mΓ£ô[39m src/components/Spinner.test.tsx[2m > [22mSpinner Component[2m > [22mEdge Cases[2m > [22mshould handle undefined size prop gracefully[32m 1[2mms[22m[39m
 [32mΓ£ô[39m src/components/Spinner.test.tsx[2m > [22mSpinner Component[2m > [22mEdge Cases[2m > [22mshould render consistently across re-renders[32m 2[2mms[22m[39m
 [32mΓ£ô[39m src/components/Spinner.test.tsx[2m > [22mSpinner Component[2m > [22mIntegration[2m > [22mshould work within a parent container[32m 1[2mms[22m[39m
 [32mΓ£ô[39m src/components/Spinner.test.tsx[2m > [22mSpinner Component[2m > [22mIntegration[2m > [22mshould work with custom wrapper classes[32m 1[2mms[22m[39m
 [32mΓ£ô[39m src/components/Spinner.test.tsx[2m > [22mSpinner Component[2m > [22mIntegration[2m > [22mshould maintain structure with siblings[32m 2[2mms[22m[39m
 [32mΓ£ô[39m src/components/Modal.test.tsx[2m > [22mModal Component[2m > [22mUser Interactions[2m > [22mshould not call onClose when modal content is clicked[32m 50[2mms[22m[39m
 [32mΓ£ô[39m src/components/Modal.test.tsx[2m > [22mModal Component[2m > [22mAnimations and Styling[2m > [22mshould apply fadeIn animation class to backdrop container[32m 3[2mms[22m[39m
 [32mΓ£ô[39m src/components/Modal.test.tsx[2m > [22mModal Component[2m > [22mAnimations and Styling[2m > [22mshould apply slideUp animation class to modal[32m 2[2mms[22m[39m
 [32mΓ£ô[39m src/components/Modal.test.tsx[2m > [22mModal Component[2m > [22mAnimations and Styling[2m > [22mshould apply glass effect classes[32m 3[2mms[22m[39m
 [32mΓ£ô[39m src/components/Modal.test.tsx[2m > [22mModal Component[2m > [22mAnimations and Styling[2m > [22mshould apply fixed positioning and z-index[32m 1[2mms[22m[39m
 [32mΓ£ô[39m src/components/Modal.test.tsx[2m > [22mModal Component[2m > [22mAnimations and Styling[2m > [22mshould apply gradient text to title[32m 1[2mms[22m[39m
 [32mΓ£ô[39m src/components/Modal.test.tsx[2m > [22mModal Component[2m > [22mAnimations and Styling[2m > [22mshould have custom scrollbar class on content[32m 1[2mms[22m[39m
 [32mΓ£ô[39m src/components/Modal.test.tsx[2m > [22mModal Component[2m > [22mAnimations and Styling[2m > [22mshould render inline style tag for animations[32m 1[2mms[22m[39m
 [32mΓ£ô[39m src/components/Modal.test.tsx[2m > [22mModal Component[2m > [22mAccessibility[2m > [22mshould have close button accessible by role[32m 2[2mms[22m[39m
 [32mΓ£ô[39m src/components/Modal.test.tsx[2m > [22mModal Component[2m > [22mAccessibility[2m > [22mshould render title as heading[32m 1[2mms[22m[39m
 [32mΓ£ô[39m src/components/Modal.test.tsx[2m > [22mModal Component[2m > [22mAccessibility[2m > [22mshould have backdrop with backdrop-blur for accessibility[32m 3[2mms[22m[39m
 [32mΓ£ô[39m src/components/Modal.test.tsx[2m > [22mModal Component[2m > [22mEdge Cases[2m > [22mshould handle empty children[32m 2[2mms[22m[39m
 [32mΓ£ô[39m src/components/Modal.test.tsx[2m > [22mModal Component[2m > [22mEdge Cases[2m > [22mshould handle multiple modals being rendered[32m 5[2mms[22m[39m
 [32mΓ£ô[39m src/components/Modal.test.tsx[2m > [22mModal Component[2m > [22mEdge Cases[2m > [22mshould handle rapid open/close toggles[32m 6[2mms[22m[39m
 [32mΓ£ô[39m src/components/Modal.test.tsx[2m > [22mModal Component[2m > [22mEdge Cases[2m > [22mshould handle long titles without breaking layout[32m 2[2mms[22m[39m
 [32mΓ£ô[39m src/components/Modal.test.tsx[2m > [22mModal Component[2m > [22mEdge Cases[2m > [22mshould handle complex children with nested elements[32m 2[2mms[22m[39m
 [32mΓ£ô[39m src/components/Modal.test.tsx[2m > [22mModal Component[2m > [22mIntegration with Card Components[2m > [22mshould render Card component wrapper[32m 1[2mms[22m[39m
 [32mΓ£ô[39m src/components/Modal.test.tsx[2m > [22mModal Component[2m > [22mIntegration with Card Components[2m > [22mshould render CardHeader component[32m 1[2mms[22m[39m
 [32mΓ£ô[39m src/components/Modal.test.tsx[2m > [22mModal Component[2m > [22mIntegration with Card Components[2m > [22mshould render CardContent component with overflow[32m 1[2mms[22m[39m
 [32mΓ£ô[39m src/components/GPSCapture.test.tsx[2m > [22mGPSCapture[2m > [22mGPS Capture - Success[2m > [22mshould display accuracy in meters[32m 10[2mms[22m[39m
 [32mΓ£ô[39m src/components/GPSCapture.test.tsx[2m > [22mGPSCapture[2m > [22mGPS Capture - Success[2m > [22mshould show success indicator with checkmark[32m 10[2mms[22m[39m
 [32mΓ£ô[39m src/components/GPSCapture.test.tsx[2m > [22mGPSCapture[2m > [22mGeofencing[2m > [22mshould mark location as within geofence when inside radius[32m 14[2mms[22m[39m
 [32mΓ£ô[39m src/components/GPSCapture.test.tsx[2m > [22mGPSCapture[2m > [22mGeofencing[2m > [22mshould mark location as outside geofence when beyond radius[32m 10[2mms[22m[39m
 [32mΓ£ô[39m src/components/GPSCapture.test.tsx[2m > [22mGPSCapture[2m > [22mGeofencing[2m > [22mshould display distance from site[32m 10[2mms[22m[39m
 [32mΓ£ô[39m src/components/GPSCapture.test.tsx[2m > [22mGPSCapture[2m > [22mGeofencing[2m > [22mshould show green text for within geofence[32m 9[2mms[22m[39m
 [32mΓ£ô[39m src/components/GPSCapture.test.tsx[2m > [22mGPSCapture[2m > [22mGeofencing[2m > [22mshould show red text for outside geofence[32m 10[2mms[22m[39m
 [32mΓ£ô[39m src/components/GPSCapture.test.tsx[2m > [22mGPSCapture[2m > [22mGeofencing[2m > [22mshould not show geofence info without workSiteLocation[32m 9[2mms[22m[39m
 [32mΓ£ô[39m src/components/GPSCapture.test.tsx[2m > [22mGPSCapture[2m > [22mError Handling[2m > [22mshould show error when geolocation is not supported[32m 8[2mms[22m[39m
 [32mΓ£ô[39m src/components/GPSCapture.test.tsx[2m > [22mGPSCapture[2m > [22mError Handling[2m > [22mshould show error when permission is denied[32m 8[2mms[22m[39m
 [32mΓ£ô[39m src/components/FormControls.test.tsx[2m > [22mInput[2m > [22mInteractions[2m > [22mshould update value when typing[32m 214[2mms[22m[39m
 [32mΓ£ô[39m src/components/FormControls.test.tsx[2m > [22mInput[2m > [22mInteractions[2m > [22mshould not change value when disabled[32m 32[2mms[22m[39m
 [32mΓ£ô[39m src/components/FormControls.test.tsx[2m > [22mInput[2m > [22mAccessibility[2m > [22mshould support aria-label[32m 1[2mms[22m[39m
 [32mΓ£ô[39m src/components/FormControls.test.tsx[2m > [22mInput[2m > [22mAccessibility[2m > [22mshould support aria-describedby[32m 4[2mms[22m[39m
 [32mΓ£ô[39m src/components/FormControls.test.tsx[2m > [22mInput[2m > [22mAccessibility[2m > [22mshould be focusable[32m 2[2mms[22m[39m
 [32mΓ£ô[39m src/components/FormControls.test.tsx[2m > [22mSelect[2m > [22mRendering[2m > [22mshould render select element with options[32m 5[2mms[22m[39m
 [32mΓ£ô[39m src/components/FormControls.test.tsx[2m > [22mSelect[2m > [22mRendering[2m > [22mshould accept and render default value[32m 2[2mms[22m[39m
 [32mΓ£ô[39m src/components/FormControls.test.tsx[2m > [22mSelect[2m > [22mRendering[2m > [22mshould apply custom className[32m 1[2mms[22m[39m
 [32mΓ£ô[39m src/components/FormControls.test.tsx[2m > [22mSelect[2m > [22mRendering[2m > [22mshould have default styling classes[32m 1[2mms[22m[39m
 [32mΓ£ô[39m src/components/FormControls.test.tsx[2m > [22mSelect[2m > [22mStates[2m > [22mshould be disabled when disabled prop is true[32m 2[2mms[22m[39m
 [32mΓ£ô[39m src/components/FormControls.test.tsx[2m > [22mSelect[2m > [22mStates[2m > [22mshould support multiple selection[32m 2[2mms[22m[39m
[90mstderr[2m | src/api/__tests__/rabAhspService.test.ts[2m > [22m[2mRabAhspService[2m > 
[22m[2mEdge Cases[2m > [22m[2mshould handle Firestore connection errors gracefully
[22m[39mΓÜá∩╕Å Operation failed (attempt 2/3), retrying in 2433.624291931311ms: Network error
Error logging performance metric: Error: [vitest] No "serverTimestamp" export is defined on the 
"firebase/firestore" mock. Did you forget to return it from "vi.mock"?
If you need to partially mock a module, you can use "importOriginal" helper inside:

    at VitestMocker.createError [90m(file:///C:/Users/latie/Documents/GitHub/NataCarePM/[39mno
de_modules/[4mvitest[24m/dist/chunks/execute.B7h3T_Hc.js:284:17[90m)[39m
    at Object.get [90m(file:///C:/Users/latie/Documents/GitHub/NataCarePM/[39mnode_modules/[4
mvitest[24m/dist/chunks/execute.B7h3T_Hc.js:330:16[90m)[39m
    at MonitoringService.logPerformanceMetric [90m(C:\Users\latie\Documents\GitHub\NataCarePM\
[39msrc\api\monitoringService.ts:883:20[90m)[39m
    at withRetry [90m(C:\Users\latie\Documents\GitHub\NataCarePM\[39msrc\utils\retryWrapper.ts
:194:25[90m)[39m
    at [90mC:\Users\latie\Documents\GitHub\NataCarePM\[39msrc\api\rabAhspService.ts:181:24
    at safeAsync [90m(C:\Users\latie\Documents\GitHub\NataCarePM\[39msrc\utils\responseWrapper
.ts:201:18[90m)[39m
    at RabAhspService.getRabItemsByProject [90m(C:\Users\latie\Documents\GitHub\NataCarePM\[39
msrc\api\rabAhspService.ts:168:12[90m)[39m
    at [90mC:\Users\latie\Documents\GitHub\NataCarePM\[39msrc\api\__tests__\rabAhspService.tes
t.ts:413:22
    at [90mfile:///C:/Users/latie/Documents/GitHub/NataCarePM/[39mnode_modules/[4m@vitest/run
ner[24m/dist/chunk-hooks.js:752:20 {
  codeFrame: [32m'vi\x1B[33m.\x1B[39m\x1B[34mmock\x1B[39m(\x1B[35mimport\x1B[39m(\x1B[32m"fireb
ase/firestore"\x1B[39m)\x1B[33m,\x1B[39m \x1B[35masync\x1B[39m (importOriginal) 
\x1B[33m=>\x1B[39m {\n'[39m +
    [32m'  \x1B[35mconst\x1B[39m actual \x1B[33m=\x1B[39m \x1B[35mawait\x1B[39m 
\x1B[34mimportOriginal\x1B[39m()\n'[39m +
    [32m'  \x1B[35mreturn\x1B[39m {\n'[39m +
    [32m'    \x1B[33m...\x1B[39mactual\x1B[33m,\x1B[39m\n'[39m +
    [32m'    \x1B[90m// your mocked methods\x1B[39m\n'[39m +
    [32m'  }\n'[39m +
    [32m'})'[39m
}

 [32mΓ£ô[39m src/components/StateComponents.test.tsx[2m > [22mStateComponents[2m > [22mLoadingState[2m > [22mshould render with default message[32m 22[2mms[22m[39m
 [32mΓ£ô[39m src/components/StateComponents.test.tsx[2m > [22mStateComponents[2m > [22mLoadingState[2m > [22mshould render with custom message[32m 3[2mms[22m[39m
 [32mΓ£ô[39m src/components/StateComponents.test.tsx[2m > [22mStateComponents[2m > [22mLoadingState[2m > [22mshould render spinner with default medium size[32m 2[2mms[22m[39m
 [32mΓ£ô[39m src/components/StateComponents.test.tsx[2m > [22mStateComponents[2m > [22mLoadingState[2m > [22mshould render small size variant[32m 2[2mms[22m[39m
 [32mΓ£ô[39m src/components/StateComponents.test.tsx[2m > [22mStateComponents[2m > [22mLoadingState[2m > [22mshould render large size variant[32m 2[2mms[22m[39m
 [32mΓ£ô[39m src/components/StateComponents.test.tsx[2m > [22mStateComponents[2m > [22mLoadingState[2m > [22mshould have blue spinner color[32m 1[2mms[22m[39m
 [32mΓ£ô[39m src/components/StateComponents.test.tsx[2m > [22mStateComponents[2m > [22mLoadingState[2m > [22mshould center content[32m 2[2mms[22m[39m
 [32mΓ£ô[39m src/components/StateComponents.test.tsx[2m > [22mStateComponents[2m > [22mSkeletonLoader[2m > [22mshould render single skeleton by default[32m 2[2mms[22m[39m
 [32mΓ£ô[39m src/components/StateComponents.test.tsx[2m > [22mStateComponents[2m > [22mSkeletonLoader[2m > [22mshould render multiple skeletons[32m 1[2mms[22m[39m
 [32mΓ£ô[39m src/components/StateComponents.test.tsx[2m > [22mStateComponents[2m > [22mSkeletonLoader[2m > [22mshould apply default height[32m 1[2mms[22m[39m
 [32mΓ£ô[39m src/components/StateComponents.test.tsx[2m > [22mStateComponents[2m > [22mSkeletonLoader[2m > [22mshould apply custom height[32m 1[2mms[22m[39m
 [32mΓ£ô[39m src/components/StateComponents.test.tsx[2m > [22mStateComponents[2m > [22mSkeletonLoader[2m > [22mshould apply custom className[32m 1[2mms[22m[39m
 [32mΓ£ô[39m src/components/StateComponents.test.tsx[2m > [22mStateComponents[2m > [22mSkeletonLoader[2m > [22mshould have gray background[32m 1[2mms[22m[39m
 [32mΓ£ô[39m src/components/StateComponents.test.tsx[2m > [22mStateComponents[2m > [22mEmptyState[2m > [22mshould render title[32m 4[2mms[22m[39m
 [32mΓ£ô[39m src/components/StateComponents.test.tsx[2m > [22mStateComponents[2m > [22mEmptyState[2m > [22mshould render description when provided[32m 2[2mms[22m[39m
 [32mΓ£ô[39m src/components/StateComponents.test.tsx[2m > [22mStateComponents[2m > [22mEmptyState[2m > [22mshould not render description when not provided[32m 2[2mms[22m[39m
 [32mΓ£ô[39m src/components/StateComponents.test.tsx[2m > [22mStateComponents[2m > [22mEmptyState[2m > [22mshould render default inbox icon[32m 1[2mms[22m[39m
 [32mΓ£ô[39m src/components/StateComponents.test.tsx[2m > [22mStateComponents[2m > [22mEmptyState[2m > [22mshould render search icon for search variant[32m 1[2mms[22m[39m
 [32mΓ£ô[39m src/components/StateComponents.test.tsx[2m > [22mStateComponents[2m > [22mEmptyState[2m > [22mshould render folder icon for folder variant[32m 1[2mms[22m[39m
 [32mΓ£ô[39m src/components/StateComponents.test.tsx[2m > [22mStateComponents[2m > [22mEmptyState[2m > [22mshould render custom icon[32m 2[2mms[22m[39m
 [32mΓ£ô[39m src/components/StateComponents.test.tsx[2m > [22mStateComponents[2m > [22mEmptyState[2m > [22mshould render action button when provided[32m 9[2mms[22m[39m
 [32mΓ£ô[39m src/schemas/projectSchemas.test.ts[2m > [22mprojectSchemas[2m > [22mtaskSchema[2m > [22mshould validate correct task data[32m 4[2mms[22m[39m
 [32mΓ£ô[39m src/schemas/projectSchemas.test.ts[2m > [22mprojectSchemas[2m > [22mtaskSchema[2m > [22mshould reject task with short title[32m 1[2mms[22m[39m
 [32mΓ£ô[39m src/schemas/projectSchemas.test.ts[2m > [22mprojectSchemas[2m > [22mtaskSchema[2m > [22mshould reject task without assignee[32m 0[2mms[22m[39m
 [32mΓ£ô[39m src/schemas/projectSchemas.test.ts[2m > [22mprojectSchemas[2m > [22mtaskSchema[2m > [22mshould default status to todo[32m 0[2mms[22m[39m
 [32mΓ£ô[39m src/schemas/projectSchemas.test.ts[2m > [22mprojectSchemas[2m > [22mtaskSchema[2m > [22mshould default priority to medium[32m 0[2mms[22m[39m
 [32mΓ£ô[39m src/schemas/projectSchemas.test.ts[2m > [22mprojectSchemas[2m > [22mtaskSchema[2m > [22mshould validate estimated hours within range[32m 0[2mms[22m[39m
 [32mΓ£ô[39m src/schemas/projectSchemas.test.ts[2m > [22mprojectSchemas[2m > [22mtaskSchema[2m > [22mshould reject negative estimated hours[32m 0[2mms[22m[39m
 [32mΓ£ô[39m src/schemas/projectSchemas.test.ts[2m > [22mprojectSchemas[2m > [22mtaskSchema[2m > [22mshould validate completion percentage 0-100[32m 0[2mms[22m[39m
 [32mΓ£ô[39m src/schemas/projectSchemas.test.ts[2m > [22mprojectSchemas[2m > [22mtaskSchema[2m > [22mshould reject completion percentage > 100[32m 0[2mms[22m[39m
 [32mΓ£ô[39m src/schemas/projectSchemas.test.ts[2m > [22mprojectSchemas[2m > [22mprojectSchema[2m > [22mshould validate correct project data[32m 2[2mms[22m[39m
 [32mΓ£ô[39m src/schemas/projectSchemas.test.ts[2m > [22mprojectSchemas[2m > [22mprojectSchema[2m > [22mshould reject if end date is before start date[32m 0[2mms[22m[39m
 [32mΓ£ô[39m src/schemas/projectSchemas.test.ts[2m > [22mprojectSchemas[2m > [22mprojectSchema[2m > [22mshould default currency to IDR[32m 0[2mms[22m[39m
 [32mΓ£ô[39m src/schemas/projectSchemas.test.ts[2m > [22mprojectSchemas[2m > [22mprojectSchema[2m > [22mshould reject negative budget[32m 0[2mms[22m[39m
 [32mΓ£ô[39m src/schemas/projectSchemas.test.ts[2m > [22mprojectSchemas[2m > [22mprojectSchema[2m > [22mshould trim project name[32m 0[2mms[22m[39m
 [32mΓ£ô[39m src/schemas/projectSchemas.test.ts[2m > [22mprojectSchemas[2m > [22mprojectSchema[2m > [22mshould validate email format for clientEmail[32m 0[2mms[22m[39m
 [32mΓ£ô[39m src/schemas/projectSchemas.test.ts[2m > [22mprojectSchemas[2m > [22mpurchaseOrderSchema[2m > [22mshould validate correct PO data[32m 1[2mms[22m[39m
 [32mΓ£ô[39m src/schemas/projectSchemas.test.ts[2m > [22mprojectSchemas[2m > [22mpurchaseOrderSchema[2m > [22mshould reject invalid PR number format[32m 0[2mms[22m[39m
 [32mΓ£ô[39m src/schemas/projectSchemas.test.ts[2m > [22mprojectSchemas[2m > [22mpurchaseOrderSchema[2m > [22mshould reject PO with empty items array[32m 0[2mms[22m[39m
 [32mΓ£ô[39m src/schemas/projectSchemas.test.ts[2m > [22mprojectSchemas[2m > [22mpurchaseOrderSchema[2m > [22mshould reject item with zero quantity[32m 0[2mms[22m[39m
 [32mΓ£ô[39m src/schemas/projectSchemas.test.ts[2m > [22mprojectSchemas[2m > [22mpurchaseOrderSchema[2m > [22mshould accept string quantities and convert to number[32m 0[2mms[22m[39m
 [32mΓ£ô[39m src/schemas/projectSchemas.test.ts[2m > [22mprojectSchemas[2m > [22mpoItemSchema[2m > [22mshould validate correct PO item[32m 0[2mms[22m[39m
 [32mΓ£ô[39m src/schemas/projectSchemas.test.ts[2m > [22mprojectSchemas[2m > [22mpoItemSchema[2m > [22mshould reject item without material name[32m 0[2mms[22m[39m
 [32mΓ£ô[39m src/schemas/projectSchemas.test.ts[2m > [22mprojectSchemas[2m > [22mpoItemSchema[2m > [22mshould reject negative price[32m 0[2mms[22m[39m
 [32mΓ£ô[39m src/schemas/projectSchemas.test.ts[2m > [22mprojectSchemas[2m > [22mmilestoneSchema[2m > [22mshould validate correct milestone[32m 1[2mms[22m[39m
 [32mΓ£ô[39m src/schemas/projectSchemas.test.ts[2m > [22mprojectSchemas[2m > [22mmilestoneSchema[2m > [22mshould default status to pending[32m 0[2mms[22m[39m
 [32mΓ£ô[39m src/schemas/projectSchemas.test.ts[2m > [22mprojectSchemas[2m > [22mmilestoneSchema[2m > [22mshould default isKeyMilestone to false[32m 0[2mms[22m[39m
 [32mΓ£ô[39m src/schemas/projectSchemas.test.ts[2m > [22mprojectSchemas[2m > [22mmilestoneSchema[2m > [22mshould reject milestone with short name[32m 4[2mms[22m[39m
 [32mΓ£ô[39m src/components/GPSCapture.test.tsx[2m > [22mGPSCapture[2m > [22mError Handling[2m > [22mshould show generic error for other failures[32m 14[2mms[22m[39m
 [32mΓ£ô[39m src/components/GPSCapture.test.tsx[2m > [22mGPSCapture[2m > [22mError Handling[2m > [22mshould display error with warning icon[32m 8[2mms[22m[39m
 [32mΓ£ô[39m src/components/GPSCapture.test.tsx[2m > [22mGPSCapture[2m > [22mError Handling[2m > [22mshould clear error on retry[32m 14[2mms[22m[39m
 [32mΓ£ô[39m src/components/GPSCapture.test.tsx[2m > [22mGPSCapture[2m > [22mButton States[2m > [22mshould disable button while loading[32m 7[2mms[22m[39m
 [32mΓ£ô[39m src/components/GPSCapture.test.tsx[2m > [22mGPSCapture[2m > [22mButton States[2m > [22mshould change button text when loading[32m 8[2mms[22m[39m
 [32mΓ£ô[39m src/components/GPSCapture.test.tsx[2m > [22mGPSCapture[2m > [22mButton States[2m > [22mshould show loader icon when loading[32m 8[2mms[22m[39m
 [32mΓ£ô[39m src/components/GPSCapture.test.tsx[2m > [22mGPSCapture[2m > [22mButton States[2m > [22mshould re-enable button after success[32m 8[2mms[22m[39m
 [32mΓ£ô[39m src/components/GPSCapture.test.tsx[2m > [22mGPSCapture[2m > [22mButton States[2m > [22mshould re-enable button after error[32m 10[2mms[22m[39m
 [32mΓ£ô[39m src/components/GPSCapture.test.tsx[2m > [22mGPSCapture[2m > [22mGPS Options[2m > [22mshould request high accuracy GPS[32m 10[2mms[22m[39m
 [32mΓ£ô[39m src/components/GPSCapture.test.tsx[2m > [22museGPSCapture[2m > [22mshould return location and setLocation[32m 1[2mms[22m[39m
 [32mΓ£ô[39m src/components/GPSCapture.test.tsx[2m > [22museGPSCapture[2m > [22mshould update location when setLocation is called[32m 1[2mms[22m[39m
 [32mΓ£ô[39m src/components/HamburgerButton.test.tsx[2m > [22mHamburgerButton Component[2m > [22mUser Interactions[2m > [22mshould handle multiple clicks[32m 182[2mms[22m[39m
 [32mΓ£ô[39m src/components/FormControls.test.tsx[2m > [22mSelect[2m > [22mInteractions[2m > [22mshould call onChange when selection changes[32m 57[2mms[22m[39m
 [32mΓ£ô[39m src/components/FormControls.test.tsx[2m > [22mSelect[2m > [22mInteractions[2m > [22mshould update selected value when option is chosen[32m 76[2mms[22m[39m
 [32mΓ£ô[39m src/components/Toast.test.tsx[2m > [22mToast Component[2m > [22mRendering[2m > [22mshould render toast with message[32m 28[2mms[22m[39m
 [32mΓ£ô[39m src/components/Toast.test.tsx[2m > [22mToast Component[2m > [22mRendering[2m > [22mshould render close button[32m 8[2mms[22m[39m
 [32mΓ£ô[39m src/components/Toast.test.tsx[2m > [22mToast Component[2m > [22mRendering[2m > [22mshould have sr-only text for close button[32m 3[2mms[22m[39m
 [32mΓ£ô[39m src/components/Toast.test.tsx[2m > [22mToast Component[2m > [22mRendering[2m > [22mshould render with proper structure[32m 3[2mms[22m[39m
 [32mΓ£ô[39m src/components/Toast.test.tsx[2m > [22mToast Component[2m > [22mRendering[2m > [22mshould have pointer events enabled[32m 2[2mms[22m[39m
 [32mΓ£ô[39m src/components/Toast.test.tsx[2m > [22mToast Component[2m > [22mRendering[2m > [22mshould have ring styling[32m 2[2mms[22m[39m
 [32mΓ£ô[39m src/components/Toast.test.tsx[2m > [22mToast Component[2m > [22mType Variants - Icons[2m > [22mshould render CheckCircle icon for success type[32m 3[2mms[22m[39m
 [32mΓ£ô[39m src/components/Toast.test.tsx[2m > [22mToast Component[2m > [22mType Variants - Icons[2m > [22mshould render AlertTriangle icon for error type[32m 3[2mms[22m[39m
 [32mΓ£ô[39m src/components/Toast.test.tsx[2m > [22mToast Component[2m > [22mType Variants - Icons[2m > [22mshould render Info icon for info type[32m 2[2mms[22m[39m
 [32mΓ£ô[39m src/components/Toast.test.tsx[2m > [22mToast Component[2m > [22mType Variants - Icons[2m > [22mshould have h-5 w-5 classes on icons[32m 3[2mms[22m[39m
 [32mΓ£ô[39m src/components/Toast.test.tsx[2m > [22mToast Component[2m > [22mType Variants - Background Colors[2m > [22mshould apply success background colors[32m 2[2mms[22m[39m
 [32mΓ£ô[39m src/components/Toast.test.tsx[2m > [22mToast Component[2m > [22mType Variants - Background Colors[2m > [22mshould apply error background colors[32m 2[2mms[22m[39m
 [32mΓ£ô[39m src/components/Toast.test.tsx[2m > [22mToast Component[2m > [22mType Variants - Background Colors[2m > [22mshould apply info background colors[32m 2[2mms[22m[39m
 [32mΓ£ô[39m src/components/StateComponents.test.tsx[2m > [22mStateComponents[2m > [22mEmptyState[2m > [22mshould call action onClick when button is clicked[32m 50[2mms[22m[39m
 [32mΓ£ô[39m src/components/StateComponents.test.tsx[2m > [22mStateComponents[2m > [22mEmptyState[2m > [22mshould render action button with icon[32m 3[2mms[22m[39m
 [32mΓ£ô[39m src/components/StateComponents.test.tsx[2m > [22mStateComponents[2m > [22mEmptyState[2m > [22mshould center content[32m 1[2mms[22m[39m
 [32mΓ£ô[39m src/components/StateComponents.test.tsx[2m > [22mStateComponents[2m > [22mErrorState[2m > [22mshould render error message[32m 2[2mms[22m[39m
 [32mΓ£ô[39m src/components/StateComponents.test.tsx[2m > [22mStateComponents[2m > [22mErrorState[2m > [22mshould render default title[32m 1[2mms[22m[39m
 [32mΓ£ô[39m src/components/StateComponents.test.tsx[2m > [22mStateComponents[2m > [22mErrorState[2m > [22mshould render custom title[32m 2[2mms[22m[39m
 [32mΓ£ô[39m src/components/StateComponents.test.tsx[2m > [22mStateComponents[2m > [22mErrorState[2m > [22mshould render error icon by default[32m 1[2mms[22m[39m
 [32mΓ£ô[39m src/components/StateComponents.test.tsx[2m > [22mStateComponents[2m > [22mErrorState[2m > [22mshould hide icon when showIcon is false[32m 1[2mms[22m[39m
 [32mΓ£ô[39m src/components/StateComponents.test.tsx[2m > [22mStateComponents[2m > [22mErrorState[2m > [22mshould render action button when provided[32m 2[2mms[22m[39m
 [32mΓ£ô[39m src/components/StateComponents.test.tsx[2m > [22mStateComponents[2m > [22mErrorState[2m > [22mshould call action onClick when button is clicked[32m 48[2mms[22m[39m
 [32mΓ£ô[39m src/components/StateComponents.test.tsx[2m > [22mStateComponents[2m > [22mErrorState[2m > [22mshould have red styling[32m 1[2mms[22m[39m
 [32mΓ£ô[39m src/components/StateComponents.test.tsx[2m > [22mStateComponents[2m > [22mErrorState[2m > [22mshould center content[32m 1[2mms[22m[39m
 [32mΓ£ô[39m src/components/StateComponents.test.tsx[2m > [22mStateComponents[2m > [22mTableLoadingSkeleton[2m > [22mshould render default 5 rows and 4 columns[32m 4[2mms[22m[39m
 [32mΓ£ô[39m src/components/StateComponents.test.tsx[2m > [22mStateComponents[2m > [22mTableLoadingSkeleton[2m > [22mshould render custom number of rows[32m 3[2mms[22m[39m
 [32mΓ£ô[39m src/components/StateComponents.test.tsx[2m > [22mStateComponents[2m > [22mTableLoadingSkeleton[2m > [22mshould render custom number of columns[32m 3[2mms[22m[39m
 [32mΓ£ô[39m src/components/StateComponents.test.tsx[2m > [22mStateComponents[2m > [22mTableLoadingSkeleton[2m > [22mshould have darker header skeleton[32m 2[2mms[22m[39m
 [32mΓ£ô[39m src/components/StateComponents.test.tsx[2m > [22mStateComponents[2m > [22mTableLoadingSkeleton[2m > [22mshould have lighter data row skeletons[32m 4[2mms[22m[39m
 [32mΓ£ô[39m src/components/StateComponents.test.tsx[2m > [22mStateComponents[2m > [22mTableLoadingSkeleton[2m > [22mshould animate all cells[32m 2[2mms[22m[39m
 [32mΓ£ô[39m src/components/StateComponents.test.tsx[2m > [22mStateComponents[2m > [22mCardLoadingSkeleton[2m > [22mshould render 3 cards by default[32m 1[2mms[22m[39m
 [32mΓ£ô[39m src/components/StateComponents.test.tsx[2m > [22mStateComponents[2m > [22mCardLoadingSkeleton[2m > [22mshould render custom number of cards[32m 2[2mms[22m[39m
 [32mΓ£ô[39m src/components/StateComponents.test.tsx[2m > [22mStateComponents[2m > [22mCardLoadingSkeleton[2m > [22mshould use grid layout[32m 1[2mms[22m[39m
 [32mΓ£ô[39m src/components/StateComponents.test.tsx[2m > [22mStateComponents[2m > [22mCardLoadingSkeleton[2m > [22mshould have skeleton lines in each card[32m 1[2mms[22m[39m
 [32mΓ£ô[39m src/components/StateComponents.test.tsx[2m > [22mStateComponents[2m > [22mCardLoadingSkeleton[2m > [22mshould have varying widths for skeleton lines[32m 1[2mms[22m[39m
 [32mΓ£ô[39m src/utils/validators.test.ts[2m > [22mvalidators - Basic Type Validators[2m > [22mString Validators[2m > [22misNonEmptyString[2m > [22mshould accept non-empty strings[32m 2[2mms[22m[39m
 [32mΓ£ô[39m src/utils/validators.test.ts[2m > [22mvalidators - Basic Type Validators[2m > [22mString Validators[2m > [22misNonEmptyString[2m > [22mshould reject empty strings[32m 0[2mms[22m[39m
 [32mΓ£ô[39m src/utils/validators.test.ts[2m > [22mvalidators - Basic Type Validators[2m > [22mString Validators[2m > [22misNonEmptyString[2m > [22mshould reject non-string types[32m 0[2mms[22m[39m
 [32mΓ£ô[39m src/utils/validators.test.ts[2m > [22mvalidators - Basic Type Validators[2m > [22mString Validators[2m > [22misValidString[2m > [22mshould validate string length[32m 1[2mms[22m[39m
 [32mΓ£ô[39m src/utils/validators.test.ts[2m > [22mvalidators - Basic Type Validators[2m > [22mString Validators[2m > [22misValidString[2m > [22mshould reject strings too short[32m 0[2mms[22m[39m
 [32mΓ£ô[39m src/utils/validators.test.ts[2m > [22mvalidators - Basic Type Validators[2m > [22mString Validators[2m > [22misValidString[2m > [22mshould reject strings too long[32m 0[2mms[22m[39m
 [32mΓ£ô[39m src/utils/validators.test.ts[2m > [22mvalidators - Basic Type Validators[2m > [22mString Validators[2m > [22misValidString[2m > [22mshould reject non-string types[32m 0[2mms[22m[39m
 [32mΓ£ô[39m src/utils/validators.test.ts[2m > [22mvalidators - Basic Type Validators[2m > [22mString Validators[2m > [22misValidString[2m > [22mshould trim whitespace before validation[32m 0[2mms[22m[39m
 [32mΓ£ô[39m src/utils/validators.test.ts[2m > [22mvalidators - Basic Type Validators[2m > [22mNumber Validators[2m > [22misValidNumber[2m > [22mshould accept valid numbers[32m 0[2mms[22m[39m
 [32mΓ£ô[39m src/utils/validators.test.ts[2m > [22mvalidators - Basic Type Validators[2m > [22mNumber Validators[2m > [22misValidNumber[2m > [22mshould reject numbers below minimum[32m 0[2mms[22m[39m
 [32mΓ£ô[39m src/utils/validators.test.ts[2m > [22mvalidators - Basic Type Validators[2m > [22mNumber Validators[2m > [22misValidNumber[2m > [22mshould reject numbers above maximum[32m 0[2mms[22m[39m
 [32mΓ£ô[39m src/utils/validators.test.ts[2m > [22mvalidators - Basic Type Validators[2m > [22mNumber Validators[2m > [22misValidNumber[2m > [22mshould reject non-numeric values[32m 0[2mms[22m[39m
 [32mΓ£ô[39m src/utils/validators.test.ts[2m > [22mvalidators - Basic Type Validators[2m > [22mNumber Validators[2m > [22misPositiveNumber[2m > [22mshould accept positive numbers[32m 0[2mms[22m[39m
 [32mΓ£ô[39m src/utils/validators.test.ts[2m > [22mvalidators - Basic Type Validators[2m > [22mNumber Validators[2m > [22misPositiveNumber[2m > [22mshould reject zero and negative numbers[32m 0[2mms[22m[39m
 [32mΓ£ô[39m src/utils/validators.test.ts[2m > [22mvalidators - Basic Type Validators[2m > [22mNumber Validators[2m > [22misPositiveNumber[2m > [22mshould reject non-numbers[32m 0[2mms[22m[39m
 [32mΓ£ô[39m src/utils/validators.test.ts[2m > [22mvalidators - Basic Type Validators[2m > [22mNumber Validators[2m > [22misNonNegativeNumber[2m > [22mshould accept zero and positive numbers[32m 0[2mms[22m[39m
 [32mΓ£ô[39m src/utils/validators.test.ts[2m > [22mvalidators - Basic Type Validators[2m > [22mNumber Validators[2m > [22misNonNegativeNumber[2m > [22mshould reject negative numbers[32m 0[2mms[22m[39m
 [32mΓ£ô[39m src/utils/validators.test.ts[2m > [22mvalidators - Basic Type Validators[2m > [22mID Validators[2m > [22misValidId[2m > [22mshould accept valid IDs[32m 0[2mms[22m[39m
 [32mΓ£ô[39m src/utils/validators.test.ts[2m > [22mvalidators - Basic Type Validators[2m > [22mID Validators[2m > [22misValidId[2m > [22mshould reject empty or too long IDs[32m 0[2mms[22m[39m
 [32mΓ£ô[39m src/utils/validators.test.ts[2m > [22mvalidators - Basic Type Validators[2m > [22mID Validators[2m > [22misValidId[2m > [22mshould reject IDs with invalid characters[32m 0[2mms[22m[39m
 [32mΓ£ô[39m src/utils/validators.test.ts[2m > [22mvalidators - Basic Type Validators[2m > [22mID Validators[2m > [22misValidId[2m > [22mshould reject non-string types[32m 0[2mms[22m[39m
 [32mΓ£ô[39m src/utils/validators.test.ts[2m > [22mvalidators - Basic Type Validators[2m > [22mID Validators[2m > [22misValidProjectId[2m > [22mshould validate correct project IDs[32m 0[2mms[22m[39m
 [32mΓ£ô[39m src/utils/validators.test.ts[2m > [22mvalidators - Basic Type Validators[2m > [22mID Validators[2m > [22misValidProjectId[2m > [22mshould reject empty project IDs[32m 0[2mms[22m[39m
 [32mΓ£ô[39m src/utils/validators.test.ts[2m > [22mvalidators - Basic Type Validators[2m > [22mID Validators[2m > [22misValidProjectId[2m > [22mshould reject project IDs with invalid characters[32m 0[2mms[22m[39m
 [32mΓ£ô[39m src/utils/validators.test.ts[2m > [22mvalidators - Basic Type Validators[2m > [22mID Validators[2m > [22misValidProjectId[2m > [22mshould reject too long project IDs[32m 0[2mms[22m[39m
 [32mΓ£ô[39m src/utils/validators.test.ts[2m > [22mvalidators - Basic Type Validators[2m > [22mEmail Validator[2m > [22mshould accept valid email addresses[32m 0[2mms[22m[39m
 [32mΓ£ô[39m src/utils/validators.test.ts[2m > [22mvalidators - Basic Type Validators[2m > [22mEmail Validator[2m > [22mshould reject invalid email formats[32m 0[2mms[22m[39m
 [32mΓ£ô[39m src/utils/validators.test.ts[2m > [22mvalidators - Basic Type Validators[2m > [22mEmail Validator[2m > [22mshould reject empty or non-string emails[32m 0[2mms[22m[39m
 [32mΓ£ô[39m src/utils/validators.test.ts[2m > [22mvalidators - Basic Type Validators[2m > [22mEmail Validator[2m > [22mshould trim whitespace[32m 0[2mms[22m[39m
 [32mΓ£ô[39m src/utils/validators.test.ts[2m > [22mvalidators - Basic Type Validators[2m > [22mURL Validator[2m > [22mshould accept valid URLs[32m 0[2mms[22m[39m
 [32mΓ£ô[39m src/utils/validators.test.ts[2m > [22mvalidators - Basic Type Validators[2m > [22mURL Validator[2m > [22mshould reject invalid URLs[32m 0[2mms[22m[39m
 [32mΓ£ô[39m src/utils/validators.test.ts[2m > [22mvalidators - Basic Type Validators[2m > [22mURL Validator[2m > [22mshould reject non-string types[32m 0[2mms[22m[39m
 [32mΓ£ô[39m src/utils/validators.test.ts[2m > [22mvalidators - Basic Type Validators[2m > [22mDate Validators[2m > [22misValidDate[2m > [22mshould accept valid dates[32m 0[2mms[22m[39m
 [32mΓ£ô[39m src/utils/validators.test.ts[2m > [22mvalidators - Basic Type Validators[2m > [22mDate Validators[2m > [22misValidDate[2m > [22mshould reject invalid dates[32m 0[2mms[22m[39m
 [32mΓ£ô[39m src/utils/validators.test.ts[2m > [22mvalidators - Basic Type Validators[2m > [22mDate Validators[2m > [22misValidDateRange[2m > [22mshould accept valid date ranges[32m 0[2mms[22m[39m
 [32mΓ£ô[39m src/utils/validators.test.ts[2m > [22mvalidators - Basic Type Validators[2m > [22mDate Validators[2m > [22misValidDateRange[2m > [22mshould reject when end date is before start date[32m 0[2mms[22m[39m
 [32mΓ£ô[39m src/utils/validators.test.ts[2m > [22mvalidators - Basic Type Validators[2m > [22mDate Validators[2m > [22misValidDateRange[2m > [22mshould reject invalid start dates[32m 0[2mms[22m[39m
 [32mΓ£ô[39m src/utils/validators.test.ts[2m > [22mvalidators - Basic Type Validators[2m > [22mDate Validators[2m > [22misValidDateRange[2m > [22mshould reject invalid end dates[32m 0[2mms[22m[39m
 [32mΓ£ô[39m src/utils/validators.test.ts[2m > [22mvalidators - Basic Type Validators[2m > [22mArray Validators[2m > [22misNonEmptyArray[2m > [22mshould accept non-empty arrays[32m 0[2mms[22m[39m
 [32mΓ£ô[39m src/utils/validators.test.ts[2m > [22mvalidators - Basic Type Validators[2m > [22mArray Validators[2m > [22misNonEmptyArray[2m > [22mshould reject empty arrays[32m 0[2mms[22m[39m
 [32mΓ£ô[39m src/utils/validators.test.ts[2m > [22mvalidators - Basic Type Validators[2m > [22mArray Validators[2m > [22misNonEmptyArray[2m > [22mshould reject non-array types[32m 0[2mms[22m[39m
 [32mΓ£ô[39m src/utils/validators.test.ts[2m > [22mvalidators - Basic Type Validators[2m > [22mArray Validators[2m > [22misValidArray[2m > [22mshould validate array length[32m 0[2mms[22m[39m
 [32mΓ£ô[39m src/utils/validators.test.ts[2m > [22mvalidators - Basic Type Validators[2m > [22mArray Validators[2m > [22misValidArray[2m > [22mshould reject arrays too short[32m 0[2mms[22m[39m
 [32mΓ£ô[39m src/utils/validators.test.ts[2m > [22mvalidators - Basic Type Validators[2m > [22mArray Validators[2m > [22misValidArray[2m > [22mshould reject arrays too long[32m 0[2mms[22m[39m
 [32mΓ£ô[39m src/utils/validators.test.ts[2m > [22mvalidators - Basic Type Validators[2m > [22mArray Validators[2m > [22misValidArray[2m > [22mshould reject non-array types[32m 0[2mms[22m[39m
 [32mΓ£ô[39m src/utils/validators.test.ts[2m > [22mvalidators - Basic Type Validators[2m > [22mEnum Validator[2m > [22mshould accept valid enum values[32m 0[2mms[22m[39m
 [32mΓ£ô[39m src/utils/validators.test.ts[2m > [22mvalidators - Basic Type Validators[2m > [22mEnum Validator[2m > [22mshould reject invalid enum values[32m 0[2mms[22m[39m
 [32mΓ£ô[39m src/utils/validators.test.ts[2m > [22mvalidators - Basic Type Validators[2m > [22mPhone Validator[2m > [22mshould accept valid phone numbers[32m 1[2mms[22m[39m
 [32mΓ£ô[39m src/utils/validators.test.ts[2m > [22mvalidators - Basic Type Validators[2m > [22mPhone Validator[2m > [22mshould reject invalid phone numbers[32m 0[2mms[22m[39m
 [32mΓ£ô[39m src/utils/validators.test.ts[2m > [22mvalidators - Basic Type Validators[2m > [22mPhone Validator[2m > [22mshould reject non-string types[32m 0[2mms[22m[39m
 [32mΓ£ô[39m src/utils/validators.test.ts[2m > [22mvalidators - Basic Type Validators[2m > [22mSanitization Functions[2m > [22msanitizeString[2m > [22mshould trim whitespace[32m 0[2mms[22m[39m
 [32mΓ£ô[39m src/utils/validators.test.ts[2m > [22mvalidators - Basic Type Validators[2m > [22mSanitization Functions[2m > [22msanitizeString[2m > [22mshould remove potential HTML tags[32m 0[2mms[22m[39m
 [32mΓ£ô[39m src/utils/validators.test.ts[2m > [22mvalidators - Basic Type Validators[2m > [22mSanitization Functions[2m > [22msanitizeString[2m > [22mshould replace newlines with spaces[32m 0[2mms[22m[39m
 [32mΓ£ô[39m src/utils/validators.test.ts[2m > [22mvalidators - Basic Type Validators[2m > [22mSanitization Functions[2m > [22msanitizeString[2m > [22mshould cap at 10k characters[32m 0[2mms[22m[39m
 [32mΓ£ô[39m src/utils/validators.test.ts[2m > [22mvalidators - Basic Type Validators[2m > [22mSanitization Functions[2m > [22msanitizeString[2m > [22mshould return empty string for non-string input[32m 0[2mms[22m[39m
 [32mΓ£ô[39m src/utils/validators.test.ts[2m > [22mvalidators - Basic Type Validators[2m > [22mSanitization Functions[2m > [22msanitizeHtml[2m > [22mshould escape HTML special characters[32m 0[2mms[22m[39m
 [32mΓ£ô[39m src/utils/validators.test.ts[2m > [22mvalidators - Basic Type Validators[2m > [22mSanitization Functions[2m > [22msanitizeHtml[2m > [22mshould escape quotes[32m 0[2mms[22m[39m
 [32mΓ£ô[39m src/utils/validators.test.ts[2m > [22mvalidators - Basic Type Validators[2m > [22mSanitization Functions[2m > [22msanitizeHtml[2m > [22mshould escape forward slashes[32m 0[2mms[22m[39m
 [32mΓ£ô[39m src/utils/validators.test.ts[2m > [22mvalidators - Basic Type Validators[2m > [22mSanitization Functions[2m > [22msanitizeHtml[2m > [22mshould return empty string for non-string input[32m 0[2mms[22m[39m
 [32mΓ£ô[39m src/utils/validators.test.ts[2m > [22mvalidators - Complex Object Validators[2m > [22mvalidateTask[2m > [22mshould accept valid task[32m 0[2mms[22m[39m
 [32mΓ£ô[39m src/utils/validators.test.ts[2m > [22mvalidators - Complex Object Validators[2m > [22mvalidateTask[2m > [22mshould reject task without title[32m 0[2mms[22m[39m
 [32mΓ£ô[39m src/utils/validators.test.ts[2m > [22mvalidators - Complex Object Validators[2m > [22mvalidateTask[2m > [22mshould reject task with too long title[32m 0[2mms[22m[39m
 [32mΓ£ô[39m src/utils/validators.test.ts[2m > [22mvalidators - Complex Object Validators[2m > [22mvalidateTask[2m > [22mshould reject task with invalid status[32m 0[2mms[22m[39m
 [32mΓ£ô[39m src/utils/validators.test.ts[2m > [22mvalidators - Complex Object Validators[2m > [22mvalidateTask[2m > [22mshould reject task with invalid priority[32m 0[2mms[22m[39m
 [32mΓ£ô[39m src/utils/validators.test.ts[2m > [22mvalidators - Complex Object Validators[2m > [22mvalidateTask[2m > [22mshould reject task with too long description[32m 0[2mms[22m[39m
 [32mΓ£ô[39m src/utils/validators.test.ts[2m > [22mvalidators - Complex Object Validators[2m > [22mValidationError class[2m > [22mshould create error with message[32m 0[2mms[22m[39m
 [32mΓ£ô[39m src/utils/validators.test.ts[2m > [22mvalidators - Complex Object Validators[2m > [22mValidationError class[2m > [22mshould store errors and field[32m 1[2mms[22m[39m
 [32mΓ£ô[39m src/components/StateComponents.test.tsx[2m > [22mStateComponents[2m > [22mListLoadingSkeleton[2m > [22mshould render 5 items by default[32m 2[2mms[22m[39m
 [32mΓ£ô[39m src/components/StateComponents.test.tsx[2m > [22mStateComponents[2m > [22mListLoadingSkeleton[2m > [22mshould render custom number of items[32m 2[2mms[22m[39m
 [32mΓ£ô[39m src/components/StateComponents.test.tsx[2m > [22mStateComponents[2m > [22mListLoadingSkeleton[2m > [22mshould have avatar skeleton in each item[32m 1[2mms[22m[39m
 [32mΓ£ô[39m src/components/StateComponents.test.tsx[2m > [22mStateComponents[2m > [22mListLoadingSkeleton[2m > [22mshould have text skeletons in each item[32m 1[2mms[22m[39m
 [32mΓ£ô[39m src/components/StateComponents.test.tsx[2m > [22mStateComponents[2m > [22mListLoadingSkeleton[2m > [22mshould use flex layout for items[32m 1[2mms[22m[39m
 [32mΓ£ô[39m src/components/StateComponents.test.tsx[2m > [22mStateComponents[2m > [22mListLoadingSkeleton[2m > [22mshould have varying widths for text lines[32m 1[2mms[22m[39m
 [32mΓ£ô[39m src/components/StateComponents.test.tsx[2m > [22mStateComponents[2m > [22mIntegration[2m > [22mshould render multiple state components together[32m 3[2mms[22m[39m
 [32mΓ£ô[39m src/components/StateComponents.test.tsx[2m > [22mStateComponents[2m > [22mIntegration[2m > [22mshould switch between loading and content states[32m 14[2mms[22m[39m
 [32mΓ£ô[39m src/components/StateComponents.test.tsx[2m > [22mStateComponents[2m > [22mEdge Cases[2m > [22mshould handle zero count for skeletons[32m 1[2mms[22m[39m
 [32mΓ£ô[39m src/components/StateComponents.test.tsx[2m > [22mStateComponents[2m > [22mEdge Cases[2m > [22mshould handle very long error messages[32m 1[2mms[22m[39m
 [32mΓ£ô[39m src/components/StateComponents.test.tsx[2m > [22mStateComponents[2m > [22mEdge Cases[2m > [22mshould handle empty title in EmptyState[32m 2[2mms[22m[39m
 [32mΓ£ô[39m src/components/StateComponents.test.tsx[2m > [22mStateComponents[2m > [22mEdge Cases[2m > [22mshould handle large skeleton counts[32m 2[2mms[22m[39m
 [32mΓ£ô[39m src/components/HamburgerButton.test.tsx[2m > [22mHamburgerButton Component[2m > [22mUser Interactions[2m > [22mshould handle rapid clicks[32m 77[2mms[22m[39m
 [32mΓ£ô[39m src/components/HamburgerButton.test.tsx[2m > [22mHamburgerButton Component[2m > [22mUser Interactions[2m > [22mshould respond to Enter key[32m 46[2mms[22m[39m
 [32mΓ£ô[39m src/components/HamburgerButton.test.tsx[2m > [22mHamburgerButton Component[2m > [22mUser Interactions[2m > [22mshould respond to Space key[32m 47[2mms[22m[39m
 [32mΓ£ô[39m src/components/HamburgerButton.test.tsx[2m > [22mHamburgerButton Component[2m > [22mCustom ClassName[2m > [22mshould accept custom className[32m 2[2mms[22m[39m
 [32mΓ£ô[39m src/components/HamburgerButton.test.tsx[2m > [22mHamburgerButton Component[2m > [22mCustom ClassName[2m > [22mshould merge custom className with default classes[32m 2[2mms[22m[39m
 [32mΓ£ô[39m src/components/HamburgerButton.test.tsx[2m > [22mHamburgerButton Component[2m > [22mCustom ClassName[2m > [22mshould work without custom className[32m 1[2mms[22m[39m
 [32mΓ£ô[39m src/components/HamburgerButton.test.tsx[2m > [22mHamburgerButton Component[2m > [22mCustom ClassName[2m > [22mshould handle empty string className[32m 1[2mms[22m[39m
 [32mΓ£ô[39m src/components/HamburgerButton.test.tsx[2m > [22mHamburgerButton Component[2m > [22mState Transitions[2m > [22mshould update when isOpen changes from false to true[32m 1[2mms[22m[39m
 [32mΓ£ô[39m src/components/FormControls.test.tsx[2m > [22mSelect[2m > [22mInteractions[2m > [22mshould not change value when disabled[32m 31[2mms[22m[39m
 [32mΓ£ô[39m src/components/FormControls.test.tsx[2m > [22mSelect[2m > [22mAccessibility[2m > [22mshould support aria-label[32m 1[2mms[22m[39m
 [32mΓ£ô[39m src/components/FormControls.test.tsx[2m > [22mSelect[2m > [22mAccessibility[2m > [22mshould be keyboard accessible[32m 1[2mms[22m[39m
 [32mΓ£ô[39m src/components/FormControls.test.tsx[2m > [22mTextarea[2m > [22mRendering[2m > [22mshould render textarea element[32m 2[2mms[22m[39m
 [32mΓ£ô[39m src/components/FormControls.test.tsx[2m > [22mTextarea[2m > [22mRendering[2m > [22mshould accept and render value[32m 1[2mms[22m[39m
 [32mΓ£ô[39m src/components/FormControls.test.tsx[2m > [22mTextarea[2m > [22mRendering[2m > [22mshould apply custom className[32m 1[2mms[22m[39m
 [32mΓ£ô[39m src/components/FormControls.test.tsx[2m > [22mTextarea[2m > [22mRendering[2m > [22mshould have default styling classes[32m 1[2mms[22m[39m
 [32mΓ£ô[39m src/components/FormControls.test.tsx[2m > [22mTextarea[2m > [22mSize[2m > [22mshould have minimum height[32m 1[2mms[22m[39m
 [32mΓ£ô[39m src/components/FormControls.test.tsx[2m > [22mTextarea[2m > [22mSize[2m > [22mshould support rows attribute[32m 1[2mms[22m[39m
 [32mΓ£ô[39m src/components/FormControls.test.tsx[2m > [22mTextarea[2m > [22mStates[2m > [22mshould be disabled when disabled prop is true[32m 1[2mms[22m[39m
 [32mΓ£ô[39m src/components/FormControls.test.tsx[2m > [22mTextarea[2m > [22mStates[2m > [22mshould be readonly when readOnly prop is true[32m 1[2mms[22m[39m
 [32mΓ£ô[39m src/components/FormControls.test.tsx[2m > [22mTextarea[2m > [22mStates[2m > [22mshould show placeholder text[32m 1[2mms[22m[39m
 [32mΓ£ô[39m src/components/HamburgerButton.test.tsx[2m > [22mHamburgerButton Component[2m > [22mState Transitions[2m > [22mshould update when isOpen changes from true to false[32m 1[2mms[22m[39m
 [32mΓ£ô[39m src/components/HamburgerButton.test.tsx[2m > [22mHamburgerButton Component[2m > [22mState Transitions[2m > [22mshould toggle multiple times[32m 2[2mms[22m[39m
 [32mΓ£ô[39m src/components/HamburgerButton.test.tsx[2m > [22mHamburgerButton Component[2m > [22mEdge Cases[2m > [22mshould handle onClick being undefined[32m 1[2mms[22m[39m
 [32mΓ£ô[39m src/components/HamburgerButton.test.tsx[2m > [22mHamburgerButton Component[2m > [22mEdge Cases[2m > [22mshould maintain button role regardless of state[32m 2[2mms[22m[39m
 [32mΓ£ô[39m src/components/HamburgerButton.test.tsx[2m > [22mHamburgerButton Component[2m > [22mEdge Cases[2m > [22mshould handle very rapid state changes[32m 3[2mms[22m[39m
 [32mΓ£ô[39m src/components/HamburgerButton.test.tsx[2m > [22mHamburgerButton Component[2m > [22mIntegration[2m > [22mshould work with navigation menu[32m 3[2mms[22m[39m
 [32mΓ£ô[39m src/components/HamburgerButton.test.tsx[2m > [22mHamburgerButton Component[2m > [22mIntegration[2m > [22mshould work with header component[32m 3[2mms[22m[39m
 [32mΓ£ô[39m src/components/HamburgerButton.test.tsx[2m > [22mHamburgerButton Component[2m > [22mIntegration[2m > [22mshould handle state managed by parent component[32m 56[2mms[22m[39m
 [32mΓ£ô[39m src/components/Toast.test.tsx[2m > [22mToast Component[2m > [22mUser Interactions[2m > [22mshould call onClose when close button is clicked[32m 74[2mms[22m[39m
 [32mΓ£ô[39m src/components/Toast.test.tsx[2m > [22mToast Component[2m > [22mUser Interactions[2m > [22mshould not call onClose on initial render[32m 2[2mms[22m[39m
[90mstdout[2m | src/__tests__/appHealth.test.ts[2m > [22m[2mApplication Health Check[2m > [22m[2mshould have authentication service available
[22m[39m[FIREBASE CONFIG] App initialized!
[FIREBASE] Using SDK v12.5.0 Γ£à

 [32mΓ£ô[39m src/components/Toast.test.tsx[2m > [22mToast Component[2m > [22mUser Interactions[2m > [22mshould handle multiple clicks on close button[32m 168[2mms[22m[39m
 [32mΓ£ô[39m src/components/Toast.test.tsx[2m > [22mToast Component[2m > [22mClose Button Styling[2m > [22mshould have proper close button classes[32m 3[2mms[22m[39m
 [32mΓ£ô[39m src/components/Toast.test.tsx[2m > [22mToast Component[2m > [22mClose Button Styling[2m > [22mshould have hover and focus styles on close button[32m 2[2mms[22m[39m
 [32mΓ£ô[39m src/components/Toast.test.tsx[2m > [22mToast Component[2m > [22mClose Button Styling[2m > [22mshould have focus ring styles[32m 2[2mms[22m[39m
 [32mΓ£ô[39m src/components/Toast.test.tsx[2m > [22mToast Component[2m > [22mClose Button Styling[2m > [22mshould render X icon in close button[32m 3[2mms[22m[39m
 [32mΓ£ô[39m src/components/Toast.test.tsx[2m > [22mToast Component[2m > [22mMessage Display[2m > [22mshould display short messages[32m 2[2mms[22m[39m
 [32mΓ£ô[39m src/components/Toast.test.tsx[2m > [22mToast Component[2m > [22mMessage Display[2m > [22mshould display long messages[32m 6[2mms[22m[39m
 [32mΓ£ô[39m src/components/Toast.test.tsx[2m > [22mToast Component[2m > [22mMessage Display[2m > [22mshould have proper text styling[32m 3[2mms[22m[39m
 [32mΓ£ô[39m src/components/Toast.test.tsx[2m > [22mToast Component[2m > [22mMessage Display[2m > [22mshould display messages with special characters[32m 2[2mms[22m[39m
 [32mΓ£ô[39m src/components/Toast.test.tsx[2m > [22mToast Component[2m > [22mLayout and Structure[2m > [22mshould have flex layout for content[32m 2[2mms[22m[39m
 [32mΓ£ô[39m src/components/Toast.test.tsx[2m > [22mToast Component[2m > [22mLayout and Structure[2m > [22mshould have padding on content container[32m 2[2mms[22m[39m
 [32mΓ£ô[39m src/components/Toast.test.tsx[2m > [22mToast Component[2m > [22mLayout and Structure[2m > [22mshould have flex-shrink-0 on icon container[32m 2[2mms[22m[39m
 [32mΓ£ô[39m src/components/Toast.test.tsx[2m > [22mToast Component[2m > [22mLayout and Structure[2m > [22mshould have proper spacing between icon and message[32m 2[2mms[22m[39m
 [32mΓ£ô[39m src/components/Toast.test.tsx[2m > [22mToast Component[2m > [22mLayout and Structure[2m > [22mshould have proper spacing for close button[32m 2[2mms[22m[39m
 [32mΓ£ô[39m src/components/Toast.test.tsx[2m > [22mToast Component[2m > [22mAccessibility[2m > [22mshould have accessible close button with sr-only label[32m 2[2mms[22m[39m
 [32mΓ£ô[39m src/__tests__/appHealth.test.ts[2m > [22mApplication Health Check[2m > [22mshould pass basic health check[32m 1[2mms[22m[39m
 [32mΓ£ô[39m src/__tests__/appHealth.test.ts[2m > [22mApplication Health Check[2m > [22mshould have required environment variables[32m 0[2mms[22m[39m
 [31m├ù[39m src/__tests__/appHealth.test.ts[2m > [22mApplication Health Check[2m > [22mshould have authentication service available[32m 21[2mms[22m[39m
[31m   ΓåÆ [vitest] No "initializeFirestore" export is defined on the "firebase/firestore" mock. Did you forget to return it from "vi.mock"?
If you need to partially mock a module, you can use "importOriginal" helper inside:
[39m
 [31m├ù[39m src/__tests__/appHealth.test.ts[2m > [22mApplication Health Check[2m > [22mshould have authentication context available[32m 9[2mms[22m[39m
[31m   ΓåÆ [vitest] No "initializeFirestore" export is defined on the "firebase/firestore" mock. Did you forget to return it from "vi.mock"?
If you need to partially mock a module, you can use "importOriginal" helper inside:
[39m
 [32mΓ£ô[39m src/views/UnauthorizedView.test.tsx[2m > [22mUnauthorizedView Component[2m > [22mRendering[2m > [22mshould render unauthorized view[32m 31[2mms[22m[39m
 [32mΓ£ô[39m src/views/UnauthorizedView.test.tsx[2m > [22mUnauthorizedView Component[2m > [22mRendering[2m > [22mshould render error message[32m 2[2mms[22m[39m
 [32mΓ£ô[39m src/views/UnauthorizedView.test.tsx[2m > [22mUnauthorizedView Component[2m > [22mRendering[2m > [22mshould render ShieldAlert icon[32m 2[2mms[22m[39m
 [32mΓ£ô[39m src/views/UnauthorizedView.test.tsx[2m > [22mUnauthorizedView Component[2m > [22mRendering[2m > [22mshould render Go Back button[32m 2[2mms[22m[39m
 [32mΓ£ô[39m src/views/UnauthorizedView.test.tsx[2m > [22mUnauthorizedView Component[2m > [22mRendering[2m > [22mshould render Go to Dashboard button[32m 2[2mms[22m[39m
 [32mΓ£ô[39m src/views/UnauthorizedView.test.tsx[2m > [22mUnauthorizedView Component[2m > [22mRendering[2m > [22mshould render Home icon in dashboard button[32m 3[2mms[22m[39m
 [32mΓ£ô[39m src/views/UnauthorizedView.test.tsx[2m > [22mUnauthorizedView Component[2m > [22mLayout and Styling[2m > [22mshould have centered layout[32m 2[2mms[22m[39m
 [32mΓ£ô[39m src/views/UnauthorizedView.test.tsx[2m > [22mUnauthorizedView Component[2m > [22mLayout and Styling[2m > [22mshould have card with shadow[32m 2[2mms[22m[39m
 [32mΓ£ô[39m src/views/UnauthorizedView.test.tsx[2m > [22mUnauthorizedView Component[2m > [22mLayout and Styling[2m > [22mshould have icon container with red background[32m 2[2mms[22m[39m
 [32mΓ£ô[39m src/views/UnauthorizedView.test.tsx[2m > [22mUnauthorizedView Component[2m > [22mLayout and Styling[2m > [22mshould have proper text styling[32m 3[2mms[22m[39m
 [32mΓ£ô[39m src/views/UnauthorizedView.test.tsx[2m > [22mUnauthorizedView Component[2m > [22mLayout and Styling[2m > [22mshould have responsive button layout[32m 1[2mms[22m[39m
 [32mΓ£ô[39m src/views/UnauthorizedView.test.tsx[2m > [22mUnauthorizedView Component[2m > [22mButton Styling[2m > [22mshould style Go Back button correctly[32m 3[2mms[22m[39m
 [32mΓ£ô[39m src/views/UnauthorizedView.test.tsx[2m > [22mUnauthorizedView Component[2m > [22mButton Styling[2m > [22mshould style Dashboard button correctly[32m 2[2mms[22m[39m
 [32mΓ£ô[39m src/views/UnauthorizedView.test.tsx[2m > [22mUnauthorizedView Component[2m > [22mButton Styling[2m > [22mshould have transition classes on buttons[32m 2[2mms[22m[39m
 [32mΓ£ô[39m src/components/FormControls.test.tsx[2m > [22mTextarea[2m > [22mInteractions[2m > [22mshould call onChange when value changes[32m 220[2mms[22m[39m
 [32mΓ£ô[39m src/__tests__/accessibility.test.tsx[2m > [22mAccessibility Features[2m > [22museAccessibility Hook[2m > [22mshould initialize with default values[32m 16[2mms[22m[39m
 [32mΓ£ô[39m src/__tests__/accessibility.test.tsx[2m > [22mAccessibility Features[2m > [22museAccessibility Hook[2m > [22mshould toggle high contrast mode[32m 10[2mms[22m[39m
 [32mΓ£ô[39m src/__tests__/accessibility.test.tsx[2m > [22mAccessibility Features[2m > [22museAccessibility Hook[2m > [22mshould announce messages to screen readers[32m 17[2mms[22m[39m
 [32mΓ£ô[39m src/__tests__/accessibility.test.tsx[2m > [22mAccessibility Features[2m > [22museAccessibility Hook[2m > [22mshould focus elements by ID[32m 15[2mms[22m[39m
 [32mΓ£ô[39m src/__tests__/accessibility.test.tsx[2m > [22mAccessibility Features[2m > [22mScreenReaderOnly Component[2m > [22mshould render content that is only visible to screen readers[32m 5[2mms[22m[39m
 [32mΓ£ô[39m src/__tests__/accessibility.test.tsx[2m > [22mAccessibility Features[2m > [22mFocusableDiv Component[2m > [22mshould render a div that can receive focus[32m 2[2mms[22m[39m
 [32mΓ£ô[39m src/__tests__/accessibility.test.tsx[2m > [22mAccessibility Features[2m > [22mFocusableDiv Component[2m > [22mshould apply custom className[32m 1[2mms[22m[39m
 [32mΓ£ô[39m src/__tests__/accessibility.test.tsx[2m > [22mAccessibility Features[2m > [22mSkipLink Component[2m > [22mshould render a skip link with correct attributes[32m 2[2mms[22m[39m
 [32mΓ£ô[39m src/__tests__/accessibility.test.tsx[2m > [22mAccessibility Features[2m > [22mSkipLink Component[2m > [22mshould become visible when focused[32m 2[2mms[22m[39m
 [32mΓ£ô[39m src/components/Toast.test.tsx[2m > [22mToast Component[2m > [22mAccessibility[2m > [22mshould be keyboard accessible[32m 43[2mms[22m[39m
 [32mΓ£ô[39m src/components/Toast.test.tsx[2m > [22mToast Component[2m > [22mAccessibility[2m > [22mshould have proper focus management[32m 2[2mms[22m[39m
 [32mΓ£ô[39m src/components/Toast.test.tsx[2m > [22mToast Component[2m > [22mEdge Cases[2m > [22mshould handle empty message[32m 2[2mms[22m[39m
 [32mΓ£ô[39m src/components/Toast.test.tsx[2m > [22mToast Component[2m > [22mEdge Cases[2m > [22mshould handle very long message without breaking layout[32m 1[2mms[22m[39m
 [32mΓ£ô[39m src/components/Toast.test.tsx[2m > [22mToast Component[2m > [22mEdge Cases[2m > [22mshould handle onClose being called multiple times rapidly[32m 72[2mms[22m[39m
 [32mΓ£ô[39m src/components/Toast.test.tsx[2m > [22mToast Component[2m > [22mEdge Cases[2m > [22mshould maintain structure with different prop combinations[32m 5[2mms[22m[39m
 [32mΓ£ô[39m src/components/Toast.test.tsx[2m > [22mToast Component[2m > [22mIntegration[2m > [22mshould work within a toast container[32m 2[2mms[22m[39m
 [32mΓ£ô[39m src/components/Toast.test.tsx[2m > [22mToast Component[2m > [22mIntegration[2m > [22mshould work with multiple toasts stacked[32m 4[2mms[22m[39m
 [32mΓ£ô[39m src/components/Toast.test.tsx[2m > [22mToast Component[2m > [22mIntegration[2m > [22mshould handle different messages for different types[32m 4[2mms[22m[39m
 [32mΓ£ô[39m src/__tests__/routing.test.tsx[2m > [22mRouting Implementation[2m > [22mrouting implementation completed successfully[32m 1[2mms[22m[39m
 [32mΓ£ô[39m src/views/UnauthorizedView.test.tsx[2m > [22mUnauthorizedView Component[2m > [22mUser Interactions[2m > [22mshould call navigate(-1) when Go Back is clicked[32m 52[2mms[22m[39m
 [32mΓ£ô[39m src/views/UnauthorizedView.test.tsx[2m > [22mUnauthorizedView Component[2m > [22mUser Interactions[2m > [22mshould call navigate("/") when Dashboard button is clicked[32m 59[2mms[22m[39m
 [32mΓ£ô[39m src/views/UnauthorizedView.test.tsx[2m > [22mUnauthorizedView Component[2m > [22mUser Interactions[2m > [22mshould not navigate on initial render[32m 1[2mms[22m[39m
 [32mΓ£ô[39m src/__tests__/i18n.test.ts[2m > [22mi18n Service[2m > [22mLanguage Management[2m > [22mshould set and get current language[32m 2[2mms[22m[39m
 [32mΓ£ô[39m src/__tests__/i18n.test.ts[2m > [22mi18n Service[2m > [22mLanguage Management[2m > [22mshould load language preference from localStorage[32m 0[2mms[22m[39m
 [32mΓ£ô[39m src/__tests__/i18n.test.ts[2m > [22mi18n Service[2m > [22mLanguage Management[2m > [22mshould detect browser language[32m 0[2mms[22m[39m
 [31m├ù[39m src/__tests__/i18n.test.ts[2m > [22mi18n Service[2m > [22mLanguage Management[2m > [22mshould fallback to English for unsupported languages[32m 5[2mms[22m[39m
[31m   ΓåÆ expected 'id' to be 'en' // Object.is equality[39m
 [32mΓ£ô[39m src/__tests__/i18n.test.ts[2m > [22mi18n Service[2m > [22mTranslation Functionality[2m > [22mshould translate simple keys[32m 1[2mms[22m[39m
 [32mΓ£ô[39m src/__tests__/i18n.test.ts[2m > [22mi18n Service[2m > [22mTranslation Functionality[2m > [22mshould translate nested keys[32m 0[2mms[22m[39m
 [32mΓ£ô[39m src/__tests__/i18n.test.ts[2m > [22mi18n Service[2m > [22mTranslation Functionality[2m > [22mshould return key for missing translations[32m 0[2mms[22m[39m
 [31m├ù[39m src/__tests__/i18n.test.ts[2m > [22mi18n Service[2m > [22mTranslation Functionality[2m > [22mshould interpolate parameters in translations[32m 2[2mms[22m[39m
[31m   ΓåÆ expected 'test.greeting' to be 'Hello John, you have 5 messages' // Object.is equality[39m
 [31m├ù[39m src/__tests__/i18n.test.ts[2m > [22mi18n Service[2m > [22mTranslation Functionality[2m > [22mshould handle missing parameters gracefully[32m 1[2mms[22m[39m
[31m   ΓåÆ expected 'test.greeting' to be 'Hello John, you have {{count}} messagΓÇª' // Object.is equality[39m
 [32mΓ£ô[39m src/__tests__/i18n.test.ts[2m > [22mi18n Service[2m > [22museTranslation Hook[2m > [22mshould provide translation function[32m 0[2mms[22m[39m
 [32mΓ£ô[39m src/__tests__/i18n.test.ts[2m > [22mi18n Service[2m > [22museTranslation Hook[2m > [22mshould translate using hook[32m 0[2mms[22m[39m
[90mstderr[2m | src/api/__tests__/auditExport.service.test.ts[2m > [22m[2mAuditExport 
Service (ExcelJS)[2m > [22m[2mexportToExcel (ExcelJS)[2m > [22m[2mshould export audit 
logs to Excel format
[22m[39mError exporting to Excel: TypeError: row.eachCell is not a function
    at [90mC:\Users\latie\Documents\GitHub\NataCarePM\[39msrc\api\auditExport.service.ts:63:11
    at [90mC:\Users\latie\Documents\GitHub\NataCarePM\[39msrc\api\__tests__\auditExport.servic
e.test.ts:42:50
    at Array.forEach (<anonymous>)
    at Object.<anonymous> [90m(C:\Users\latie\Documents\GitHub\NataCarePM\[39msrc\api\__tests_
_\auditExport.service.test.ts:42:26[90m)[39m
    at Object.mockCall [90m(file:///C:/Users/latie/Documents/GitHub/NataCarePM/[39mnode_module
s/[4m@vitest/spy[24m/dist/index.js:96:15[90m)[39m
    at Object.spy [as eachRow] [90m(file:///C:/Users/latie/Documents/GitHub/NataCarePM/[39mnod
e_modules/[4mtinyspy[24m/dist/index.js:47:80[90m)[39m
    at Module.exportToExcel [90m(C:\Users\latie\Documents\GitHub\NataCarePM\[39msrc\api\auditE
xport.service.ts:62:15[90m)[39m
    at [90mC:\Users\latie\Documents\GitHub\NataCarePM\[39msrc\api\__tests__\auditExport.servic
e.test.ts:165:20
    at [90mfile:///C:/Users/latie/Documents/GitHub/NataCarePM/[39mnode_modules/[4m@vitest/run
ner[24m/dist/chunk-hooks.js:752:20

[90mstderr[2m | src/api/__tests__/auditExport.service.test.ts[2m > [22m[2mAuditExport 
Service (ExcelJS)[2m > [22m[2mexportToExcel (ExcelJS)[2m > [22m[2mshould create worksheet 
with correct data
[22m[39mError exporting to Excel: TypeError: row.eachCell is not a function
    at [90mC:\Users\latie\Documents\GitHub\NataCarePM\[39msrc\api\auditExport.service.ts:63:11
    at [90mC:\Users\latie\Documents\GitHub\NataCarePM\[39msrc\api\__tests__\auditExport.servic
e.test.ts:42:50
    at Array.forEach (<anonymous>)
    at Object.<anonymous> [90m(C:\Users\latie\Documents\GitHub\NataCarePM\[39msrc\api\__tests_
_\auditExport.service.test.ts:42:26[90m)[39m
    at Object.mockCall [90m(file:///C:/Users/latie/Documents/GitHub/NataCarePM/[39mnode_module
s/[4m@vitest/spy[24m/dist/index.js:96:15[90m)[39m
    at Object.spy [as eachRow] [90m(file:///C:/Users/latie/Documents/GitHub/NataCarePM/[39mnod
e_modules/[4mtinyspy[24m/dist/index.js:47:80[90m)[39m
    at Module.exportToExcel [90m(C:\Users\latie\Documents\GitHub\NataCarePM\[39msrc\api\auditE
xport.service.ts:62:15[90m)[39m
    at [90mC:\Users\latie\Documents\GitHub\NataCarePM\[39msrc\api\__tests__\auditExport.servic
e.test.ts:172:7
    at [90mfile:///C:/Users/latie/Documents/GitHub/NataCarePM/[39mnode_modules/[4m@vitest/run
ner[24m/dist/chunk-hooks.js:752:20

[90mstderr[2m | src/api/__tests__/auditExport.service.test.ts[2m > [22m[2mAuditExport 
Service (ExcelJS)[2m > [22m[2mexportToExcel (ExcelJS)[2m > [22m[2mshould handle empty 
data gracefully
[22m[39mError exporting to Excel: Error: No data to export
    at Module.exportToExcel [90m(C:\Users\latie\Documents\GitHub\NataCarePM\[39msrc\api\auditE
xport.service.ts:27:13[90m)[39m
    at [90mC:\Users\latie\Documents\GitHub\NataCarePM\[39msrc\api\__tests__\auditExport.servic
e.test.ts:180:7
    at [90mfile:///C:/Users/latie/Documents/GitHub/NataCarePM/[39mnode_modules/[4m@vitest/run
ner[24m/dist/chunk-hooks.js:752:20

[90mstderr[2m | src/api/__tests__/auditExport.service.test.ts[2m > [22m[2mAuditExport 
Service (ExcelJS)[2m > [22m[2mexportToExcel (ExcelJS)[2m > [22m[2mshould add summary 
sheet when includeStatistics is true
[22m[39mError exporting to Excel: TypeError: row.eachCell is not a function
    at [90mC:\Users\latie\Documents\GitHub\NataCarePM\[39msrc\api\auditExport.service.ts:63:11
    at [90mC:\Users\latie\Documents\GitHub\NataCarePM\[39msrc\api\__tests__\auditExport.servic
e.test.ts:42:50
    at Array.forEach (<anonymous>)
    at Object.<anonymous> [90m(C:\Users\latie\Documents\GitHub\NataCarePM\[39msrc\api\__tests_
_\auditExport.service.test.ts:42:26[90m)[39m
    at Object.mockCall [90m(file:///C:/Users/latie/Documents/GitHub/NataCarePM/[39mnode_module
s/[4m@vitest/spy[24m/dist/index.js:96:15[90m)[39m
    at Object.spy [as eachRow] [90m(file:///C:/Users/latie/Documents/GitHub/NataCarePM/[39mnod
e_modules/[4mtinyspy[24m/dist/index.js:47:80[90m)[39m
    at Module.exportToExcel [90m(C:\Users\latie\Documents\GitHub\NataCarePM\[39msrc\api\auditE
xport.service.ts:62:15[90m)[39m
    at [90mC:\Users\latie\Documents\GitHub\NataCarePM\[39msrc\api\__tests__\auditExport.servic
e.test.ts:192:20
    at [90mfile:///C:/Users/latie/Documents/GitHub/NataCarePM/[39mnode_modules/[4m@vitest/run
ner[24m/dist/chunk-hooks.js:752:20

[90mstderr[2m | src/api/__tests__/auditExport.service.test.ts[2m > [22m[2mAuditExport 
Service (ExcelJS)[2m > [22m[2mexportToExcel (ExcelJS)[2m > [22m[2mshould auto-size 
columns based on content
[22m[39mError exporting to Excel: TypeError: row.eachCell is not a function
    at [90mC:\Users\latie\Documents\GitHub\NataCarePM\[39msrc\api\auditExport.service.ts:63:11
    at [90mC:\Users\latie\Documents\GitHub\NataCarePM\[39msrc\api\__tests__\auditExport.servic
e.test.ts:42:50
    at Array.forEach (<anonymous>)
    at Object.<anonymous> [90m(C:\Users\latie\Documents\GitHub\NataCarePM\[39msrc\api\__tests_
_\auditExport.service.test.ts:42:26[90m)[39m
    at Object.mockCall [90m(file:///C:/Users/latie/Documents/GitHub/NataCarePM/[39mnode_module
s/[4m@vitest/spy[24m/dist/index.js:96:15[90m)[39m
    at Object.spy [as eachRow] [90m(file:///C:/Users/latie/Documents/GitHub/NataCarePM/[39mnod
e_modules/[4mtinyspy[24m/dist/index.js:47:80[90m)[39m
    at Module.exportToExcel [90m(C:\Users\latie\Documents\GitHub\NataCarePM\[39msrc\api\auditE
xport.service.ts:62:15[90m)[39m
    at [90mC:\Users\latie\Documents\GitHub\NataCarePM\[39msrc\api\__tests__\auditExport.servic
e.test.ts:197:20
    at [90mfile:///C:/Users/latie/Documents/GitHub/NataCarePM/[39mnode_modules/[4m@vitest/run
ner[24m/dist/chunk-hooks.js:752:20

 [32mΓ£ô[39m src/views/UnauthorizedView.test.tsx[2m > [22mUnauthorizedView Component[2m > [22mUser Interactions[2m > [22mshould handle multiple clicks on Go Back[32m 91[2mms[22m[39m
 [32mΓ£ô[39m src/views/UnauthorizedView.test.tsx[2m > [22mUnauthorizedView Component[2m > [22mUser Interactions[2m > [22mshould handle keyboard navigation[32m 47[2mms[22m[39m
 [32mΓ£ô[39m src/views/UnauthorizedView.test.tsx[2m > [22mUnauthorizedView Component[2m > [22mAccessibility[2m > [22mshould have proper heading hierarchy[32m 2[2mms[22m[39m
 [32mΓ£ô[39m src/views/UnauthorizedView.test.tsx[2m > [22mUnauthorizedView Component[2m > [22mAccessibility[2m > [22mshould have focusable buttons[32m 3[2mms[22m[39m
[90mstderr[2m | src/api/__tests__/auditExport.service.test.ts[2m > [22m[2mAuditExport 
Service (ExcelJS)[2m > [22m[2mexportAuditLogs[2m > [22m[2mshould export to Excel format
[22m[39mError exporting to Excel: TypeError: row.eachCell is not a function
    at [90mC:\Users\latie\Documents\GitHub\NataCarePM\[39msrc\api\auditExport.service.ts:63:11
    at [90mC:\Users\latie\Documents\GitHub\NataCarePM\[39msrc\api\__tests__\auditExport.servic
e.test.ts:42:50
    at Array.forEach (<anonymous>)
    at Object.<anonymous> [90m(C:\Users\latie\Documents\GitHub\NataCarePM\[39msrc\api\__tests_
_\auditExport.service.test.ts:42:26[90m)[39m
    at Object.mockCall [90m(file:///C:/Users/latie/Documents/GitHub/NataCarePM/[39mnode_module
s/[4m@vitest/spy[24m/dist/index.js:96:15[90m)[39m
    at Object.spy [as eachRow] [90m(file:///C:/Users/latie/Documents/GitHub/NataCarePM/[39mnod
e_modules/[4mtinyspy[24m/dist/index.js:47:80[90m)[39m
    at exportToExcel [90m(C:\Users\latie\Documents\GitHub\NataCarePM\[39msrc\api\auditExport.s
ervice.ts:62:15[90m)[39m
    at Module.exportAuditLogs [90m(C:\Users\latie\Documents\GitHub\NataCarePM\[39msrc\api\audi
tExport.service.ts:287:16[90m)[39m
    at [90mC:\Users\latie\Documents\GitHub\NataCarePM\[39msrc\api\__tests__\auditExport.servic
e.test.ts:282:7
    at [90mfile:///C:/Users/latie/Documents/GitHub/NataCarePM/[39mnode_modules/[4m@vitest/run
ner[24m/dist/chunk-hooks.js:752:20

[90mstderr[2m | src/api/__tests__/auditExport.service.test.ts[2m > [22m[2mAuditExport 
Service (ExcelJS)[2m > [22m[2mexportAuditLogs[2m > [22m[2mshould export to Excel format
[22m[39mError exporting audit logs: Error: Failed to export to Excel
    at exportToExcel [90m(C:\Users\latie\Documents\GitHub\NataCarePM\[39msrc\api\auditExport.s
ervice.ts:108:11[90m)[39m
    at Module.exportAuditLogs [90m(C:\Users\latie\Documents\GitHub\NataCarePM\[39msrc\api\audi
tExport.service.ts:287:16[90m)[39m
    at [90mC:\Users\latie\Documents\GitHub\NataCarePM\[39msrc\api\__tests__\auditExport.servic
e.test.ts:282:7
    at [90mfile:///C:/Users/latie/Documents/GitHub/NataCarePM/[39mnode_modules/[4m@vitest/run
ner[24m/dist/chunk-hooks.js:752:20

[90mstderr[2m | src/api/__tests__/auditExport.service.test.ts[2m > [22m[2mAuditExport 
Service (ExcelJS)[2m > [22m[2mexportAuditLogs[2m > [22m[2mshould throw error for 
unsupported format
[22m[39mError exporting audit logs: Error: Unsupported export format: xml
    at Module.exportAuditLogs [90m(C:\Users\latie\Documents\GitHub\NataCarePM\[39msrc\api\audi
tExport.service.ts:303:15[90m)[39m
    at [90mC:\Users\latie\Documents\GitHub\NataCarePM\[39msrc\api\__tests__\auditExport.servic
e.test.ts:308:9
    at [90mfile:///C:/Users/latie/Documents/GitHub/NataCarePM/[39mnode_modules/[4m@vitest/run
ner[24m/dist/chunk-hooks.js:155:11
    at [90mfile:///C:/Users/latie/Documents/GitHub/NataCarePM/[39mnode_modules/[4m@vitest/run
ner[24m/dist/chunk-hooks.js:752:26
    at [90mfile:///C:/Users/latie/Documents/GitHub/NataCarePM/[39mnode_modules/[4m@vitest/run
ner[24m/dist/chunk-hooks.js:1897:20
    at new Promise (<anonymous>)
    at runWithTimeout [90m(file:///C:/Users/latie/Documents/GitHub/NataCarePM/[39mnode_modules
/[4m@vitest/runner[24m/dist/chunk-hooks.js:1863:10[90m)[39m
    at runTest [90m(file:///C:/Users/latie/Documents/GitHub/NataCarePM/[39mnode_modules/[4m@v
itest/runner[24m/dist/chunk-hooks.js:1574:12[90m)[39m
    at runSuite [90m(file:///C:/Users/latie/Documents/GitHub/NataCarePM/[39mnode_modules/[4m@
vitest/runner[24m/dist/chunk-hooks.js:1729:8[90m)[39m
    at runSuite [90m(file:///C:/Users/latie/Documents/GitHub/NataCarePM/[39mnode_modules/[4m@
vitest/runner[24m/dist/chunk-hooks.js:1729:8[90m)[39m

[90mstderr[2m | src/api/__tests__/auditExport.service.test.ts[2m > [22m[2mAuditExport 
Service (ExcelJS)[2m > [22m[2mexportAuditLogs[2m > [22m[2mshould generate filename with 
timestamp
[22m[39mError exporting to Excel: TypeError: row.eachCell is not a function
    at [90mC:\Users\latie\Documents\GitHub\NataCarePM\[39msrc\api\auditExport.service.ts:63:11
    at [90mC:\Users\latie\Documents\GitHub\NataCarePM\[39msrc\api\__tests__\auditExport.servic
e.test.ts:42:50
    at Array.forEach (<anonymous>)
    at Object.<anonymous> [90m(C:\Users\latie\Documents\GitHub\NataCarePM\[39msrc\api\__tests_
_\auditExport.service.test.ts:42:26[90m)[39m
    at Object.mockCall [90m(file:///C:/Users/latie/Documents/GitHub/NataCarePM/[39mnode_module
s/[4m@vitest/spy[24m/dist/index.js:96:15[90m)[39m
    at Object.spy [as eachRow] [90m(file:///C:/Users/latie/Documents/GitHub/NataCarePM/[39mnod
e_modules/[4mtinyspy[24m/dist/index.js:47:80[90m)[39m
    at exportToExcel [90m(C:\Users\latie\Documents\GitHub\NataCarePM\[39msrc\api\auditExport.s
ervice.ts:62:15[90m)[39m
    at Module.exportAuditLogs [90m(C:\Users\latie\Documents\GitHub\NataCarePM\[39msrc\api\audi
tExport.service.ts:287:16[90m)[39m
    at [90mC:\Users\latie\Documents\GitHub\NataCarePM\[39msrc\api\__tests__\auditExport.servic
e.test.ts:313:7
    at [90mfile:///C:/Users/latie/Documents/GitHub/NataCarePM/[39mnode_modules/[4m@vitest/run
ner[24m/dist/chunk-hooks.js:752:20

[90mstderr[2m | src/api/__tests__/auditExport.service.test.ts[2m > [22m[2mAuditExport 
Service (ExcelJS)[2m > [22m[2mexportAuditLogs[2m > [22m[2mshould generate filename with 
timestamp
[22m[39mError exporting audit logs: Error: Failed to export to Excel
    at exportToExcel [90m(C:\Users\latie\Documents\GitHub\NataCarePM\[39msrc\api\auditExport.s
ervice.ts:108:11[90m)[39m
    at Module.exportAuditLogs [90m(C:\Users\latie\Documents\GitHub\NataCarePM\[39msrc\api\audi
tExport.service.ts:287:16[90m)[39m
    at [90mC:\Users\latie\Documents\GitHub\NataCarePM\[39msrc\api\__tests__\auditExport.servic
e.test.ts:313:7
    at [90mfile:///C:/Users/latie/Documents/GitHub/NataCarePM/[39mnode_modules/[4m@vitest/run
ner[24m/dist/chunk-hooks.js:752:20

[90mstderr[2m | src/api/__tests__/auditExport.service.test.ts[2m > [22m[2mAuditExport 
Service (ExcelJS)[2m > [22m[2mError Handling[2m > [22m[2mshould handle Excel export 
errors gracefully
[22m[39mError exporting to Excel: Error: [vitest] There was an error when mocking a module. 
If you are using "vi.mock" factory, make sure there are no top level variables inside, since 
this call is hoisted to top of the file. Read more: https://vitest.dev/api/vi.html#vi-mock
    at ManualMockedModule.resolve [90m(file:///C:/Users/latie/Documents/GitHub/NataCarePM/[39m
node_modules/[4m@vitest/mocker[24m/dist/chunk-registry.js:160:24[90m)[39m
    at VitestMocker.callFunctionMock [90m(file:///C:/Users/latie/Documents/GitHub/NataCarePM/[
39mnode_modules/[4mvitest[24m/dist/chunks/execute.B7h3T_Hc.js:322:30[90m)[39m
[90m    ... 5 lines matching cause stack trace ...[39m
    at [90mfile:///C:/Users/latie/Documents/GitHub/NataCarePM/[39mnode_modules/[4m@vitest/run
ner[24m/dist/chunk-hooks.js:752:20 {
  cause: Error: ExcelJS error
      at [90mC:\Users\latie\Documents\GitHub\NataCarePM\[39msrc\api\__tests__\auditExport.serv
ice.test.ts:400:15
      at ManualMockedModule.factory [90m(file:///C:/Users/latie/Documents/GitHub/NataCarePM/[3
9mnode_modules/[4mvitest[24m/dist/chunks/vi.bdSIJ99Y.js:3913:78[90m)[39m
      at ManualMockedModule.resolve [90m(file:///C:/Users/latie/Documents/GitHub/NataCarePM/[3
9mnode_modules/[4m@vitest/mocker[24m/dist/chunk-registry.js:158:25[90m)[39m
      at VitestMocker.callFunctionMock [90m(file:///C:/Users/latie/Documents/GitHub/NataCarePM/
[39mnode_modules/[4mvitest[24m/dist/chunks/execute.B7h3T_Hc.js:322:30[90m)[39m
      at VitestMocker.requestWithMock [90m(file:///C:/Users/latie/Documents/GitHub/NataCarePM/
[39mnode_modules/[4mvitest[24m/dist/chunks/execute.B7h3T_Hc.js:433:22[90m)[39m
      at VitestExecutor.dependencyRequest [90m(file:///C:/Users/latie/Documents/GitHub/NataCare
PM/[39mnode_modules/[4mvitest[24m/dist/chunks/execute.B7h3T_Hc.js:692:36[90m)[39m
      at request [90m(file:///C:/Users/latie/Documents/GitHub/NataCarePM/[39mnode_modules/[4m
vite-node[24m/dist/client.mjs:264:16[90m)[39m
      at Module.exportToExcel [90m(C:\Users\latie\Documents\GitHub\NataCarePM\[39msrc\api\audi
tExport.service.ts:21:26[90m)[39m
      at [90mC:\Users\latie\Documents\GitHub\NataCarePM\[39msrc\api\__tests__\auditExport.serv
ice.test.ts:403:7
      at [90mfile:///C:/Users/latie/Documents/GitHub/NataCarePM/[39mnode_modules/[4m@vitest/r
unner[24m/dist/chunk-hooks.js:752:20
}

[90mstderr[2m | src/api/__tests__/auditExport.service.test.ts[2m > [22m[2mAuditExport 
Service (ExcelJS)[2m > [22m[2mError Handling[2m > [22m[2mshould handle PDF export errors 
gracefully
[22m[39mError exporting to PDF: Error: [vitest] There was an error when mocking a module. If 
you are using "vi.mock" factory, make sure there are no top level variables inside, since this 
call is hoisted to top of the file. Read more: https://vitest.dev/api/vi.html#vi-mock
    at ManualMockedModule.resolve [90m(file:///C:/Users/latie/Documents/GitHub/NataCarePM/[39m
node_modules/[4m@vitest/mocker[24m/dist/chunk-registry.js:160:24[90m)[39m
    at VitestMocker.callFunctionMock [90m(file:///C:/Users/latie/Documents/GitHub/NataCarePM/[
39mnode_modules/[4mvitest[24m/dist/chunks/execute.B7h3T_Hc.js:322:30[90m)[39m
[90m    ... 5 lines matching cause stack trace ...[39m
    at [90mfile:///C:/Users/latie/Documents/GitHub/NataCarePM/[39mnode_modules/[4m@vitest/run
ner[24m/dist/chunk-hooks.js:752:20 {
  cause: Error: jsPDF error
      at [90mC:\Users\latie\Documents\GitHub\NataCarePM\[39msrc\api\__tests__\auditExport.serv
ice.test.ts:409:15
      at ManualMockedModule.factory [90m(file:///C:/Users/latie/Documents/GitHub/NataCarePM/[3
9mnode_modules/[4mvitest[24m/dist/chunks/vi.bdSIJ99Y.js:3913:78[90m)[39m
      at ManualMockedModule.resolve [90m(file:///C:/Users/latie/Documents/GitHub/NataCarePM/[3
9mnode_modules/[4m@vitest/mocker[24m/dist/chunk-registry.js:158:25[90m)[39m
      at VitestMocker.callFunctionMock [90m(file:///C:/Users/latie/Documents/GitHub/NataCarePM/
[39mnode_modules/[4mvitest[24m/dist/chunks/execute.B7h3T_Hc.js:322:30[90m)[39m
      at VitestMocker.requestWithMock [90m(file:///C:/Users/latie/Documents/GitHub/NataCarePM/
[39mnode_modules/[4mvitest[24m/dist/chunks/execute.B7h3T_Hc.js:433:22[90m)[39m
      at VitestExecutor.dependencyRequest [90m(file:///C:/Users/latie/Documents/GitHub/NataCare
PM/[39mnode_modules/[4mvitest[24m/dist/chunks/execute.B7h3T_Hc.js:692:36[90m)[39m
      at request [90m(file:///C:/Users/latie/Documents/GitHub/NataCarePM/[39mnode_modules/[4m
vite-node[24m/dist/client.mjs:264:16[90m)[39m
      at Module.exportToPDF [90m(C:\Users\latie\Documents\GitHub\NataCarePM\[39msrc\api\auditE
xport.service.ts:121:23[90m)[39m
      at [90mC:\Users\latie\Documents\GitHub\NataCarePM\[39msrc\api\__tests__\auditExport.serv
ice.test.ts:412:7
      at [90mfile:///C:/Users/latie/Documents/GitHub/NataCarePM/[39mnode_modules/[4m@vitest/r
unner[24m/dist/chunk-hooks.js:752:20
}

[90mstderr[2m | src/api/__tests__/auditExport.service.test.ts[2m > [22m[2mAuditExport 
Service (ExcelJS)[2m > [22m[2mError Handling[2m > [22m[2mshould handle CSV export errors 
gracefully
[22m[39mError exporting to CSV: TypeError: Cannot read properties of null (reading 'map')
    at prepareExportData [90m(C:\Users\latie\Documents\GitHub\NataCarePM\[39msrc\api\auditExpo
rt.service.ts:327:15[90m)[39m
    at Module.exportToCSV [90m(C:\Users\latie\Documents\GitHub\NataCarePM\[39msrc\api\auditExp
ort.service.ts:211:18[90m)[39m
    at [90mC:\Users\latie\Documents\GitHub\NataCarePM\[39msrc\api\__tests__\auditExport.servic
e.test.ts:419:20
    at [90mfile:///C:/Users/latie/Documents/GitHub/NataCarePM/[39mnode_modules/[4m@vitest/run
ner[24m/dist/chunk-hooks.js:155:11
    at [90mfile:///C:/Users/latie/Documents/GitHub/NataCarePM/[39mnode_modules/[4m@vitest/run
ner[24m/dist/chunk-hooks.js:752:26
    at [90mfile:///C:/Users/latie/Documents/GitHub/NataCarePM/[39mnode_modules/[4m@vitest/run
ner[24m/dist/chunk-hooks.js:1897:20
    at new Promise (<anonymous>)
    at runWithTimeout [90m(file:///C:/Users/latie/Documents/GitHub/NataCarePM/[39mnode_modules
/[4m@vitest/runner[24m/dist/chunk-hooks.js:1863:10[90m)[39m
    at runTest [90m(file:///C:/Users/latie/Documents/GitHub/NataCarePM/[39mnode_modules/[4m@v
itest/runner[24m/dist/chunk-hooks.js:1574:12[90m)[39m
    at runSuite [90m(file:///C:/Users/latie/Documents/GitHub/NataCarePM/[39mnode_modules/[4m@
vitest/runner[24m/dist/chunk-hooks.js:1729:8[90m)[39m

 [31m├ù[39m src/api/__tests__/auditExport.service.test.ts[2m > [22mAuditExport Service (ExcelJS)[2m > [22mexportToExcel (ExcelJS)[2m > [22mshould export audit logs to Excel format[32m 7[2mms[22m[39m
[31m   ΓåÆ Failed to export to Excel[39m
 [31m├ù[39m src/api/__tests__/auditExport.service.test.ts[2m > [22mAuditExport Service (ExcelJS)[2m > [22mexportToExcel (ExcelJS)[2m > [22mshould create worksheet with correct data[32m 1[2mms[22m[39m
[31m   ΓåÆ Failed to export to Excel[39m
 [31m├ù[39m src/api/__tests__/auditExport.service.test.ts[2m > [22mAuditExport Service (ExcelJS)[2m > [22mexportToExcel (ExcelJS)[2m > [22mshould handle empty data gracefully[32m 8[2mms[22m[39m
[31m   ΓåÆ expected [Function] to throw error including 'No data to export' but got 'Failed to export to Excel'[39m
 [31m├ù[39m src/api/__tests__/auditExport.service.test.ts[2m > [22mAuditExport Service (ExcelJS)[2m > [22mexportToExcel (ExcelJS)[2m > [22mshould add summary sheet when includeStatistics is true[32m 1[2mms[22m[39m
[31m   ΓåÆ Failed to export to Excel[39m
 [31m├ù[39m src/api/__tests__/auditExport.service.test.ts[2m > [22mAuditExport Service (ExcelJS)[2m > [22mexportToExcel (ExcelJS)[2m > [22mshould auto-size columns based on content[32m 1[2mms[22m[39m
[31m   ΓåÆ Failed to export to Excel[39m
 [32mΓ£ô[39m src/api/__tests__/auditExport.service.test.ts[2m > [22mAuditExport Service (ExcelJS)[2m > [22mexportToPDF[2m > [22mshould export audit logs to PDF format[32m 2[2mms[22m[39m
 [32mΓ£ô[39m src/api/__tests__/auditExport.service.test.ts[2m > [22mAuditExport Service (ExcelJS)[2m > [22mexportToPDF[2m > [22mshould include statistics in PDF when requested[32m 1[2mms[22m[39m
 [32mΓ£ô[39m src/api/__tests__/auditExport.service.test.ts[2m > [22mAuditExport Service (ExcelJS)[2m > [22mexportToCSV[2m > [22mshould export audit logs to CSV format[32m 0[2mms[22m[39m
 [32mΓ£ô[39m src/api/__tests__/auditExport.service.test.ts[2m > [22mAuditExport Service (ExcelJS)[2m > [22mexportToCSV[2m > [22mshould handle special characters in CSV[32m 0[2mms[22m[39m
 [32mΓ£ô[39m src/api/__tests__/auditExport.service.test.ts[2m > [22mAuditExport Service (ExcelJS)[2m > [22mexportToJSON[2m > [22mshould export audit logs to JSON format[32m 0[2mms[22m[39m
 [32mΓ£ô[39m src/api/__tests__/auditExport.service.test.ts[2m > [22mAuditExport Service (ExcelJS)[2m > [22mexportToJSON[2m > [22mshould create valid JSON[32m 0[2mms[22m[39m
 [31m├ù[39m src/api/__tests__/auditExport.service.test.ts[2m > [22mAuditExport Service (ExcelJS)[2m > [22mexportAuditLogs[2m > [22mshould export to Excel format[32m 2[2mms[22m[39m
[31m   ΓåÆ Failed to export to Excel[39m
 [32mΓ£ô[39m src/api/__tests__/auditExport.service.test.ts[2m > [22mAuditExport Service (ExcelJS)[2m > [22mexportAuditLogs[2m > [22mshould export to PDF format[32m 2[2mms[22m[39m
 [32mΓ£ô[39m src/api/__tests__/auditExport.service.test.ts[2m > [22mAuditExport Service (ExcelJS)[2m > [22mexportAuditLogs[2m > [22mshould export to CSV format[32m 1[2mms[22m[39m
 [32mΓ£ô[39m src/api/__tests__/auditExport.service.test.ts[2m > [22mAuditExport Service (ExcelJS)[2m > [22mexportAuditLogs[2m > [22mshould export to JSON format[32m 0[2mms[22m[39m
 [32mΓ£ô[39m src/api/__tests__/auditExport.service.test.ts[2m > [22mAuditExport Service (ExcelJS)[2m > [22mexportAuditLogs[2m > [22mshould throw error for unsupported format[32m 1[2mms[22m[39m
 [31m├ù[39m src/api/__tests__/auditExport.service.test.ts[2m > [22mAuditExport Service (ExcelJS)[2m > [22mexportAuditLogs[2m > [22mshould generate filename with timestamp[32m 1[2mms[22m[39m
[31m   ΓåÆ Failed to export to Excel[39m
 [32mΓ£ô[39m src/api/__tests__/auditExport.service.test.ts[2m > [22mAuditExport Service (ExcelJS)[2m > [22mdownloadBlob[2m > [22mshould create download link and trigger click[32m 2[2mms[22m[39m
 [32mΓ£ô[39m src/api/__tests__/auditExport.service.test.ts[2m > [22mAuditExport Service (ExcelJS)[2m > [22mgetDefaultExportOptions[2m > [22mshould return default export options[32m 1[2mms[22m[39m
 [32mΓ£ô[39m src/api/__tests__/auditExport.service.test.ts[2m > [22mAuditExport Service (ExcelJS)[2m > [22mField Selection[2m > [22mshould export only selected fields[32m 1[2mms[22m[39m
 [32mΓ£ô[39m src/api/__tests__/auditExport.service.test.ts[2m > [22mAuditExport Service (ExcelJS)[2m > [22mField Selection[2m > [22mshould include changes when requested[32m 0[2mms[22m[39m
 [32mΓ£ô[39m src/api/__tests__/auditExport.service.test.ts[2m > [22mAuditExport Service (ExcelJS)[2m > [22mError Handling[2m > [22mshould handle Excel export errors gracefully[32m 3[2mms[22m[39m
 [32mΓ£ô[39m src/api/__tests__/auditExport.service.test.ts[2m > [22mAuditExport Service (ExcelJS)[2m > [22mError Handling[2m > [22mshould handle PDF export errors gracefully[32m 2[2mms[22m[39m
 [32mΓ£ô[39m src/api/__tests__/auditExport.service.test.ts[2m > [22mAuditExport Service (ExcelJS)[2m > [22mError Handling[2m > [22mshould handle CSV export errors gracefully[32m 1[2mms[22m[39m
 [32mΓ£ô[39m src/components/FormControls.test.tsx[2m > [22mTextarea[2m > [22mInteractions[2m > [22mshould update value when typing[32m 248[2mms[22m[39m
 [32mΓ£ô[39m src/views/UnauthorizedView.test.tsx[2m > [22mUnauthorizedView Component[2m > [22mAccessibility[2m > [22mshould have button roles[32m 5[2mms[22m[39m
 [32mΓ£ô[39m src/views/UnauthorizedView.test.tsx[2m > [22mUnauthorizedView Component[2m > [22mAccessibility[2m > [22mshould have descriptive button text[32m 2[2mms[22m[39m
 [32mΓ£ô[39m src/views/UnauthorizedView.test.tsx[2m > [22mUnauthorizedView Component[2m > [22mContent[2m > [22mshould display full error message[32m 2[2mms[22m[39m
 [32mΓ£ô[39m src/views/UnauthorizedView.test.tsx[2m > [22mUnauthorizedView Component[2m > [22mContent[2m > [22mshould have proper paragraph styling[32m 2[2mms[22m[39m
 [32mΓ£ô[39m src/views/UnauthorizedView.test.tsx[2m > [22mUnauthorizedView Component[2m > [22mContent[2m > [22mshould render all text content[32m 4[2mms[22m[39m
 [32mΓ£ô[39m src/views/UnauthorizedView.test.tsx[2m > [22mUnauthorizedView Component[2m > [22mIcon Display[2m > [22mshould render icon in circular container[32m 2[2mms[22m[39m
 [32mΓ£ô[39m src/views/UnauthorizedView.test.tsx[2m > [22mUnauthorizedView Component[2m > [22mIcon Display[2m > [22mshould center icon in container[32m 2[2mms[22m[39m
 [32mΓ£ô[39m src/views/UnauthorizedView.test.tsx[2m > [22mUnauthorizedView Component[2m > [22mIcon Display[2m > [22mshould render Home icon with proper size[32m 5[2mms[22m[39m
 [32mΓ£ô[39m src/views/UnauthorizedView.test.tsx[2m > [22mUnauthorizedView Component[2m > [22mResponsive Design[2m > [22mshould have responsive padding[32m 2[2mms[22m[39m
 [32mΓ£ô[39m src/views/UnauthorizedView.test.tsx[2m > [22mUnauthorizedView Component[2m > [22mResponsive Design[2m > [22mshould have max-width constraint[32m 2[2mms[22m[39m
 [32mΓ£ô[39m src/views/UnauthorizedView.test.tsx[2m > [22mUnauthorizedView Component[2m > [22mResponsive Design[2m > [22mshould have responsive button layout classes[32m 3[2mms[22m[39m
 [32mΓ£ô[39m src/views/UnauthorizedView.test.tsx[2m > [22mUnauthorizedView Component[2m > [22mEdge Cases[2m > [22mshould render without crashing[32m 2[2mms[22m[39m
 [32mΓ£ô[39m src/views/UnauthorizedView.test.tsx[2m > [22mUnauthorizedView Component[2m > [22mEdge Cases[2m > [22mshould handle rapid button clicks[32m 86[2mms[22m[39m
 [32mΓ£ô[39m src/views/UnauthorizedView.test.tsx[2m > [22mUnauthorizedView Component[2m > [22mEdge Cases[2m > [22mshould work without BrowserRouter (using MemoryRouter)[32m 2[2mms[22m[39m
 [32mΓ£ô[39m src/views/UnauthorizedView.test.tsx[2m > [22mUnauthorizedView Component[2m > [22mIntegration[2m > [22mshould work within application routing[32m 3[2mms[22m[39m
 [32mΓ£ô[39m src/views/UnauthorizedView.test.tsx[2m > [22mUnauthorizedView Component[2m > [22mIntegration[2m > [22mshould navigate correctly in sequence[32m 105[2mms[22m[39m
 [32mΓ£ô[39m src/api/__tests__/enhancedPredictiveAnalyticsService.test.ts[2m > [22mEnhancedPredictiveAnalyticsService[2m > [22mFeatureEngineer[2m > [22mshould extract features from project data[32m 2[2mms[22m[39m
 [32mΓ£ô[39m src/api/__tests__/enhancedPredictiveAnalyticsService.test.ts[2m > [22mEnhancedPredictiveAnalyticsService[2m > [22mEnsembleForecaster[2m > [22mshould initialize correctly[32m 0[2mms[22m[39m
 [32mΓ£ô[39m src/api/__tests__/enhancedPredictiveAnalyticsService.test.ts[2m > [22mEnhancedPredictiveAnalyticsService[2m > [22mEnhancedPredictiveAnalyticsService[2m > [22mshould initialize correctly[32m 0[2mms[22m[39m
 [32mΓ£ô[39m src/api/__tests__/advancedEncryptionService.test.ts[2m > [22mAdvancedEncryptionService[2m > [22mData Encryption[2m > [22mshould encrypt and decrypt data correctly[32m 6[2mms[22m[39m
 [32mΓ£ô[39m src/api/__tests__/advancedEncryptionService.test.ts[2m > [22mAdvancedEncryptionService[2m > [22mData Encryption[2m > [22mshould generate different ciphertext for the same plaintext[32m 4[2mms[22m[39m
 [32mΓ£ô[39m src/api/__tests__/advancedEncryptionService.test.ts[2m > [22mAdvancedEncryptionService[2m > [22mBiometric Data Encryption[2m > [22mshould encrypt and decrypt biometric data[32m 1[2mms[22m[39m
 [32mΓ£ô[39m src/api/__tests__/advancedEncryptionService.test.ts[2m > [22mAdvancedEncryptionService[2m > [22mAsymmetric Encryption[2m > [22mshould generate key pair and encrypt/decrypt data[32m 113[2mms[22m[39m
 [32mΓ£ô[39m src/api/__tests__/advancedEncryptionService.test.ts[2m > [22mAdvancedEncryptionService[2m > [22mHashing[2m > [22mshould hash data and verify it correctly[32m 1[2mms[22m[39m
 [32mΓ£ô[39m src/api/__tests__/advancedEncryptionService.test.ts[2m > [22mAdvancedEncryptionService[2m > [22mHashing[2m > [22mshould reject invalid hash[32m 0[2mms[22m[39m
 [32mΓ£ô[39m src/api/__tests__/advancedEncryptionService.test.ts[2m > [22mKeyManager[2m > [22mshould initialize correctly[32m 1[2mms[22m[39m
 [32mΓ£ô[39m src/api/__tests__/advancedEncryptionService.test.ts[2m > [22mKeyManager[2m > [22mshould generate keys with correct properties[32m 1[2mms[22m[39m
 [32mΓ£ô[39m src/api/__tests__/enhancedReportingService.test.ts[2m > [22mEnhanced Reporting Service[2m > [22mReport Templates[2m > [22mshould initialize with default templates[32m 2[2mms[22m[39m
 [32mΓ£ô[39m src/api/__tests__/enhancedReportingService.test.ts[2m > [22mEnhanced Reporting Service[2m > [22mReport Templates[2m > [22mshould filter templates by category[32m 0[2mms[22m[39m
 [32mΓ£ô[39m src/api/__tests__/enhancedReportingService.test.ts[2m > [22mEnhanced Reporting Service[2m > [22mReport Templates[2m > [22mshould get template by ID[32m 0[2mms[22m[39m
 [32mΓ£ô[39m src/api/__tests__/enhancedReportingService.test.ts[2m > [22mEnhanced Reporting Service[2m > [22mReport Templates[2m > [22mshould handle non-existent template[32m 0[2mms[22m[39m
 [32mΓ£ô[39m src/api/__tests__/enhancedReportingService.test.ts[2m > [22mEnhanced Reporting Service[2m > [22mDashboard Configurations[2m > [22mshould initialize with default dashboards[32m 0[2mms[22m[39m
 [32mΓ£ô[39m src/api/__tests__/enhancedReportingService.test.ts[2m > [22mEnhanced Reporting Service[2m > [22mDashboard Configurations[2m > [22mshould handle non-existent dashboard[32m 0[2mms[22m[39m
 [32mΓ£ô[39m src/api/__tests__/enhancedReportingService.test.ts[2m > [22mEnhanced Reporting Service[2m > [22mReport Generation[2m > [22mshould generate project report[32m 1[2mms[22m[39m
 [32mΓ£ô[39m src/api/__tests__/enhancedReportingService.test.ts[2m > [22mEnhanced Reporting Service[2m > [22mCustom Report Builder[2m > [22mshould generate custom report[32m 1[2mms[22m[39m
 [32mΓ£ô[39m src/api/__tests__/enhancedReportingService.test.ts[2m > [22mEnhanced Reporting Service[2m > [22mReport Export[2m > [22mshould export report to different formats[32m 0[2mms[22m[39m
 [32mΓ£ô[39m src/api/__tests__/integrationConnectors.test.ts[2m > [22mIntegration Connectors[2m > [22mMicrosoft Project Connector[2m > [22mshould initialize correctly[32m 2[2mms[22m[39m
 [32mΓ£ô[39m src/api/__tests__/integrationConnectors.test.ts[2m > [22mIntegration Connectors[2m > [22mMicrosoft Project Connector[2m > [22mshould authenticate successfully[32m 1[2mms[22m[39m
 [32mΓ£ô[39m src/api/__tests__/integrationConnectors.test.ts[2m > [22mIntegration Connectors[2m > [22mMicrosoft Project Connector[2m > [22mshould map status correctly[32m 0[2mms[22m[39m
 [32mΓ£ô[39m src/api/__tests__/integrationConnectors.test.ts[2m > [22mIntegration Connectors[2m > [22mMicrosoft Project Connector[2m > [22mshould map priority correctly[32m 0[2mms[22m[39m
 [32mΓ£ô[39m src/api/__tests__/integrationConnectors.test.ts[2m > [22mIntegration Connectors[2m > [22mMicrosoft Project Connector[2m > [22mshould map resource type correctly[32m 0[2mms[22m[39m
 [32mΓ£ô[39m src/api/__tests__/integrationConnectors.test.ts[2m > [22mIntegration Connectors[2m > [22mPrimavera Connector[2m > [22mshould initialize correctly[32m 0[2mms[22m[39m
 [32mΓ£ô[39m src/api/__tests__/integrationConnectors.test.ts[2m > [22mIntegration Connectors[2m > [22mPrimavera Connector[2m > [22mshould authenticate successfully[32m 0[2mms[22m[39m
 [32mΓ£ô[39m src/api/__tests__/integrationConnectors.test.ts[2m > [22mIntegration Connectors[2m > [22mPrimavera Connector[2m > [22mshould map project status correctly[32m 0[2mms[22m[39m
 [32mΓ£ô[39m src/api/__tests__/integrationConnectors.test.ts[2m > [22mIntegration Connectors[2m > [22mPrimavera Connector[2m > [22mshould map activity status correctly[32m 0[2mms[22m[39m
 [32mΓ£ô[39m src/api/__tests__/integrationConnectors.test.ts[2m > [22mIntegration Connectors[2m > [22mPrimavera Connector[2m > [22mshould map activity priority correctly[32m 0[2mms[22m[39m
 [32mΓ£ô[39m src/api/__tests__/integrationConnectors.test.ts[2m > [22mIntegration Connectors[2m > [22mPrimavera Connector[2m > [22mshould map resource type correctly[32m 0[2mms[22m[39m
 [32mΓ£ô[39m src/api/__tests__/integrationConnectors.test.ts[2m > [22mIntegration Connectors[2m > [22mSAP Connector[2m > [22mshould initialize correctly[32m 0[2mms[22m[39m
 [32mΓ£ô[39m src/api/__tests__/integrationConnectors.test.ts[2m > [22mIntegration Connectors[2m > [22mSAP Connector[2m > [22mshould authenticate successfully[32m 0[2mms[22m[39m
 [32mΓ£ô[39m src/api/__tests__/integrationConnectors.test.ts[2m > [22mIntegration Connectors[2m > [22mSAP Connector[2m > [22mshould calculate duration correctly[32m 0[2mms[22m[39m
 [32mΓ£ô[39m src/api/__tests__/integrationConnectors.test.ts[2m > [22mIntegration Connectors[2m > [22mSAP Connector[2m > [22mshould map project status correctly[32m 0[2mms[22m[39m
 [32mΓ£ô[39m src/api/__tests__/integrationConnectors.test.ts[2m > [22mIntegration Connectors[2m > [22mSAP Connector[2m > [22mshould map network status correctly[32m 0[2mms[22m[39m
 [32mΓ£ô[39m src/api/__tests__/integrationConnectors.test.ts[2m > [22mIntegration Connectors[2m > [22mSAP Connector[2m > [22mshould map network priority correctly[32m 0[2mms[22m[39m
 [32mΓ£ô[39m src/api/__tests__/integrationConnectors.test.ts[2m > [22mIntegration Connectors[2m > [22mSAP Connector[2m > [22mshould map resource type correctly[32m 0[2mms[22m[39m
 [31m├ù[39m src/__tests__/integration/enhancedSecurity.integration.test.ts[2m > [22mEnhanced Security Integration Tests[2m > [22mEnhanced Authentication Security[2m > [22mshould integrate enhanced rate limiting with authentication service[32m 7[2mms[22m[39m
[31m   ΓåÆ expected "spy" to be called 2 times, but got 0 times[39m
 [31m├ù[39m src/__tests__/integration/enhancedSecurity.integration.test.ts[2m > [22mEnhanced Security Integration Tests[2m > [22mEnhanced Authentication Security[2m > [22mshould block brute force authentication attempts[32m 2[2mms[22m[39m
[31m   ΓåÆ Cannot read properties of undefined (reading 'success')[39m
 [31m├ù[39m src/__tests__/integration/enhancedSecurity.integration.test.ts[2m > [22mEnhanced Security Integration Tests[2m > [22mEnhanced Authentication Security[2m > [22mshould validate credentials with enhanced input validation[32m 6[2mms[22m[39m
[31m   ΓåÆ expected [ Array(1) ] to include 'Password is too common and easily gueΓÇª'[39m
 [32mΓ£ô[39m src/__tests__/integration/enhancedSecurity.integration.test.ts[2m > [22mEnhanced Security Integration Tests[2m > [22mEnhanced API Security[2m > [22mshould protect API endpoints with sliding window rate limiting[32m 5[2mms[22m[39m
 [32mΓ£ô[39m src/__tests__/integration/enhancedSecurity.integration.test.ts[2m > [22mEnhanced Security Integration Tests[2m > [22mEnhanced API Security[2m > [22mshould block abusive API clients[32m 1[2mms[22m[39m
 [32mΓ£ô[39m src/__tests__/integration/enhancedSecurity.integration.test.ts[2m > [22mEnhanced Security Integration Tests[2m > [22mEnhanced Session Security[2m > [22mshould integrate with existing session management[32m 2[2mms[22m[39m
 [32mΓ£ô[39m src/__tests__/integration/enhancedSecurity.integration.test.ts[2m > [22mEnhanced Security Integration Tests[2m > [22mEnhanced Session Security[2m > [22mshould detect suspicious session activity[32m 1[2mms[22m[39m
 [32mΓ£ô[39m src/__tests__/integration/enhancedSecurity.integration.test.ts[2m > [22mEnhanced Security Integration Tests[2m > [22mEnhanced Security Headers[2m > [22mshould apply comprehensive security headers[32m 0[2mms[22m[39m
 [32mΓ£ô[39m src/__tests__/integration/enhancedSecurity.integration.test.ts[2m > [22mEnhanced Security Integration Tests[2m > [22mEnhanced Security Headers[2m > [22mshould allow customization of security headers[32m 0[2mms[22m[39m
 [31m├ù[39m src/__tests__/integration/enhancedSecurity.integration.test.ts[2m > [22mEnhanced Security Integration Tests[2m > [22mBackward Compatibility[2m > [22mshould work alongside existing rate limiter[32m 0[2mms[22m[39m
[31m   ΓåÆ Cannot read properties of undefined (reading 'allowed')[39m
 [31m├ù[39m src/__tests__/integration/enhancedSecurity.integration.test.ts[2m > [22mEnhanced Security Integration Tests[2m > [22mBackward Compatibility[2m > [22mshould maintain existing authentication flow[32m 1[2mms[22m[39m
[31m   ΓåÆ Cannot read properties of undefined (reading 'success')[39m
 [2m[90mΓåô[39m[22m src/__tests__/api/projectService.test.ts[2m > [22mProject Service (OUTDATED - Needs Refactor)[2m > [22mcreateProject[2m > [22mshould create a project successfully
 [2m[90mΓåô[39m[22m src/__tests__/api/projectService.test.ts[2m > [22mProject Service (OUTDATED - Needs Refactor)[2m > [22mcreateProject[2m > [22mshould validate required fields
 [2m[90mΓåô[39m[22m src/__tests__/api/projectService.test.ts[2m > [22mProject Service (OUTDATED - Needs Refactor)[2m > [22mcreateProject[2m > [22mshould handle Firebase errors
 [2m[90mΓåô[39m[22m src/__tests__/api/projectService.test.ts[2m > [22mProject Service (OUTDATED - Needs Refactor)[2m > [22mupdateProject[2m > [22mshould update a project successfully
 [2m[90mΓåô[39m[22m src/__tests__/api/projectService.test.ts[2m > [22mProject Service (OUTDATED - Needs Refactor)[2m > [22mupdateProject[2m > [22mshould return error for non-existent project
 [2m[90mΓåô[39m[22m src/__tests__/api/projectService.test.ts[2m > [22mProject Service (OUTDATED - Needs Refactor)[2m > [22mupdateProject[2m > [22mshould validate budget constraints
 [2m[90mΓåô[39m[22m src/__tests__/api/projectService.test.ts[2m > [22mProject Service (OUTDATED - Needs Refactor)[2m > [22mdeleteProject[2m > [22mshould delete a project successfully
 [2m[90mΓåô[39m[22m src/__tests__/api/projectService.test.ts[2m > [22mProject Service (OUTDATED - Needs Refactor)[2m > [22mdeleteProject[2m > [22mshould prevent deletion of projects with active tasks
 [2m[90mΓåô[39m[22m src/__tests__/api/projectService.test.ts[2m > [22mProject Service (OUTDATED - Needs Refactor)[2m > [22mdeleteProject[2m > [22mshould check user permissions
 [2m[90mΓåô[39m[22m src/__tests__/api/projectService.test.ts[2m > [22mProject Service (OUTDATED - Needs Refactor)[2m > [22mgetProject[2m > [22mshould retrieve a project successfully
 [2m[90mΓåô[39m[22m src/__tests__/api/projectService.test.ts[2m > [22mProject Service (OUTDATED - Needs Refactor)[2m > [22mgetProject[2m > [22mshould return error for non-existent project
 [2m[90mΓåô[39m[22m src/__tests__/api/projectService.test.ts[2m > [22mProject Service (OUTDATED - Needs Refactor)[2m > [22mgetProjects[2m > [22mshould retrieve projects with pagination
 [2m[90mΓåô[39m[22m src/__tests__/api/projectService.test.ts[2m > [22mProject Service (OUTDATED - Needs Refactor)[2m > [22mgetProjects[2m > [22mshould filter by status
 [2m[90mΓåô[39m[22m src/__tests__/api/projectService.test.ts[2m > [22mProject Service (OUTDATED - Needs Refactor)[2m > [22maddProjectMember[2m > [22mshould add a member successfully
 [2m[90mΓåô[39m[22m src/__tests__/api/projectService.test.ts[2m > [22mProject Service (OUTDATED - Needs Refactor)[2m > [22maddProjectMember[2m > [22mshould prevent adding duplicate members
 [2m[90mΓåô[39m[22m src/__tests__/api/projectService.test.ts[2m > [22mProject Service (OUTDATED - Needs Refactor)[2m > [22maddProjectMember[2m > [22mshould check permissions
 [2m[90mΓåô[39m[22m src/__tests__/api/projectService.test.ts[2m > [22mProject Service (OUTDATED - Needs Refactor)[2m > [22mremoveProjectMember[2m > [22mshould remove a member successfully
 [2m[90mΓåô[39m[22m src/__tests__/api/projectService.test.ts[2m > [22mProject Service (OUTDATED - Needs Refactor)[2m > [22mremoveProjectMember[2m > [22mshould prevent removing the last member
 [2m[90mΓåô[39m[22m src/__tests__/api/projectService.test.ts[2m > [22mProject Service (OUTDATED - Needs Refactor)[2m > [22mupdateProjectStatus[2m > [22mshould update project status successfully
 [2m[90mΓåô[39m[22m src/__tests__/api/projectService.test.ts[2m > [22mProject Service (OUTDATED - Needs Refactor)[2m > [22mupdateProjectStatus[2m > [22mshould validate status transitions
 [2m[90mΓåô[39m[22m src/__tests__/api/projectService.test.ts[2m > [22mProject Service (OUTDATED - Needs Refactor)[2m > [22mError Handling[2m > [22mshould handle network errors gracefully
 [2m[90mΓåô[39m[22m src/__tests__/api/projectService.test.ts[2m > [22mProject Service (OUTDATED - Needs Refactor)[2m > [22mError Handling[2m > [22mshould handle permission errors
 [2m[90mΓåô[39m[22m src/__tests__/api/projectService.test.ts[2m > [22mProject Service (OUTDATED - Needs Refactor)[2m > [22mError Handling[2m > [22mshould validate date ranges
 [2m[90mΓåô[39m[22m src/__tests__/api/projectService.test.ts[2m > [22mProject Service (OUTDATED - Needs Refactor)[2m > [22mPerformance[2m > [22mshould handle large project lists efficiently
[90mstderr[2m | src/__tests__/api/monitoringService.test.ts[2m > 
[22m[2mMonitoringService[2m > [22m[2mlogUserActivity[2m > [22m[2mshould successfully 
log user activity
[22m[39mΓÜá∩╕Å Activity warnings: [ [32m'Unknown action type: test_action'[39m ]

 [32mΓ£ô[39m src/__tests__/api/monitoringService.test.ts[2m > [22mMonitoringValidator[2m > [22mvalidateSystemMetrics[2m > [22mshould validate correct system metrics[32m 2[2mms[22m[39m
 [32mΓ£ô[39m src/__tests__/api/monitoringService.test.ts[2m > [22mMonitoringValidator[2m > [22mvalidateSystemMetrics[2m > [22mshould reject metrics with invalid CPU usage[32m 0[2mms[22m[39m
 [32mΓ£ô[39m src/__tests__/api/monitoringService.test.ts[2m > [22mMonitoringValidator[2m > [22mvalidateSystemMetrics[2m > [22mshould reject metrics with negative values[32m 0[2mms[22m[39m
 [32mΓ£ô[39m src/__tests__/api/monitoringService.test.ts[2m > [22mMonitoringValidator[2m > [22mvalidateUserActivity[2m > [22mshould validate correct user activity[32m 0[2mms[22m[39m
 [32mΓ£ô[39m src/__tests__/api/monitoringService.test.ts[2m > [22mMonitoringValidator[2m > [22mvalidateUserActivity[2m > [22mshould reject activity with missing required fields[32m 0[2mms[22m[39m
 [32mΓ£ô[39m src/__tests__/api/monitoringService.test.ts[2m > [22mMonitoringValidator[2m > [22mvalidateErrorLog[2m > [22mshould validate correct error log[32m 0[2mms[22m[39m
 [32mΓ£ô[39m src/__tests__/api/monitoringService.test.ts[2m > [22mMonitoringValidator[2m > [22mvalidateErrorLog[2m > [22mshould reject error log with invalid severity[32m 0[2mms[22m[39m
 [32mΓ£ô[39m src/__tests__/api/monitoringService.test.ts[2m > [22mMonitoringValidator[2m > [22mvalidateErrorLog[2m > [22mshould reject error log with empty message[32m 0[2mms[22m[39m
 [32mΓ£ô[39m src/__tests__/api/monitoringService.test.ts[2m > [22mMonitoringService[2m > [22mgetInstance[2m > [22mshould return singleton instance[32m 0[2mms[22m[39m
 [32mΓ£ô[39m src/__tests__/api/monitoringService.test.ts[2m > [22mMonitoringService[2m > [22mlogError[2m > [22mshould successfully log error[32m 1[2mms[22m[39m
 [32mΓ£ô[39m src/__tests__/api/monitoringService.test.ts[2m > [22mMonitoringService[2m > [22mlogUserActivity[2m > [22mshould successfully log user activity[32m 2[2mms[22m[39m
 [32mΓ£ô[39m src/__tests__/api/monitoringService.test.ts[2m > [22mMonitoringService[2m > [22mgetProjectMetrics[2m > [22mshould retrieve project metrics[32m 0[2mms[22m[39m
 [32mΓ£ô[39m src/components/FormControls.test.tsx[2m > [22mTextarea[2m > [22mInteractions[2m > [22mshould handle multi-line text[33m 575[2mms[22m[39m
 [32mΓ£ô[39m src/components/FormControls.test.tsx[2m > [22mTextarea[2m > [22mInteractions[2m > [22mshould not change value when disabled[32m 31[2mms[22m[39m
 [32mΓ£ô[39m src/components/FormControls.test.tsx[2m > [22mTextarea[2m > [22mAccessibility[2m > [22mshould support aria-label[32m 1[2mms[22m[39m
 [32mΓ£ô[39m src/components/FormControls.test.tsx[2m > [22mTextarea[2m > [22mAccessibility[2m > [22mshould support maxLength[32m 1[2mms[22m[39m
 [32mΓ£ô[39m src/components/FormControls.test.tsx[2m > [22mTextarea[2m > [22mAccessibility[2m > [22mshould be focusable[32m 1[2mms[22m[39m
[90mstdout[2m | src/__tests__/api/intelligentDocumentService.simplified.test.ts
[22m[39m[NataCarePM][intelligentDocumentService] [INFO] initializeSystem Initializing Intelligent Document System
[NataCarePM][intelligentDocumentService] [DEBUG] initializeAIModels Initializing AI models
[NataCarePM][intelligentDocumentService] [DEBUG] setupEventHandlers Setting up event handlers
[NataCarePM][intelligentDocumentService] [SUCCESS] initializeSystem Intelligent Document System initialized successfully

[90mstdout[2m | src/__tests__/api/intelligentDocumentService.simplified.test.ts[2m > [22m[2mIntelligent Document Service - Comprehensive Tests[2m > [22m[2mCRUD Operations[2m > [22m[2mcreateDocument[2m > [22m[2mshould create document with valid data
[22m[39m[NataCarePM][intelligentDocumentService] [INFO] createDocument Creating document {
  title: [32m'Test Document'[39m,
  category: [32m'contract'[39m,
  projectId: [32m'project-123'[39m,
  createdBy: [32m'user-123'[39m,
  hasFile: [33mfalse[39m
}

[90mstdout[2m | src/__tests__/api/intelligentDocumentService.simplified.test.ts[2m > [22m[2mIntelligent Document Service - Comprehensive Tests[2m > [22m[2mCRUD Operations[2m > [22m[2mcreateDocument[2m > [22m[2mshould create document with valid data
[22m[39mSending 1 notifications

[90mstdout[2m | src/__tests__/api/intelligentDocumentService.simplified.test.ts[2m > [22m[2mIntelligent Document Service - Comprehensive Tests[2m > [22m[2mCRUD Operations[2m > [22m[2mcreateDocument[2m > [22m[2mshould create document with valid data
[22m[39m[NataCarePM][intelligentDocumentService] [SUCCESS] createDocument Document created successfully { documentId: [32m'doc_1763033638161_bf8on21qa'[39m, title: [32m'Test Document'[39m }

[90mstderr[2m | src/__tests__/api/intelligentDocumentService.simplified.test.ts[2m > 
[22m[2mIntelligent Document Service - Comprehensive Tests[2m > [22m[2mCRUD Operations[2m 
> [22m[2mcreateDocument[2m > [22m[2mshould throw error for empty title
[22m[39m[NataCarePM][intelligentDocumentService] [ERROR] createDocument Failed to create 
document APIError: Invalid title: must be 1-200 characters. Received: 0 characters
    at IntelligentDocumentService.createDocument [90m(C:\Users\latie\Documents\GitHub\NataCareP
M\[39msrc\api\intelligentDocumentService.ts:290:15[90m)[39m
    at [90mC:\Users\latie\Documents\GitHub\NataCarePM\[39msrc\__tests__\api\intelligentDocumen
tService.simplified.test.ts:113:38
    at [90mfile:///C:/Users/latie/Documents/GitHub/NataCarePM/[39mnode_modules/[4m@vitest/run
ner[24m/dist/chunk-hooks.js:155:11
    at [90mfile:///C:/Users/latie/Documents/GitHub/NataCarePM/[39mnode_modules/[4m@vitest/run
ner[24m/dist/chunk-hooks.js:752:26
    at [90mfile:///C:/Users/latie/Documents/GitHub/NataCarePM/[39mnode_modules/[4m@vitest/run
ner[24m/dist/chunk-hooks.js:1897:20
    at new Promise (<anonymous>)
    at runWithTimeout [90m(file:///C:/Users/latie/Documents/GitHub/NataCarePM/[39mnode_modules
/[4m@vitest/runner[24m/dist/chunk-hooks.js:1863:10[90m)[39m
    at runTest [90m(file:///C:/Users/latie/Documents/GitHub/NataCarePM/[39mnode_modules/[4m@v
itest/runner[24m/dist/chunk-hooks.js:1574:12[90m)[39m
    at runSuite [90m(file:///C:/Users/latie/Documents/GitHub/NataCarePM/[39mnode_modules/[4m@
vitest/runner[24m/dist/chunk-hooks.js:1729:8[90m)[39m
    at runSuite [90m(file:///C:/Users/latie/Documents/GitHub/NataCarePM/[39mnode_modules/[4m@
vitest/runner[24m/dist/chunk-hooks.js:1729:8[90m)[39m {
  code: [32m'INVALID_INPUT'[39m,
  statusCode: [33m400[39m,
  details: {
    title: [32m''[39m,
    titleLength: [33m0[39m,
    suggestion: [32m'Provide a concise title between 1 and 200 characters'[39m
  }
} { title: [32m''[39m, category: [32m'contract'[39m, projectId: [32m'project-123'[39m }

[90mstdout[2m | src/__tests__/api/intelligentDocumentService.simplified.test.ts[2m > [22m[2mIntelligent Document Service - Comprehensive Tests[2m > [22m[2mCRUD Operations[2m > [22m[2mcreateDocument[2m > [22m[2mshould create workflow when provided
[22m[39m[NataCarePM][intelligentDocumentService] [INFO] createDocument Creating document {
  title: [32m'Document with Workflow'[39m,
  category: [32m'contract'[39m,
  projectId: [32m'project-123'[39m,
  createdBy: [32m'user-123'[39m,
  hasFile: [33mfalse[39m
}

[90mstdout[2m | src/__tests__/api/intelligentDocumentService.simplified.test.ts[2m > [22m[2mIntelligent Document Service - Comprehensive Tests[2m > [22m[2mCRUD Operations[2m > [22m[2mcreateDocument[2m > [22m[2mshould create workflow when provided
[22m[39mSending 1 notifications

[90mstdout[2m | src/__tests__/api/intelligentDocumentService.simplified.test.ts[2m > [22m[2mIntelligent Document Service - Comprehensive Tests[2m > [22m[2mCRUD Operations[2m > [22m[2mcreateDocument[2m > [22m[2mshould create workflow when provided
[22m[39m[NataCarePM][intelligentDocumentService] [SUCCESS] createDocument Document created successfully {
  documentId: [32m'doc_1763033638167_8dk57dq6f'[39m,
  title: [32m'Document with Workflow'[39m
}

[90mstdout[2m | src/__tests__/api/intelligentDocumentService.simplified.test.ts[2m > [22m[2mIntelligent Document Service - Comprehensive Tests[2m > [22m[2mCRUD Operations[2m > [22m[2mgetDocument[2m > [22m[2mshould retrieve existing document
[22m[39m[NataCarePM][intelligentDocumentService] [DEBUG] getDocument Document retrieved { documentId: [32m'doc-123'[39m }

[90mstderr[2m | src/__tests__/api/intelligentDocumentService.simplified.test.ts[2m > 
[22m[2mIntelligent Document Service - Comprehensive Tests[2m > [22m[2mCRUD Operations[2m 
> [22m[2mgetDocument[2m > [22m[2mshould return undefined for non-existent document
[22m[39m[NataCarePM][intelligentDocumentService] [WARN] getDocument Document not found { 
documentId: [32m'non-existent'[39m }

[90mstderr[2m | src/__tests__/api/intelligentDocumentService.simplified.test.ts[2m > 
[22m[2mIntelligent Document Service - Comprehensive Tests[2m > [22m[2mCRUD Operations[2m 
> [22m[2mgetDocument[2m > [22m[2mshould handle Firestore errors gracefully
[22m[39mΓÜá∩╕Å Operation failed (attempt 1/3), retrying in 1247.6421826565033ms: Network error

 [32mΓ£ô[39m src/__tests__/integration/integration.test.ts[2m > [22mIntegration Services[2m > [22mIntegration Gateway[2m > [22mshould fetch all integrations[32m 1[2mms[22m[39m
 [32mΓ£ô[39m src/__tests__/integration/integration.test.ts[2m > [22mIntegration Services[2m > [22mIntegration Gateway[2m > [22mshould create a new integration[32m 0[2mms[22m[39m
 [32mΓ£ô[39m src/__tests__/integration/integration.test.ts[2m > [22mIntegration Services[2m > [22mIntegration Gateway[2m > [22mshould update an existing integration[32m 0[2mms[22m[39m
 [32mΓ£ô[39m src/__tests__/integration/integration.test.ts[2m > [22mIntegration Services[2m > [22mIntegration Gateway[2m > [22mshould delete an integration[32m 0[2mms[22m[39m
 [32mΓ£ô[39m src/__tests__/integration/integration.test.ts[2m > [22mIntegration Services[2m > [22mIntegration Gateway[2m > [22mshould get integration status[32m 0[2mms[22m[39m
 [32mΓ£ô[39m src/__tests__/integration/integration.test.ts[2m > [22mIntegration Services[2m > [22mERP Integration Service[2m > [22mshould fetch organizations[32m 0[2mms[22m[39m
 [32mΓ£ô[39m src/__tests__/integration/integration.test.ts[2m > [22mIntegration Services[2m > [22mERP Integration Service[2m > [22mshould fetch projects[32m 0[2mms[22m[39m
 [32mΓ£ô[39m src/__tests__/integration/integration.test.ts[2m > [22mIntegration Services[2m > [22mERP Integration Service[2m > [22mshould fetch tasks[32m 0[2mms[22m[39m
 [32mΓ£ô[39m src/__tests__/integration/integration.test.ts[2m > [22mIntegration Services[2m > [22mERP Integration Service[2m > [22mshould fetch resources[32m 0[2mms[22m[39m
 [32mΓ£ô[39m src/__tests__/integration/integration.test.ts[2m > [22mIntegration Services[2m > [22mERP Integration Service[2m > [22mshould fetch cost centers[32m 0[2mms[22m[39m
 [32mΓ£ô[39m src/__tests__/integration/integration.test.ts[2m > [22mIntegration Services[2m > [22mCRM Integration Service[2m > [22mshould fetch contacts[32m 0[2mms[22m[39m
 [32mΓ£ô[39m src/__tests__/integration/integration.test.ts[2m > [22mIntegration Services[2m > [22mCRM Integration Service[2m > [22mshould fetch opportunities[32m 0[2mms[22m[39m
 [32mΓ£ô[39m src/__tests__/integration/integration.test.ts[2m > [22mIntegration Services[2m > [22mCRM Integration Service[2m > [22mshould fetch accounts[32m 0[2mms[22m[39m
 [32mΓ£ô[39m src/__tests__/integration/integration.test.ts[2m > [22mIntegration Services[2m > [22mCRM Integration Service[2m > [22mshould fetch activities[32m 0[2mms[22m[39m
 [31m├ù[39m src/__tests__/integration/finance.integration.test.ts[2m > [22mCost Control Integration Tests[2m > [22mCost Control Summary Generation[2m > [22mshould successfully generate cost control summary[32m 6[2mms[22m[39m
[31m   ΓåÆ Error generating cost control summary: Cannot read properties of undefined (reading 'docs')[39m
 [32mΓ£ô[39m src/__tests__/integration/finance.integration.test.ts[2m > [22mCost Control Integration Tests[2m > [22mCost Control Summary Generation[2m > [22mshould handle error when generating cost control summary[32m 2[2mms[22m[39m
 [31m├ù[39m src/__tests__/integration/finance.integration.test.ts[2m > [22mCost Control Integration Tests[2m > [22mEVM Metrics Calculation[2m > [22mshould calculate EVM metrics correctly[32m 1[2mms[22m[39m
[31m   ΓåÆ Error generating cost control summary: Cannot read properties of undefined (reading 'exists')[39m
 [31m├ù[39m src/__tests__/integration/finance.integration.test.ts[2m > [22mCost Control Integration Tests[2m > [22mBudget vs Actual Analysis[2m > [22mshould calculate budget vs actual correctly[32m 1[2mms[22m[39m
[31m   ΓåÆ Error generating cost control summary: Cannot read properties of undefined (reading 'exists')[39m
 [31m├ù[39m src/__tests__/integration/finance.integration.test.ts[2m > [22mCost Control Integration Tests[2m > [22mCost Breakdown Analysis[2m > [22mshould calculate cost breakdown by category[32m 1[2mms[22m[39m
[31m   ΓåÆ Error generating cost control summary: Cannot read properties of undefined (reading 'exists')[39m
[90mstdout[2m | src/__tests__/api/intelligentDocumentService.test.ts
[22m[39m[NataCarePM][intelligentDocumentService] [INFO] initializeSystem Initializing Intelligent Document System
[NataCarePM][intelligentDocumentService] [DEBUG] initializeAIModels Initializing AI models
[NataCarePM][intelligentDocumentService] [DEBUG] setupEventHandlers Setting up event handlers
[NataCarePM][intelligentDocumentService] [SUCCESS] initializeSystem Intelligent Document System initialized successfully

[90mstdout[2m | src/__tests__/api/intelligentDocumentService.test.ts[2m > [22m[2mIntelligentDocumentService[2m > [22m[2mCRUD Operations[2m > [22m[2mcreateDocument[2m > [22m[2mshould create a new document with valid data
[22m[39m[NataCarePM][intelligentDocumentService] [INFO] createDocument Creating document {
  title: [32m'Test Document'[39m,
  category: [32m'contract'[39m,
  projectId: [32m'project-1'[39m,
  createdBy: [32m'user-1'[39m,
  hasFile: [33mtrue[39m
}

[90mstdout[2m | src/__tests__/api/intelligentDocumentService.test.ts[2m > [22m[2mIntelligentDocumentService[2m > [22m[2mCRUD Operations[2m > [22m[2mcreateDocument[2m > [22m[2mshould create a new document with valid data
[22m[39m[NataCarePM][intelligentDocumentService] [INFO] processDocumentWithAI Starting AI processing { documentId: [32m'doc_1763033638249_zv005xr5z'[39m }
[NataCarePM][intelligentDocumentService] [DEBUG] processDocumentWithAI Starting OCR processing { documentId: [32m'doc_1763033638249_zv005xr5z'[39m }

[90mstdout[2m | src/__tests__/api/intelligentDocumentService.test.ts[2m > [22m[2mIntelligentDocumentService[2m > [22m[2mCRUD Operations[2m > [22m[2mcreateDocument[2m > [22m[2mshould create a new document with valid data
[22m[39mSending 1 notifications

[90mstdout[2m | src/__tests__/api/intelligentDocumentService.test.ts[2m > [22m[2mIntelligentDocumentService[2m > [22m[2mCRUD Operations[2m > [22m[2mcreateDocument[2m > [22m[2mshould create a new document with valid data
[22m[39m[NataCarePM][intelligentDocumentService] [SUCCESS] createDocument Document created successfully { documentId: [32m'doc_1763033638249_zv005xr5z'[39m, title: [32m'Test Document'[39m }

[90mstderr[2m | src/__tests__/api/intelligentDocumentService.test.ts[2m > 
[22m[2mIntelligentDocumentService[2m > [22m[2mCRUD Operations[2m > 
[22m[2mcreateDocument[2m > [22m[2mshould throw error for invalid title
[22m[39m[NataCarePM][intelligentDocumentService] [ERROR] createDocument Failed to create 
document APIError: Invalid title: must be 1-200 characters. Received: 0 characters
    at IntelligentDocumentService.createDocument [90m(C:\Users\latie\Documents\GitHub\NataCareP
M\[39msrc\api\intelligentDocumentService.ts:290:15[90m)[39m
    at [90mC:\Users\latie\Documents\GitHub\NataCarePM\[39msrc\__tests__\api\intelligentDocumen
tService.test.ts:110:38
    at [90mfile:///C:/Users/latie/Documents/GitHub/NataCarePM/[39mnode_modules/[4m@vitest/run
ner[24m/dist/chunk-hooks.js:155:11
    at [90mfile:///C:/Users/latie/Documents/GitHub/NataCarePM/[39mnode_modules/[4m@vitest/run
ner[24m/dist/chunk-hooks.js:752:26
    at [90mfile:///C:/Users/latie/Documents/GitHub/NataCarePM/[39mnode_modules/[4m@vitest/run
ner[24m/dist/chunk-hooks.js:1897:20
    at new Promise (<anonymous>)
    at runWithTimeout [90m(file:///C:/Users/latie/Documents/GitHub/NataCarePM/[39mnode_modules
/[4m@vitest/runner[24m/dist/chunk-hooks.js:1863:10[90m)[39m
    at runTest [90m(file:///C:/Users/latie/Documents/GitHub/NataCarePM/[39mnode_modules/[4m@v
itest/runner[24m/dist/chunk-hooks.js:1574:12[90m)[39m
    at runSuite [90m(file:///C:/Users/latie/Documents/GitHub/NataCarePM/[39mnode_modules/[4m@
vitest/runner[24m/dist/chunk-hooks.js:1729:8[90m)[39m
    at runSuite [90m(file:///C:/Users/latie/Documents/GitHub/NataCarePM/[39mnode_modules/[4m@
vitest/runner[24m/dist/chunk-hooks.js:1729:8[90m)[39m {
  code: [32m'INVALID_INPUT'[39m,
  statusCode: [33m400[39m,
  details: {
    title: [32m''[39m,
    titleLength: [33m0[39m,
    suggestion: [32m'Provide a concise title between 1 and 200 characters'[39m
  }
} { title: [32m''[39m, category: [32m'contract'[39m, projectId: [32m'project-1'[39m }

 [32mΓ£ô[39m src/__tests__/api/intelligentDocumentService.simplified.test.ts[2m > [22mIntelligent Document Service - Comprehensive Tests[2m > [22mCRUD Operations[2m > [22mcreateDocument[2m > [22mshould create document with valid data[32m 4[2mms[22m[39m
 [32mΓ£ô[39m src/__tests__/api/intelligentDocumentService.simplified.test.ts[2m > [22mIntelligent Document Service - Comprehensive Tests[2m > [22mCRUD Operations[2m > [22mcreateDocument[2m > [22mshould throw error for empty title[32m 4[2mms[22m[39m
 [32mΓ£ô[39m src/__tests__/api/intelligentDocumentService.simplified.test.ts[2m > [22mIntelligent Document Service - Comprehensive Tests[2m > [22mCRUD Operations[2m > [22mcreateDocument[2m > [22mshould create workflow when provided[32m 1[2mms[22m[39m
 [32mΓ£ô[39m src/__tests__/api/intelligentDocumentService.simplified.test.ts[2m > [22mIntelligent Document Service - Comprehensive Tests[2m > [22mCRUD Operations[2m > [22mgetDocument[2m > [22mshould retrieve existing document[32m 1[2mms[22m[39m
 [32mΓ£ô[39m src/__tests__/api/intelligentDocumentService.simplified.test.ts[2m > [22mIntelligent Document Service - Comprehensive Tests[2m > [22mCRUD Operations[2m > [22mgetDocument[2m > [22mshould return undefined for non-existent document[32m 0[2mms[22m[39m
[90mstderr[2m | src/__tests__/api/intelligentDocumentService.test.ts[2m > 
[22m[2mIntelligentDocumentService[2m > [22m[2mCRUD Operations[2m > 
[22m[2mcreateDocument[2m > [22m[2mshould throw error for invalid category
[22m[39m[NataCarePM][intelligentDocumentService] [ERROR] createDocument Failed to create 
document APIError: Invalid document category: "invalid". Must be one of: contract, 
specification, report, drawing, permit, etc.
    at validateDocumentCategory [90m(C:\Users\latie\Documents\GitHub\NataCarePM\[39msrc\api\in
telligentDocumentService.ts:91:11[90m)[39m
    at IntelligentDocumentService.createDocument [90m(C:\Users\latie\Documents\GitHub\NataCareP
M\[39msrc\api\intelligentDocumentService.ts:312:7[90m)[39m
    at [90mC:\Users\latie\Documents\GitHub\NataCarePM\[39msrc\__tests__\api\intelligentDocumen
tService.test.ts:123:38
    at [90mfile:///C:/Users/latie/Documents/GitHub/NataCarePM/[39mnode_modules/[4m@vitest/run
ner[24m/dist/chunk-hooks.js:155:11
    at [90mfile:///C:/Users/latie/Documents/GitHub/NataCarePM/[39mnode_modules/[4m@vitest/run
ner[24m/dist/chunk-hooks.js:752:26
    at [90mfile:///C:/Users/latie/Documents/GitHub/NataCarePM/[39mnode_modules/[4m@vitest/run
ner[24m/dist/chunk-hooks.js:1897:20
    at new Promise (<anonymous>)
    at runWithTimeout [90m(file:///C:/Users/latie/Documents/GitHub/NataCarePM/[39mnode_modules
/[4m@vitest/runner[24m/dist/chunk-hooks.js:1863:10[90m)[39m
    at runTest [90m(file:///C:/Users/latie/Documents/GitHub/NataCarePM/[39mnode_modules/[4m@v
itest/runner[24m/dist/chunk-hooks.js:1574:12[90m)[39m
    at runSuite [90m(file:///C:/Users/latie/Documents/GitHub/NataCarePM/[39mnode_modules/[4m@
vitest/runner[24m/dist/chunk-hooks.js:1729:8[90m)[39m {
  code: [32m'INVALID_INPUT'[39m,
  statusCode: [33m400[39m,
  details: {
    category: [32m'invalid'[39m,
    validCategories: [
      [32m'contract'[39m,          [32m'specification'[39m,
      [32m'report'[39m,            [32m'drawing'[39m,
      [32m'permit'[39m,            [32m'invoice'[39m,
      [32m'certificate'[39m,       [32m'correspondence'[39m,
      [32m'procedure'[39m,         [32m'policy'[39m,
      [32m'progress_report'[39m,   [32m'financial_report'[39m,
      [32m'safety_report'[39m,     [32m'quality_report'[39m,
      [32m'material_report'[39m,   [32m'compliance_report'[39m,
      [32m'contract_document'[39m, [32m'inspection_report'[39m,
      [32m'custom'[39m,            [32m'other'[39m
    ],
    suggestion: [32m'Choose from available categories or use "custom" for non-standard 
documents'[39m
  }
} { title: [32m'Test Document'[39m, category: [32m'invalid'[39m, projectId: 
[32m'project-1'[39m }

[90mstdout[2m | src/__tests__/api/intelligentDocumentService.test.ts[2m > [22m[2mIntelligentDocumentService[2m > [22m[2mCRUD Operations[2m > [22m[2mcreateDocument[2m > [22m[2mshould create workflow and store in separate collection
[22m[39m[NataCarePM][intelligentDocumentService] [INFO] createDocument Creating document {
  title: [32m'Test Document'[39m,
  category: [32m'contract'[39m,
  projectId: [32m'project-1'[39m,
  createdBy: [32m'user-1'[39m,
  hasFile: [33mtrue[39m
}

[90mstdout[2m | src/__tests__/api/intelligentDocumentService.test.ts[2m > [22m[2mIntelligentDocumentService[2m > [22m[2mCRUD Operations[2m > [22m[2mcreateDocument[2m > [22m[2mshould create workflow and store in separate collection
[22m[39m[NataCarePM][intelligentDocumentService] [INFO] processDocumentWithAI Starting AI processing { documentId: [32m'doc_1763033638262_05mg4md4p'[39m }
[NataCarePM][intelligentDocumentService] [DEBUG] processDocumentWithAI Starting OCR processing { documentId: [32m'doc_1763033638262_05mg4md4p'[39m }

[90mstdout[2m | src/__tests__/api/intelligentDocumentService.test.ts[2m > [22m[2mIntelligentDocumentService[2m > [22m[2mCRUD Operations[2m > [22m[2mcreateDocument[2m > [22m[2mshould create workflow and store in separate collection
[22m[39mSending 1 notifications

[90mstdout[2m | src/__tests__/api/intelligentDocumentService.test.ts[2m > [22m[2mIntelligentDocumentService[2m > [22m[2mCRUD Operations[2m > [22m[2mcreateDocument[2m > [22m[2mshould create workflow and store in separate collection
[22m[39m[NataCarePM][intelligentDocumentService] [SUCCESS] createDocument Document created successfully { documentId: [32m'doc_1763033638262_05mg4md4p'[39m, title: [32m'Test Document'[39m }

[90mstdout[2m | src/__tests__/api/intelligentDocumentService.test.ts[2m > [22m[2mIntelligentDocumentService[2m > [22m[2mCRUD Operations[2m > [22m[2mgetDocument[2m > [22m[2mshould retrieve an existing document
[22m[39m[NataCarePM][intelligentDocumentService] [DEBUG] getDocument Document retrieved { documentId: [32m'doc-123'[39m }

[90mstderr[2m | src/__tests__/api/intelligentDocumentService.test.ts[2m > 
[22m[2mIntelligentDocumentService[2m > [22m[2mCRUD Operations[2m > 
[22m[2mgetDocument[2m > [22m[2mshould return undefined for non-existent document
[22m[39m[NataCarePM][intelligentDocumentService] [WARN] getDocument Document not found { 
documentId: [32m'non-existent'[39m }

[90mstderr[2m | src/__tests__/api/intelligentDocumentService.test.ts[2m > 
[22m[2mIntelligentDocumentService[2m > [22m[2mCRUD Operations[2m > 
[22m[2mgetDocument[2m > [22m[2mshould handle Firestore errors gracefully
[22m[39mΓÜá∩╕Å Operation failed (attempt 1/3), retrying in 1278.4645209048606ms: Network error

 [31m├ù[39m src/__tests__/integration/project.integration.test.ts[2m > [22mProject Management Integration Tests[2m > [22mProject Retrieval Flow[2m > [22mshould successfully retrieve project by ID[32m 10[2mms[22m[39m
[31m   ΓåÆ expected false to be true // Object.is equality[39m
 [31m├ù[39m src/__tests__/integration/project.integration.test.ts[2m > [22mProject Management Integration Tests[2m > [22mProject Retrieval Flow[2m > [22mshould handle retrieval of non-existent project[32m 1[2mms[22m[39m
[31m   ΓåÆ Cannot read properties of undefined (reading 'success')[39m
 [31m├ù[39m src/__tests__/integration/project.integration.test.ts[2m > [22mProject Management Integration Tests[2m > [22mDaily Report Management Flow[2m > [22mshould successfully add daily report to project[32m 1[2mms[22m[39m
[31m   ΓåÆ Cannot read properties of undefined (reading 'success')[39m
 [31m├ù[39m src/__tests__/integration/project.integration.test.ts[2m > [22mProject Management Integration Tests[2m > [22mDaily Report Management Flow[2m > [22mshould handle adding report with invalid project ID[32m 3[2mms[22m[39m
[31m   ΓåÆ Cannot find module '../../utils/validators'
Require stack:
- C:\Users\latie\Documents\GitHub\NataCarePM\src\__tests__\integration\project.integration.test.ts[39m
 [31m├ù[39m src/__tests__/integration/project.integration.test.ts[2m > [22mProject Management Integration Tests[2m > [22mPurchase Order Management Flow[2m > [22mshould successfully create purchase order[32m 1[2mms[22m[39m
[31m   ΓåÆ Cannot read properties of undefined (reading 'success')[39m
 [31m├ù[39m src/__tests__/integration/project.integration.test.ts[2m > [22mProject Management Integration Tests[2m > [22mPurchase Order Management Flow[2m > [22mshould successfully update purchase order status[32m 0[2mms[22m[39m
[31m   ΓåÆ Cannot read properties of undefined (reading 'success')[39m
 [31m├ù[39m src/__tests__/integration/project.integration.test.ts[2m > [22mProject Management Integration Tests[2m > [22mDocument Management Flow[2m > [22mshould successfully add document to project[32m 1[2mms[22m[39m
[31m   ΓåÆ Cannot read properties of undefined (reading 'success')[39m
 [31m├ù[39m src/__tests__/integration/project.integration.test.ts[2m > [22mProject Management Integration Tests[2m > [22mAttendance Management Flow[2m > [22mshould successfully update attendance records[32m 1[2mms[22m[39m
[31m   ΓåÆ Cannot read properties of undefined (reading 'success')[39m
 [31m├ù[39m src/__tests__/integration/project.integration.test.ts[2m > [22mProject Management Integration Tests[2m > [22mComment Management Flow[2m > [22mshould successfully add comment to daily report[32m 1[2mms[22m[39m
[31m   ΓåÆ Cannot read properties of undefined (reading 'success')[39m
 [31m├ù[39m src/__tests__/integration/project.integration.test.ts[2m > [22mProject Management Integration Tests[2m > [22mReal-time Updates Flow[2m > [22mshould setup project stream successfully[32m 3[2mms[22m[39m
[31m   ΓåÆ expected "spy" to be called at least once[39m
 [32mΓ£ô[39m src/__tests__/integration/project.integration.test.ts[2m > [22mProject Management Integration Tests[2m > [22mReal-time Updates Flow[2m > [22mshould setup notifications stream successfully[32m 1[2mms[22m[39m
 [31m├ù[39m src/__tests__/integration/project.integration.test.ts[2m > [22mProject Management Integration Tests[2m > [22mBatch Operations Flow[2m > [22mshould successfully mark notifications as read[32m 7[2mms[22m[39m
[31m   ΓåÆ Cannot read properties of undefined (reading 'success')[39m
 [31m├ù[39m src/__tests__/integration/project.integration.test.ts[2m > [22mProject Management Integration Tests[2m > [22mBatch Operations Flow[2m > [22mshould handle empty notification IDs array[32m 0[2mms[22m[39m
[31m   ΓåÆ Cannot read properties of undefined (reading 'success')[39m
 [31m├ù[39m src/__tests__/integration/project.integration.test.ts[2m > [22mProject Management Integration Tests[2m > [22mError Handling Integration[2m > [22mshould handle database connection errors gracefully[32m 0[2mms[22m[39m
[31m   ΓåÆ Cannot read properties of undefined (reading 'success')[39m
 [31m├ù[39m src/__tests__/integration/project.integration.test.ts[2m > [22mProject Management Integration Tests[2m > [22mError Handling Integration[2m > [22mshould handle concurrent operations properly[32m 0[2mms[22m[39m
[31m   ΓåÆ Cannot read properties of undefined (reading 'success')[39m
[90mstderr[2m | src/__tests__/integration/logistics.integration.test.ts[2m > 
[22m[2mLogistics Management Integration Tests[2m > [22m[2mGoods Receipt Creation Flow[2m 
> [22m[2mshould successfully create goods receipt
[22m[39mAudit log creation failed: Error: [vitest] No "auth" export is defined on the 
"../../firebaseConfig" mock. Did you forget to return it from "vi.mock"?
If you need to partially mock a module, you can use "importOriginal" helper inside:

    at VitestMocker.createError [90m(file:///C:/Users/latie/Documents/GitHub/NataCarePM/[39mno
de_modules/[4mvitest[24m/dist/chunks/execute.B7h3T_Hc.js:284:17[90m)[39m
    at Object.get [90m(file:///C:/Users/latie/Documents/GitHub/NataCarePM/[39mnode_modules/[4
mvitest[24m/dist/chunks/execute.B7h3T_Hc.js:330:16[90m)[39m
    at getCurrentUserInfo 
[90m(C:\Users\latie\Documents\GitHub\NataCarePM\[39msrc\utils\auditHelper.ts:15:16[90m)[39m
    at Object.logCreate 
[90m(C:\Users\latie\Documents\GitHub\NataCarePM\[39msrc\utils\auditHelper.ts:51:24[90m)[39m
    at Module.createGoodsReceipt [90m(C:\Users\latie\Documents\GitHub\NataCarePM\[39msrc\api\g
oodsReceiptService.ts:296:23[90m)[39m
    at [90mC:\Users\latie\Documents\GitHub\NataCarePM\[39msrc\__tests__\integration\logistics.
integration.test.ts:203:22
    at [90mfile:///C:/Users/latie/Documents/GitHub/NataCarePM/[39mnode_modules/[4m@vitest/run
ner[24m/dist/chunk-hooks.js:752:20 {
  codeFrame: [32m'vi\x1B[33m.\x1B[39m\x1B[34mmock\x1B[39m(\x1B[35mimport\x1B[39m(\x1B[32m"../..
/firebaseConfig"\x1B[39m)\x1B[33m,\x1B[39m \x1B[35masync\x1B[39m (importOriginal) 
\x1B[33m=>\x1B[39m {\n'[39m +
    [32m'  \x1B[35mconst\x1B[39m actual \x1B[33m=\x1B[39m \x1B[35mawait\x1B[39m 
\x1B[34mimportOriginal\x1B[39m()\n'[39m +
    [32m'  \x1B[35mreturn\x1B[39m {\n'[39m +
    [32m'    \x1B[33m...\x1B[39mactual\x1B[33m,\x1B[39m\n'[39m +
    [32m'    \x1B[90m// your mocked methods\x1B[39m\n'[39m +
    [32m'  }\n'[39m +
    [32m'})'[39m
}

 [32mΓ£ô[39m src/__tests__/integration/integration.test.ts[2m > [22mIntegration Services[2m > [22mCRM Integration Service[2m > [22mshould create a contact[32m 104[2mms[22m[39m
 [31m├ù[39m src/__tests__/integration/logistics.integration.test.ts[2m > [22mLogistics Management Integration Tests[2m > [22mGoods Receipt Creation Flow[2m > [22mshould successfully create goods receipt[32m 11[2mms[22m[39m
[31m   ΓåÆ expected "spy" to be called 2 times, but got 1 times[39m
 [32mΓ£ô[39m src/__tests__/integration/logistics.integration.test.ts[2m > [22mLogistics Management Integration Tests[2m > [22mGoods Receipt Creation Flow[2m > [22mshould handle creating goods receipt with non-existent PO[32m 2[2mms[22m[39m
 [31m├ù[39m src/__tests__/integration/logistics.integration.test.ts[2m > [22mLogistics Management Integration Tests[2m > [22mInventory Material Creation Flow[2m > [22mshould successfully create inventory material[32m 3[2mms[22m[39m
[31m   ΓåÆ expected 'mat123' to contain 'MAT-'[39m
 [31m├ù[39m src/__tests__/integration/logistics.integration.test.ts[2m > [22mLogistics Management Integration Tests[2m > [22mInventory Material Creation Flow[2m > [22mshould handle creating material with duplicate name[32m 4[2mms[22m[39m
[31m   ΓåÆ expected [Function] to throw error including 'Material with this name already exists' but got 'Cannot read properties of undefined (ΓÇª'[39m
 [32mΓ£ô[39m src/__tests__/integration/logistics.integration.test.ts[2m > [22mLogistics Management Integration Tests[2m > [22mError Handling Integration[2m > [22mshould handle database connection errors gracefully[32m 1[2mms[22m[39m
 [32mΓ£ô[39m src/__tests__/integration/logistics.integration.test.ts[2m > [22mLogistics Management Integration Tests[2m > [22mError Handling Integration[2m > [22mshould handle concurrent operations properly[32m 2[2mms[22m[39m
 [32mΓ£ô[39m src/__tests__/api/intelligentDocumentService.test.ts[2m > [22mIntelligentDocumentService[2m > [22mCRUD Operations[2m > [22mcreateDocument[2m > [22mshould create a new document with valid data[32m 7[2mms[22m[39m
 [32mΓ£ô[39m src/__tests__/api/intelligentDocumentService.test.ts[2m > [22mIntelligentDocumentService[2m > [22mCRUD Operations[2m > [22mcreateDocument[2m > [22mshould throw error for invalid title[32m 5[2mms[22m[39m
 [32mΓ£ô[39m src/__tests__/api/intelligentDocumentService.test.ts[2m > [22mIntelligentDocumentService[2m > [22mCRUD Operations[2m > [22mcreateDocument[2m > [22mshould throw error for invalid category[32m 1[2mms[22m[39m
 [32mΓ£ô[39m src/__tests__/api/intelligentDocumentService.test.ts[2m > [22mIntelligentDocumentService[2m > [22mCRUD Operations[2m > [22mcreateDocument[2m > [22mshould create workflow and store in separate collection[32m 2[2mms[22m[39m
 [32mΓ£ô[39m src/__tests__/api/intelligentDocumentService.test.ts[2m > [22mIntelligentDocumentService[2m > [22mCRUD Operations[2m > [22mgetDocument[2m > [22mshould retrieve an existing document[32m 1[2mms[22m[39m
 [32mΓ£ô[39m src/__tests__/api/intelligentDocumentService.test.ts[2m > [22mIntelligentDocumentService[2m > [22mCRUD Operations[2m > [22mgetDocument[2m > [22mshould return undefined for non-existent document[32m 0[2mms[22m[39m
 [32mΓ£ô[39m src/__tests__/integration/integration.test.ts[2m > [22mIntegration Services[2m > [22mCRM Integration Service[2m > [22mshould create an opportunity[32m 110[2mms[22m[39m
 [32mΓ£ô[39m src/__tests__/integration/integration.test.ts[2m > [22mIntegration Services[2m > [22mAccounting Integration Service[2m > [22mshould fetch chart of accounts[32m 0[2mms[22m[39m
 [32mΓ£ô[39m src/__tests__/integration/integration.test.ts[2m > [22mIntegration Services[2m > [22mAccounting Integration Service[2m > [22mshould fetch journal entries[32m 1[2mms[22m[39m
 [32mΓ£ô[39m src/__tests__/integration/integration.test.ts[2m > [22mIntegration Services[2m > [22mAccounting Integration Service[2m > [22mshould fetch invoices[32m 0[2mms[22m[39m
 [32mΓ£ô[39m src/__tests__/integration/integration.test.ts[2m > [22mIntegration Services[2m > [22mAccounting Integration Service[2m > [22mshould fetch payments[32m 0[2mms[22m[39m
 [32mΓ£ô[39m src/__tests__/integration/integration.test.ts[2m > [22mIntegration Services[2m > [22mAccounting Integration Service[2m > [22mshould fetch vendors[32m 0[2mms[22m[39m
 [32mΓ£ô[39m src/__tests__/unit/documentService.test.ts[2m > [22mDocumentService[2m > [22mcreateDocument[2m > [22mshould create document with all required fields[32m 1[2mms[22m[39m
 [32mΓ£ô[39m src/__tests__/unit/documentService.test.ts[2m > [22mDocumentService[2m > [22mcreateDocument[2m > [22mshould initialize with proper defaults[32m 1[2mms[22m[39m
 [32mΓ£ô[39m src/__tests__/unit/documentService.test.ts[2m > [22mDocumentService[2m > [22mcreateDocument[2m > [22mshould have proper access control[32m 0[2mms[22m[39m
 [32mΓ£ô[39m src/__tests__/unit/documentService.test.ts[2m > [22mDocumentService[2m > [22mdocument encryption[2m > [22mshould support encryption settings[32m 0[2mms[22m[39m
 [32mΓ£ô[39m src/__tests__/unit/documentService.test.ts[2m > [22mDocumentService[2m > [22mdocument encryption[2m > [22mshould default to no encryption[32m 0[2mms[22m[39m
 [32mΓ£ô[39m src/__tests__/unit/documentService.test.ts[2m > [22mDocumentService[2m > [22mcompliance information[2m > [22mshould track compliance standards[32m 1[2mms[22m[39m
 [32mΓ£ô[39m src/__tests__/unit/documentService.test.ts[2m > [22mDocumentService[2m > [22mcompliance information[2m > [22mshould have retention policy[32m 0[2mms[22m[39m
 [32mΓ£ô[39m src/__tests__/unit/documentService.test.ts[2m > [22mDocumentService[2m > [22mdocument workflow[2m > [22mshould track workflow state[32m 0[2mms[22m[39m
 [32mΓ£ô[39m src/__tests__/unit/documentService.test.ts[2m > [22mDocumentService[2m > [22mdocument workflow[2m > [22mshould support workflow completion[32m 0[2mms[22m[39m
 [32mΓ£ô[39m src/__tests__/unit/documentService.test.ts[2m > [22mDocumentService[2m > [22mbatch document creation[2m > [22mshould create multiple documents[32m 0[2mms[22m[39m
 [32mΓ£ô[39m src/__tests__/unit/documentService.test.ts[2m > [22mDocumentService[2m > [22mbatch document creation[2m > [22mshould vary document categories[32m 0[2mms[22m[39m
 [32mΓ£ô[39m src/__tests__/unit/documentService.test.ts[2m > [22mDocumentService[2m > [22mbatch document creation[2m > [22mshould create documents for specific project[32m 0[2mms[22m[39m
 [32mΓ£ô[39m src/__tests__/unit/documentService.test.ts[2m > [22mDocumentService[2m > [22msearch and discovery[2m > [22mshould have searchable content[32m 0[2mms[22m[39m
 [32mΓ£ô[39m src/__tests__/unit/documentService.test.ts[2m > [22mDocumentService[2m > [22msearch and discovery[2m > [22mshould support language and region[32m 0[2mms[22m[39m
 [32mΓ£ô[39m src/__tests__/integration/authNavigation.integration.test.tsx[2m > [22mAuth Navigation Integration[2m > [22mnavigates to ForgotPasswordView when clicking "Forgot password?" link[32m 114[2mms[22m[39m
 [32mΓ£ô[39m src/__tests__/performance/performance.test.ts[2m > [22mPerformance Monitoring[2m > [22mPerformance Monitor[2m > [22mshould start and end timing correctly[32m 1[2mms[22m[39m
 [32mΓ£ô[39m src/__tests__/performance/performance.test.ts[2m > [22mPerformance Monitoring[2m > [22mPerformance Monitor[2m > [22mshould record metrics[32m 0[2mms[22m[39m
 [32mΓ£ô[39m src/__tests__/performance/performance.test.ts[2m > [22mPerformance Monitoring[2m > [22mPerformance Monitor[2m > [22mshould record API call performance[32m 0[2mms[22m[39m
 [32mΓ£ô[39m src/__tests__/performance/performance.test.ts[2m > [22mPerformance Monitoring[2m > [22mPerformance Monitor[2m > [22mshould get slowest components[32m 1[2mms[22m[39m
 [32mΓ£ô[39m src/__tests__/performance/performance.test.ts[2m > [22mPerformance Monitoring[2m > [22mPerformance Monitor[2m > [22mshould clear metrics[32m 0[2mms[22m[39m
 [32mΓ£ô[39m src/__tests__/performance/performance.test.ts[2m > [22mPerformance Monitoring[2m > [22mCache Optimizer[2m > [22mshould set and get cache items[32m 0[2mms[22m[39m
 [32mΓ£ô[39m src/__tests__/performance/performance.test.ts[2m > [22mPerformance Monitoring[2m > [22mCache Optimizer[2m > [22mshould respect TTL expiration[32m 1[2mms[22m[39m
 [32mΓ£ô[39m src/__tests__/performance/performance.test.ts[2m > [22mPerformance Monitoring[2m > [22mCache Optimizer[2m > [22mshould evict items when maxSize is exceeded[32m 0[2mms[22m[39m
 [32mΓ£ô[39m src/__tests__/performance/performance.test.ts[2m > [22mPerformance Monitoring[2m > [22mCache Optimizer[2m > [22mshould delete items[32m 0[2mms[22m[39m
 [32mΓ£ô[39m src/__tests__/performance/performance.test.ts[2m > [22mPerformance Monitoring[2m > [22mCache Optimizer[2m > [22mshould clear all items[32m 0[2mms[22m[39m
 [32mΓ£ô[39m src/__tests__/performance/performance.test.ts[2m > [22mPerformance Monitoring[2m > [22mBundle Analyzer[2m > [22mshould analyze bundle size[32m 0[2mms[22m[39m
 [32mΓ£ô[39m src/__tests__/performance/performance.test.ts[2m > [22mPerformance Monitoring[2m > [22mBundle Analyzer[2m > [22mshould generate module analysis[32m 0[2mms[22m[39m
 [32mΓ£ô[39m src/__tests__/performance/performance.test.ts[2m > [22mPerformance Monitoring[2m > [22mBundle Analyzer[2m > [22mshould generate loading metrics[32m 0[2mms[22m[39m
 [32mΓ£ô[39m src/__tests__/performance/performance.test.ts[2m > [22mPerformance Monitoring[2m > [22mBundle Analyzer[2m > [22mshould generate performance report[32m 0[2mms[22m[39m
 [32mΓ£ô[39m src/__tests__/integration/integration.test.ts[2m > [22mIntegration Services[2m > [22mAccounting Integration Service[2m > [22mshould create a journal entry[32m 106[2mms[22m[39m
 [32mΓ£ô[39m src/__tests__/integration/integration.test.ts[2m > [22mIntegration Services[2m > [22mAccounting Integration Service[2m > [22mshould create an invoice[32m 109[2mms[22m[39m
 [32mΓ£ô[39m src/__tests__/security/rateLimiter.test.ts[2m > [22mRateLimiter - Security Tests[2m > [22mLogin Rate Limiting[2m > [22mshould allow first login attempt[32m 1[2mms[22m[39m
 [32mΓ£ô[39m src/__tests__/security/rateLimiter.test.ts[2m > [22mRateLimiter - Security Tests[2m > [22mLogin Rate Limiting[2m > [22mshould track multiple attempts within window[32m 0[2mms[22m[39m
 [32mΓ£ô[39m src/__tests__/security/rateLimiter.test.ts[2m > [22mRateLimiter - Security Tests[2m > [22mLogin Rate Limiting[2m > [22mshould block after max attempts (brute force protection)[32m 0[2mms[22m[39m
 [32mΓ£ô[39m src/__tests__/security/rateLimiter.test.ts[2m > [22mRateLimiter - Security Tests[2m > [22mLogin Rate Limiting[2m > [22mshould remain blocked during block period[32m 1[2mms[22m[39m
 [32mΓ£ô[39m src/__tests__/security/rateLimiter.test.ts[2m > [22mRateLimiter - Security Tests[2m > [22mLogin Rate Limiting[2m > [22mshould reset after successful login[32m 0[2mms[22m[39m
 [32mΓ£ô[39m src/__tests__/security/rateLimiter.test.ts[2m > [22mRateLimiter - Security Tests[2m > [22mLogin Rate Limiting[2m > [22mshould handle different users independently[32m 0[2mms[22m[39m
 [32mΓ£ô[39m src/__tests__/security/rateLimiter.test.ts[2m > [22mRateLimiter - Security Tests[2m > [22mLogin Rate Limiting[2m > [22mshould provide accurate time estimates in block message[32m 0[2mms[22m[39m
 [32mΓ£ô[39m src/__tests__/security/rateLimiter.test.ts[2m > [22mRateLimiter - Security Tests[2m > [22m2FA Rate Limiting[2m > [22mshould allow 3 attempts for 2FA[32m 0[2mms[22m[39m
 [32mΓ£ô[39m src/__tests__/security/rateLimiter.test.ts[2m > [22mRateLimiter - Security Tests[2m > [22m2FA Rate Limiting[2m > [22mshould block after 3 failed 2FA attempts[32m 0[2mms[22m[39m
 [32mΓ£ô[39m src/__tests__/security/rateLimiter.test.ts[2m > [22mRateLimiter - Security Tests[2m > [22m2FA Rate Limiting[2m > [22mshould reset 2FA limit after successful verification[32m 0[2mms[22m[39m
 [32mΓ£ô[39m src/__tests__/security/rateLimiter.test.ts[2m > [22mRateLimiter - Security Tests[2m > [22mAPI Rate Limiting[2m > [22mshould allow 100 API calls per minute[32m 0[2mms[22m[39m
 [32mΓ£ô[39m src/__tests__/security/rateLimiter.test.ts[2m > [22mRateLimiter - Security Tests[2m > [22mAPI Rate Limiting[2m > [22mshould block after 100 API calls[32m 0[2mms[22m[39m
 [32mΓ£ô[39m src/__tests__/security/rateLimiter.test.ts[2m > [22mRateLimiter - Security Tests[2m > [22mPassword Reset Rate Limiting[2m > [22mshould allow 3 password reset requests per hour[32m 0[2mms[22m[39m
 [32mΓ£ô[39m src/__tests__/security/rateLimiter.test.ts[2m > [22mRateLimiter - Security Tests[2m > [22mPassword Reset Rate Limiting[2m > [22mshould block after 3 password reset requests[32m 0[2mms[22m[39m
 [32mΓ£ô[39m src/__tests__/security/rateLimiter.test.ts[2m > [22mRateLimiter - Security Tests[2m > [22mRegistration Rate Limiting[2m > [22mshould allow 3 registration attempts per hour[32m 0[2mms[22m[39m
 [32mΓ£ô[39m src/__tests__/security/rateLimiter.test.ts[2m > [22mRateLimiter - Security Tests[2m > [22mRegistration Rate Limiting[2m > [22mshould block after 3 registration attempts (prevents spam)[32m 0[2mms[22m[39m
 [32mΓ£ô[39m src/__tests__/security/rateLimiter.test.ts[2m > [22mRateLimiter - Security Tests[2m > [22mEmail Rate Limiting[2m > [22mshould allow 10 emails per hour[32m 0[2mms[22m[39m
 [32mΓ£ô[39m src/__tests__/security/rateLimiter.test.ts[2m > [22mRateLimiter - Security Tests[2m > [22mEmail Rate Limiting[2m > [22mshould block after 10 emails (prevents spam)[32m 0[2mms[22m[39m
 [32mΓ£ô[39m src/__tests__/security/rateLimiter.test.ts[2m > [22mRateLimiter - Security Tests[2m > [22mManual Blocking[2m > [22mshould allow manual blocking of user[32m 0[2mms[22m[39m
 [32mΓ£ô[39m src/__tests__/security/rateLimiter.test.ts[2m > [22mRateLimiter - Security Tests[2m > [22mManual Blocking[2m > [22mshould use default block duration if not specified[32m 0[2mms[22m[39m
 [32mΓ£ô[39m src/__tests__/security/rateLimiter.test.ts[2m > [22mRateLimiter - Security Tests[2m > [22mStatus Checking[2m > [22mshould return current status for identifier[32m 0[2mms[22m[39m
 [32mΓ£ô[39m src/__tests__/security/rateLimiter.test.ts[2m > [22mRateLimiter - Security Tests[2m > [22mStatus Checking[2m > [22mshould show blocked status[32m 0[2mms[22m[39m
 [32mΓ£ô[39m src/__tests__/security/rateLimiter.test.ts[2m > [22mRateLimiter - Security Tests[2m > [22mStatus Checking[2m > [22mshould return clean status for new identifier[32m 0[2mms[22m[39m
 [32mΓ£ô[39m src/__tests__/security/rateLimiter.test.ts[2m > [22mRateLimiter - Security Tests[2m > [22mStatistics[2m > [22mshould provide accurate statistics[32m 1[2mms[22m[39m
 [32mΓ£ô[39m src/__tests__/security/rateLimiter.test.ts[2m > [22mRateLimiter - Security Tests[2m > [22mCustom Configuration[2m > [22mshould allow setting custom rate limit config[32m 0[2mms[22m[39m
 [32mΓ£ô[39m src/__tests__/security/rateLimiter.test.ts[2m > [22mRateLimiter - Security Tests[2m > [22mEdge Cases[2m > [22mshould handle unknown rate limit type gracefully[32m 0[2mms[22m[39m
 [32mΓ£ô[39m src/__tests__/security/rateLimiter.test.ts[2m > [22mRateLimiter - Security Tests[2m > [22mEdge Cases[2m > [22mshould handle rapid successive calls[32m 0[2mms[22m[39m
 [32mΓ£ô[39m src/__tests__/security/rateLimiter.test.ts[2m > [22mRateLimiter - Security Tests[2m > [22mEdge Cases[2m > [22mshould handle empty identifier gracefully[32m 0[2mms[22m[39m
 [32mΓ£ô[39m src/__tests__/security/rateLimiter.test.ts[2m > [22mRateLimiter - Security Tests[2m > [22mCleanup Functionality[2m > [22mshould not crash on cleanup[32m 1[2mms[22m[39m
 [32mΓ£ô[39m src/__tests__/security/rateLimiter.test.ts[2m > [22mRateLimiter - Security Tests[2m > [22mCleanup Functionality[2m > [22mshould clear all entries on demand[32m 0[2mms[22m[39m
 [32mΓ£ô[39m src/__tests__/security/rateLimiter.test.ts[2m > [22mRateLimiter - Security Tests[2m > [22mSecurity Attack Scenarios[2m > [22mshould prevent distributed brute force (multiple IPs)[32m 0[2mms[22m[39m
 [32mΓ£ô[39m src/__tests__/security/rateLimiter.test.ts[2m > [22mRateLimiter - Security Tests[2m > [22mSecurity Attack Scenarios[2m > [22mshould prevent credential stuffing attacks[32m 0[2mms[22m[39m
 [32mΓ£ô[39m src/__tests__/security/rateLimiter.test.ts[2m > [22mRateLimiter - Security Tests[2m > [22mSecurity Attack Scenarios[2m > [22mshould prevent DoS via API flooding[32m 0[2mms[22m[39m
 [32mΓ£ô[39m src/__tests__/security/rateLimiter.test.ts[2m > [22mRateLimiter - Security Tests[2m > [22mTime-based Tests[2m > [22mshould provide reset time information[32m 0[2mms[22m[39m
 [32mΓ£ô[39m src/__tests__/security/rateLimiter.test.ts[2m > [22mRateLimiter - Security Tests[2m > [22mTime-based Tests[2m > [22mshould provide accurate blocked until time[32m 0[2mms[22m[39m
 [32mΓ£ô[39m src/__tests__/integration/authNavigation.integration.test.tsx[2m > [22mAuth Navigation Integration[2m > [22mnavigates back to login from ForgotPasswordView when clicking back button[32m 112[2mms[22m[39m
 [32mΓ£ô[39m src/__tests__/integration/authNavigation.integration.test.tsx[2m > [22mAuth Navigation Integration[2m > [22mclears auth errors when navigating to ForgotPasswordView[32m 74[2mms[22m[39m
[90mstderr[2m | src/api/__tests__/rabAhspService.test.ts[2m > [22m[2mRabAhspService[2m > 
[22m[2mEdge Cases[2m > [22m[2mshould handle Firestore connection errors gracefully
[22m[39mΓÜá∩╕Å logError attempt 3/3 failed: Error: [vitest] No "serverTimestamp" export is 
defined on the "firebase/firestore" mock. Did you forget to return it from "vi.mock"?
If you need to partially mock a module, you can use "importOriginal" helper inside:

    at VitestMocker.createError [90m(file:///C:/Users/latie/Documents/GitHub/NataCarePM/[39mno
de_modules/[4mvitest[24m/dist/chunks/execute.B7h3T_Hc.js:284:17[90m)[39m
    at Object.get [90m(file:///C:/Users/latie/Documents/GitHub/NataCarePM/[39mnode_modules/[4
mvitest[24m/dist/chunks/execute.B7h3T_Hc.js:330:16[90m)[39m
    at operation [90m(C:\Users\latie\Documents\GitHub\NataCarePM\[39msrc\api\monitoringService
.ts:453:22[90m)[39m
    at MonitoringService.executeWithRetry [90m(C:\Users\latie\Documents\GitHub\NataCarePM\[39m
src\api\monitoringService.ts:585:15[90m)[39m
[90m    at runNextTicks (node:internal/process/task_queues:65:5)[39m
[90m    at listOnTimeout (node:internal/timers:569:9)[39m
[90m    at processTimers (node:internal/timers:543:7)[39m
    at MonitoringService.logError [90m(C:\Users\latie\Documents\GitHub\NataCarePM\[39msrc\api\
monitoringService.ts:462:7[90m)[39m {
  codeFrame: [32m'vi\x1B[33m.\x1B[39m\x1B[34mmock\x1B[39m(\x1B[35mimport\x1B[39m(\x1B[32m"fireb
ase/firestore"\x1B[39m)\x1B[33m,\x1B[39m \x1B[35masync\x1B[39m (importOriginal) 
\x1B[33m=>\x1B[39m {\n'[39m +
    [32m'  \x1B[35mconst\x1B[39m actual \x1B[33m=\x1B[39m \x1B[35mawait\x1B[39m 
\x1B[34mimportOriginal\x1B[39m()\n'[39m +
    [32m'  \x1B[35mreturn\x1B[39m {\n'[39m +
    [32m'    \x1B[33m...\x1B[39mactual\x1B[33m,\x1B[39m\n'[39m +
    [32m'    \x1B[90m// your mocked methods\x1B[39m\n'[39m +
    [32m'  }\n'[39m +
    [32m'})'[39m
}
Γ¥î logError failed after 3 attempts: Error: [vitest] No "serverTimestamp" export is defined on 
the "firebase/firestore" mock. Did you forget to return it from "vi.mock"?
If you need to partially mock a module, you can use "importOriginal" helper inside:

    at VitestMocker.createError [90m(file:///C:/Users/latie/Documents/GitHub/NataCarePM/[39mno
de_modules/[4mvitest[24m/dist/chunks/execute.B7h3T_Hc.js:284:17[90m)[39m
    at Object.get [90m(file:///C:/Users/latie/Documents/GitHub/NataCarePM/[39mnode_modules/[4
mvitest[24m/dist/chunks/execute.B7h3T_Hc.js:330:16[90m)[39m
    at operation [90m(C:\Users\latie\Documents\GitHub\NataCarePM\[39msrc\api\monitoringService
.ts:453:22[90m)[39m
    at MonitoringService.executeWithRetry [90m(C:\Users\latie\Documents\GitHub\NataCarePM\[39m
src\api\monitoringService.ts:585:15[90m)[39m
[90m    at runNextTicks (node:internal/process/task_queues:65:5)[39m
[90m    at listOnTimeout (node:internal/timers:569:9)[39m
[90m    at processTimers (node:internal/timers:543:7)[39m
    at MonitoringService.logError [90m(C:\Users\latie\Documents\GitHub\NataCarePM\[39msrc\api\
monitoringService.ts:462:7[90m)[39m {
  codeFrame: [32m'vi\x1B[33m.\x1B[39m\x1B[34mmock\x1B[39m(\x1B[35mimport\x1B[39m(\x1B[32m"fireb
ase/firestore"\x1B[39m)\x1B[33m,\x1B[39m \x1B[35masync\x1B[39m (importOriginal) 
\x1B[33m=>\x1B[39m {\n'[39m +
    [32m'  \x1B[35mconst\x1B[39m actual \x1B[33m=\x1B[39m \x1B[35mawait\x1B[39m 
\x1B[34mimportOriginal\x1B[39m()\n'[39m +
    [32m'  \x1B[35mreturn\x1B[39m {\n'[39m +
    [32m'    \x1B[33m...\x1B[39mactual\x1B[33m,\x1B[39m\n'[39m +
    [32m'    \x1B[90m// your mocked methods\x1B[39m\n'[39m +
    [32m'  }\n'[39m +
    [32m'})'[39m
}

[90mstderr[2m | src/api/__tests__/rabAhspService.test.ts[2m > [22m[2mRabAhspService[2m > 
[22m[2mEdge Cases[2m > [22m[2mshould handle Firestore connection errors gracefully
[22m[39mΓÜá∩╕Å logError attempt 3/3 failed: Error: [vitest] No "serverTimestamp" export is 
defined on the "firebase/firestore" mock. Did you forget to return it from "vi.mock"?
If you need to partially mock a module, you can use "importOriginal" helper inside:

    at VitestMocker.createError [90m(file:///C:/Users/latie/Documents/GitHub/NataCarePM/[39mno
de_modules/[4mvitest[24m/dist/chunks/execute.B7h3T_Hc.js:284:17[90m)[39m
    at Object.get [90m(file:///C:/Users/latie/Documents/GitHub/NataCarePM/[39mnode_modules/[4
mvitest[24m/dist/chunks/execute.B7h3T_Hc.js:330:16[90m)[39m
    at operation [90m(C:\Users\latie\Documents\GitHub\NataCarePM\[39msrc\api\monitoringService
.ts:453:22[90m)[39m
    at MonitoringService.executeWithRetry [90m(C:\Users\latie\Documents\GitHub\NataCarePM\[39m
src\api\monitoringService.ts:585:15[90m)[39m
[90m    at runNextTicks (node:internal/process/task_queues:65:5)[39m
[90m    at listOnTimeout (node:internal/timers:569:9)[39m
[90m    at processTimers (node:internal/timers:543:7)[39m
    at MonitoringService.logError [90m(C:\Users\latie\Documents\GitHub\NataCarePM\[39msrc\api\
monitoringService.ts:462:7[90m)[39m {
  codeFrame: [32m'vi\x1B[33m.\x1B[39m\x1B[34mmock\x1B[39m(\x1B[35mimport\x1B[39m(\x1B[32m"fireb
ase/firestore"\x1B[39m)\x1B[33m,\x1B[39m \x1B[35masync\x1B[39m (importOriginal) 
\x1B[33m=>\x1B[39m {\n'[39m +
    [32m'  \x1B[35mconst\x1B[39m actual \x1B[33m=\x1B[39m \x1B[35mawait\x1B[39m 
\x1B[34mimportOriginal\x1B[39m()\n'[39m +
    [32m'  \x1B[35mreturn\x1B[39m {\n'[39m +
    [32m'    \x1B[33m...\x1B[39mactual\x1B[33m,\x1B[39m\n'[39m +
    [32m'    \x1B[90m// your mocked methods\x1B[39m\n'[39m +
    [32m'  }\n'[39m +
    [32m'})'[39m
}
Γ¥î logError failed after 3 attempts: Error: [vitest] No "serverTimestamp" export is defined on 
the "firebase/firestore" mock. Did you forget to return it from "vi.mock"?
If you need to partially mock a module, you can use "importOriginal" helper inside:

    at VitestMocker.createError [90m(file:///C:/Users/latie/Documents/GitHub/NataCarePM/[39mno
de_modules/[4mvitest[24m/dist/chunks/execute.B7h3T_Hc.js:284:17[90m)[39m
    at Object.get [90m(file:///C:/Users/latie/Documents/GitHub/NataCarePM/[39mnode_modules/[4
mvitest[24m/dist/chunks/execute.B7h3T_Hc.js:330:16[90m)[39m
    at operation [90m(C:\Users\latie\Documents\GitHub\NataCarePM\[39msrc\api\monitoringService
.ts:453:22[90m)[39m
    at MonitoringService.executeWithRetry [90m(C:\Users\latie\Documents\GitHub\NataCarePM\[39m
src\api\monitoringService.ts:585:15[90m)[39m
[90m    at runNextTicks (node:internal/process/task_queues:65:5)[39m
[90m    at listOnTimeout (node:internal/timers:569:9)[39m
[90m    at processTimers (node:internal/timers:543:7)[39m
    at MonitoringService.logError [90m(C:\Users\latie\Documents\GitHub\NataCarePM\[39msrc\api\
monitoringService.ts:462:7[90m)[39m {
  codeFrame: [32m'vi\x1B[33m.\x1B[39m\x1B[34mmock\x1B[39m(\x1B[35mimport\x1B[39m(\x1B[32m"fireb
ase/firestore"\x1B[39m)\x1B[33m,\x1B[39m \x1B[35masync\x1B[39m (importOriginal) 
\x1B[33m=>\x1B[39m {\n'[39m +
    [32m'  \x1B[35mconst\x1B[39m actual \x1B[33m=\x1B[39m \x1B[35mawait\x1B[39m 
\x1B[34mimportOriginal\x1B[39m()\n'[39m +
    [32m'  \x1B[35mreturn\x1B[39m {\n'[39m +
    [32m'    \x1B[33m...\x1B[39mactual\x1B[33m,\x1B[39m\n'[39m +
    [32m'    \x1B[90m// your mocked methods\x1B[39m\n'[39m +
    [32m'  }\n'[39m +
    [32m'})'[39m
}

[90mstderr[2m | src/api/__tests__/rabAhspService.test.ts[2m > [22m[2mRabAhspService[2m > 
[22m[2mEdge Cases[2m > [22m[2mshould handle Firestore connection errors gracefully
[22m[39mΓÜá∩╕Å logError attempt 3/3 failed: Error: [vitest] No "serverTimestamp" export is 
defined on the "firebase/firestore" mock. Did you forget to return it from "vi.mock"?
If you need to partially mock a module, you can use "importOriginal" helper inside:

    at VitestMocker.createError [90m(file:///C:/Users/latie/Documents/GitHub/NataCarePM/[39mno
de_modules/[4mvitest[24m/dist/chunks/execute.B7h3T_Hc.js:284:17[90m)[39m
    at Object.get [90m(file:///C:/Users/latie/Documents/GitHub/NataCarePM/[39mnode_modules/[4
mvitest[24m/dist/chunks/execute.B7h3T_Hc.js:330:16[90m)[39m
    at operation [90m(C:\Users\latie\Documents\GitHub\NataCarePM\[39msrc\api\monitoringService
.ts:453:22[90m)[39m
    at MonitoringService.executeWithRetry [90m(C:\Users\latie\Documents\GitHub\NataCarePM\[39m
src\api\monitoringService.ts:585:15[90m)[39m
[90m    at runNextTicks (node:internal/process/task_queues:65:5)[39m
[90m    at listOnTimeout (node:internal/timers:569:9)[39m
[90m    at processTimers (node:internal/timers:543:7)[39m
    at MonitoringService.logError [90m(C:\Users\latie\Documents\GitHub\NataCarePM\[39msrc\api\
monitoringService.ts:462:7[90m)[39m {
  codeFrame: [32m'vi\x1B[33m.\x1B[39m\x1B[34mmock\x1B[39m(\x1B[35mimport\x1B[39m(\x1B[32m"fireb
ase/firestore"\x1B[39m)\x1B[33m,\x1B[39m \x1B[35masync\x1B[39m (importOriginal) 
\x1B[33m=>\x1B[39m {\n'[39m +
    [32m'  \x1B[35mconst\x1B[39m actual \x1B[33m=\x1B[39m \x1B[35mawait\x1B[39m 
\x1B[34mimportOriginal\x1B[39m()\n'[39m +
    [32m'  \x1B[35mreturn\x1B[39m {\n'[39m +
    [32m'    \x1B[33m...\x1B[39mactual\x1B[33m,\x1B[39m\n'[39m +
    [32m'    \x1B[90m// your mocked methods\x1B[39m\n'[39m +
    [32m'  }\n'[39m +
    [32m'})'[39m
}
Γ¥î logError failed after 3 attempts: Error: [vitest] No "serverTimestamp" export is defined on 
the "firebase/firestore" mock. Did you forget to return it from "vi.mock"?
If you need to partially mock a module, you can use "importOriginal" helper inside:

    at VitestMocker.createError [90m(file:///C:/Users/latie/Documents/GitHub/NataCarePM/[39mno
de_modules/[4mvitest[24m/dist/chunks/execute.B7h3T_Hc.js:284:17[90m)[39m
    at Object.get [90m(file:///C:/Users/latie/Documents/GitHub/NataCarePM/[39mnode_modules/[4
mvitest[24m/dist/chunks/execute.B7h3T_Hc.js:330:16[90m)[39m
    at operation [90m(C:\Users\latie\Documents\GitHub\NataCarePM\[39msrc\api\monitoringService
.ts:453:22[90m)[39m
    at MonitoringService.executeWithRetry [90m(C:\Users\latie\Documents\GitHub\NataCarePM\[39m
src\api\monitoringService.ts:585:15[90m)[39m
[90m    at runNextTicks (node:internal/process/task_queues:65:5)[39m
[90m    at listOnTimeout (node:internal/timers:569:9)[39m
[90m    at processTimers (node:internal/timers:543:7)[39m
    at MonitoringService.logError [90m(C:\Users\latie\Documents\GitHub\NataCarePM\[39msrc\api\
monitoringService.ts:462:7[90m)[39m {
  codeFrame: [32m'vi\x1B[33m.\x1B[39m\x1B[34mmock\x1B[39m(\x1B[35mimport\x1B[39m(\x1B[32m"fireb
ase/firestore"\x1B[39m)\x1B[33m,\x1B[39m \x1B[35masync\x1B[39m (importOriginal) 
\x1B[33m=>\x1B[39m {\n'[39m +
    [32m'  \x1B[35mconst\x1B[39m actual \x1B[33m=\x1B[39m \x1B[35mawait\x1B[39m 
\x1B[34mimportOriginal\x1B[39m()\n'[39m +
    [32m'  \x1B[35mreturn\x1B[39m {\n'[39m +
    [32m'    \x1B[33m...\x1B[39mactual\x1B[33m,\x1B[39m\n'[39m +
    [32m'    \x1B[90m// your mocked methods\x1B[39m\n'[39m +
    [32m'  }\n'[39m +
    [32m'})'[39m
}

[90mstderr[2m | src/api/__tests__/rabAhspService.test.ts[2m > [22m[2mRabAhspService[2m > 
[22m[2mEdge Cases[2m > [22m[2mshould handle Firestore connection errors gracefully
[22m[39mΓÜá∩╕Å logError attempt 3/3 failed: Error: [vitest] No "serverTimestamp" export is 
defined on the "firebase/firestore" mock. Did you forget to return it from "vi.mock"?
If you need to partially mock a module, you can use "importOriginal" helper inside:

    at VitestMocker.createError [90m(file:///C:/Users/latie/Documents/GitHub/NataCarePM/[39mno
de_modules/[4mvitest[24m/dist/chunks/execute.B7h3T_Hc.js:284:17[90m)[39m
    at Object.get [90m(file:///C:/Users/latie/Documents/GitHub/NataCarePM/[39mnode_modules/[4
mvitest[24m/dist/chunks/execute.B7h3T_Hc.js:330:16[90m)[39m
    at operation [90m(C:\Users\latie\Documents\GitHub\NataCarePM\[39msrc\api\monitoringService
.ts:453:22[90m)[39m
    at MonitoringService.executeWithRetry [90m(C:\Users\latie\Documents\GitHub\NataCarePM\[39m
src\api\monitoringService.ts:585:15[90m)[39m
[90m    at runNextTicks (node:internal/process/task_queues:65:5)[39m
[90m    at listOnTimeout (node:internal/timers:569:9)[39m
[90m    at processTimers (node:internal/timers:543:7)[39m
    at MonitoringService.logError [90m(C:\Users\latie\Documents\GitHub\NataCarePM\[39msrc\api\
monitoringService.ts:462:7[90m)[39m {
  codeFrame: [32m'vi\x1B[33m.\x1B[39m\x1B[34mmock\x1B[39m(\x1B[35mimport\x1B[39m(\x1B[32m"fireb
ase/firestore"\x1B[39m)\x1B[33m,\x1B[39m \x1B[35masync\x1B[39m (importOriginal) 
\x1B[33m=>\x1B[39m {\n'[39m +
    [32m'  \x1B[35mconst\x1B[39m actual \x1B[33m=\x1B[39m \x1B[35mawait\x1B[39m 
\x1B[34mimportOriginal\x1B[39m()\n'[39m +
    [32m'  \x1B[35mreturn\x1B[39m {\n'[39m +
    [32m'    \x1B[33m...\x1B[39mactual\x1B[33m,\x1B[39m\n'[39m +
    [32m'    \x1B[90m// your mocked methods\x1B[39m\n'[39m +
    [32m'  }\n'[39m +
    [32m'})'[39m
}
Γ¥î logError failed after 3 attempts: Error: [vitest] No "serverTimestamp" export is defined on 
the "firebase/firestore" mock. Did you forget to return it from "vi.mock"?
If you need to partially mock a module, you can use "importOriginal" helper inside:

    at VitestMocker.createError [90m(file:///C:/Users/latie/Documents/GitHub/NataCarePM/[39mno
de_modules/[4mvitest[24m/dist/chunks/execute.B7h3T_Hc.js:284:17[90m)[39m
    at Object.get [90m(file:///C:/Users/latie/Documents/GitHub/NataCarePM/[39mnode_modules/[4
mvitest[24m/dist/chunks/execute.B7h3T_Hc.js:330:16[90m)[39m
    at operation [90m(C:\Users\latie\Documents\GitHub\NataCarePM\[39msrc\api\monitoringService
.ts:453:22[90m)[39m
    at MonitoringService.executeWithRetry [90m(C:\Users\latie\Documents\GitHub\NataCarePM\[39m
src\api\monitoringService.ts:585:15[90m)[39m
[90m    at runNextTicks (node:internal/process/task_queues:65:5)[39m
[90m    at listOnTimeout (node:internal/timers:569:9)[39m
[90m    at processTimers (node:internal/timers:543:7)[39m
    at MonitoringService.logError [90m(C:\Users\latie\Documents\GitHub\NataCarePM\[39msrc\api\
monitoringService.ts:462:7[90m)[39m {
  codeFrame: [32m'vi\x1B[33m.\x1B[39m\x1B[34mmock\x1B[39m(\x1B[35mimport\x1B[39m(\x1B[32m"fireb
ase/firestore"\x1B[39m)\x1B[33m,\x1B[39m \x1B[35masync\x1B[39m (importOriginal) 
\x1B[33m=>\x1B[39m {\n'[39m +
    [32m'  \x1B[35mconst\x1B[39m actual \x1B[33m=\x1B[39m \x1B[35mawait\x1B[39m 
\x1B[34mimportOriginal\x1B[39m()\n'[39m +
    [32m'  \x1B[35mreturn\x1B[39m {\n'[39m +
    [32m'    \x1B[33m...\x1B[39mactual\x1B[33m,\x1B[39m\n'[39m +
    [32m'    \x1B[90m// your mocked methods\x1B[39m\n'[39m +
    [32m'  }\n'[39m +
    [32m'})'[39m
}

[90mstderr[2m | src/api/__tests__/rabAhspService.test.ts[2m > [22m[2mRabAhspService[2m > 
[22m[2mEdge Cases[2m > [22m[2mshould handle Firestore connection errors gracefully
[22m[39mΓÜá∩╕Å logError attempt 3/3 failed: Error: [vitest] No "serverTimestamp" export is 
defined on the "firebase/firestore" mock. Did you forget to return it from "vi.mock"?
If you need to partially mock a module, you can use "importOriginal" helper inside:

    at VitestMocker.createError [90m(file:///C:/Users/latie/Documents/GitHub/NataCarePM/[39mno
de_modules/[4mvitest[24m/dist/chunks/execute.B7h3T_Hc.js:284:17[90m)[39m
    at Object.get [90m(file:///C:/Users/latie/Documents/GitHub/NataCarePM/[39mnode_modules/[4
mvitest[24m/dist/chunks/execute.B7h3T_Hc.js:330:16[90m)[39m
    at operation [90m(C:\Users\latie\Documents\GitHub\NataCarePM\[39msrc\api\monitoringService
.ts:453:22[90m)[39m
    at MonitoringService.executeWithRetry [90m(C:\Users\latie\Documents\GitHub\NataCarePM\[39m
src\api\monitoringService.ts:585:15[90m)[39m
[90m    at runNextTicks (node:internal/process/task_queues:65:5)[39m
[90m    at listOnTimeout (node:internal/timers:569:9)[39m
[90m    at processTimers (node:internal/timers:543:7)[39m
    at MonitoringService.logError [90m(C:\Users\latie\Documents\GitHub\NataCarePM\[39msrc\api\
monitoringService.ts:462:7[90m)[39m {
  codeFrame: [32m'vi\x1B[33m.\x1B[39m\x1B[34mmock\x1B[39m(\x1B[35mimport\x1B[39m(\x1B[32m"fireb
ase/firestore"\x1B[39m)\x1B[33m,\x1B[39m \x1B[35masync\x1B[39m (importOriginal) 
\x1B[33m=>\x1B[39m {\n'[39m +
    [32m'  \x1B[35mconst\x1B[39m actual \x1B[33m=\x1B[39m \x1B[35mawait\x1B[39m 
\x1B[34mimportOriginal\x1B[39m()\n'[39m +
    [32m'  \x1B[35mreturn\x1B[39m {\n'[39m +
    [32m'    \x1B[33m...\x1B[39mactual\x1B[33m,\x1B[39m\n'[39m +
    [32m'    \x1B[90m// your mocked methods\x1B[39m\n'[39m +
    [32m'  }\n'[39m +
    [32m'})'[39m
}
Γ¥î logError failed after 3 attempts: Error: [vitest] No "serverTimestamp" export is defined on 
the "firebase/firestore" mock. Did you forget to return it from "vi.mock"?
If you need to partially mock a module, you can use "importOriginal" helper inside:

    at VitestMocker.createError [90m(file:///C:/Users/latie/Documents/GitHub/NataCarePM/[39mno
de_modules/[4mvitest[24m/dist/chunks/execute.B7h3T_Hc.js:284:17[90m)[39m
    at Object.get [90m(file:///C:/Users/latie/Documents/GitHub/NataCarePM/[39mnode_modules/[4
mvitest[24m/dist/chunks/execute.B7h3T_Hc.js:330:16[90m)[39m
    at operation [90m(C:\Users\latie\Documents\GitHub\NataCarePM\[39msrc\api\monitoringService
.ts:453:22[90m)[39m
    at MonitoringService.executeWithRetry [90m(C:\Users\latie\Documents\GitHub\NataCarePM\[39m
src\api\monitoringService.ts:585:15[90m)[39m
[90m    at runNextTicks (node:internal/process/task_queues:65:5)[39m
[90m    at listOnTimeout (node:internal/timers:569:9)[39m
[90m    at processTimers (node:internal/timers:543:7)[39m
    at MonitoringService.logError [90m(C:\Users\latie\Documents\GitHub\NataCarePM\[39msrc\api\
monitoringService.ts:462:7[90m)[39m {
  codeFrame: [32m'vi\x1B[33m.\x1B[39m\x1B[34mmock\x1B[39m(\x1B[35mimport\x1B[39m(\x1B[32m"fireb
ase/firestore"\x1B[39m)\x1B[33m,\x1B[39m \x1B[35masync\x1B[39m (importOriginal) 
\x1B[33m=>\x1B[39m {\n'[39m +
    [32m'  \x1B[35mconst\x1B[39m actual \x1B[33m=\x1B[39m \x1B[35mawait\x1B[39m 
\x1B[34mimportOriginal\x1B[39m()\n'[39m +
    [32m'  \x1B[35mreturn\x1B[39m {\n'[39m +
    [32m'    \x1B[33m...\x1B[39mactual\x1B[33m,\x1B[39m\n'[39m +
    [32m'    \x1B[90m// your mocked methods\x1B[39m\n'[39m +
    [32m'  }\n'[39m +
    [32m'})'[39m
}

[90mstderr[2m | src/api/__tests__/rabAhspService.test.ts[2m > [22m[2mRabAhspService[2m > 
[22m[2mEdge Cases[2m > [22m[2mshould handle Firestore connection errors gracefully
[22m[39mΓÜá∩╕Å logError attempt 3/3 failed: Error: [vitest] No "serverTimestamp" export is 
defined on the "firebase/firestore" mock. Did you forget to return it from "vi.mock"?
If you need to partially mock a module, you can use "importOriginal" helper inside:

    at VitestMocker.createError [90m(file:///C:/Users/latie/Documents/GitHub/NataCarePM/[39mno
de_modules/[4mvitest[24m/dist/chunks/execute.B7h3T_Hc.js:284:17[90m)[39m
    at Object.get [90m(file:///C:/Users/latie/Documents/GitHub/NataCarePM/[39mnode_modules/[4
mvitest[24m/dist/chunks/execute.B7h3T_Hc.js:330:16[90m)[39m
    at operation [90m(C:\Users\latie\Documents\GitHub\NataCarePM\[39msrc\api\monitoringService
.ts:453:22[90m)[39m
    at MonitoringService.executeWithRetry [90m(C:\Users\latie\Documents\GitHub\NataCarePM\[39m
src\api\monitoringService.ts:585:15[90m)[39m
[90m    at runNextTicks (node:internal/process/task_queues:65:5)[39m
[90m    at listOnTimeout (node:internal/timers:569:9)[39m
[90m    at processTimers (node:internal/timers:543:7)[39m
    at MonitoringService.logError [90m(C:\Users\latie\Documents\GitHub\NataCarePM\[39msrc\api\
monitoringService.ts:462:7[90m)[39m {
  codeFrame: [32m'vi\x1B[33m.\x1B[39m\x1B[34mmock\x1B[39m(\x1B[35mimport\x1B[39m(\x1B[32m"fireb
ase/firestore"\x1B[39m)\x1B[33m,\x1B[39m \x1B[35masync\x1B[39m (importOriginal) 
\x1B[33m=>\x1B[39m {\n'[39m +
    [32m'  \x1B[35mconst\x1B[39m actual \x1B[33m=\x1B[39m \x1B[35mawait\x1B[39m 
\x1B[34mimportOriginal\x1B[39m()\n'[39m +
    [32m'  \x1B[35mreturn\x1B[39m {\n'[39m +
    [32m'    \x1B[33m...\x1B[39mactual\x1B[33m,\x1B[39m\n'[39m +
    [32m'    \x1B[90m// your mocked methods\x1B[39m\n'[39m +
    [32m'  }\n'[39m +
    [32m'})'[39m
}
Γ¥î logError failed after 3 attempts: Error: [vitest] No "serverTimestamp" export is defined on 
the "firebase/firestore" mock. Did you forget to return it from "vi.mock"?
If you need to partially mock a module, you can use "importOriginal" helper inside:

    at VitestMocker.createError [90m(file:///C:/Users/latie/Documents/GitHub/NataCarePM/[39mno
de_modules/[4mvitest[24m/dist/chunks/execute.B7h3T_Hc.js:284:17[90m)[39m
    at Object.get [90m(file:///C:/Users/latie/Documents/GitHub/NataCarePM/[39mnode_modules/[4
mvitest[24m/dist/chunks/execute.B7h3T_Hc.js:330:16[90m)[39m
    at operation [90m(C:\Users\latie\Documents\GitHub\NataCarePM\[39msrc\api\monitoringService
.ts:453:22[90m)[39m
    at MonitoringService.executeWithRetry [90m(C:\Users\latie\Documents\GitHub\NataCarePM\[39m
src\api\monitoringService.ts:585:15[90m)[39m
[90m    at runNextTicks (node:internal/process/task_queues:65:5)[39m
[90m    at listOnTimeout (node:internal/timers:569:9)[39m
[90m    at processTimers (node:internal/timers:543:7)[39m
    at MonitoringService.logError [90m(C:\Users\latie\Documents\GitHub\NataCarePM\[39msrc\api\
monitoringService.ts:462:7[90m)[39m {
  codeFrame: [32m'vi\x1B[33m.\x1B[39m\x1B[34mmock\x1B[39m(\x1B[35mimport\x1B[39m(\x1B[32m"fireb
ase/firestore"\x1B[39m)\x1B[33m,\x1B[39m \x1B[35masync\x1B[39m (importOriginal) 
\x1B[33m=>\x1B[39m {\n'[39m +
    [32m'  \x1B[35mconst\x1B[39m actual \x1B[33m=\x1B[39m \x1B[35mawait\x1B[39m 
\x1B[34mimportOriginal\x1B[39m()\n'[39m +
    [32m'  \x1B[35mreturn\x1B[39m {\n'[39m +
    [32m'    \x1B[33m...\x1B[39mactual\x1B[33m,\x1B[39m\n'[39m +
    [32m'    \x1B[90m// your mocked methods\x1B[39m\n'[39m +
    [32m'  }\n'[39m +
    [32m'})'[39m
}

[90mstderr[2m | src/api/__tests__/rabAhspService.test.ts[2m > [22m[2mRabAhspService[2m > 
[22m[2mEdge Cases[2m > [22m[2mshould handle Firestore connection errors gracefully
[22m[39mΓÜá∩╕Å logError attempt 3/3 failed: Error: [vitest] No "serverTimestamp" export is 
defined on the "firebase/firestore" mock. Did you forget to return it from "vi.mock"?
If you need to partially mock a module, you can use "importOriginal" helper inside:

    at VitestMocker.createError [90m(file:///C:/Users/latie/Documents/GitHub/NataCarePM/[39mno
de_modules/[4mvitest[24m/dist/chunks/execute.B7h3T_Hc.js:284:17[90m)[39m
    at Object.get [90m(file:///C:/Users/latie/Documents/GitHub/NataCarePM/[39mnode_modules/[4
mvitest[24m/dist/chunks/execute.B7h3T_Hc.js:330:16[90m)[39m
    at operation [90m(C:\Users\latie\Documents\GitHub\NataCarePM\[39msrc\api\monitoringService
.ts:453:22[90m)[39m
    at MonitoringService.executeWithRetry [90m(C:\Users\latie\Documents\GitHub\NataCarePM\[39m
src\api\monitoringService.ts:585:15[90m)[39m
[90m    at runNextTicks (node:internal/process/task_queues:65:5)[39m
[90m    at listOnTimeout (node:internal/timers:569:9)[39m
[90m    at processTimers (node:internal/timers:543:7)[39m
    at MonitoringService.logError [90m(C:\Users\latie\Documents\GitHub\NataCarePM\[39msrc\api\
monitoringService.ts:462:7[90m)[39m {
  codeFrame: [32m'vi\x1B[33m.\x1B[39m\x1B[34mmock\x1B[39m(\x1B[35mimport\x1B[39m(\x1B[32m"fireb
ase/firestore"\x1B[39m)\x1B[33m,\x1B[39m \x1B[35masync\x1B[39m (importOriginal) 
\x1B[33m=>\x1B[39m {\n'[39m +
    [32m'  \x1B[35mconst\x1B[39m actual \x1B[33m=\x1B[39m \x1B[35mawait\x1B[39m 
\x1B[34mimportOriginal\x1B[39m()\n'[39m +
    [32m'  \x1B[35mreturn\x1B[39m {\n'[39m +
    [32m'    \x1B[33m...\x1B[39mactual\x1B[33m,\x1B[39m\n'[39m +
    [32m'    \x1B[90m// your mocked methods\x1B[39m\n'[39m +
    [32m'  }\n'[39m +
    [32m'})'[39m
}
Γ¥î logError failed after 3 attempts: Error: [vitest] No "serverTimestamp" export is defined on 
the "firebase/firestore" mock. Did you forget to return it from "vi.mock"?
If you need to partially mock a module, you can use "importOriginal" helper inside:

    at VitestMocker.createError [90m(file:///C:/Users/latie/Documents/GitHub/NataCarePM/[39mno
de_modules/[4mvitest[24m/dist/chunks/execute.B7h3T_Hc.js:284:17[90m)[39m
    at Object.get [90m(file:///C:/Users/latie/Documents/GitHub/NataCarePM/[39mnode_modules/[4
mvitest[24m/dist/chunks/execute.B7h3T_Hc.js:330:16[90m)[39m
    at operation [90m(C:\Users\latie\Documents\GitHub\NataCarePM\[39msrc\api\monitoringService
.ts:453:22[90m)[39m
    at MonitoringService.executeWithRetry [90m(C:\Users\latie\Documents\GitHub\NataCarePM\[39m
src\api\monitoringService.ts:585:15[90m)[39m
[90m    at runNextTicks (node:internal/process/task_queues:65:5)[39m
[90m    at listOnTimeout (node:internal/timers:569:9)[39m
[90m    at processTimers (node:internal/timers:543:7)[39m
    at MonitoringService.logError [90m(C:\Users\latie\Documents\GitHub\NataCarePM\[39msrc\api\
monitoringService.ts:462:7[90m)[39m {
  codeFrame: [32m'vi\x1B[33m.\x1B[39m\x1B[34mmock\x1B[39m(\x1B[35mimport\x1B[39m(\x1B[32m"fireb
ase/firestore"\x1B[39m)\x1B[33m,\x1B[39m \x1B[35masync\x1B[39m (importOriginal) 
\x1B[33m=>\x1B[39m {\n'[39m +
    [32m'  \x1B[35mconst\x1B[39m actual \x1B[33m=\x1B[39m \x1B[35mawait\x1B[39m 
\x1B[34mimportOriginal\x1B[39m()\n'[39m +
    [32m'  \x1B[35mreturn\x1B[39m {\n'[39m +
    [32m'    \x1B[33m...\x1B[39mactual\x1B[33m,\x1B[39m\n'[39m +
    [32m'    \x1B[90m// your mocked methods\x1B[39m\n'[39m +
    [32m'  }\n'[39m +
    [32m'})'[39m
}

[90mstderr[2m | src/api/__tests__/rabAhspService.test.ts[2m > [22m[2mRabAhspService[2m > 
[22m[2mEdge Cases[2m > [22m[2mshould handle Firestore connection errors gracefully
[22m[39mΓÜá∩╕Å logError attempt 3/3 failed: Error: [vitest] No "serverTimestamp" export is 
defined on the "firebase/firestore" mock. Did you forget to return it from "vi.mock"?
If you need to partially mock a module, you can use "importOriginal" helper inside:

    at VitestMocker.createError [90m(file:///C:/Users/latie/Documents/GitHub/NataCarePM/[39mno
de_modules/[4mvitest[24m/dist/chunks/execute.B7h3T_Hc.js:284:17[90m)[39m
    at Object.get [90m(file:///C:/Users/latie/Documents/GitHub/NataCarePM/[39mnode_modules/[4
mvitest[24m/dist/chunks/execute.B7h3T_Hc.js:330:16[90m)[39m
    at operation [90m(C:\Users\latie\Documents\GitHub\NataCarePM\[39msrc\api\monitoringService
.ts:453:22[90m)[39m
    at MonitoringService.executeWithRetry [90m(C:\Users\latie\Documents\GitHub\NataCarePM\[39m
src\api\monitoringService.ts:585:15[90m)[39m
[90m    at runNextTicks (node:internal/process/task_queues:65:5)[39m
[90m    at listOnTimeout (node:internal/timers:569:9)[39m
[90m    at processTimers (node:internal/timers:543:7)[39m
    at MonitoringService.logError [90m(C:\Users\latie\Documents\GitHub\NataCarePM\[39msrc\api\
monitoringService.ts:462:7[90m)[39m {
  codeFrame: [32m'vi\x1B[33m.\x1B[39m\x1B[34mmock\x1B[39m(\x1B[35mimport\x1B[39m(\x1B[32m"fireb
ase/firestore"\x1B[39m)\x1B[33m,\x1B[39m \x1B[35masync\x1B[39m (importOriginal) 
\x1B[33m=>\x1B[39m {\n'[39m +
    [32m'  \x1B[35mconst\x1B[39m actual \x1B[33m=\x1B[39m \x1B[35mawait\x1B[39m 
\x1B[34mimportOriginal\x1B[39m()\n'[39m +
    [32m'  \x1B[35mreturn\x1B[39m {\n'[39m +
    [32m'    \x1B[33m...\x1B[39mactual\x1B[33m,\x1B[39m\n'[39m +
    [32m'    \x1B[90m// your mocked methods\x1B[39m\n'[39m +
    [32m'  }\n'[39m +
    [32m'})'[39m
}
Γ¥î logError failed after 3 attempts: Error: [vitest] No "serverTimestamp" export is defined on 
the "firebase/firestore" mock. Did you forget to return it from "vi.mock"?
If you need to partially mock a module, you can use "importOriginal" helper inside:

    at VitestMocker.createError [90m(file:///C:/Users/latie/Documents/GitHub/NataCarePM/[39mno
de_modules/[4mvitest[24m/dist/chunks/execute.B7h3T_Hc.js:284:17[90m)[39m
    at Object.get [90m(file:///C:/Users/latie/Documents/GitHub/NataCarePM/[39mnode_modules/[4
mvitest[24m/dist/chunks/execute.B7h3T_Hc.js:330:16[90m)[39m
    at operation [90m(C:\Users\latie\Documents\GitHub\NataCarePM\[39msrc\api\monitoringService
.ts:453:22[90m)[39m
    at MonitoringService.executeWithRetry [90m(C:\Users\latie\Documents\GitHub\NataCarePM\[39m
src\api\monitoringService.ts:585:15[90m)[39m
[90m    at runNextTicks (node:internal/process/task_queues:65:5)[39m
[90m    at listOnTimeout (node:internal/timers:569:9)[39m
[90m    at processTimers (node:internal/timers:543:7)[39m
    at MonitoringService.logError [90m(C:\Users\latie\Documents\GitHub\NataCarePM\[39msrc\api\
monitoringService.ts:462:7[90m)[39m {
  codeFrame: [32m'vi\x1B[33m.\x1B[39m\x1B[34mmock\x1B[39m(\x1B[35mimport\x1B[39m(\x1B[32m"fireb
ase/firestore"\x1B[39m)\x1B[33m,\x1B[39m \x1B[35masync\x1B[39m (importOriginal) 
\x1B[33m=>\x1B[39m {\n'[39m +
    [32m'  \x1B[35mconst\x1B[39m actual \x1B[33m=\x1B[39m \x1B[35mawait\x1B[39m 
\x1B[34mimportOriginal\x1B[39m()\n'[39m +
    [32m'  \x1B[35mreturn\x1B[39m {\n'[39m +
    [32m'    \x1B[33m...\x1B[39mactual\x1B[33m,\x1B[39m\n'[39m +
    [32m'    \x1B[90m// your mocked methods\x1B[39m\n'[39m +
    [32m'  }\n'[39m +
    [32m'})'[39m
}

[90mstderr[2m | src/api/__tests__/rabAhspService.test.ts[2m > [22m[2mRabAhspService[2m > 
[22m[2mEdge Cases[2m > [22m[2mshould handle Firestore connection errors gracefully
[22m[39mΓÜá∩╕Å logError attempt 3/3 failed: Error: [vitest] No "serverTimestamp" export is 
defined on the "firebase/firestore" mock. Did you forget to return it from "vi.mock"?
If you need to partially mock a module, you can use "importOriginal" helper inside:

    at VitestMocker.createError [90m(file:///C:/Users/latie/Documents/GitHub/NataCarePM/[39mno
de_modules/[4mvitest[24m/dist/chunks/execute.B7h3T_Hc.js:284:17[90m)[39m
    at Object.get [90m(file:///C:/Users/latie/Documents/GitHub/NataCarePM/[39mnode_modules/[4
mvitest[24m/dist/chunks/execute.B7h3T_Hc.js:330:16[90m)[39m
    at operation [90m(C:\Users\latie\Documents\GitHub\NataCarePM\[39msrc\api\monitoringService
.ts:453:22[90m)[39m
    at MonitoringService.executeWithRetry [90m(C:\Users\latie\Documents\GitHub\NataCarePM\[39m
src\api\monitoringService.ts:585:15[90m)[39m
    at MonitoringService.logError [90m(C:\Users\latie\Documents\GitHub\NataCarePM\[39msrc\api\
monitoringService.ts:462:7[90m)[39m {
  codeFrame: [32m'vi\x1B[33m.\x1B[39m\x1B[34mmock\x1B[39m(\x1B[35mimport\x1B[39m(\x1B[32m"fireb
ase/firestore"\x1B[39m)\x1B[33m,\x1B[39m \x1B[35masync\x1B[39m (importOriginal) 
\x1B[33m=>\x1B[39m {\n'[39m +
    [32m'  \x1B[35mconst\x1B[39m actual \x1B[33m=\x1B[39m \x1B[35mawait\x1B[39m 
\x1B[34mimportOriginal\x1B[39m()\n'[39m +
    [32m'  \x1B[35mreturn\x1B[39m {\n'[39m +
    [32m'    \x1B[33m...\x1B[39mactual\x1B[33m,\x1B[39m\n'[39m +
    [32m'    \x1B[90m// your mocked methods\x1B[39m\n'[39m +
    [32m'  }\n'[39m +
    [32m'})'[39m
}
Γ¥î logError failed after 3 attempts: Error: [vitest] No "serverTimestamp" export is defined on 
the "firebase/firestore" mock. Did you forget to return it from "vi.mock"?
If you need to partially mock a module, you can use "importOriginal" helper inside:

    at VitestMocker.createError [90m(file:///C:/Users/latie/Documents/GitHub/NataCarePM/[39mno
de_modules/[4mvitest[24m/dist/chunks/execute.B7h3T_Hc.js:284:17[90m)[39m
    at Object.get [90m(file:///C:/Users/latie/Documents/GitHub/NataCarePM/[39mnode_modules/[4
mvitest[24m/dist/chunks/execute.B7h3T_Hc.js:330:16[90m)[39m
    at operation [90m(C:\Users\latie\Documents\GitHub\NataCarePM\[39msrc\api\monitoringService
.ts:453:22[90m)[39m
    at MonitoringService.executeWithRetry [90m(C:\Users\latie\Documents\GitHub\NataCarePM\[39m
src\api\monitoringService.ts:585:15[90m)[39m
    at MonitoringService.logError [90m(C:\Users\latie\Documents\GitHub\NataCarePM\[39msrc\api\
monitoringService.ts:462:7[90m)[39m {
  codeFrame: [32m'vi\x1B[33m.\x1B[39m\x1B[34mmock\x1B[39m(\x1B[35mimport\x1B[39m(\x1B[32m"fireb
ase/firestore"\x1B[39m)\x1B[33m,\x1B[39m \x1B[35masync\x1B[39m (importOriginal) 
\x1B[33m=>\x1B[39m {\n'[39m +
    [32m'  \x1B[35mconst\x1B[39m actual \x1B[33m=\x1B[39m \x1B[35mawait\x1B[39m 
\x1B[34mimportOriginal\x1B[39m()\n'[39m +
    [32m'  \x1B[35mreturn\x1B[39m {\n'[39m +
    [32m'    \x1B[33m...\x1B[39mactual\x1B[33m,\x1B[39m\n'[39m +
    [32m'    \x1B[90m// your mocked methods\x1B[39m\n'[39m +
    [32m'  }\n'[39m +
    [32m'})'[39m
}

[90mstderr[2m | src/api/__tests__/rabAhspService.test.ts[2m > [22m[2mRabAhspService[2m > 
[22m[2mEdge Cases[2m > [22m[2mshould handle Firestore connection errors gracefully
[22m[39mΓÜá∩╕Å logError attempt 3/3 failed: Error: [vitest] No "serverTimestamp" export is 
defined on the "firebase/firestore" mock. Did you forget to return it from "vi.mock"?
If you need to partially mock a module, you can use "importOriginal" helper inside:

    at VitestMocker.createError [90m(file:///C:/Users/latie/Documents/GitHub/NataCarePM/[39mno
de_modules/[4mvitest[24m/dist/chunks/execute.B7h3T_Hc.js:284:17[90m)[39m
    at Object.get [90m(file:///C:/Users/latie/Documents/GitHub/NataCarePM/[39mnode_modules/[4
mvitest[24m/dist/chunks/execute.B7h3T_Hc.js:330:16[90m)[39m
    at operation [90m(C:\Users\latie\Documents\GitHub\NataCarePM\[39msrc\api\monitoringService
.ts:453:22[90m)[39m
    at MonitoringService.executeWithRetry [90m(C:\Users\latie\Documents\GitHub\NataCarePM\[39m
src\api\monitoringService.ts:585:15[90m)[39m
[90m    at runNextTicks (node:internal/process/task_queues:65:5)[39m
[90m    at listOnTimeout (node:internal/timers:569:9)[39m
[90m    at processTimers (node:internal/timers:543:7)[39m
    at MonitoringService.logError [90m(C:\Users\latie\Documents\GitHub\NataCarePM\[39msrc\api\
monitoringService.ts:462:7[90m)[39m {
  codeFrame: [32m'vi\x1B[33m.\x1B[39m\x1B[34mmock\x1B[39m(\x1B[35mimport\x1B[39m(\x1B[32m"fireb
ase/firestore"\x1B[39m)\x1B[33m,\x1B[39m \x1B[35masync\x1B[39m (importOriginal) 
\x1B[33m=>\x1B[39m {\n'[39m +
    [32m'  \x1B[35mconst\x1B[39m actual \x1B[33m=\x1B[39m \x1B[35mawait\x1B[39m 
\x1B[34mimportOriginal\x1B[39m()\n'[39m +
    [32m'  \x1B[35mreturn\x1B[39m {\n'[39m +
    [32m'    \x1B[33m...\x1B[39mactual\x1B[33m,\x1B[39m\n'[39m +
    [32m'    \x1B[90m// your mocked methods\x1B[39m\n'[39m +
    [32m'  }\n'[39m +
    [32m'})'[39m
}
Γ¥î logError failed after 3 attempts: Error: [vitest] No "serverTimestamp" export is defined on 
the "firebase/firestore" mock. Did you forget to return it from "vi.mock"?
If you need to partially mock a module, you can use "importOriginal" helper inside:

    at VitestMocker.createError [90m(file:///C:/Users/latie/Documents/GitHub/NataCarePM/[39mno
de_modules/[4mvitest[24m/dist/chunks/execute.B7h3T_Hc.js:284:17[90m)[39m
    at Object.get [90m(file:///C:/Users/latie/Documents/GitHub/NataCarePM/[39mnode_modules/[4
mvitest[24m/dist/chunks/execute.B7h3T_Hc.js:330:16[90m)[39m
    at operation [90m(C:\Users\latie\Documents\GitHub\NataCarePM\[39msrc\api\monitoringService
.ts:453:22[90m)[39m
    at MonitoringService.executeWithRetry [90m(C:\Users\latie\Documents\GitHub\NataCarePM\[39m
src\api\monitoringService.ts:585:15[90m)[39m
[90m    at runNextTicks (node:internal/process/task_queues:65:5)[39m
[90m    at listOnTimeout (node:internal/timers:569:9)[39m
[90m    at processTimers (node:internal/timers:543:7)[39m
    at MonitoringService.logError [90m(C:\Users\latie\Documents\GitHub\NataCarePM\[39msrc\api\
monitoringService.ts:462:7[90m)[39m {
  codeFrame: [32m'vi\x1B[33m.\x1B[39m\x1B[34mmock\x1B[39m(\x1B[35mimport\x1B[39m(\x1B[32m"fireb
ase/firestore"\x1B[39m)\x1B[33m,\x1B[39m \x1B[35masync\x1B[39m (importOriginal) 
\x1B[33m=>\x1B[39m {\n'[39m +
    [32m'  \x1B[35mconst\x1B[39m actual \x1B[33m=\x1B[39m \x1B[35mawait\x1B[39m 
\x1B[34mimportOriginal\x1B[39m()\n'[39m +
    [32m'  \x1B[35mreturn\x1B[39m {\n'[39m +
    [32m'    \x1B[33m...\x1B[39mactual\x1B[33m,\x1B[39m\n'[39m +
    [32m'    \x1B[90m// your mocked methods\x1B[39m\n'[39m +
    [32m'  }\n'[39m +
    [32m'})'[39m
}

[90mstderr[2m | src/api/__tests__/rabAhspService.test.ts[2m > [22m[2mRabAhspService[2m > 
[22m[2mEdge Cases[2m > [22m[2mshould handle Firestore connection errors gracefully
[22m[39mΓÜá∩╕Å logError attempt 3/3 failed: Error: [vitest] No "serverTimestamp" export is 
defined on the "firebase/firestore" mock. Did you forget to return it from "vi.mock"?
If you need to partially mock a module, you can use "importOriginal" helper inside:

    at VitestMocker.createError [90m(file:///C:/Users/latie/Documents/GitHub/NataCarePM/[39mno
de_modules/[4mvitest[24m/dist/chunks/execute.B7h3T_Hc.js:284:17[90m)[39m
    at Object.get [90m(file:///C:/Users/latie/Documents/GitHub/NataCarePM/[39mnode_modules/[4
mvitest[24m/dist/chunks/execute.B7h3T_Hc.js:330:16[90m)[39m
    at operation [90m(C:\Users\latie\Documents\GitHub\NataCarePM\[39msrc\api\monitoringService
.ts:453:22[90m)[39m
    at MonitoringService.executeWithRetry [90m(C:\Users\latie\Documents\GitHub\NataCarePM\[39m
src\api\monitoringService.ts:585:15[90m)[39m
[90m    at runNextTicks (node:internal/process/task_queues:65:5)[39m
[90m    at listOnTimeout (node:internal/timers:569:9)[39m
[90m    at processTimers (node:internal/timers:543:7)[39m
    at MonitoringService.logError [90m(C:\Users\latie\Documents\GitHub\NataCarePM\[39msrc\api\
monitoringService.ts:462:7[90m)[39m {
  codeFrame: [32m'vi\x1B[33m.\x1B[39m\x1B[34mmock\x1B[39m(\x1B[35mimport\x1B[39m(\x1B[32m"fireb
ase/firestore"\x1B[39m)\x1B[33m,\x1B[39m \x1B[35masync\x1B[39m (importOriginal) 
\x1B[33m=>\x1B[39m {\n'[39m +
    [32m'  \x1B[35mconst\x1B[39m actual \x1B[33m=\x1B[39m \x1B[35mawait\x1B[39m 
\x1B[34mimportOriginal\x1B[39m()\n'[39m +
    [32m'  \x1B[35mreturn\x1B[39m {\n'[39m +
    [32m'    \x1B[33m...\x1B[39mactual\x1B[33m,\x1B[39m\n'[39m +
    [32m'    \x1B[90m// your mocked methods\x1B[39m\n'[39m +
    [32m'  }\n'[39m +
    [32m'})'[39m
}
Γ¥î logError failed after 3 attempts: Error: [vitest] No "serverTimestamp" export is defined on 
the "firebase/firestore" mock. Did you forget to return it from "vi.mock"?
If you need to partially mock a module, you can use "importOriginal" helper inside:

    at VitestMocker.createError [90m(file:///C:/Users/latie/Documents/GitHub/NataCarePM/[39mno
de_modules/[4mvitest[24m/dist/chunks/execute.B7h3T_Hc.js:284:17[90m)[39m
    at Object.get [90m(file:///C:/Users/latie/Documents/GitHub/NataCarePM/[39mnode_modules/[4
mvitest[24m/dist/chunks/execute.B7h3T_Hc.js:330:16[90m)[39m
    at operation [90m(C:\Users\latie\Documents\GitHub\NataCarePM\[39msrc\api\monitoringService
.ts:453:22[90m)[39m
    at MonitoringService.executeWithRetry [90m(C:\Users\latie\Documents\GitHub\NataCarePM\[39m
src\api\monitoringService.ts:585:15[90m)[39m
[90m    at runNextTicks (node:internal/process/task_queues:65:5)[39m
[90m    at listOnTimeout (node:internal/timers:569:9)[39m
[90m    at processTimers (node:internal/timers:543:7)[39m
    at MonitoringService.logError [90m(C:\Users\latie\Documents\GitHub\NataCarePM\[39msrc\api\
monitoringService.ts:462:7[90m)[39m {
  codeFrame: [32m'vi\x1B[33m.\x1B[39m\x1B[34mmock\x1B[39m(\x1B[35mimport\x1B[39m(\x1B[32m"fireb
ase/firestore"\x1B[39m)\x1B[33m,\x1B[39m \x1B[35masync\x1B[39m (importOriginal) 
\x1B[33m=>\x1B[39m {\n'[39m +
    [32m'  \x1B[35mconst\x1B[39m actual \x1B[33m=\x1B[39m \x1B[35mawait\x1B[39m 
\x1B[34mimportOriginal\x1B[39m()\n'[39m +
    [32m'  \x1B[35mreturn\x1B[39m {\n'[39m +
    [32m'    \x1B[33m...\x1B[39mactual\x1B[33m,\x1B[39m\n'[39m +
    [32m'    \x1B[90m// your mocked methods\x1B[39m\n'[39m +
    [32m'  }\n'[39m +
    [32m'})'[39m
}

[90mstderr[2m | src/api/__tests__/rabAhspService.test.ts[2m > [22m[2mRabAhspService[2m > 
[22m[2mEdge Cases[2m > [22m[2mshould handle Firestore connection errors gracefully
[22m[39mΓÜá∩╕Å logError attempt 3/3 failed: Error: [vitest] No "serverTimestamp" export is 
defined on the "firebase/firestore" mock. Did you forget to return it from "vi.mock"?
If you need to partially mock a module, you can use "importOriginal" helper inside:

    at VitestMocker.createError [90m(file:///C:/Users/latie/Documents/GitHub/NataCarePM/[39mno
de_modules/[4mvitest[24m/dist/chunks/execute.B7h3T_Hc.js:284:17[90m)[39m
    at Object.get [90m(file:///C:/Users/latie/Documents/GitHub/NataCarePM/[39mnode_modules/[4
mvitest[24m/dist/chunks/execute.B7h3T_Hc.js:330:16[90m)[39m
    at operation [90m(C:\Users\latie\Documents\GitHub\NataCarePM\[39msrc\api\monitoringService
.ts:453:22[90m)[39m
    at MonitoringService.executeWithRetry [90m(C:\Users\latie\Documents\GitHub\NataCarePM\[39m
src\api\monitoringService.ts:585:15[90m)[39m
[90m    at runNextTicks (node:internal/process/task_queues:65:5)[39m
[90m    at listOnTimeout (node:internal/timers:569:9)[39m
[90m    at processTimers (node:internal/timers:543:7)[39m
    at MonitoringService.logError [90m(C:\Users\latie\Documents\GitHub\NataCarePM\[39msrc\api\
monitoringService.ts:462:7[90m)[39m {
  codeFrame: [32m'vi\x1B[33m.\x1B[39m\x1B[34mmock\x1B[39m(\x1B[35mimport\x1B[39m(\x1B[32m"fireb
ase/firestore"\x1B[39m)\x1B[33m,\x1B[39m \x1B[35masync\x1B[39m (importOriginal) 
\x1B[33m=>\x1B[39m {\n'[39m +
    [32m'  \x1B[35mconst\x1B[39m actual \x1B[33m=\x1B[39m \x1B[35mawait\x1B[39m 
\x1B[34mimportOriginal\x1B[39m()\n'[39m +
    [32m'  \x1B[35mreturn\x1B[39m {\n'[39m +
    [32m'    \x1B[33m...\x1B[39mactual\x1B[33m,\x1B[39m\n'[39m +
    [32m'    \x1B[90m// your mocked methods\x1B[39m\n'[39m +
    [32m'  }\n'[39m +
    [32m'})'[39m
}
Γ¥î logError failed after 3 attempts: Error: [vitest] No "serverTimestamp" export is defined on 
the "firebase/firestore" mock. Did you forget to return it from "vi.mock"?
If you need to partially mock a module, you can use "importOriginal" helper inside:

    at VitestMocker.createError [90m(file:///C:/Users/latie/Documents/GitHub/NataCarePM/[39mno
de_modules/[4mvitest[24m/dist/chunks/execute.B7h3T_Hc.js:284:17[90m)[39m
    at Object.get [90m(file:///C:/Users/latie/Documents/GitHub/NataCarePM/[39mnode_modules/[4
mvitest[24m/dist/chunks/execute.B7h3T_Hc.js:330:16[90m)[39m
    at operation [90m(C:\Users\latie\Documents\GitHub\NataCarePM\[39msrc\api\monitoringService
.ts:453:22[90m)[39m
    at MonitoringService.executeWithRetry [90m(C:\Users\latie\Documents\GitHub\NataCarePM\[39m
src\api\monitoringService.ts:585:15[90m)[39m
[90m    at runNextTicks (node:internal/process/task_queues:65:5)[39m
[90m    at listOnTimeout (node:internal/timers:569:9)[39m
[90m    at processTimers (node:internal/timers:543:7)[39m
    at MonitoringService.logError [90m(C:\Users\latie\Documents\GitHub\NataCarePM\[39msrc\api\
monitoringService.ts:462:7[90m)[39m {
  codeFrame: [32m'vi\x1B[33m.\x1B[39m\x1B[34mmock\x1B[39m(\x1B[35mimport\x1B[39m(\x1B[32m"fireb
ase/firestore"\x1B[39m)\x1B[33m,\x1B[39m \x1B[35masync\x1B[39m (importOriginal) 
\x1B[33m=>\x1B[39m {\n'[39m +
    [32m'  \x1B[35mconst\x1B[39m actual \x1B[33m=\x1B[39m \x1B[35mawait\x1B[39m 
\x1B[34mimportOriginal\x1B[39m()\n'[39m +
    [32m'  \x1B[35mreturn\x1B[39m {\n'[39m +
    [32m'    \x1B[33m...\x1B[39mactual\x1B[33m,\x1B[39m\n'[39m +
    [32m'    \x1B[90m// your mocked methods\x1B[39m\n'[39m +
    [32m'  }\n'[39m +
    [32m'})'[39m
}

[90mstderr[2m | src/api/__tests__/rabAhspService.test.ts[2m > [22m[2mRabAhspService[2m > 
[22m[2mEdge Cases[2m > [22m[2mshould handle Firestore connection errors gracefully
[22m[39mΓÜá∩╕Å logError attempt 3/3 failed: Error: [vitest] No "serverTimestamp" export is 
defined on the "firebase/firestore" mock. Did you forget to return it from "vi.mock"?
If you need to partially mock a module, you can use "importOriginal" helper inside:

    at VitestMocker.createError [90m(file:///C:/Users/latie/Documents/GitHub/NataCarePM/[39mno
de_modules/[4mvitest[24m/dist/chunks/execute.B7h3T_Hc.js:284:17[90m)[39m
    at Object.get [90m(file:///C:/Users/latie/Documents/GitHub/NataCarePM/[39mnode_modules/[4
mvitest[24m/dist/chunks/execute.B7h3T_Hc.js:330:16[90m)[39m
    at operation [90m(C:\Users\latie\Documents\GitHub\NataCarePM\[39msrc\api\monitoringService
.ts:453:22[90m)[39m
    at MonitoringService.executeWithRetry [90m(C:\Users\latie\Documents\GitHub\NataCarePM\[39m
src\api\monitoringService.ts:585:15[90m)[39m
[90m    at runNextTicks (node:internal/process/task_queues:65:5)[39m
[90m    at listOnTimeout (node:internal/timers:569:9)[39m
[90m    at processTimers (node:internal/timers:543:7)[39m
    at MonitoringService.logError [90m(C:\Users\latie\Documents\GitHub\NataCarePM\[39msrc\api\
monitoringService.ts:462:7[90m)[39m {
  codeFrame: [32m'vi\x1B[33m.\x1B[39m\x1B[34mmock\x1B[39m(\x1B[35mimport\x1B[39m(\x1B[32m"fireb
ase/firestore"\x1B[39m)\x1B[33m,\x1B[39m \x1B[35masync\x1B[39m (importOriginal) 
\x1B[33m=>\x1B[39m {\n'[39m +
    [32m'  \x1B[35mconst\x1B[39m actual \x1B[33m=\x1B[39m \x1B[35mawait\x1B[39m 
\x1B[34mimportOriginal\x1B[39m()\n'[39m +
    [32m'  \x1B[35mreturn\x1B[39m {\n'[39m +
    [32m'    \x1B[33m...\x1B[39mactual\x1B[33m,\x1B[39m\n'[39m +
    [32m'    \x1B[90m// your mocked methods\x1B[39m\n'[39m +
    [32m'  }\n'[39m +
    [32m'})'[39m
}
Γ¥î logError failed after 3 attempts: Error: [vitest] No "serverTimestamp" export is defined on 
the "firebase/firestore" mock. Did you forget to return it from "vi.mock"?
If you need to partially mock a module, you can use "importOriginal" helper inside:

    at VitestMocker.createError [90m(file:///C:/Users/latie/Documents/GitHub/NataCarePM/[39mno
de_modules/[4mvitest[24m/dist/chunks/execute.B7h3T_Hc.js:284:17[90m)[39m
    at Object.get [90m(file:///C:/Users/latie/Documents/GitHub/NataCarePM/[39mnode_modules/[4
mvitest[24m/dist/chunks/execute.B7h3T_Hc.js:330:16[90m)[39m
    at operation [90m(C:\Users\latie\Documents\GitHub\NataCarePM\[39msrc\api\monitoringService
.ts:453:22[90m)[39m
    at MonitoringService.executeWithRetry [90m(C:\Users\latie\Documents\GitHub\NataCarePM\[39m
src\api\monitoringService.ts:585:15[90m)[39m
[90m    at runNextTicks (node:internal/process/task_queues:65:5)[39m
[90m    at listOnTimeout (node:internal/timers:569:9)[39m
[90m    at processTimers (node:internal/timers:543:7)[39m
    at MonitoringService.logError [90m(C:\Users\latie\Documents\GitHub\NataCarePM\[39msrc\api\
monitoringService.ts:462:7[90m)[39m {
  codeFrame: [32m'vi\x1B[33m.\x1B[39m\x1B[34mmock\x1B[39m(\x1B[35mimport\x1B[39m(\x1B[32m"fireb
ase/firestore"\x1B[39m)\x1B[33m,\x1B[39m \x1B[35masync\x1B[39m (importOriginal) 
\x1B[33m=>\x1B[39m {\n'[39m +
    [32m'  \x1B[35mconst\x1B[39m actual \x1B[33m=\x1B[39m \x1B[35mawait\x1B[39m 
\x1B[34mimportOriginal\x1B[39m()\n'[39m +
    [32m'  \x1B[35mreturn\x1B[39m {\n'[39m +
    [32m'    \x1B[33m...\x1B[39mactual\x1B[33m,\x1B[39m\n'[39m +
    [32m'    \x1B[90m// your mocked methods\x1B[39m\n'[39m +
    [32m'  }\n'[39m +
    [32m'})'[39m
}

[90mstderr[2m | src/api/__tests__/rabAhspService.test.ts[2m > [22m[2mRabAhspService[2m > 
[22m[2mEdge Cases[2m > [22m[2mshould handle Firestore connection errors gracefully
[22m[39mΓÜá∩╕Å logError attempt 3/3 failed: Error: [vitest] No "serverTimestamp" export is 
defined on the "firebase/firestore" mock. Did you forget to return it from "vi.mock"?
If you need to partially mock a module, you can use "importOriginal" helper inside:

    at VitestMocker.createError [90m(file:///C:/Users/latie/Documents/GitHub/NataCarePM/[39mno
de_modules/[4mvitest[24m/dist/chunks/execute.B7h3T_Hc.js:284:17[90m)[39m
    at Object.get [90m(file:///C:/Users/latie/Documents/GitHub/NataCarePM/[39mnode_modules/[4
mvitest[24m/dist/chunks/execute.B7h3T_Hc.js:330:16[90m)[39m
    at operation [90m(C:\Users\latie\Documents\GitHub\NataCarePM\[39msrc\api\monitoringService
.ts:453:22[90m)[39m
    at MonitoringService.executeWithRetry [90m(C:\Users\latie\Documents\GitHub\NataCarePM\[39m
src\api\monitoringService.ts:585:15[90m)[39m
[90m    at runNextTicks (node:internal/process/task_queues:65:5)[39m
[90m    at listOnTimeout (node:internal/timers:569:9)[39m
[90m    at processTimers (node:internal/timers:543:7)[39m
    at MonitoringService.logError [90m(C:\Users\latie\Documents\GitHub\NataCarePM\[39msrc\api\
monitoringService.ts:462:7[90m)[39m {
  codeFrame: [32m'vi\x1B[33m.\x1B[39m\x1B[34mmock\x1B[39m(\x1B[35mimport\x1B[39m(\x1B[32m"fireb
ase/firestore"\x1B[39m)\x1B[33m,\x1B[39m \x1B[35masync\x1B[39m (importOriginal) 
\x1B[33m=>\x1B[39m {\n'[39m +
    [32m'  \x1B[35mconst\x1B[39m actual \x1B[33m=\x1B[39m \x1B[35mawait\x1B[39m 
\x1B[34mimportOriginal\x1B[39m()\n'[39m +
    [32m'  \x1B[35mreturn\x1B[39m {\n'[39m +
    [32m'    \x1B[33m...\x1B[39mactual\x1B[33m,\x1B[39m\n'[39m +
    [32m'    \x1B[90m// your mocked methods\x1B[39m\n'[39m +
    [32m'  }\n'[39m +
    [32m'})'[39m
}
Γ¥î logError failed after 3 attempts: Error: [vitest] No "serverTimestamp" export is defined on 
the "firebase/firestore" mock. Did you forget to return it from "vi.mock"?
If you need to partially mock a module, you can use "importOriginal" helper inside:

    at VitestMocker.createError [90m(file:///C:/Users/latie/Documents/GitHub/NataCarePM/[39mno
de_modules/[4mvitest[24m/dist/chunks/execute.B7h3T_Hc.js:284:17[90m)[39m
    at Object.get [90m(file:///C:/Users/latie/Documents/GitHub/NataCarePM/[39mnode_modules/[4
mvitest[24m/dist/chunks/execute.B7h3T_Hc.js:330:16[90m)[39m
    at operation [90m(C:\Users\latie\Documents\GitHub\NataCarePM\[39msrc\api\monitoringService
.ts:453:22[90m)[39m
    at MonitoringService.executeWithRetry [90m(C:\Users\latie\Documents\GitHub\NataCarePM\[39m
src\api\monitoringService.ts:585:15[90m)[39m
[90m    at runNextTicks (node:internal/process/task_queues:65:5)[39m
[90m    at listOnTimeout (node:internal/timers:569:9)[39m
[90m    at processTimers (node:internal/timers:543:7)[39m
    at MonitoringService.logError [90m(C:\Users\latie\Documents\GitHub\NataCarePM\[39msrc\api\
monitoringService.ts:462:7[90m)[39m {
  codeFrame: [32m'vi\x1B[33m.\x1B[39m\x1B[34mmock\x1B[39m(\x1B[35mimport\x1B[39m(\x1B[32m"fireb
ase/firestore"\x1B[39m)\x1B[33m,\x1B[39m \x1B[35masync\x1B[39m (importOriginal) 
\x1B[33m=>\x1B[39m {\n'[39m +
    [32m'  \x1B[35mconst\x1B[39m actual \x1B[33m=\x1B[39m \x1B[35mawait\x1B[39m 
\x1B[34mimportOriginal\x1B[39m()\n'[39m +
    [32m'  \x1B[35mreturn\x1B[39m {\n'[39m +
    [32m'    \x1B[33m...\x1B[39mactual\x1B[33m,\x1B[39m\n'[39m +
    [32m'    \x1B[90m// your mocked methods\x1B[39m\n'[39m +
    [32m'  }\n'[39m +
    [32m'})'[39m
}

[90mstderr[2m | src/api/__tests__/rabAhspService.test.ts[2m > [22m[2mRabAhspService[2m > 
[22m[2mEdge Cases[2m > [22m[2mshould handle Firestore connection errors gracefully
[22m[39mΓÜá∩╕Å logError attempt 3/3 failed: Error: [vitest] No "serverTimestamp" export is 
defined on the "firebase/firestore" mock. Did you forget to return it from "vi.mock"?
If you need to partially mock a module, you can use "importOriginal" helper inside:

    at VitestMocker.createError [90m(file:///C:/Users/latie/Documents/GitHub/NataCarePM/[39mno
de_modules/[4mvitest[24m/dist/chunks/execute.B7h3T_Hc.js:284:17[90m)[39m
    at Object.get [90m(file:///C:/Users/latie/Documents/GitHub/NataCarePM/[39mnode_modules/[4
mvitest[24m/dist/chunks/execute.B7h3T_Hc.js:330:16[90m)[39m
    at operation [90m(C:\Users\latie\Documents\GitHub\NataCarePM\[39msrc\api\monitoringService
.ts:453:22[90m)[39m
    at MonitoringService.executeWithRetry [90m(C:\Users\latie\Documents\GitHub\NataCarePM\[39m
src\api\monitoringService.ts:585:15[90m)[39m
    at MonitoringService.logError [90m(C:\Users\latie\Documents\GitHub\NataCarePM\[39msrc\api\
monitoringService.ts:462:7[90m)[39m {
  codeFrame: [32m'vi\x1B[33m.\x1B[39m\x1B[34mmock\x1B[39m(\x1B[35mimport\x1B[39m(\x1B[32m"fireb
ase/firestore"\x1B[39m)\x1B[33m,\x1B[39m \x1B[35masync\x1B[39m (importOriginal) 
\x1B[33m=>\x1B[39m {\n'[39m +
    [32m'  \x1B[35mconst\x1B[39m actual \x1B[33m=\x1B[39m \x1B[35mawait\x1B[39m 
\x1B[34mimportOriginal\x1B[39m()\n'[39m +
    [32m'  \x1B[35mreturn\x1B[39m {\n'[39m +
    [32m'    \x1B[33m...\x1B[39mactual\x1B[33m,\x1B[39m\n'[39m +
    [32m'    \x1B[90m// your mocked methods\x1B[39m\n'[39m +
    [32m'  }\n'[39m +
    [32m'})'[39m
}
Γ¥î logError failed after 3 attempts: Error: [vitest] No "serverTimestamp" export is defined on 
the "firebase/firestore" mock. Did you forget to return it from "vi.mock"?
If you need to partially mock a module, you can use "importOriginal" helper inside:

    at VitestMocker.createError [90m(file:///C:/Users/latie/Documents/GitHub/NataCarePM/[39mno
de_modules/[4mvitest[24m/dist/chunks/execute.B7h3T_Hc.js:284:17[90m)[39m
    at Object.get [90m(file:///C:/Users/latie/Documents/GitHub/NataCarePM/[39mnode_modules/[4
mvitest[24m/dist/chunks/execute.B7h3T_Hc.js:330:16[90m)[39m
    at operation [90m(C:\Users\latie\Documents\GitHub\NataCarePM\[39msrc\api\monitoringService
.ts:453:22[90m)[39m
    at MonitoringService.executeWithRetry [90m(C:\Users\latie\Documents\GitHub\NataCarePM\[39m
src\api\monitoringService.ts:585:15[90m)[39m
    at MonitoringService.logError [90m(C:\Users\latie\Documents\GitHub\NataCarePM\[39msrc\api\
monitoringService.ts:462:7[90m)[39m {
  codeFrame: [32m'vi\x1B[33m.\x1B[39m\x1B[34mmock\x1B[39m(\x1B[35mimport\x1B[39m(\x1B[32m"fireb
ase/firestore"\x1B[39m)\x1B[33m,\x1B[39m \x1B[35masync\x1B[39m (importOriginal) 
\x1B[33m=>\x1B[39m {\n'[39m +
    [32m'  \x1B[35mconst\x1B[39m actual \x1B[33m=\x1B[39m \x1B[35mawait\x1B[39m 
\x1B[34mimportOriginal\x1B[39m()\n'[39m +
    [32m'  \x1B[35mreturn\x1B[39m {\n'[39m +
    [32m'    \x1B[33m...\x1B[39mactual\x1B[33m,\x1B[39m\n'[39m +
    [32m'    \x1B[90m// your mocked methods\x1B[39m\n'[39m +
    [32m'  }\n'[39m +
    [32m'})'[39m
}

[90mstderr[2m | src/api/__tests__/rabAhspService.test.ts[2m > [22m[2mRabAhspService[2m > 
[22m[2mEdge Cases[2m > [22m[2mshould handle Firestore connection errors gracefully
[22m[39mΓÜá∩╕Å logError attempt 3/3 failed: Error: [vitest] No "serverTimestamp" export is 
defined on the "firebase/firestore" mock. Did you forget to return it from "vi.mock"?
If you need to partially mock a module, you can use "importOriginal" helper inside:

    at VitestMocker.createError [90m(file:///C:/Users/latie/Documents/GitHub/NataCarePM/[39mno
de_modules/[4mvitest[24m/dist/chunks/execute.B7h3T_Hc.js:284:17[90m)[39m
    at Object.get [90m(file:///C:/Users/latie/Documents/GitHub/NataCarePM/[39mnode_modules/[4
mvitest[24m/dist/chunks/execute.B7h3T_Hc.js:330:16[90m)[39m
    at operation [90m(C:\Users\latie\Documents\GitHub\NataCarePM\[39msrc\api\monitoringService
.ts:453:22[90m)[39m
    at MonitoringService.executeWithRetry [90m(C:\Users\latie\Documents\GitHub\NataCarePM\[39m
src\api\monitoringService.ts:585:15[90m)[39m
    at MonitoringService.logError [90m(C:\Users\latie\Documents\GitHub\NataCarePM\[39msrc\api\
monitoringService.ts:462:7[90m)[39m {
  codeFrame: [32m'vi\x1B[33m.\x1B[39m\x1B[34mmock\x1B[39m(\x1B[35mimport\x1B[39m(\x1B[32m"fireb
ase/firestore"\x1B[39m)\x1B[33m,\x1B[39m \x1B[35masync\x1B[39m (importOriginal) 
\x1B[33m=>\x1B[39m {\n'[39m +
    [32m'  \x1B[35mconst\x1B[39m actual \x1B[33m=\x1B[39m \x1B[35mawait\x1B[39m 
\x1B[34mimportOriginal\x1B[39m()\n'[39m +
    [32m'  \x1B[35mreturn\x1B[39m {\n'[39m +
    [32m'    \x1B[33m...\x1B[39mactual\x1B[33m,\x1B[39m\n'[39m +
    [32m'    \x1B[90m// your mocked methods\x1B[39m\n'[39m +
    [32m'  }\n'[39m +
    [32m'})'[39m
}
Γ¥î logError failed after 3 attempts: Error: [vitest] No "serverTimestamp" export is defined on 
the "firebase/firestore" mock. Did you forget to return it from "vi.mock"?
If you need to partially mock a module, you can use "importOriginal" helper inside:

    at VitestMocker.createError [90m(file:///C:/Users/latie/Documents/GitHub/NataCarePM/[39mno
de_modules/[4mvitest[24m/dist/chunks/execute.B7h3T_Hc.js:284:17[90m)[39m
    at Object.get [90m(file:///C:/Users/latie/Documents/GitHub/NataCarePM/[39mnode_modules/[4
mvitest[24m/dist/chunks/execute.B7h3T_Hc.js:330:16[90m)[39m
    at operation [90m(C:\Users\latie\Documents\GitHub\NataCarePM\[39msrc\api\monitoringService
.ts:453:22[90m)[39m
    at MonitoringService.executeWithRetry [90m(C:\Users\latie\Documents\GitHub\NataCarePM\[39m
src\api\monitoringService.ts:585:15[90m)[39m
    at MonitoringService.logError [90m(C:\Users\latie\Documents\GitHub\NataCarePM\[39msrc\api\
monitoringService.ts:462:7[90m)[39m {
  codeFrame: [32m'vi\x1B[33m.\x1B[39m\x1B[34mmock\x1B[39m(\x1B[35mimport\x1B[39m(\x1B[32m"fireb
ase/firestore"\x1B[39m)\x1B[33m,\x1B[39m \x1B[35masync\x1B[39m (importOriginal) 
\x1B[33m=>\x1B[39m {\n'[39m +
    [32m'  \x1B[35mconst\x1B[39m actual \x1B[33m=\x1B[39m \x1B[35mawait\x1B[39m 
\x1B[34mimportOriginal\x1B[39m()\n'[39m +
    [32m'  \x1B[35mreturn\x1B[39m {\n'[39m +
    [32m'    \x1B[33m...\x1B[39mactual\x1B[33m,\x1B[39m\n'[39m +
    [32m'    \x1B[90m// your mocked methods\x1B[39m\n'[39m +
    [32m'  }\n'[39m +
    [32m'})'[39m
}

 [32mΓ£ô[39m src/__tests__/ui/fileValidationFeedback.integration.test.tsx[2m > [22mFile Validation UI Feedback[2m > [22mError Display[2m > [22mshould display error icon for invalid file type[32m 18[2mms[22m[39m
 [32mΓ£ô[39m src/__tests__/ui/fileValidationFeedback.integration.test.tsx[2m > [22mFile Validation UI Feedback[2m > [22mError Display[2m > [22mshould display error message for oversized file[32m 14[2mms[22m[39m
 [32mΓ£ô[39m src/__tests__/ui/fileValidationFeedback.integration.test.tsx[2m > [22mFile Validation UI Feedback[2m > [22mError Display[2m > [22mshould display error for empty file[32m 2[2mms[22m[39m
 [32mΓ£ô[39m src/__tests__/ui/fileValidationFeedback.integration.test.tsx[2m > [22mFile Validation UI Feedback[2m > [22mError Display[2m > [22mshould display error for file with malicious filename[32m 1[2mms[22m[39m
 [32mΓ£ô[39m src/__tests__/ui/fileValidationFeedback.integration.test.tsx[2m > [22mFile Validation UI Feedback[2m > [22mFile Size Warnings[2m > [22mshould display warning icon for large images[32m 9[2mms[22m[39m
 [32mΓ£ô[39m src/__tests__/ui/fileValidationFeedback.integration.test.tsx[2m > [22mFile Validation UI Feedback[2m > [22mFile Size Warnings[2m > [22mshould format file size correctly (MB, KB, Bytes)[32m 7[2mms[22m[39m
 [32mΓ£ô[39m src/__tests__/ui/fileValidationFeedback.integration.test.tsx[2m > [22mFile Validation UI Feedback[2m > [22mSuccess Indicators[2m > [22mshould display success icon for valid file[32m 1[2mms[22m[39m
 [32mΓ£ô[39m src/__tests__/ui/fileValidationFeedback.integration.test.tsx[2m > [22mFile Validation UI Feedback[2m > [22mSuccess Indicators[2m > [22mshould show "Ready to upload" message for valid files[32m 2[2mms[22m[39m
 [32mΓ£ô[39m src/__tests__/ui/fileValidationFeedback.integration.test.tsx[2m > [22mFile Validation UI Feedback[2m > [22mUpload Prevention[2m > [22mshould disable upload button when file is invalid[32m 7[2mms[22m[39m
 [32mΓ£ô[39m src/__tests__/ui/fileValidationFeedback.integration.test.tsx[2m > [22mFile Validation UI Feedback[2m > [22mUpload Prevention[2m > [22mshould enable upload button when file is valid[32m 3[2mms[22m[39m
 [32mΓ£ô[39m src/__tests__/ui/fileValidationFeedback.integration.test.tsx[2m > [22mFile Validation UI Feedback[2m > [22mUpload Prevention[2m > [22mshould allow upload with warnings but not errors[32m 10[2mms[22m[39m
 [32mΓ£ô[39m src/__tests__/ui/fileValidationFeedback.integration.test.tsx[2m > [22mFile Validation UI Feedback[2m > [22mMultiple Validation Issues[2m > [22mshould display all validation errors in a list[32m 12[2mms[22m[39m
 [32mΓ£ô[39m src/__tests__/ui/fileValidationFeedback.integration.test.tsx[2m > [22mFile Validation UI Feedback[2m > [22mMultiple Validation Issues[2m > [22mshould display warnings separately from errors[32m 10[2mms[22m[39m
 [32mΓ£ô[39m src/__tests__/ui/fileValidationFeedback.integration.test.tsx[2m > [22mFile Validation UI Feedback[2m > [22mUser-Friendly Error Messages[2m > [22mshould provide actionable feedback for file type errors[32m 3[2mms[22m[39m
 [32mΓ£ô[39m src/__tests__/ui/fileValidationFeedback.integration.test.tsx[2m > [22mFile Validation UI Feedback[2m > [22mUser-Friendly Error Messages[2m > [22mshould suggest compression for large files[32m 15[2mms[22m[39m
 [32mΓ£ô[39m src/__tests__/ui/fileValidationFeedback.integration.test.tsx[2m > [22mFile Validation UI Feedback[2m > [22mUser-Friendly Error Messages[2m > [22mshould display file metadata (name, size, type)[32m 8[2mms[22m[39m
 [32mΓ£ô[39m src/__tests__/unit/projectService.test.ts[2m > [22mProjectService[2m > [22mcreateProject[2m > [22mshould create a project with valid data[32m 2[2mms[22m[39m
 [32mΓ£ô[39m src/__tests__/unit/projectService.test.ts[2m > [22mProjectService[2m > [22mcreateProject[2m > [22mshould create project with default values[32m 1[2mms[22m[39m
 [32mΓ£ô[39m src/__tests__/unit/projectService.test.ts[2m > [22mProjectService[2m > [22mupdateProject[2m > [22mshould update project properties[32m 0[2mms[22m[39m
 [32mΓ£ô[39m src/__tests__/unit/projectService.test.ts[2m > [22mProjectService[2m > [22mvalidateProject[2m > [22mshould validate required fields[32m 0[2mms[22m[39m
 [32mΓ£ô[39m src/__tests__/unit/projectService.test.ts[2m > [22mProjectService[2m > [22mvalidateProject[2m > [22mshould have array properties initialized[32m 0[2mms[22m[39m
 [32mΓ£ô[39m src/__tests__/unit/purchaseOrderService.test.ts[2m > [22mPurchaseOrderService[2m > [22mcreatePurchaseOrder[2m > [22mshould create PO with all required fields[32m 1[2mms[22m[39m
 [32mΓ£ô[39m src/__tests__/unit/purchaseOrderService.test.ts[2m > [22mPurchaseOrderService[2m > [22mcreatePurchaseOrder[2m > [22mshould have proper status values[32m 0[2mms[22m[39m
 [32mΓ£ô[39m src/__tests__/unit/purchaseOrderService.test.ts[2m > [22mPurchaseOrderService[2m > [22mcreatePurchaseOrder[2m > [22mshould include items with proper structure[32m 1[2mms[22m[39m
 [32mΓ£ô[39m src/__tests__/unit/purchaseOrderService.test.ts[2m > [22mPurchaseOrderService[2m > [22mcreatePurchaseOrder[2m > [22mshould track GRN status[32m 0[2mms[22m[39m
 [32mΓ£ô[39m src/__tests__/unit/purchaseOrderService.test.ts[2m > [22mPurchaseOrderService[2m > [22mPO items[2m > [22mshould have complete item structure[32m 0[2mms[22m[39m
 [32mΓ£ô[39m src/__tests__/unit/purchaseOrderService.test.ts[2m > [22mPurchaseOrderService[2m > [22mPO items[2m > [22mshould track received quantity[32m 0[2mms[22m[39m
 [32mΓ£ô[39m src/__tests__/unit/purchaseOrderService.test.ts[2m > [22mPurchaseOrderService[2m > [22mPO validation[2m > [22mshould have valid dates[32m 0[2mms[22m[39m
 [32mΓ£ô[39m src/__tests__/unit/purchaseOrderService.test.ts[2m > [22mPurchaseOrderService[2m > [22mPO validation[2m > [22mshould calculate total amount[32m 0[2mms[22m[39m
 [32mΓ£ô[39m src/__tests__/unit/purchaseOrderService.test.ts[2m > [22mPurchaseOrderService[2m > [22mPO validation[2m > [22mshould link to vendor[32m 0[2mms[22m[39m
 [32mΓ£ô[39m src/__tests__/unit/purchaseOrderService.test.ts[2m > [22mPurchaseOrderService[2m > [22mapproval workflow[2m > [22mshould track approver[32m 0[2mms[22m[39m
 [32mΓ£ô[39m src/__tests__/unit/purchaseOrderService.test.ts[2m > [22mPurchaseOrderService[2m > [22mapproval workflow[2m > [22mshould allow unapproved state[32m 0[2mms[22m[39m
 [32mΓ£ô[39m src/__tests__/unit/userService.test.ts[2m > [22mUserService[2m > [22mcreateUser[2m > [22mshould create user with all required fields[32m 1[2mms[22m[39m
 [32mΓ£ô[39m src/__tests__/unit/userService.test.ts[2m > [22mUserService[2m > [22mcreateUser[2m > [22mshould have both uid and id[32m 0[2mms[22m[39m
 [32mΓ£ô[39m src/__tests__/unit/userService.test.ts[2m > [22mUserService[2m > [22mcreateUser[2m > [22mshould initialize permissions array[32m 0[2mms[22m[39m
 [32mΓ£ô[39m src/__tests__/unit/userService.test.ts[2m > [22mUserService[2m > [22mcreateUser[2m > [22mshould track online status[32m 0[2mms[22m[39m
 [32mΓ£ô[39m src/__tests__/unit/userService.test.ts[2m > [22mUserService[2m > [22mbatch user creation[2m > [22mshould create multiple users[32m 1[2mms[22m[39m
 [32mΓ£ô[39m src/__tests__/unit/userService.test.ts[2m > [22mUserService[2m > [22mbatch user creation[2m > [22mshould generate unique emails[32m 0[2mms[22m[39m
 [32mΓ£ô[39m src/__tests__/unit/userService.test.ts[2m > [22mUserService[2m > [22mbatch user creation[2m > [22mshould generate unique names[32m 0[2mms[22m[39m
 [32mΓ£ô[39m src/__tests__/unit/userService.test.ts[2m > [22mUserService[2m > [22muser validation[2m > [22mshould have valid email format[32m 0[2mms[22m[39m
 [32mΓ£ô[39m src/__tests__/unit/userService.test.ts[2m > [22mUserService[2m > [22muser validation[2m > [22mshould have avatar URL[32m 0[2mms[22m[39m
 [32mΓ£ô[39m src/__tests__/unit/userService.test.ts[2m > [22mUserService[2m > [22muser validation[2m > [22mshould have valid lastSeen timestamp[32m 0[2mms[22m[39m
 [32mΓ£ô[39m src/__tests__/unit/userService.test.ts[2m > [22mUserService[2m > [22muser permissions[2m > [22mshould support custom permissions[32m 0[2mms[22m[39m
 [32mΓ£ô[39m src/__tests__/unit/userService.test.ts[2m > [22mUserService[2m > [22muser permissions[2m > [22mshould default to empty permissions[32m 0[2mms[22m[39m
 [32mΓ£ô[39m src/__tests__/integration/authNavigation.integration.test.tsx[2m > [22mAuth Navigation Integration[2m > [22mclears auth errors when navigating back from ForgotPasswordView[32m 124[2mms[22m[39m
 [32mΓ£ô[39m src/__tests__/security/inputSanitization.integration.test.tsx[2m > [22mInput Sanitization Integration[2m > [22mXSS Attack Prevention[2m > [22mshould sanitize script tags in Input component[33m 508[2mms[22m[39m
 [32mΓ£ô[39m src/__tests__/integration/authNavigation.integration.test.tsx[2m > [22mAuth Navigation Integration[2m > [22mpreserves form state when navigating away and back (login ΓåÆ forgot ΓåÆ back)[33m 420[2mms[22m[39m
[90mstderr[2m | src/api/__tests__/rabAhspService.test.ts[2m > [22m[2mRabAhspService[2m > 
[22m[2mEdge Cases[2m > [22m[2mshould handle Firestore connection errors gracefully
[22m[39mΓ¥î Operation failed after 3 attempts: Error: Network error
    at [90mC:\Users\latie\Documents\GitHub\NataCarePM\[39msrc\api\__tests__\rabAhspService.tes
t.ts:411:44
    at [90mfile:///C:/Users/latie/Documents/GitHub/NataCarePM/[39mnode_modules/[4m@vitest/run
ner[24m/dist/chunk-hooks.js:752:20

[90mstderr[2m | src/api/__tests__/rabAhspService.test.ts[2m > [22m[2mRabAhspService[2m > 
[22m[2mEdge Cases[2m > [22m[2mshould handle Firestore connection errors gracefully
[22m[39mΓÜá∩╕Å logError attempt 1/3 failed: Error: [vitest] No "serverTimestamp" export is 
defined on the "firebase/firestore" mock. Did you forget to return it from "vi.mock"?
If you need to partially mock a module, you can use "importOriginal" helper inside:

    at VitestMocker.createError [90m(file:///C:/Users/latie/Documents/GitHub/NataCarePM/[39mno
de_modules/[4mvitest[24m/dist/chunks/execute.B7h3T_Hc.js:284:17[90m)[39m
    at Object.get [90m(file:///C:/Users/latie/Documents/GitHub/NataCarePM/[39mnode_modules/[4
mvitest[24m/dist/chunks/execute.B7h3T_Hc.js:330:16[90m)[39m
    at operation [90m(C:\Users\latie\Documents\GitHub\NataCarePM\[39msrc\api\monitoringService
.ts:453:22[90m)[39m
    at MonitoringService.executeWithRetry [90m(C:\Users\latie\Documents\GitHub\NataCarePM\[39m
src\api\monitoringService.ts:585:15[90m)[39m
    at MonitoringService.logError [90m(C:\Users\latie\Documents\GitHub\NataCarePM\[39msrc\api\
monitoringService.ts:462:18[90m)[39m
    at withRetry [90m(C:\Users\latie\Documents\GitHub\NataCarePM\[39msrc\utils\retryWrapper.ts
:218:21[90m)[39m
    at [90mC:\Users\latie\Documents\GitHub\NataCarePM\[39msrc\api\rabAhspService.ts:181:24
    at safeAsync [90m(C:\Users\latie\Documents\GitHub\NataCarePM\[39msrc\utils\responseWrapper
.ts:201:18[90m)[39m
    at RabAhspService.getRabItemsByProject [90m(C:\Users\latie\Documents\GitHub\NataCarePM\[39
msrc\api\rabAhspService.ts:168:12[90m)[39m
    at [90mC:\Users\latie\Documents\GitHub\NataCarePM\[39msrc\api\__tests__\rabAhspService.tes
t.ts:413:22 {
  codeFrame: [32m'vi\x1B[33m.\x1B[39m\x1B[34mmock\x1B[39m(\x1B[35mimport\x1B[39m(\x1B[32m"fireb
ase/firestore"\x1B[39m)\x1B[33m,\x1B[39m \x1B[35masync\x1B[39m (importOriginal) 
\x1B[33m=>\x1B[39m {\n'[39m +
    [32m'  \x1B[35mconst\x1B[39m actual \x1B[33m=\x1B[39m \x1B[35mawait\x1B[39m 
\x1B[34mimportOriginal\x1B[39m()\n'[39m +
    [32m'  \x1B[35mreturn\x1B[39m {\n'[39m +
    [32m'    \x1B[33m...\x1B[39mactual\x1B[33m,\x1B[39m\n'[39m +
    [32m'    \x1B[90m// your mocked methods\x1B[39m\n'[39m +
    [32m'  }\n'[39m +
    [32m'})'[39m
}

[90mstderr[2m | src/api/__tests__/rabAhspService.test.ts[2m > [22m[2mRabAhspService[2m > 
[22m[2mEdge Cases[2m > [22m[2mshould handle Firestore connection errors gracefully
[22m[39mΓÜá∩╕Å logError attempt 1/3 failed: Error: [vitest] No "serverTimestamp" export is 
defined on the "firebase/firestore" mock. Did you forget to return it from "vi.mock"?
If you need to partially mock a module, you can use "importOriginal" helper inside:

    at VitestMocker.createError [90m(file:///C:/Users/latie/Documents/GitHub/NataCarePM/[39mno
de_modules/[4mvitest[24m/dist/chunks/execute.B7h3T_Hc.js:284:17[90m)[39m
    at Object.get [90m(file:///C:/Users/latie/Documents/GitHub/NataCarePM/[39mnode_modules/[4
mvitest[24m/dist/chunks/execute.B7h3T_Hc.js:330:16[90m)[39m
    at operation [90m(C:\Users\latie\Documents\GitHub\NataCarePM\[39msrc\api\monitoringService
.ts:453:22[90m)[39m
    at MonitoringService.executeWithRetry [90m(C:\Users\latie\Documents\GitHub\NataCarePM\[39m
src\api\monitoringService.ts:585:15[90m)[39m
    at MonitoringService.logError [90m(C:\Users\latie\Documents\GitHub\NataCarePM\[39msrc\api\
monitoringService.ts:462:18[90m)[39m
    at wrapError [90m(C:\Users\latie\Documents\GitHub\NataCarePM\[39msrc\utils\responseWrapper
.ts:148:21[90m)[39m
    at safeAsync [90m(C:\Users\latie\Documents\GitHub\NataCarePM\[39msrc\utils\responseWrapper
.ts:211:12[90m)[39m
    at RabAhspService.getRabItemsByProject [90m(C:\Users\latie\Documents\GitHub\NataCarePM\[39
msrc\api\rabAhspService.ts:168:12[90m)[39m
    at [90mC:\Users\latie\Documents\GitHub\NataCarePM\[39msrc\api\__tests__\rabAhspService.tes
t.ts:413:22
    at [90mfile:///C:/Users/latie/Documents/GitHub/NataCarePM/[39mnode_modules/[4m@vitest/run
ner[24m/dist/chunk-hooks.js:752:20 {
  codeFrame: [32m'vi\x1B[33m.\x1B[39m\x1B[34mmock\x1B[39m(\x1B[35mimport\x1B[39m(\x1B[32m"fireb
ase/firestore"\x1B[39m)\x1B[33m,\x1B[39m \x1B[35masync\x1B[39m (importOriginal) 
\x1B[33m=>\x1B[39m {\n'[39m +
    [32m'  \x1B[35mconst\x1B[39m actual \x1B[33m=\x1B[39m \x1B[35mawait\x1B[39m 
\x1B[34mimportOriginal\x1B[39m()\n'[39m +
    [32m'  \x1B[35mreturn\x1B[39m {\n'[39m +
    [32m'    \x1B[33m...\x1B[39mactual\x1B[33m,\x1B[39m\n'[39m +
    [32m'    \x1B[90m// your mocked methods\x1B[39m\n'[39m +
    [32m'  }\n'[39m +
    [32m'})'[39m
}

[90mstderr[2m | src/api/__tests__/rabAhspService.test.ts[2m > [22m[2mRabAhspService[2m > 
[22m[2mEdge Cases[2m > [22m[2mshould validate project ID format
[22m[39mΓÜá∩╕Å logError attempt 1/3 failed: Error: [vitest] No "serverTimestamp" export is 
defined on the "firebase/firestore" mock. Did you forget to return it from "vi.mock"?
If you need to partially mock a module, you can use "importOriginal" helper inside:

    at VitestMocker.createError [90m(file:///C:/Users/latie/Documents/GitHub/NataCarePM/[39mno
de_modules/[4mvitest[24m/dist/chunks/execute.B7h3T_Hc.js:284:17[90m)[39m
    at Object.get [90m(file:///C:/Users/latie/Documents/GitHub/NataCarePM/[39mnode_modules/[4
mvitest[24m/dist/chunks/execute.B7h3T_Hc.js:330:16[90m)[39m
    at operation [90m(C:\Users\latie\Documents\GitHub\NataCarePM\[39msrc\api\monitoringService
.ts:453:22[90m)[39m
    at MonitoringService.executeWithRetry [90m(C:\Users\latie\Documents\GitHub\NataCarePM\[39m
src\api\monitoringService.ts:585:15[90m)[39m
    at MonitoringService.logError [90m(C:\Users\latie\Documents\GitHub\NataCarePM\[39msrc\api\
monitoringService.ts:462:18[90m)[39m
    at wrapError [90m(C:\Users\latie\Documents\GitHub\NataCarePM\[39msrc\utils\responseWrapper
.ts:148:21[90m)[39m
    at safeAsync [90m(C:\Users\latie\Documents\GitHub\NataCarePM\[39msrc\utils\responseWrapper
.ts:211:12[90m)[39m
    at RabAhspService.getRabItemsByProject [90m(C:\Users\latie\Documents\GitHub\NataCarePM\[39
msrc\api\rabAhspService.ts:168:12[90m)[39m
    at [90mC:\Users\latie\Documents\GitHub\NataCarePM\[39msrc\api\__tests__\rabAhspService.tes
t.ts:441:22
    at [90mfile:///C:/Users/latie/Documents/GitHub/NataCarePM/[39mnode_modules/[4m@vitest/run
ner[24m/dist/chunk-hooks.js:752:20 {
  codeFrame: [32m'vi\x1B[33m.\x1B[39m\x1B[34mmock\x1B[39m(\x1B[35mimport\x1B[39m(\x1B[32m"fireb
ase/firestore"\x1B[39m)\x1B[33m,\x1B[39m \x1B[35masync\x1B[39m (importOriginal) 
\x1B[33m=>\x1B[39m {\n'[39m +
    [32m'  \x1B[35mconst\x1B[39m actual \x1B[33m=\x1B[39m \x1B[35mawait\x1B[39m 
\x1B[34mimportOriginal\x1B[39m()\n'[39m +
    [32m'  \x1B[35mreturn\x1B[39m {\n'[39m +
    [32m'    \x1B[33m...\x1B[39mactual\x1B[33m,\x1B[39m\n'[39m +
    [32m'    \x1B[90m// your mocked methods\x1B[39m\n'[39m +
    [32m'  }\n'[39m +
    [32m'})'[39m
}

 [32mΓ£ô[39m src/api/__tests__/rabAhspService.test.ts[2m > [22mRabAhspService[2m > [22mEdge Cases[2m > [22mshould handle Firestore connection errors gracefully[33m 3743[2mms[22m[39m
 [32mΓ£ô[39m src/api/__tests__/rabAhspService.test.ts[2m > [22mRabAhspService[2m > [22mEdge Cases[2m > [22mshould handle concurrent updates correctly[32m 0[2mms[22m[39m
 [32mΓ£ô[39m src/api/__tests__/rabAhspService.test.ts[2m > [22mRabAhspService[2m > [22mEdge Cases[2m > [22mshould validate project ID format[32m 0[2mms[22m[39m
 [32mΓ£ô[39m src/api/__tests__/rabAhspService.test.ts[2m > [22mRabAhspService[2m > [22mPerformance Tests[2m > [22mshould handle large dataset retrieval efficiently[32m 1[2mms[22m[39m
[90mstderr[2m | src/__tests__/api/intelligentDocumentService.simplified.test.ts[2m > 
[22m[2mIntelligent Document Service - Comprehensive Tests[2m > [22m[2mCRUD Operations[2m 
> [22m[2mgetDocument[2m > [22m[2mshould handle Firestore errors gracefully
[22m[39mΓÜá∩╕Å Operation failed (attempt 2/3), retrying in 2041.4388336172904ms: Network error

[90mstderr[2m | src/__tests__/api/intelligentDocumentService.test.ts[2m > 
[22m[2mIntelligentDocumentService[2m > [22m[2mCRUD Operations[2m > 
[22m[2mgetDocument[2m > [22m[2mshould handle Firestore errors gracefully
[22m[39mΓÜá∩╕Å Operation failed (attempt 2/3), retrying in 2441.0912564231435ms: Network error

 [32mΓ£ô[39m src/__tests__/security/inputSanitization.integration.test.tsx[2m > [22mInput Sanitization Integration[2m > [22mXSS Attack Prevention[2m > [22mshould sanitize img onerror XSS in Input[33m 504[2mms[22m[39m

<--- Last few GCs --->

[8176:000001E2ED3CD000]     2779 ms: Scavenge 229.2 (359.9) -> 229.2 (359.9) MB, pooled: 0 MB, 
25.86 / 0.00 ms  (average mu = 0.986, current mu = 0.988) allocation failure; 
[8176:000001E2ED3CD000]     4183 ms: Mark-Compact 421.2 (552.0) -> 240.3 (371.7) MB, pooled: 0 
MB, 150.75 / 0.00 ms  (+ 0.0 ms in 1 steps since start of marking, biggest step 0.0 ms, 
walltime since start of marking 1404 ms) (average mu = 0.956, current mu
FATAL ERROR: invalid table size Allocation failed - JavaScript heap out of memory
----- Native stack trace -----

 1: 00007FF6FAEA7DBF void __cdecl node::OnFatalError(char const * __ptr64,char const * 
__ptr64)+1343
 2: 00007FF6FBAEB017 public: class v8::MaybeLocal<class v8::Object> __cdecl 
v8::Function::NewInstance(class v8::Local<class v8::Context>,int,class v8::Local<class 
v8::Value> * __ptr64 const)const __ptr64+423
 3: 00007FF6FB8EB8C7 private: __cdecl 
v8::base::AddressSpaceReservation::AddressSpaceReservation(void * __ptr64,unsigned __int64) 
__ptr64+322071
 4: 00007FF6FB606F1E public: enum v8::RegExp::Flags __cdecl v8::RegExp::GetFlags(void)const 
__ptr64+69822
 5: 00007FF6FB607671 public: enum v8::RegExp::Flags __cdecl v8::RegExp::GetFlags(void)const 
__ptr64+71697
 6: 00007FF6FB71C838 public: __cdecl v8::TypecheckWitness::TypecheckWitness(class v8::Isolate * 
__ptr64) __ptr64+184456
 7: 00007FF6FB71B4E6 public: __cdecl v8::TypecheckWitness::TypecheckWitness(class v8::Isolate * 
__ptr64) __ptr64+179510
 8: 00007FF6FB69F47E public: enum v8::RegExp::Flags __cdecl v8::RegExp::GetFlags(void)const 
__ptr64+693790
 9: 00007FF6FB6155C7 public: enum v8::RegExp::Flags __cdecl v8::RegExp::GetFlags(void)const 
__ptr64+128871
10: 00007FF6FB613DDF public: enum v8::RegExp::Flags __cdecl v8::RegExp::GetFlags(void)const 
__ptr64+122751
11: 00007FF6FBAC3F19 EVP_MD_CTX_set_update_fn+614889
12: 000001E7DD9B727A 
